[2026-08-05T08:36:40.998+0000] {local_task_job_runner.py:120} INFO - ::group::Pre task execution logs
[2026-08-05T08:36:41.025+0000] {taskinstance.py:2076} INFO - Dependencies all met for dep_context=non-requeueable deps ti=<TaskInstance: minio_to_snowflake_banking.load_snowflake scheduled__2026-08-05T08:32:00+00:00 [queued]>
[2026-08-05T08:36:41.034+0000] {taskinstance.py:2076} INFO - Dependencies all met for dep_context=requeueable deps ti=<TaskInstance: minio_to_snowflake_banking.load_snowflake scheduled__2026-08-05T08:32:00+00:00 [queued]>
[2026-08-05T08:36:41.035+0000] {taskinstance.py:2306} INFO - Starting attempt 1 of 2
[2026-08-05T08:36:41.046+0000] {taskinstance.py:2330} INFO - Executing <Task(PythonOperator): load_snowflake> on 2026-08-05 08:32:00+00:00
[2026-08-05T08:36:41.057+0000] {standard_task_runner.py:90} INFO - Running: ['***', 'tasks', 'run', 'minio_to_snowflake_banking', 'load_snowflake', 'scheduled__2026-08-05T08:32:00+00:00', '--job-id', '16', '--raw', '--subdir', 'DAGS_FOLDER/minio_to_snowflake_dag.py', '--cfg-path', '/tmp/tmp81z796ck']
[2026-08-05T08:36:41.060+0000] {standard_task_runner.py:91} INFO - Job 16: Subtask load_snowflake
[2026-08-05T08:36:41.061+0000] {logging_mixin.py:188} WARNING - /home/***/.local/lib/python3.12/site-packages/***/task/task_runner/standard_task_runner.py:62 DeprecationWarning: This process (pid=13658) is multi-threaded, use of fork() may lead to deadlocks in the child.
[2026-08-05T08:36:41.062+0000] {standard_task_runner.py:64} INFO - Started process 13669 to run task
[2026-08-05T08:36:41.140+0000] {task_command.py:426} INFO - Running <TaskInstance: minio_to_snowflake_banking.load_snowflake scheduled__2026-08-05T08:32:00+00:00 [running]> on host dbaa032e7d7c
[2026-08-05T08:36:41.235+0000] {taskinstance.py:2648} INFO - Exporting env vars: AIRFLOW_CTX_DAG_OWNER='***' AIRFLOW_CTX_DAG_ID='minio_to_snowflake_banking' AIRFLOW_CTX_TASK_ID='load_snowflake' AIRFLOW_CTX_EXECUTION_DATE='2026-08-05T08:32:00+00:00' AIRFLOW_CTX_TRY_NUMBER='1' AIRFLOW_CTX_DAG_RUN_ID='scheduled__2026-08-05T08:32:00+00:00'
[2026-08-05T08:36:41.237+0000] {taskinstance.py:430} INFO - ::endgroup::
[2026-08-05T08:36:41.425+0000] {connection.py:638} INFO - Snowflake Connector for Python Version: 4.6.0, Python Version: 3.12.4, Platform: Linux-6.18.33.2-microsoft-standard-WSL2-x86_64-with-glibc2.36
[2026-08-05T08:36:41.426+0000] {connection.py:1760} INFO - Connecting to GLOBAL Snowflake domain
[2026-08-05T08:36:44.519+0000] {logging_mixin.py:188} INFO - Uploaded /tmp/minio_downloads/customers_090401672966.parquet -> @customers stage
[2026-08-05T08:36:44.688+0000] {logging_mixin.py:188} INFO - Uploaded /tmp/minio_downloads/customers_090401722071.parquet -> @customers stage
[2026-08-05T08:36:44.804+0000] {logging_mixin.py:188} INFO - Uploaded /tmp/minio_downloads/customers_090401771134.parquet -> @customers stage
[2026-08-05T08:36:44.955+0000] {logging_mixin.py:188} INFO - Uploaded /tmp/minio_downloads/customers_090401818881.parquet -> @customers stage
[2026-08-05T08:36:45.070+0000] {logging_mixin.py:188} INFO - Uploaded /tmp/minio_downloads/customers_090401869659.parquet -> @customers stage
[2026-08-05T08:36:45.217+0000] {logging_mixin.py:188} INFO - Uploaded /tmp/minio_downloads/customers_090401931845.parquet -> @customers stage
[2026-08-05T08:36:45.330+0000] {logging_mixin.py:188} INFO - Uploaded /tmp/minio_downloads/customers_090401994043.parquet -> @customers stage
[2026-08-05T08:36:45.464+0000] {logging_mixin.py:188} INFO - Uploaded /tmp/minio_downloads/customers_090402069924.parquet -> @customers stage
[2026-08-05T08:36:45.573+0000] {logging_mixin.py:188} INFO - Uploaded /tmp/minio_downloads/customers_090402133350.parquet -> @customers stage
[2026-08-05T08:36:45.715+0000] {logging_mixin.py:188} INFO - Uploaded /tmp/minio_downloads/customers_090402184633.parquet -> @customers stage
[2026-08-05T08:36:45.826+0000] {logging_mixin.py:188} INFO - Uploaded /tmp/minio_downloads/customers_090402234780.parquet -> @customers stage
[2026-08-05T08:36:45.962+0000] {logging_mixin.py:188} INFO - Uploaded /tmp/minio_downloads/customers_090402284973.parquet -> @customers stage
[2026-08-05T08:36:46.077+0000] {logging_mixin.py:188} INFO - Uploaded /tmp/minio_downloads/customers_090402342610.parquet -> @customers stage
[2026-08-05T08:36:46.215+0000] {logging_mixin.py:188} INFO - Uploaded /tmp/minio_downloads/customers_090402385711.parquet -> @customers stage
[2026-08-05T08:36:46.335+0000] {logging_mixin.py:188} INFO - Uploaded /tmp/minio_downloads/customers_090402449594.parquet -> @customers stage
[2026-08-05T08:36:46.478+0000] {logging_mixin.py:188} INFO - Uploaded /tmp/minio_downloads/customers_090402513017.parquet -> @customers stage
[2026-08-05T08:36:46.605+0000] {logging_mixin.py:188} INFO - Uploaded /tmp/minio_downloads/customers_090402644591.parquet -> @customers stage
[2026-08-05T08:36:46.762+0000] {logging_mixin.py:188} INFO - Uploaded /tmp/minio_downloads/customers_090402707127.parquet -> @customers stage
[2026-08-05T08:36:46.897+0000] {logging_mixin.py:188} INFO - Uploaded /tmp/minio_downloads/customers_090402799962.parquet -> @customers stage
[2026-08-05T08:36:47.011+0000] {logging_mixin.py:188} INFO - Uploaded /tmp/minio_downloads/customers_090402929400.parquet -> @customers stage
[2026-08-05T08:36:47.131+0000] {logging_mixin.py:188} INFO - Uploaded /tmp/minio_downloads/customers_090402974349.parquet -> @customers stage
[2026-08-05T08:36:47.284+0000] {logging_mixin.py:188} INFO - Uploaded /tmp/minio_downloads/customers_090403023880.parquet -> @customers stage
[2026-08-05T08:36:47.422+0000] {logging_mixin.py:188} INFO - Uploaded /tmp/minio_downloads/customers_090403076220.parquet -> @customers stage
[2026-08-05T08:36:47.571+0000] {logging_mixin.py:188} INFO - Uploaded /tmp/minio_downloads/customers_090403139454.parquet -> @customers stage
[2026-08-05T08:36:47.713+0000] {logging_mixin.py:188} INFO - Uploaded /tmp/minio_downloads/customers_090403183405.parquet -> @customers stage
[2026-08-05T08:36:47.822+0000] {logging_mixin.py:188} INFO - Uploaded /tmp/minio_downloads/customers_090403246298.parquet -> @customers stage
[2026-08-05T08:36:47.931+0000] {logging_mixin.py:188} INFO - Uploaded /tmp/minio_downloads/customers_090403286232.parquet -> @customers stage
[2026-08-05T08:36:48.078+0000] {logging_mixin.py:188} INFO - Uploaded /tmp/minio_downloads/customers_090403337856.parquet -> @customers stage
[2026-08-05T08:36:48.190+0000] {logging_mixin.py:188} INFO - Uploaded /tmp/minio_downloads/customers_090403384511.parquet -> @customers stage
[2026-08-05T08:36:48.306+0000] {logging_mixin.py:188} INFO - Uploaded /tmp/minio_downloads/customers_090403430840.parquet -> @customers stage
[2026-08-05T08:36:48.426+0000] {logging_mixin.py:188} INFO - Uploaded /tmp/minio_downloads/customers_090403472396.parquet -> @customers stage
[2026-08-05T08:36:48.553+0000] {logging_mixin.py:188} INFO - Uploaded /tmp/minio_downloads/customers_090403524071.parquet -> @customers stage
[2026-08-05T08:36:48.662+0000] {logging_mixin.py:188} INFO - Uploaded /tmp/minio_downloads/customers_090403571705.parquet -> @customers stage
[2026-08-05T08:36:48.783+0000] {logging_mixin.py:188} INFO - Uploaded /tmp/minio_downloads/customers_090403614708.parquet -> @customers stage
[2026-08-05T08:36:48.898+0000] {logging_mixin.py:188} INFO - Uploaded /tmp/minio_downloads/customers_090403654848.parquet -> @customers stage
[2026-08-05T08:36:49.029+0000] {logging_mixin.py:188} INFO - Uploaded /tmp/minio_downloads/customers_090403702724.parquet -> @customers stage
[2026-08-05T08:36:49.144+0000] {logging_mixin.py:188} INFO - Uploaded /tmp/minio_downloads/customers_090403763292.parquet -> @customers stage
[2026-08-05T08:36:49.269+0000] {logging_mixin.py:188} INFO - Uploaded /tmp/minio_downloads/customers_090403806078.parquet -> @customers stage
[2026-08-05T08:36:49.378+0000] {logging_mixin.py:188} INFO - Uploaded /tmp/minio_downloads/customers_090403851544.parquet -> @customers stage
[2026-08-05T08:36:49.534+0000] {logging_mixin.py:188} INFO - Uploaded /tmp/minio_downloads/customers_090403894193.parquet -> @customers stage
[2026-08-05T08:36:49.649+0000] {logging_mixin.py:188} INFO - Uploaded /tmp/minio_downloads/customers_090403939509.parquet -> @customers stage
[2026-08-05T08:36:49.809+0000] {logging_mixin.py:188} INFO - Uploaded /tmp/minio_downloads/customers_090403987646.parquet -> @customers stage
[2026-08-05T08:36:49.934+0000] {logging_mixin.py:188} INFO - Uploaded /tmp/minio_downloads/customers_090404049607.parquet -> @customers stage
[2026-08-05T08:36:50.073+0000] {logging_mixin.py:188} INFO - Uploaded /tmp/minio_downloads/customers_090404098181.parquet -> @customers stage
[2026-08-05T08:36:50.192+0000] {logging_mixin.py:188} INFO - Uploaded /tmp/minio_downloads/customers_090404171962.parquet -> @customers stage
[2026-08-05T08:36:50.328+0000] {logging_mixin.py:188} INFO - Uploaded /tmp/minio_downloads/customers_090404227529.parquet -> @customers stage
[2026-08-05T08:36:50.485+0000] {logging_mixin.py:188} INFO - Uploaded /tmp/minio_downloads/customers_090404283728.parquet -> @customers stage
[2026-08-05T08:36:50.610+0000] {logging_mixin.py:188} INFO - Uploaded /tmp/minio_downloads/customers_090404337621.parquet -> @customers stage
[2026-08-05T08:36:50.723+0000] {logging_mixin.py:188} INFO - Uploaded /tmp/minio_downloads/customers_090404397305.parquet -> @customers stage
[2026-08-05T08:36:51.122+0000] {logging_mixin.py:188} INFO - Uploaded /tmp/minio_downloads/customers_090404443612.parquet -> @customers stage
[2026-08-05T08:36:51.275+0000] {logging_mixin.py:188} INFO - Uploaded /tmp/minio_downloads/customers_090404503420.parquet -> @customers stage
[2026-08-05T08:36:52.170+0000] {logging_mixin.py:188} INFO - Uploaded /tmp/minio_downloads/customers_090404569754.parquet -> @customers stage
[2026-08-05T08:36:52.287+0000] {logging_mixin.py:188} INFO - Uploaded /tmp/minio_downloads/customers_090404616505.parquet -> @customers stage
[2026-08-05T08:36:52.418+0000] {logging_mixin.py:188} INFO - Uploaded /tmp/minio_downloads/customers_090404676784.parquet -> @customers stage
[2026-08-05T08:36:52.551+0000] {logging_mixin.py:188} INFO - Uploaded /tmp/minio_downloads/customers_090404719565.parquet -> @customers stage
[2026-08-05T08:36:52.663+0000] {logging_mixin.py:188} INFO - Uploaded /tmp/minio_downloads/customers_090404776580.parquet -> @customers stage
[2026-08-05T08:36:52.860+0000] {logging_mixin.py:188} INFO - Uploaded /tmp/minio_downloads/customers_090404821131.parquet -> @customers stage
[2026-08-05T08:36:52.972+0000] {logging_mixin.py:188} INFO - Uploaded /tmp/minio_downloads/customers_090404867684.parquet -> @customers stage
[2026-08-05T08:36:53.130+0000] {logging_mixin.py:188} INFO - Uploaded /tmp/minio_downloads/customers_090404914078.parquet -> @customers stage
[2026-08-05T08:36:53.259+0000] {logging_mixin.py:188} INFO - Uploaded /tmp/minio_downloads/customers_090404956516.parquet -> @customers stage
[2026-08-05T08:36:53.389+0000] {logging_mixin.py:188} INFO - Uploaded /tmp/minio_downloads/customers_090405003694.parquet -> @customers stage
[2026-08-05T08:36:53.503+0000] {logging_mixin.py:188} INFO - Uploaded /tmp/minio_downloads/customers_090405050878.parquet -> @customers stage
[2026-08-05T08:36:53.629+0000] {logging_mixin.py:188} INFO - Uploaded /tmp/minio_downloads/customers_090405103797.parquet -> @customers stage
[2026-08-05T08:36:53.764+0000] {logging_mixin.py:188} INFO - Uploaded /tmp/minio_downloads/customers_090405150219.parquet -> @customers stage
[2026-08-05T08:36:53.902+0000] {logging_mixin.py:188} INFO - Uploaded /tmp/minio_downloads/customers_090405196488.parquet -> @customers stage
[2026-08-05T08:36:54.042+0000] {logging_mixin.py:188} INFO - Uploaded /tmp/minio_downloads/customers_090405243111.parquet -> @customers stage
[2026-08-05T08:36:54.184+0000] {logging_mixin.py:188} INFO - Uploaded /tmp/minio_downloads/customers_090405289533.parquet -> @customers stage
[2026-08-05T08:36:54.377+0000] {logging_mixin.py:188} INFO - Uploaded /tmp/minio_downloads/customers_090405335259.parquet -> @customers stage
[2026-08-05T08:36:54.514+0000] {logging_mixin.py:188} INFO - Uploaded /tmp/minio_downloads/customers_090405383930.parquet -> @customers stage
[2026-08-05T08:36:54.634+0000] {logging_mixin.py:188} INFO - Uploaded /tmp/minio_downloads/customers_090405425934.parquet -> @customers stage
[2026-08-05T08:36:54.763+0000] {logging_mixin.py:188} INFO - Uploaded /tmp/minio_downloads/customers_090405469859.parquet -> @customers stage
[2026-08-05T08:36:54.906+0000] {logging_mixin.py:188} INFO - Uploaded /tmp/minio_downloads/customers_090405511786.parquet -> @customers stage
[2026-08-05T08:36:55.016+0000] {logging_mixin.py:188} INFO - Uploaded /tmp/minio_downloads/customers_090405562635.parquet -> @customers stage
[2026-08-05T08:36:55.154+0000] {logging_mixin.py:188} INFO - Uploaded /tmp/minio_downloads/customers_090405606410.parquet -> @customers stage
[2026-08-05T08:36:55.282+0000] {logging_mixin.py:188} INFO - Uploaded /tmp/minio_downloads/customers_090405651960.parquet -> @customers stage
[2026-08-05T08:36:55.409+0000] {logging_mixin.py:188} INFO - Uploaded /tmp/minio_downloads/customers_090405695356.parquet -> @customers stage
[2026-08-05T08:36:55.540+0000] {logging_mixin.py:188} INFO - Uploaded /tmp/minio_downloads/customers_090405739251.parquet -> @customers stage
[2026-08-05T08:36:55.666+0000] {logging_mixin.py:188} INFO - Uploaded /tmp/minio_downloads/customers_090405796269.parquet -> @customers stage
[2026-08-05T08:36:55.801+0000] {logging_mixin.py:188} INFO - Uploaded /tmp/minio_downloads/customers_090405841506.parquet -> @customers stage
[2026-08-05T08:36:55.957+0000] {logging_mixin.py:188} INFO - Uploaded /tmp/minio_downloads/customers_090405899071.parquet -> @customers stage
[2026-08-05T08:36:56.078+0000] {logging_mixin.py:188} INFO - Uploaded /tmp/minio_downloads/customers_090405946991.parquet -> @customers stage
[2026-08-05T08:36:56.570+0000] {logging_mixin.py:188} INFO - Data loaded into customers
[2026-08-05T08:36:56.736+0000] {logging_mixin.py:188} INFO - Uploaded /tmp/minio_downloads/accounts_090335091997.parquet -> @accounts stage
[2026-08-05T08:36:56.864+0000] {logging_mixin.py:188} INFO - Uploaded /tmp/minio_downloads/accounts_090335176229.parquet -> @accounts stage
[2026-08-05T08:36:57.010+0000] {logging_mixin.py:188} INFO - Uploaded /tmp/minio_downloads/accounts_090335225617.parquet -> @accounts stage
[2026-08-05T08:36:57.121+0000] {logging_mixin.py:188} INFO - Uploaded /tmp/minio_downloads/accounts_090335282589.parquet -> @accounts stage
[2026-08-05T08:36:57.267+0000] {logging_mixin.py:188} INFO - Uploaded /tmp/minio_downloads/accounts_090335330376.parquet -> @accounts stage
[2026-08-05T08:36:57.407+0000] {logging_mixin.py:188} INFO - Uploaded /tmp/minio_downloads/accounts_090335387463.parquet -> @accounts stage
[2026-08-05T08:36:57.521+0000] {logging_mixin.py:188} INFO - Uploaded /tmp/minio_downloads/accounts_090335440093.parquet -> @accounts stage
[2026-08-05T08:36:57.659+0000] {logging_mixin.py:188} INFO - Uploaded /tmp/minio_downloads/accounts_090335487667.parquet -> @accounts stage
[2026-08-05T08:36:57.799+0000] {logging_mixin.py:188} INFO - Uploaded /tmp/minio_downloads/accounts_090335532736.parquet -> @accounts stage
[2026-08-05T08:36:57.915+0000] {logging_mixin.py:188} INFO - Uploaded /tmp/minio_downloads/accounts_090335590697.parquet -> @accounts stage
[2026-08-05T08:36:58.075+0000] {logging_mixin.py:188} INFO - Uploaded /tmp/minio_downloads/accounts_090335653590.parquet -> @accounts stage
[2026-08-05T08:36:58.188+0000] {logging_mixin.py:188} INFO - Uploaded /tmp/minio_downloads/accounts_090335716922.parquet -> @accounts stage
[2026-08-05T08:36:58.310+0000] {logging_mixin.py:188} INFO - Uploaded /tmp/minio_downloads/accounts_090335792915.parquet -> @accounts stage
[2026-08-05T08:36:58.425+0000] {logging_mixin.py:188} INFO - Uploaded /tmp/minio_downloads/accounts_090335849416.parquet -> @accounts stage
[2026-08-05T08:36:58.545+0000] {logging_mixin.py:188} INFO - Uploaded /tmp/minio_downloads/accounts_090335918492.parquet -> @accounts stage
[2026-08-05T08:36:58.655+0000] {logging_mixin.py:188} INFO - Uploaded /tmp/minio_downloads/accounts_090336083229.parquet -> @accounts stage
[2026-08-05T08:36:58.766+0000] {logging_mixin.py:188} INFO - Uploaded /tmp/minio_downloads/accounts_090336168129.parquet -> @accounts stage
[2026-08-05T08:36:58.879+0000] {logging_mixin.py:188} INFO - Uploaded /tmp/minio_downloads/accounts_090336236734.parquet -> @accounts stage
[2026-08-05T08:36:58.988+0000] {logging_mixin.py:188} INFO - Uploaded /tmp/minio_downloads/accounts_090336310038.parquet -> @accounts stage
[2026-08-05T08:36:59.156+0000] {logging_mixin.py:188} INFO - Uploaded /tmp/minio_downloads/accounts_090336375803.parquet -> @accounts stage
[2026-08-05T08:36:59.330+0000] {logging_mixin.py:188} INFO - Uploaded /tmp/minio_downloads/accounts_090336437610.parquet -> @accounts stage
[2026-08-05T08:36:59.468+0000] {logging_mixin.py:188} INFO - Uploaded /tmp/minio_downloads/accounts_090336509130.parquet -> @accounts stage
[2026-08-05T08:37:00.131+0000] {logging_mixin.py:188} INFO - Uploaded /tmp/minio_downloads/accounts_090336561573.parquet -> @accounts stage
[2026-08-05T08:37:00.248+0000] {logging_mixin.py:188} INFO - Uploaded /tmp/minio_downloads/accounts_090336619969.parquet -> @accounts stage
[2026-08-05T08:37:00.373+0000] {logging_mixin.py:188} INFO - Uploaded /tmp/minio_downloads/accounts_090336705658.parquet -> @accounts stage
[2026-08-05T08:37:00.488+0000] {logging_mixin.py:188} INFO - Uploaded /tmp/minio_downloads/accounts_090336825221.parquet -> @accounts stage
[2026-08-05T08:37:00.610+0000] {logging_mixin.py:188} INFO - Uploaded /tmp/minio_downloads/accounts_090336934222.parquet -> @accounts stage
[2026-08-05T08:37:00.720+0000] {logging_mixin.py:188} INFO - Uploaded /tmp/minio_downloads/accounts_090336997264.parquet -> @accounts stage
[2026-08-05T08:37:00.841+0000] {logging_mixin.py:188} INFO - Uploaded /tmp/minio_downloads/accounts_090337048145.parquet -> @accounts stage
[2026-08-05T08:37:00.998+0000] {logging_mixin.py:188} INFO - Uploaded /tmp/minio_downloads/accounts_090337100657.parquet -> @accounts stage
[2026-08-05T08:37:01.125+0000] {logging_mixin.py:188} INFO - Uploaded /tmp/minio_downloads/accounts_090337167701.parquet -> @accounts stage
[2026-08-05T08:37:01.240+0000] {logging_mixin.py:188} INFO - Uploaded /tmp/minio_downloads/accounts_090337230404.parquet -> @accounts stage
[2026-08-05T08:37:01.369+0000] {logging_mixin.py:188} INFO - Uploaded /tmp/minio_downloads/accounts_090337287200.parquet -> @accounts stage
[2026-08-05T08:37:01.941+0000] {logging_mixin.py:188} INFO - Uploaded /tmp/minio_downloads/accounts_090337352500.parquet -> @accounts stage
[2026-08-05T08:37:02.065+0000] {logging_mixin.py:188} INFO - Uploaded /tmp/minio_downloads/accounts_090337409970.parquet -> @accounts stage
[2026-08-05T08:37:02.191+0000] {logging_mixin.py:188} INFO - Uploaded /tmp/minio_downloads/accounts_090337468206.parquet -> @accounts stage
[2026-08-05T08:37:02.306+0000] {logging_mixin.py:188} INFO - Uploaded /tmp/minio_downloads/accounts_090337522740.parquet -> @accounts stage
[2026-08-05T08:37:02.868+0000] {logging_mixin.py:188} INFO - Uploaded /tmp/minio_downloads/accounts_090337569811.parquet -> @accounts stage
[2026-08-05T08:37:03.014+0000] {logging_mixin.py:188} INFO - Uploaded /tmp/minio_downloads/accounts_090337620416.parquet -> @accounts stage
[2026-08-05T08:37:03.175+0000] {logging_mixin.py:188} INFO - Uploaded /tmp/minio_downloads/accounts_090337676744.parquet -> @accounts stage
[2026-08-05T08:37:03.291+0000] {logging_mixin.py:188} INFO - Uploaded /tmp/minio_downloads/accounts_090337733973.parquet -> @accounts stage
[2026-08-05T08:37:03.413+0000] {logging_mixin.py:188} INFO - Uploaded /tmp/minio_downloads/accounts_090337779357.parquet -> @accounts stage
[2026-08-05T08:37:03.527+0000] {logging_mixin.py:188} INFO - Uploaded /tmp/minio_downloads/accounts_090337830813.parquet -> @accounts stage
[2026-08-05T08:37:03.640+0000] {logging_mixin.py:188} INFO - Uploaded /tmp/minio_downloads/accounts_090337876213.parquet -> @accounts stage
[2026-08-05T08:37:03.762+0000] {logging_mixin.py:188} INFO - Uploaded /tmp/minio_downloads/accounts_090337924905.parquet -> @accounts stage
[2026-08-05T08:37:03.882+0000] {logging_mixin.py:188} INFO - Uploaded /tmp/minio_downloads/accounts_090337972586.parquet -> @accounts stage
[2026-08-05T08:37:03.993+0000] {logging_mixin.py:188} INFO - Uploaded /tmp/minio_downloads/accounts_090338036313.parquet -> @accounts stage
[2026-08-05T08:37:04.114+0000] {logging_mixin.py:188} INFO - Uploaded /tmp/minio_downloads/accounts_090338087498.parquet -> @accounts stage
[2026-08-05T08:37:04.253+0000] {logging_mixin.py:188} INFO - Uploaded /tmp/minio_downloads/accounts_090338169836.parquet -> @accounts stage
[2026-08-05T08:37:04.367+0000] {logging_mixin.py:188} INFO - Uploaded /tmp/minio_downloads/accounts_090338285836.parquet -> @accounts stage
[2026-08-05T08:37:04.485+0000] {logging_mixin.py:188} INFO - Uploaded /tmp/minio_downloads/accounts_090338348416.parquet -> @accounts stage
[2026-08-05T08:37:04.948+0000] {logging_mixin.py:188} INFO - Uploaded /tmp/minio_downloads/accounts_090338411783.parquet -> @accounts stage
[2026-08-05T08:37:05.067+0000] {logging_mixin.py:188} INFO - Uploaded /tmp/minio_downloads/accounts_090338473298.parquet -> @accounts stage
[2026-08-05T08:37:05.177+0000] {logging_mixin.py:188} INFO - Uploaded /tmp/minio_downloads/accounts_090338539756.parquet -> @accounts stage
[2026-08-05T08:37:05.298+0000] {logging_mixin.py:188} INFO - Uploaded /tmp/minio_downloads/accounts_090338595444.parquet -> @accounts stage
[2026-08-05T08:37:05.408+0000] {logging_mixin.py:188} INFO - Uploaded /tmp/minio_downloads/accounts_090338653969.parquet -> @accounts stage
[2026-08-05T08:37:05.526+0000] {logging_mixin.py:188} INFO - Uploaded /tmp/minio_downloads/accounts_090338722877.parquet -> @accounts stage
[2026-08-05T08:37:05.639+0000] {logging_mixin.py:188} INFO - Uploaded /tmp/minio_downloads/accounts_090338784168.parquet -> @accounts stage
[2026-08-05T08:37:05.755+0000] {logging_mixin.py:188} INFO - Uploaded /tmp/minio_downloads/accounts_090338833026.parquet -> @accounts stage
[2026-08-05T08:37:05.873+0000] {logging_mixin.py:188} INFO - Uploaded /tmp/minio_downloads/accounts_090338879214.parquet -> @accounts stage
[2026-08-05T08:37:05.987+0000] {logging_mixin.py:188} INFO - Uploaded /tmp/minio_downloads/accounts_090338926904.parquet -> @accounts stage
[2026-08-05T08:37:06.123+0000] {logging_mixin.py:188} INFO - Uploaded /tmp/minio_downloads/accounts_090338983217.parquet -> @accounts stage
[2026-08-05T08:37:06.237+0000] {logging_mixin.py:188} INFO - Uploaded /tmp/minio_downloads/accounts_090339036915.parquet -> @accounts stage
[2026-08-05T08:37:06.357+0000] {logging_mixin.py:188} INFO - Uploaded /tmp/minio_downloads/accounts_090339085807.parquet -> @accounts stage
[2026-08-05T08:37:06.473+0000] {logging_mixin.py:188} INFO - Uploaded /tmp/minio_downloads/accounts_090339132135.parquet -> @accounts stage
[2026-08-05T08:37:06.592+0000] {logging_mixin.py:188} INFO - Uploaded /tmp/minio_downloads/accounts_090339207270.parquet -> @accounts stage
[2026-08-05T08:37:06.708+0000] {logging_mixin.py:188} INFO - Uploaded /tmp/minio_downloads/accounts_090339254198.parquet -> @accounts stage
[2026-08-05T08:37:06.823+0000] {logging_mixin.py:188} INFO - Uploaded /tmp/minio_downloads/accounts_090339304672.parquet -> @accounts stage
[2026-08-05T08:37:06.963+0000] {logging_mixin.py:188} INFO - Uploaded /tmp/minio_downloads/accounts_090339356197.parquet -> @accounts stage
[2026-08-05T08:37:07.081+0000] {logging_mixin.py:188} INFO - Uploaded /tmp/minio_downloads/accounts_090339400231.parquet -> @accounts stage
[2026-08-05T08:37:07.200+0000] {logging_mixin.py:188} INFO - Uploaded /tmp/minio_downloads/accounts_090339447900.parquet -> @accounts stage
[2026-08-05T08:37:07.314+0000] {logging_mixin.py:188} INFO - Uploaded /tmp/minio_downloads/accounts_090339510332.parquet -> @accounts stage
[2026-08-05T08:37:07.434+0000] {logging_mixin.py:188} INFO - Uploaded /tmp/minio_downloads/accounts_090339622965.parquet -> @accounts stage
[2026-08-05T08:37:07.542+0000] {logging_mixin.py:188} INFO - Uploaded /tmp/minio_downloads/accounts_090339735170.parquet -> @accounts stage
[2026-08-05T08:37:07.655+0000] {logging_mixin.py:188} INFO - Uploaded /tmp/minio_downloads/accounts_090339802636.parquet -> @accounts stage
[2026-08-05T08:37:07.760+0000] {logging_mixin.py:188} INFO - Uploaded /tmp/minio_downloads/accounts_090339854967.parquet -> @accounts stage
[2026-08-05T08:37:07.871+0000] {logging_mixin.py:188} INFO - Uploaded /tmp/minio_downloads/accounts_090339969786.parquet -> @accounts stage
[2026-08-05T08:37:07.982+0000] {logging_mixin.py:188} INFO - Uploaded /tmp/minio_downloads/accounts_090340009828.parquet -> @accounts stage
[2026-08-05T08:37:08.102+0000] {logging_mixin.py:188} INFO - Uploaded /tmp/minio_downloads/accounts_090340068304.parquet -> @accounts stage
[2026-08-05T08:37:08.212+0000] {logging_mixin.py:188} INFO - Uploaded /tmp/minio_downloads/accounts_090340120996.parquet -> @accounts stage
[2026-08-05T08:37:08.330+0000] {logging_mixin.py:188} INFO - Uploaded /tmp/minio_downloads/accounts_090340165119.parquet -> @accounts stage
[2026-08-05T08:37:08.446+0000] {logging_mixin.py:188} INFO - Uploaded /tmp/minio_downloads/accounts_090340212592.parquet -> @accounts stage
[2026-08-05T08:37:08.562+0000] {logging_mixin.py:188} INFO - Uploaded /tmp/minio_downloads/accounts_090340260214.parquet -> @accounts stage
[2026-08-05T08:37:08.670+0000] {logging_mixin.py:188} INFO - Uploaded /tmp/minio_downloads/accounts_090340312209.parquet -> @accounts stage
[2026-08-05T08:37:08.802+0000] {logging_mixin.py:188} INFO - Uploaded /tmp/minio_downloads/accounts_090340374831.parquet -> @accounts stage
[2026-08-05T08:37:08.923+0000] {logging_mixin.py:188} INFO - Uploaded /tmp/minio_downloads/accounts_090340432009.parquet -> @accounts stage
[2026-08-05T08:37:09.145+0000] {logging_mixin.py:188} INFO - Uploaded /tmp/minio_downloads/accounts_090340485198.parquet -> @accounts stage
[2026-08-05T08:37:09.287+0000] {logging_mixin.py:188} INFO - Uploaded /tmp/minio_downloads/accounts_090340538086.parquet -> @accounts stage
[2026-08-05T08:37:09.405+0000] {logging_mixin.py:188} INFO - Uploaded /tmp/minio_downloads/accounts_090340597267.parquet -> @accounts stage
[2026-08-05T08:37:09.527+0000] {logging_mixin.py:188} INFO - Uploaded /tmp/minio_downloads/accounts_090340643366.parquet -> @accounts stage
[2026-08-05T08:37:09.653+0000] {logging_mixin.py:188} INFO - Uploaded /tmp/minio_downloads/accounts_090340692918.parquet -> @accounts stage
[2026-08-05T08:37:09.763+0000] {logging_mixin.py:188} INFO - Uploaded /tmp/minio_downloads/accounts_090340744816.parquet -> @accounts stage
[2026-08-05T08:37:09.877+0000] {logging_mixin.py:188} INFO - Uploaded /tmp/minio_downloads/accounts_090340797221.parquet -> @accounts stage
[2026-08-05T08:37:09.993+0000] {logging_mixin.py:188} INFO - Uploaded /tmp/minio_downloads/accounts_090340847915.parquet -> @accounts stage
[2026-08-05T08:37:10.116+0000] {logging_mixin.py:188} INFO - Uploaded /tmp/minio_downloads/accounts_090340899651.parquet -> @accounts stage
[2026-08-05T08:37:10.230+0000] {logging_mixin.py:188} INFO - Uploaded /tmp/minio_downloads/accounts_090340945226.parquet -> @accounts stage
[2026-08-05T08:37:10.349+0000] {logging_mixin.py:188} INFO - Uploaded /tmp/minio_downloads/accounts_090341002128.parquet -> @accounts stage
[2026-08-05T08:37:10.468+0000] {logging_mixin.py:188} INFO - Uploaded /tmp/minio_downloads/accounts_090341048588.parquet -> @accounts stage
[2026-08-05T08:37:10.594+0000] {logging_mixin.py:188} INFO - Uploaded /tmp/minio_downloads/accounts_090341112017.parquet -> @accounts stage
[2026-08-05T08:37:10.699+0000] {logging_mixin.py:188} INFO - Uploaded /tmp/minio_downloads/accounts_090341158981.parquet -> @accounts stage
[2026-08-05T08:37:10.832+0000] {logging_mixin.py:188} INFO - Uploaded /tmp/minio_downloads/accounts_090341202568.parquet -> @accounts stage
[2026-08-05T08:37:10.946+0000] {logging_mixin.py:188} INFO - Uploaded /tmp/minio_downloads/accounts_090341253926.parquet -> @accounts stage
[2026-08-05T08:37:11.052+0000] {logging_mixin.py:188} INFO - Uploaded /tmp/minio_downloads/accounts_090341309247.parquet -> @accounts stage
[2026-08-05T08:37:11.164+0000] {logging_mixin.py:188} INFO - Uploaded /tmp/minio_downloads/accounts_090341358146.parquet -> @accounts stage
[2026-08-05T08:37:11.276+0000] {logging_mixin.py:188} INFO - Uploaded /tmp/minio_downloads/accounts_090341414601.parquet -> @accounts stage
[2026-08-05T08:37:11.394+0000] {logging_mixin.py:188} INFO - Uploaded /tmp/minio_downloads/accounts_090341460477.parquet -> @accounts stage
[2026-08-05T08:37:11.506+0000] {logging_mixin.py:188} INFO - Uploaded /tmp/minio_downloads/accounts_090341508932.parquet -> @accounts stage
[2026-08-05T08:37:11.622+0000] {logging_mixin.py:188} INFO - Uploaded /tmp/minio_downloads/accounts_090341566052.parquet -> @accounts stage
[2026-08-05T08:37:11.728+0000] {logging_mixin.py:188} INFO - Uploaded /tmp/minio_downloads/accounts_090341619353.parquet -> @accounts stage
[2026-08-05T08:37:11.852+0000] {logging_mixin.py:188} INFO - Uploaded /tmp/minio_downloads/accounts_090341668762.parquet -> @accounts stage
[2026-08-05T08:37:11.969+0000] {logging_mixin.py:188} INFO - Uploaded /tmp/minio_downloads/accounts_090341718138.parquet -> @accounts stage
[2026-08-05T08:37:12.094+0000] {logging_mixin.py:188} INFO - Uploaded /tmp/minio_downloads/accounts_090341776387.parquet -> @accounts stage
[2026-08-05T08:37:12.216+0000] {logging_mixin.py:188} INFO - Uploaded /tmp/minio_downloads/accounts_090341838405.parquet -> @accounts stage
[2026-08-05T08:37:12.326+0000] {logging_mixin.py:188} INFO - Uploaded /tmp/minio_downloads/accounts_090341981608.parquet -> @accounts stage
[2026-08-05T08:37:12.449+0000] {logging_mixin.py:188} INFO - Uploaded /tmp/minio_downloads/accounts_090342055992.parquet -> @accounts stage
[2026-08-05T08:37:12.566+0000] {logging_mixin.py:188} INFO - Uploaded /tmp/minio_downloads/accounts_090342130644.parquet -> @accounts stage
[2026-08-05T08:37:12.682+0000] {logging_mixin.py:188} INFO - Uploaded /tmp/minio_downloads/accounts_090342179195.parquet -> @accounts stage
[2026-08-05T08:37:12.800+0000] {logging_mixin.py:188} INFO - Uploaded /tmp/minio_downloads/accounts_090342243528.parquet -> @accounts stage
[2026-08-05T08:37:12.922+0000] {logging_mixin.py:188} INFO - Uploaded /tmp/minio_downloads/accounts_090342306582.parquet -> @accounts stage
[2026-08-05T08:37:13.843+0000] {logging_mixin.py:188} INFO - Uploaded /tmp/minio_downloads/accounts_090342357790.parquet -> @accounts stage
[2026-08-05T08:37:13.960+0000] {logging_mixin.py:188} INFO - Uploaded /tmp/minio_downloads/accounts_090342419173.parquet -> @accounts stage
[2026-08-05T08:37:14.085+0000] {logging_mixin.py:188} INFO - Uploaded /tmp/minio_downloads/accounts_090342483724.parquet -> @accounts stage
[2026-08-05T08:37:14.195+0000] {logging_mixin.py:188} INFO - Uploaded /tmp/minio_downloads/accounts_090342544707.parquet -> @accounts stage
[2026-08-05T08:37:14.314+0000] {logging_mixin.py:188} INFO - Uploaded /tmp/minio_downloads/accounts_090342599697.parquet -> @accounts stage
[2026-08-05T08:37:14.424+0000] {logging_mixin.py:188} INFO - Uploaded /tmp/minio_downloads/accounts_090342676207.parquet -> @accounts stage
[2026-08-05T08:37:14.562+0000] {logging_mixin.py:188} INFO - Uploaded /tmp/minio_downloads/accounts_090342736945.parquet -> @accounts stage
[2026-08-05T08:37:14.669+0000] {logging_mixin.py:188} INFO - Uploaded /tmp/minio_downloads/accounts_090342792308.parquet -> @accounts stage
[2026-08-05T08:37:14.783+0000] {logging_mixin.py:188} INFO - Uploaded /tmp/minio_downloads/accounts_090342856333.parquet -> @accounts stage
[2026-08-05T08:37:14.897+0000] {logging_mixin.py:188} INFO - Uploaded /tmp/minio_downloads/accounts_090342912162.parquet -> @accounts stage
[2026-08-05T08:37:15.028+0000] {logging_mixin.py:188} INFO - Uploaded /tmp/minio_downloads/accounts_090342961837.parquet -> @accounts stage
[2026-08-05T08:37:15.145+0000] {logging_mixin.py:188} INFO - Uploaded /tmp/minio_downloads/accounts_090343020787.parquet -> @accounts stage
[2026-08-05T08:37:15.266+0000] {logging_mixin.py:188} INFO - Uploaded /tmp/minio_downloads/accounts_090343073815.parquet -> @accounts stage
[2026-08-05T08:37:15.372+0000] {logging_mixin.py:188} INFO - Uploaded /tmp/minio_downloads/accounts_090343145518.parquet -> @accounts stage
[2026-08-05T08:37:15.529+0000] {logging_mixin.py:188} INFO - Uploaded /tmp/minio_downloads/accounts_090343197072.parquet -> @accounts stage
[2026-08-05T08:37:15.642+0000] {logging_mixin.py:188} INFO - Uploaded /tmp/minio_downloads/accounts_090343253148.parquet -> @accounts stage
[2026-08-05T08:37:15.759+0000] {logging_mixin.py:188} INFO - Uploaded /tmp/minio_downloads/accounts_090343304398.parquet -> @accounts stage
[2026-08-05T08:37:15.873+0000] {logging_mixin.py:188} INFO - Uploaded /tmp/minio_downloads/accounts_090343363086.parquet -> @accounts stage
[2026-08-05T08:37:15.984+0000] {logging_mixin.py:188} INFO - Uploaded /tmp/minio_downloads/accounts_090343413316.parquet -> @accounts stage
[2026-08-05T08:37:16.666+0000] {logging_mixin.py:188} INFO - Uploaded /tmp/minio_downloads/accounts_090343474555.parquet -> @accounts stage
[2026-08-05T08:37:16.795+0000] {logging_mixin.py:188} INFO - Uploaded /tmp/minio_downloads/accounts_090343527458.parquet -> @accounts stage
[2026-08-05T08:37:16.906+0000] {logging_mixin.py:188} INFO - Uploaded /tmp/minio_downloads/accounts_090343585034.parquet -> @accounts stage
[2026-08-05T08:37:17.030+0000] {logging_mixin.py:188} INFO - Uploaded /tmp/minio_downloads/accounts_090343634679.parquet -> @accounts stage
[2026-08-05T08:37:17.141+0000] {logging_mixin.py:188} INFO - Uploaded /tmp/minio_downloads/accounts_090343680435.parquet -> @accounts stage
[2026-08-05T08:37:17.411+0000] {logging_mixin.py:188} INFO - Uploaded /tmp/minio_downloads/accounts_090343728598.parquet -> @accounts stage
[2026-08-05T08:37:17.576+0000] {logging_mixin.py:188} INFO - Uploaded /tmp/minio_downloads/accounts_090343779632.parquet -> @accounts stage
[2026-08-05T08:37:17.688+0000] {logging_mixin.py:188} INFO - Uploaded /tmp/minio_downloads/accounts_090343833916.parquet -> @accounts stage
[2026-08-05T08:37:17.804+0000] {logging_mixin.py:188} INFO - Uploaded /tmp/minio_downloads/accounts_090343888730.parquet -> @accounts stage
[2026-08-05T08:37:17.918+0000] {logging_mixin.py:188} INFO - Uploaded /tmp/minio_downloads/accounts_090343934679.parquet -> @accounts stage
[2026-08-05T08:37:18.036+0000] {logging_mixin.py:188} INFO - Uploaded /tmp/minio_downloads/accounts_090343976827.parquet -> @accounts stage
[2026-08-05T08:37:18.150+0000] {logging_mixin.py:188} INFO - Uploaded /tmp/minio_downloads/accounts_090344021032.parquet -> @accounts stage
[2026-08-05T08:37:18.276+0000] {logging_mixin.py:188} INFO - Uploaded /tmp/minio_downloads/accounts_090344070350.parquet -> @accounts stage
[2026-08-05T08:37:18.386+0000] {logging_mixin.py:188} INFO - Uploaded /tmp/minio_downloads/accounts_090344114475.parquet -> @accounts stage
[2026-08-05T08:37:18.499+0000] {logging_mixin.py:188} INFO - Uploaded /tmp/minio_downloads/accounts_090344178771.parquet -> @accounts stage
[2026-08-05T08:37:18.611+0000] {logging_mixin.py:188} INFO - Uploaded /tmp/minio_downloads/accounts_090344234782.parquet -> @accounts stage
[2026-08-05T08:37:18.724+0000] {logging_mixin.py:188} INFO - Uploaded /tmp/minio_downloads/accounts_090344295645.parquet -> @accounts stage
[2026-08-05T08:37:18.837+0000] {logging_mixin.py:188} INFO - Uploaded /tmp/minio_downloads/accounts_090344355098.parquet -> @accounts stage
[2026-08-05T08:37:19.040+0000] {logging_mixin.py:188} INFO - Uploaded /tmp/minio_downloads/accounts_090344408224.parquet -> @accounts stage
[2026-08-05T08:37:19.152+0000] {logging_mixin.py:188} INFO - Uploaded /tmp/minio_downloads/accounts_090344461455.parquet -> @accounts stage
[2026-08-05T08:37:19.265+0000] {logging_mixin.py:188} INFO - Uploaded /tmp/minio_downloads/accounts_090344517205.parquet -> @accounts stage
[2026-08-05T08:37:19.445+0000] {logging_mixin.py:188} INFO - Uploaded /tmp/minio_downloads/accounts_090344564860.parquet -> @accounts stage
[2026-08-05T08:37:19.738+0000] {logging_mixin.py:188} INFO - Data loaded into accounts
[2026-08-05T08:37:19.853+0000] {logging_mixin.py:188} INFO - Uploaded /tmp/minio_downloads/transactions_090344635325.parquet -> @transactions stage
[2026-08-05T08:37:19.960+0000] {logging_mixin.py:188} INFO - Uploaded /tmp/minio_downloads/transactions_090344698403.parquet -> @transactions stage
[2026-08-05T08:37:20.070+0000] {logging_mixin.py:188} INFO - Uploaded /tmp/minio_downloads/transactions_090344744646.parquet -> @transactions stage
[2026-08-05T08:37:20.195+0000] {logging_mixin.py:188} INFO - Uploaded /tmp/minio_downloads/transactions_090344795789.parquet -> @transactions stage
[2026-08-05T08:37:20.310+0000] {logging_mixin.py:188} INFO - Uploaded /tmp/minio_downloads/transactions_090344850100.parquet -> @transactions stage
[2026-08-05T08:37:20.426+0000] {logging_mixin.py:188} INFO - Uploaded /tmp/minio_downloads/transactions_090344900109.parquet -> @transactions stage
[2026-08-05T08:37:20.540+0000] {logging_mixin.py:188} INFO - Uploaded /tmp/minio_downloads/transactions_090344947492.parquet -> @transactions stage
[2026-08-05T08:37:20.660+0000] {logging_mixin.py:188} INFO - Uploaded /tmp/minio_downloads/transactions_090344993567.parquet -> @transactions stage
[2026-08-05T08:37:20.778+0000] {logging_mixin.py:188} INFO - Uploaded /tmp/minio_downloads/transactions_090345052242.parquet -> @transactions stage
[2026-08-05T08:37:20.891+0000] {logging_mixin.py:188} INFO - Uploaded /tmp/minio_downloads/transactions_090345100340.parquet -> @transactions stage
[2026-08-05T08:37:21.076+0000] {logging_mixin.py:188} INFO - Uploaded /tmp/minio_downloads/transactions_090345147085.parquet -> @transactions stage
[2026-08-05T08:37:21.190+0000] {logging_mixin.py:188} INFO - Uploaded /tmp/minio_downloads/transactions_090345192944.parquet -> @transactions stage
[2026-08-05T08:37:21.306+0000] {logging_mixin.py:188} INFO - Uploaded /tmp/minio_downloads/transactions_090345308408.parquet -> @transactions stage
[2026-08-05T08:37:21.427+0000] {logging_mixin.py:188} INFO - Uploaded /tmp/minio_downloads/transactions_090345357692.parquet -> @transactions stage
[2026-08-05T08:37:21.543+0000] {logging_mixin.py:188} INFO - Uploaded /tmp/minio_downloads/transactions_090345402851.parquet -> @transactions stage
[2026-08-05T08:37:21.666+0000] {logging_mixin.py:188} INFO - Uploaded /tmp/minio_downloads/transactions_090345456814.parquet -> @transactions stage
[2026-08-05T08:37:21.785+0000] {logging_mixin.py:188} INFO - Uploaded /tmp/minio_downloads/transactions_090345501980.parquet -> @transactions stage
[2026-08-05T08:37:21.917+0000] {logging_mixin.py:188} INFO - Uploaded /tmp/minio_downloads/transactions_090345551838.parquet -> @transactions stage
[2026-08-05T08:37:22.027+0000] {logging_mixin.py:188} INFO - Uploaded /tmp/minio_downloads/transactions_090345595622.parquet -> @transactions stage
[2026-08-05T08:37:22.156+0000] {logging_mixin.py:188} INFO - Uploaded /tmp/minio_downloads/transactions_090345662310.parquet -> @transactions stage
[2026-08-05T08:37:22.267+0000] {logging_mixin.py:188} INFO - Uploaded /tmp/minio_downloads/transactions_090345710767.parquet -> @transactions stage
[2026-08-05T08:37:22.387+0000] {logging_mixin.py:188} INFO - Uploaded /tmp/minio_downloads/transactions_090345754288.parquet -> @transactions stage
[2026-08-05T08:37:22.498+0000] {logging_mixin.py:188} INFO - Uploaded /tmp/minio_downloads/transactions_090345804973.parquet -> @transactions stage
[2026-08-05T08:37:22.612+0000] {logging_mixin.py:188} INFO - Uploaded /tmp/minio_downloads/transactions_090345861683.parquet -> @transactions stage
[2026-08-05T08:37:22.732+0000] {logging_mixin.py:188} INFO - Uploaded /tmp/minio_downloads/transactions_090345909777.parquet -> @transactions stage
[2026-08-05T08:37:22.847+0000] {logging_mixin.py:188} INFO - Uploaded /tmp/minio_downloads/transactions_090345961293.parquet -> @transactions stage
[2026-08-05T08:37:22.965+0000] {logging_mixin.py:188} INFO - Uploaded /tmp/minio_downloads/transactions_090346008937.parquet -> @transactions stage
[2026-08-05T08:37:23.090+0000] {logging_mixin.py:188} INFO - Uploaded /tmp/minio_downloads/transactions_090346056562.parquet -> @transactions stage
[2026-08-05T08:37:23.205+0000] {logging_mixin.py:188} INFO - Uploaded /tmp/minio_downloads/transactions_090346102527.parquet -> @transactions stage
[2026-08-05T08:37:23.321+0000] {logging_mixin.py:188} INFO - Uploaded /tmp/minio_downloads/transactions_090346152705.parquet -> @transactions stage
[2026-08-05T08:37:23.439+0000] {logging_mixin.py:188} INFO - Uploaded /tmp/minio_downloads/transactions_090346198936.parquet -> @transactions stage
[2026-08-05T08:37:23.559+0000] {logging_mixin.py:188} INFO - Uploaded /tmp/minio_downloads/transactions_090346247151.parquet -> @transactions stage
[2026-08-05T08:37:23.674+0000] {logging_mixin.py:188} INFO - Uploaded /tmp/minio_downloads/transactions_090346296845.parquet -> @transactions stage
[2026-08-05T08:37:23.784+0000] {logging_mixin.py:188} INFO - Uploaded /tmp/minio_downloads/transactions_090346362045.parquet -> @transactions stage
[2026-08-05T08:37:24.272+0000] {logging_mixin.py:188} INFO - Uploaded /tmp/minio_downloads/transactions_090346407218.parquet -> @transactions stage
[2026-08-05T08:37:24.388+0000] {logging_mixin.py:188} INFO - Uploaded /tmp/minio_downloads/transactions_090346456355.parquet -> @transactions stage
[2026-08-05T08:37:24.508+0000] {logging_mixin.py:188} INFO - Uploaded /tmp/minio_downloads/transactions_090346503975.parquet -> @transactions stage
[2026-08-05T08:37:24.622+0000] {logging_mixin.py:188} INFO - Uploaded /tmp/minio_downloads/transactions_090346552820.parquet -> @transactions stage
[2026-08-05T08:37:24.738+0000] {logging_mixin.py:188} INFO - Uploaded /tmp/minio_downloads/transactions_090346595247.parquet -> @transactions stage
[2026-08-05T08:37:24.853+0000] {logging_mixin.py:188} INFO - Uploaded /tmp/minio_downloads/transactions_090346646157.parquet -> @transactions stage
[2026-08-05T08:37:24.966+0000] {logging_mixin.py:188} INFO - Uploaded /tmp/minio_downloads/transactions_090346718780.parquet -> @transactions stage
[2026-08-05T08:37:25.094+0000] {logging_mixin.py:188} INFO - Uploaded /tmp/minio_downloads/transactions_090346804433.parquet -> @transactions stage
[2026-08-05T08:37:25.201+0000] {logging_mixin.py:188} INFO - Uploaded /tmp/minio_downloads/transactions_090346901001.parquet -> @transactions stage
[2026-08-05T08:37:25.313+0000] {logging_mixin.py:188} INFO - Uploaded /tmp/minio_downloads/transactions_090346944243.parquet -> @transactions stage
[2026-08-05T08:37:25.427+0000] {logging_mixin.py:188} INFO - Uploaded /tmp/minio_downloads/transactions_090346989485.parquet -> @transactions stage
[2026-08-05T08:37:25.542+0000] {logging_mixin.py:188} INFO - Uploaded /tmp/minio_downloads/transactions_090347034187.parquet -> @transactions stage
[2026-08-05T08:37:25.652+0000] {logging_mixin.py:188} INFO - Uploaded /tmp/minio_downloads/transactions_090347079809.parquet -> @transactions stage
[2026-08-05T08:37:25.769+0000] {logging_mixin.py:188} INFO - Uploaded /tmp/minio_downloads/transactions_090347125087.parquet -> @transactions stage
[2026-08-05T08:37:25.888+0000] {logging_mixin.py:188} INFO - Uploaded /tmp/minio_downloads/transactions_090347178696.parquet -> @transactions stage
[2026-08-05T08:37:26.001+0000] {logging_mixin.py:188} INFO - Uploaded /tmp/minio_downloads/transactions_090347229220.parquet -> @transactions stage
[2026-08-05T08:37:26.108+0000] {logging_mixin.py:188} INFO - Uploaded /tmp/minio_downloads/transactions_090347275437.parquet -> @transactions stage
[2026-08-05T08:37:26.338+0000] {logging_mixin.py:188} INFO - Uploaded /tmp/minio_downloads/transactions_090347329417.parquet -> @transactions stage
[2026-08-05T08:37:26.452+0000] {logging_mixin.py:188} INFO - Uploaded /tmp/minio_downloads/transactions_090347384750.parquet -> @transactions stage
[2026-08-05T08:37:26.569+0000] {logging_mixin.py:188} INFO - Uploaded /tmp/minio_downloads/transactions_090347434686.parquet -> @transactions stage
[2026-08-05T08:37:26.680+0000] {logging_mixin.py:188} INFO - Uploaded /tmp/minio_downloads/transactions_090347488696.parquet -> @transactions stage
[2026-08-05T08:37:26.793+0000] {logging_mixin.py:188} INFO - Uploaded /tmp/minio_downloads/transactions_090347536914.parquet -> @transactions stage
[2026-08-05T08:37:26.917+0000] {logging_mixin.py:188} INFO - Uploaded /tmp/minio_downloads/transactions_090347596012.parquet -> @transactions stage
[2026-08-05T08:37:27.065+0000] {logging_mixin.py:188} INFO - Uploaded /tmp/minio_downloads/transactions_090347711514.parquet -> @transactions stage
[2026-08-05T08:37:27.190+0000] {logging_mixin.py:188} INFO - Uploaded /tmp/minio_downloads/transactions_090347754828.parquet -> @transactions stage
[2026-08-05T08:37:27.303+0000] {logging_mixin.py:188} INFO - Uploaded /tmp/minio_downloads/transactions_090347804639.parquet -> @transactions stage
[2026-08-05T08:37:27.425+0000] {logging_mixin.py:188} INFO - Uploaded /tmp/minio_downloads/transactions_090347847633.parquet -> @transactions stage
[2026-08-05T08:37:28.039+0000] {logging_mixin.py:188} INFO - Uploaded /tmp/minio_downloads/transactions_090347911934.parquet -> @transactions stage
[2026-08-05T08:37:28.170+0000] {logging_mixin.py:188} INFO - Uploaded /tmp/minio_downloads/transactions_090347957527.parquet -> @transactions stage
[2026-08-05T08:37:28.291+0000] {logging_mixin.py:188} INFO - Uploaded /tmp/minio_downloads/transactions_090348008862.parquet -> @transactions stage
[2026-08-05T08:37:28.407+0000] {logging_mixin.py:188} INFO - Uploaded /tmp/minio_downloads/transactions_090348059997.parquet -> @transactions stage
[2026-08-05T08:37:28.521+0000] {logging_mixin.py:188} INFO - Uploaded /tmp/minio_downloads/transactions_090348110511.parquet -> @transactions stage
[2026-08-05T08:37:28.657+0000] {logging_mixin.py:188} INFO - Uploaded /tmp/minio_downloads/transactions_090348157671.parquet -> @transactions stage
[2026-08-05T08:37:28.773+0000] {logging_mixin.py:188} INFO - Uploaded /tmp/minio_downloads/transactions_090348204374.parquet -> @transactions stage
[2026-08-05T08:37:28.882+0000] {logging_mixin.py:188} INFO - Uploaded /tmp/minio_downloads/transactions_090348252573.parquet -> @transactions stage
[2026-08-05T08:37:28.997+0000] {logging_mixin.py:188} INFO - Uploaded /tmp/minio_downloads/transactions_090348298605.parquet -> @transactions stage
[2026-08-05T08:37:29.114+0000] {logging_mixin.py:188} INFO - Uploaded /tmp/minio_downloads/transactions_090348342378.parquet -> @transactions stage
[2026-08-05T08:37:29.222+0000] {logging_mixin.py:188} INFO - Uploaded /tmp/minio_downloads/transactions_090348401092.parquet -> @transactions stage
[2026-08-05T08:37:29.342+0000] {logging_mixin.py:188} INFO - Uploaded /tmp/minio_downloads/transactions_090348459158.parquet -> @transactions stage
[2026-08-05T08:37:29.452+0000] {logging_mixin.py:188} INFO - Uploaded /tmp/minio_downloads/transactions_090348510411.parquet -> @transactions stage
[2026-08-05T08:37:29.576+0000] {logging_mixin.py:188} INFO - Uploaded /tmp/minio_downloads/transactions_090348559775.parquet -> @transactions stage
[2026-08-05T08:37:29.692+0000] {logging_mixin.py:188} INFO - Uploaded /tmp/minio_downloads/transactions_090348607300.parquet -> @transactions stage
[2026-08-05T08:37:29.814+0000] {logging_mixin.py:188} INFO - Uploaded /tmp/minio_downloads/transactions_090348653264.parquet -> @transactions stage
[2026-08-05T08:37:29.928+0000] {logging_mixin.py:188} INFO - Uploaded /tmp/minio_downloads/transactions_090348708374.parquet -> @transactions stage
[2026-08-05T08:37:30.034+0000] {logging_mixin.py:188} INFO - Uploaded /tmp/minio_downloads/transactions_090348757425.parquet -> @transactions stage
[2026-08-05T08:37:30.149+0000] {logging_mixin.py:188} INFO - Uploaded /tmp/minio_downloads/transactions_090348808601.parquet -> @transactions stage
[2026-08-05T08:37:30.261+0000] {logging_mixin.py:188} INFO - Uploaded /tmp/minio_downloads/transactions_090348853162.parquet -> @transactions stage
[2026-08-05T08:37:30.374+0000] {logging_mixin.py:188} INFO - Uploaded /tmp/minio_downloads/transactions_090348917946.parquet -> @transactions stage
[2026-08-05T08:37:30.498+0000] {logging_mixin.py:188} INFO - Uploaded /tmp/minio_downloads/transactions_090348986480.parquet -> @transactions stage
[2026-08-05T08:37:30.613+0000] {logging_mixin.py:188} INFO - Uploaded /tmp/minio_downloads/transactions_090349047306.parquet -> @transactions stage
[2026-08-05T08:37:30.745+0000] {logging_mixin.py:188} INFO - Uploaded /tmp/minio_downloads/transactions_090349092982.parquet -> @transactions stage
[2026-08-05T08:37:30.856+0000] {logging_mixin.py:188} INFO - Uploaded /tmp/minio_downloads/transactions_090349140604.parquet -> @transactions stage
[2026-08-05T08:37:30.962+0000] {logging_mixin.py:188} INFO - Uploaded /tmp/minio_downloads/transactions_090349185139.parquet -> @transactions stage
[2026-08-05T08:37:31.082+0000] {logging_mixin.py:188} INFO - Uploaded /tmp/minio_downloads/transactions_090349238746.parquet -> @transactions stage
[2026-08-05T08:37:31.192+0000] {logging_mixin.py:188} INFO - Uploaded /tmp/minio_downloads/transactions_090349290508.parquet -> @transactions stage
[2026-08-05T08:37:31.306+0000] {logging_mixin.py:188} INFO - Uploaded /tmp/minio_downloads/transactions_090349340716.parquet -> @transactions stage
[2026-08-05T08:37:31.428+0000] {logging_mixin.py:188} INFO - Uploaded /tmp/minio_downloads/transactions_090349386604.parquet -> @transactions stage
[2026-08-05T08:37:31.539+0000] {logging_mixin.py:188} INFO - Uploaded /tmp/minio_downloads/transactions_090349466276.parquet -> @transactions stage
[2026-08-05T08:37:31.662+0000] {logging_mixin.py:188} INFO - Uploaded /tmp/minio_downloads/transactions_090349539821.parquet -> @transactions stage
[2026-08-05T08:37:31.772+0000] {logging_mixin.py:188} INFO - Uploaded /tmp/minio_downloads/transactions_090349637195.parquet -> @transactions stage
[2026-08-05T08:37:31.883+0000] {logging_mixin.py:188} INFO - Uploaded /tmp/minio_downloads/transactions_090349689733.parquet -> @transactions stage
[2026-08-05T08:37:31.995+0000] {logging_mixin.py:188} INFO - Uploaded /tmp/minio_downloads/transactions_090349736179.parquet -> @transactions stage
[2026-08-05T08:37:32.116+0000] {logging_mixin.py:188} INFO - Uploaded /tmp/minio_downloads/transactions_090349779576.parquet -> @transactions stage
[2026-08-05T08:37:32.228+0000] {logging_mixin.py:188} INFO - Uploaded /tmp/minio_downloads/transactions_090349826149.parquet -> @transactions stage
[2026-08-05T08:37:32.341+0000] {logging_mixin.py:188} INFO - Uploaded /tmp/minio_downloads/transactions_090349873955.parquet -> @transactions stage
[2026-08-05T08:37:32.463+0000] {logging_mixin.py:188} INFO - Uploaded /tmp/minio_downloads/transactions_090349922318.parquet -> @transactions stage
[2026-08-05T08:37:32.595+0000] {logging_mixin.py:188} INFO - Uploaded /tmp/minio_downloads/transactions_090349980155.parquet -> @transactions stage
[2026-08-05T08:37:32.712+0000] {logging_mixin.py:188} INFO - Uploaded /tmp/minio_downloads/transactions_090350043626.parquet -> @transactions stage
[2026-08-05T08:37:32.823+0000] {logging_mixin.py:188} INFO - Uploaded /tmp/minio_downloads/transactions_090350089592.parquet -> @transactions stage
[2026-08-05T08:37:32.941+0000] {logging_mixin.py:188} INFO - Uploaded /tmp/minio_downloads/transactions_090350138345.parquet -> @transactions stage
[2026-08-05T08:37:33.055+0000] {logging_mixin.py:188} INFO - Uploaded /tmp/minio_downloads/transactions_090350183670.parquet -> @transactions stage
[2026-08-05T08:37:33.168+0000] {logging_mixin.py:188} INFO - Uploaded /tmp/minio_downloads/transactions_090350231811.parquet -> @transactions stage
[2026-08-05T08:37:33.285+0000] {logging_mixin.py:188} INFO - Uploaded /tmp/minio_downloads/transactions_090350273125.parquet -> @transactions stage
[2026-08-05T08:37:33.403+0000] {logging_mixin.py:188} INFO - Uploaded /tmp/minio_downloads/transactions_090350321357.parquet -> @transactions stage
[2026-08-05T08:37:33.528+0000] {logging_mixin.py:188} INFO - Uploaded /tmp/minio_downloads/transactions_090350363457.parquet -> @transactions stage
[2026-08-05T08:37:33.673+0000] {logging_mixin.py:188} INFO - Uploaded /tmp/minio_downloads/transactions_090350409124.parquet -> @transactions stage
[2026-08-05T08:37:33.811+0000] {logging_mixin.py:188} INFO - Uploaded /tmp/minio_downloads/transactions_090350456314.parquet -> @transactions stage
[2026-08-05T08:37:33.922+0000] {logging_mixin.py:188} INFO - Uploaded /tmp/minio_downloads/transactions_090350496727.parquet -> @transactions stage
[2026-08-05T08:37:34.045+0000] {logging_mixin.py:188} INFO - Uploaded /tmp/minio_downloads/transactions_090350541096.parquet -> @transactions stage
[2026-08-05T08:37:34.187+0000] {logging_mixin.py:188} INFO - Uploaded /tmp/minio_downloads/transactions_090350590595.parquet -> @transactions stage
[2026-08-05T08:37:34.318+0000] {logging_mixin.py:188} INFO - Uploaded /tmp/minio_downloads/transactions_090350637392.parquet -> @transactions stage
[2026-08-05T08:37:34.615+0000] {logging_mixin.py:188} INFO - Uploaded /tmp/minio_downloads/transactions_090350688105.parquet -> @transactions stage
[2026-08-05T08:37:34.753+0000] {logging_mixin.py:188} INFO - Uploaded /tmp/minio_downloads/transactions_090350735881.parquet -> @transactions stage
[2026-08-05T08:37:34.865+0000] {logging_mixin.py:188} INFO - Uploaded /tmp/minio_downloads/transactions_090350777950.parquet -> @transactions stage
[2026-08-05T08:37:34.999+0000] {logging_mixin.py:188} INFO - Uploaded /tmp/minio_downloads/transactions_090350829270.parquet -> @transactions stage
[2026-08-05T08:37:35.115+0000] {logging_mixin.py:188} INFO - Uploaded /tmp/minio_downloads/transactions_090350872710.parquet -> @transactions stage
[2026-08-05T08:37:35.250+0000] {logging_mixin.py:188} INFO - Uploaded /tmp/minio_downloads/transactions_090350916886.parquet -> @transactions stage
[2026-08-05T08:37:35.365+0000] {logging_mixin.py:188} INFO - Uploaded /tmp/minio_downloads/transactions_090350980142.parquet -> @transactions stage
[2026-08-05T08:37:35.488+0000] {logging_mixin.py:188} INFO - Uploaded /tmp/minio_downloads/transactions_090351132471.parquet -> @transactions stage
[2026-08-05T08:37:35.592+0000] {logging_mixin.py:188} INFO - Uploaded /tmp/minio_downloads/transactions_090351252512.parquet -> @transactions stage
[2026-08-05T08:37:35.703+0000] {logging_mixin.py:188} INFO - Uploaded /tmp/minio_downloads/transactions_090351297506.parquet -> @transactions stage
[2026-08-05T08:37:35.816+0000] {logging_mixin.py:188} INFO - Uploaded /tmp/minio_downloads/transactions_090351354756.parquet -> @transactions stage
[2026-08-05T08:37:35.944+0000] {logging_mixin.py:188} INFO - Uploaded /tmp/minio_downloads/transactions_090351398315.parquet -> @transactions stage
[2026-08-05T08:37:36.073+0000] {logging_mixin.py:188} INFO - Uploaded /tmp/minio_downloads/transactions_090351444455.parquet -> @transactions stage
[2026-08-05T08:37:36.776+0000] {logging_mixin.py:188} INFO - Uploaded /tmp/minio_downloads/transactions_090351498438.parquet -> @transactions stage
[2026-08-05T08:37:36.889+0000] {logging_mixin.py:188} INFO - Uploaded /tmp/minio_downloads/transactions_090351544144.parquet -> @transactions stage
[2026-08-05T08:37:37.016+0000] {logging_mixin.py:188} INFO - Uploaded /tmp/minio_downloads/transactions_090351589508.parquet -> @transactions stage
[2026-08-05T08:37:37.124+0000] {logging_mixin.py:188} INFO - Uploaded /tmp/minio_downloads/transactions_090351635835.parquet -> @transactions stage
[2026-08-05T08:37:37.247+0000] {logging_mixin.py:188} INFO - Uploaded /tmp/minio_downloads/transactions_090351680419.parquet -> @transactions stage
[2026-08-05T08:37:37.353+0000] {logging_mixin.py:188} INFO - Uploaded /tmp/minio_downloads/transactions_090351724866.parquet -> @transactions stage
[2026-08-05T08:37:37.471+0000] {logging_mixin.py:188} INFO - Uploaded /tmp/minio_downloads/transactions_090351781853.parquet -> @transactions stage
[2026-08-05T08:37:37.577+0000] {logging_mixin.py:188} INFO - Uploaded /tmp/minio_downloads/transactions_090351825152.parquet -> @transactions stage
[2026-08-05T08:37:37.689+0000] {logging_mixin.py:188} INFO - Uploaded /tmp/minio_downloads/transactions_090351872090.parquet -> @transactions stage
[2026-08-05T08:37:37.811+0000] {logging_mixin.py:188} INFO - Uploaded /tmp/minio_downloads/transactions_090351922861.parquet -> @transactions stage
[2026-08-05T08:37:37.934+0000] {logging_mixin.py:188} INFO - Uploaded /tmp/minio_downloads/transactions_090351979204.parquet -> @transactions stage
[2026-08-05T08:37:38.054+0000] {logging_mixin.py:188} INFO - Uploaded /tmp/minio_downloads/transactions_090352066245.parquet -> @transactions stage
[2026-08-05T08:37:38.159+0000] {logging_mixin.py:188} INFO - Uploaded /tmp/minio_downloads/transactions_090352131625.parquet -> @transactions stage
[2026-08-05T08:37:38.270+0000] {logging_mixin.py:188} INFO - Uploaded /tmp/minio_downloads/transactions_090352190228.parquet -> @transactions stage
[2026-08-05T08:37:38.390+0000] {logging_mixin.py:188} INFO - Uploaded /tmp/minio_downloads/transactions_090352234960.parquet -> @transactions stage
[2026-08-05T08:37:38.500+0000] {logging_mixin.py:188} INFO - Uploaded /tmp/minio_downloads/transactions_090352284281.parquet -> @transactions stage
[2026-08-05T08:37:38.630+0000] {logging_mixin.py:188} INFO - Uploaded /tmp/minio_downloads/transactions_090352330005.parquet -> @transactions stage
[2026-08-05T08:37:38.744+0000] {logging_mixin.py:188} INFO - Uploaded /tmp/minio_downloads/transactions_090352380599.parquet -> @transactions stage
[2026-08-05T08:37:38.857+0000] {logging_mixin.py:188} INFO - Uploaded /tmp/minio_downloads/transactions_090352425116.parquet -> @transactions stage
[2026-08-05T08:37:38.972+0000] {logging_mixin.py:188} INFO - Uploaded /tmp/minio_downloads/transactions_090352478787.parquet -> @transactions stage
[2026-08-05T08:37:39.090+0000] {logging_mixin.py:188} INFO - Uploaded /tmp/minio_downloads/transactions_090352529609.parquet -> @transactions stage
[2026-08-05T08:37:39.204+0000] {logging_mixin.py:188} INFO - Uploaded /tmp/minio_downloads/transactions_090352591371.parquet -> @transactions stage
[2026-08-05T08:37:39.319+0000] {logging_mixin.py:188} INFO - Uploaded /tmp/minio_downloads/transactions_090352633351.parquet -> @transactions stage
[2026-08-05T08:37:39.439+0000] {logging_mixin.py:188} INFO - Uploaded /tmp/minio_downloads/transactions_090352684267.parquet -> @transactions stage
[2026-08-05T08:37:39.561+0000] {logging_mixin.py:188} INFO - Uploaded /tmp/minio_downloads/transactions_090352737147.parquet -> @transactions stage
[2026-08-05T08:37:39.674+0000] {logging_mixin.py:188} INFO - Uploaded /tmp/minio_downloads/transactions_090352784321.parquet -> @transactions stage
[2026-08-05T08:37:39.790+0000] {logging_mixin.py:188} INFO - Uploaded /tmp/minio_downloads/transactions_090352827233.parquet -> @transactions stage
[2026-08-05T08:37:39.909+0000] {logging_mixin.py:188} INFO - Uploaded /tmp/minio_downloads/transactions_090352878913.parquet -> @transactions stage
[2026-08-05T08:37:40.037+0000] {logging_mixin.py:188} INFO - Uploaded /tmp/minio_downloads/transactions_090352923444.parquet -> @transactions stage
[2026-08-05T08:37:40.153+0000] {logging_mixin.py:188} INFO - Uploaded /tmp/minio_downloads/transactions_090352978136.parquet -> @transactions stage
[2026-08-05T08:37:40.270+0000] {logging_mixin.py:188} INFO - Uploaded /tmp/minio_downloads/transactions_090353026733.parquet -> @transactions stage
[2026-08-05T08:37:40.378+0000] {logging_mixin.py:188} INFO - Uploaded /tmp/minio_downloads/transactions_090353079889.parquet -> @transactions stage
[2026-08-05T08:37:40.491+0000] {logging_mixin.py:188} INFO - Uploaded /tmp/minio_downloads/transactions_090353131271.parquet -> @transactions stage
[2026-08-05T08:37:40.604+0000] {logging_mixin.py:188} INFO - Uploaded /tmp/minio_downloads/transactions_090353179157.parquet -> @transactions stage
[2026-08-05T08:37:40.712+0000] {logging_mixin.py:188} INFO - Uploaded /tmp/minio_downloads/transactions_090353225043.parquet -> @transactions stage
[2026-08-05T08:37:40.830+0000] {logging_mixin.py:188} INFO - Uploaded /tmp/minio_downloads/transactions_090353280347.parquet -> @transactions stage
[2026-08-05T08:37:40.949+0000] {logging_mixin.py:188} INFO - Uploaded /tmp/minio_downloads/transactions_090353402065.parquet -> @transactions stage
[2026-08-05T08:37:41.067+0000] {logging_mixin.py:188} INFO - Uploaded /tmp/minio_downloads/transactions_090353455149.parquet -> @transactions stage
[2026-08-05T08:37:41.202+0000] {logging_mixin.py:188} INFO - Uploaded /tmp/minio_downloads/transactions_090353498646.parquet -> @transactions stage
[2026-08-05T08:37:41.315+0000] {logging_mixin.py:188} INFO - Uploaded /tmp/minio_downloads/transactions_090353547456.parquet -> @transactions stage
[2026-08-05T08:37:41.426+0000] {logging_mixin.py:188} INFO - Uploaded /tmp/minio_downloads/transactions_090353600706.parquet -> @transactions stage
[2026-08-05T08:37:41.539+0000] {logging_mixin.py:188} INFO - Uploaded /tmp/minio_downloads/transactions_090353643595.parquet -> @transactions stage
[2026-08-05T08:37:41.652+0000] {logging_mixin.py:188} INFO - Uploaded /tmp/minio_downloads/transactions_090353700583.parquet -> @transactions stage
[2026-08-05T08:37:41.767+0000] {logging_mixin.py:188} INFO - Uploaded /tmp/minio_downloads/transactions_090353745449.parquet -> @transactions stage
[2026-08-05T08:37:41.886+0000] {logging_mixin.py:188} INFO - Uploaded /tmp/minio_downloads/transactions_090353793133.parquet -> @transactions stage
[2026-08-05T08:37:42.002+0000] {logging_mixin.py:188} INFO - Uploaded /tmp/minio_downloads/transactions_090353838216.parquet -> @transactions stage
[2026-08-05T08:37:42.113+0000] {logging_mixin.py:188} INFO - Uploaded /tmp/minio_downloads/transactions_090353890729.parquet -> @transactions stage
[2026-08-05T08:37:42.228+0000] {logging_mixin.py:188} INFO - Uploaded /tmp/minio_downloads/transactions_090353936576.parquet -> @transactions stage
[2026-08-05T08:37:42.335+0000] {logging_mixin.py:188} INFO - Uploaded /tmp/minio_downloads/transactions_090353983581.parquet -> @transactions stage
[2026-08-05T08:37:42.446+0000] {logging_mixin.py:188} INFO - Uploaded /tmp/minio_downloads/transactions_090354028144.parquet -> @transactions stage
[2026-08-05T08:37:42.555+0000] {logging_mixin.py:188} INFO - Uploaded /tmp/minio_downloads/transactions_090354085666.parquet -> @transactions stage
[2026-08-05T08:37:42.673+0000] {logging_mixin.py:188} INFO - Uploaded /tmp/minio_downloads/transactions_090354143476.parquet -> @transactions stage
[2026-08-05T08:37:42.788+0000] {logging_mixin.py:188} INFO - Uploaded /tmp/minio_downloads/transactions_090354206565.parquet -> @transactions stage
[2026-08-05T08:37:42.898+0000] {logging_mixin.py:188} INFO - Uploaded /tmp/minio_downloads/transactions_090354264878.parquet -> @transactions stage
[2026-08-05T08:37:43.013+0000] {logging_mixin.py:188} INFO - Uploaded /tmp/minio_downloads/transactions_090354321619.parquet -> @transactions stage
[2026-08-05T08:37:43.128+0000] {logging_mixin.py:188} INFO - Uploaded /tmp/minio_downloads/transactions_090354369569.parquet -> @transactions stage
[2026-08-05T08:37:43.240+0000] {logging_mixin.py:188} INFO - Uploaded /tmp/minio_downloads/transactions_090354438192.parquet -> @transactions stage
[2026-08-05T08:37:43.354+0000] {logging_mixin.py:188} INFO - Uploaded /tmp/minio_downloads/transactions_090354501727.parquet -> @transactions stage
[2026-08-05T08:37:43.464+0000] {logging_mixin.py:188} INFO - Uploaded /tmp/minio_downloads/transactions_090354564597.parquet -> @transactions stage
[2026-08-05T08:37:43.589+0000] {logging_mixin.py:188} INFO - Uploaded /tmp/minio_downloads/transactions_090354627068.parquet -> @transactions stage
[2026-08-05T08:37:43.698+0000] {logging_mixin.py:188} INFO - Uploaded /tmp/minio_downloads/transactions_090354712936.parquet -> @transactions stage
[2026-08-05T08:37:43.818+0000] {logging_mixin.py:188} INFO - Uploaded /tmp/minio_downloads/transactions_090354761873.parquet -> @transactions stage
[2026-08-05T08:37:43.926+0000] {logging_mixin.py:188} INFO - Uploaded /tmp/minio_downloads/transactions_090354820903.parquet -> @transactions stage
[2026-08-05T08:37:44.043+0000] {logging_mixin.py:188} INFO - Uploaded /tmp/minio_downloads/transactions_090354877371.parquet -> @transactions stage
[2026-08-05T08:37:44.993+0000] {logging_mixin.py:188} INFO - Uploaded /tmp/minio_downloads/transactions_090354928245.parquet -> @transactions stage
[2026-08-05T08:37:45.106+0000] {logging_mixin.py:188} INFO - Uploaded /tmp/minio_downloads/transactions_090354976320.parquet -> @transactions stage
[2026-08-05T08:37:45.238+0000] {logging_mixin.py:188} INFO - Uploaded /tmp/minio_downloads/transactions_090355028374.parquet -> @transactions stage
[2026-08-05T08:37:45.373+0000] {logging_mixin.py:188} INFO - Uploaded /tmp/minio_downloads/transactions_090355098015.parquet -> @transactions stage
[2026-08-05T08:37:45.486+0000] {logging_mixin.py:188} INFO - Uploaded /tmp/minio_downloads/transactions_090355150578.parquet -> @transactions stage
[2026-08-05T08:37:45.591+0000] {logging_mixin.py:188} INFO - Uploaded /tmp/minio_downloads/transactions_090355208526.parquet -> @transactions stage
[2026-08-05T08:37:45.706+0000] {logging_mixin.py:188} INFO - Uploaded /tmp/minio_downloads/transactions_090355262557.parquet -> @transactions stage
[2026-08-05T08:37:45.822+0000] {logging_mixin.py:188} INFO - Uploaded /tmp/minio_downloads/transactions_090355321034.parquet -> @transactions stage
[2026-08-05T08:37:45.933+0000] {logging_mixin.py:188} INFO - Uploaded /tmp/minio_downloads/transactions_090355376276.parquet -> @transactions stage
[2026-08-05T08:37:46.053+0000] {logging_mixin.py:188} INFO - Uploaded /tmp/minio_downloads/transactions_090355427809.parquet -> @transactions stage
[2026-08-05T08:37:46.168+0000] {logging_mixin.py:188} INFO - Uploaded /tmp/minio_downloads/transactions_090355476191.parquet -> @transactions stage
[2026-08-05T08:37:46.277+0000] {logging_mixin.py:188} INFO - Uploaded /tmp/minio_downloads/transactions_090355536617.parquet -> @transactions stage
[2026-08-05T08:37:46.395+0000] {logging_mixin.py:188} INFO - Uploaded /tmp/minio_downloads/transactions_090355610693.parquet -> @transactions stage
[2026-08-05T08:37:46.503+0000] {logging_mixin.py:188} INFO - Uploaded /tmp/minio_downloads/transactions_090355659016.parquet -> @transactions stage
[2026-08-05T08:37:46.613+0000] {logging_mixin.py:188} INFO - Uploaded /tmp/minio_downloads/transactions_090355707912.parquet -> @transactions stage
[2026-08-05T08:37:46.727+0000] {logging_mixin.py:188} INFO - Uploaded /tmp/minio_downloads/transactions_090355751412.parquet -> @transactions stage
[2026-08-05T08:37:46.838+0000] {logging_mixin.py:188} INFO - Uploaded /tmp/minio_downloads/transactions_090355794944.parquet -> @transactions stage
[2026-08-05T08:37:46.950+0000] {logging_mixin.py:188} INFO - Uploaded /tmp/minio_downloads/transactions_090355840528.parquet -> @transactions stage
[2026-08-05T08:37:47.067+0000] {logging_mixin.py:188} INFO - Uploaded /tmp/minio_downloads/transactions_090355883874.parquet -> @transactions stage
[2026-08-05T08:37:47.185+0000] {logging_mixin.py:188} INFO - Uploaded /tmp/minio_downloads/transactions_090355928754.parquet -> @transactions stage
[2026-08-05T08:37:47.300+0000] {logging_mixin.py:188} INFO - Uploaded /tmp/minio_downloads/transactions_090355974016.parquet -> @transactions stage
[2026-08-05T08:37:47.446+0000] {logging_mixin.py:188} INFO - Uploaded /tmp/minio_downloads/transactions_090356024551.parquet -> @transactions stage
[2026-08-05T08:37:47.565+0000] {logging_mixin.py:188} INFO - Uploaded /tmp/minio_downloads/transactions_090356070001.parquet -> @transactions stage
[2026-08-05T08:37:47.683+0000] {logging_mixin.py:188} INFO - Uploaded /tmp/minio_downloads/transactions_090356124968.parquet -> @transactions stage
[2026-08-05T08:37:47.794+0000] {logging_mixin.py:188} INFO - Uploaded /tmp/minio_downloads/transactions_090356167955.parquet -> @transactions stage
[2026-08-05T08:37:47.907+0000] {logging_mixin.py:188} INFO - Uploaded /tmp/minio_downloads/transactions_090356289620.parquet -> @transactions stage
[2026-08-05T08:37:48.015+0000] {logging_mixin.py:188} INFO - Uploaded /tmp/minio_downloads/transactions_090356332656.parquet -> @transactions stage
[2026-08-05T08:37:48.134+0000] {logging_mixin.py:188} INFO - Uploaded /tmp/minio_downloads/transactions_090356379752.parquet -> @transactions stage
[2026-08-05T08:37:48.244+0000] {logging_mixin.py:188} INFO - Uploaded /tmp/minio_downloads/transactions_090356429536.parquet -> @transactions stage
[2026-08-05T08:37:48.354+0000] {logging_mixin.py:188} INFO - Uploaded /tmp/minio_downloads/transactions_090356484290.parquet -> @transactions stage
[2026-08-05T08:37:48.471+0000] {logging_mixin.py:188} INFO - Uploaded /tmp/minio_downloads/transactions_090356535040.parquet -> @transactions stage
[2026-08-05T08:37:48.587+0000] {logging_mixin.py:188} INFO - Uploaded /tmp/minio_downloads/transactions_090356580344.parquet -> @transactions stage
[2026-08-05T08:37:48.698+0000] {logging_mixin.py:188} INFO - Uploaded /tmp/minio_downloads/transactions_090356632331.parquet -> @transactions stage
[2026-08-05T08:37:48.801+0000] {logging_mixin.py:188} INFO - Uploaded /tmp/minio_downloads/transactions_090356677968.parquet -> @transactions stage
[2026-08-05T08:37:48.912+0000] {logging_mixin.py:188} INFO - Uploaded /tmp/minio_downloads/transactions_090356730719.parquet -> @transactions stage
[2026-08-05T08:37:49.025+0000] {logging_mixin.py:188} INFO - Uploaded /tmp/minio_downloads/transactions_090356805931.parquet -> @transactions stage
[2026-08-05T08:37:49.145+0000] {logging_mixin.py:188} INFO - Uploaded /tmp/minio_downloads/transactions_090356874133.parquet -> @transactions stage
[2026-08-05T08:37:49.259+0000] {logging_mixin.py:188} INFO - Uploaded /tmp/minio_downloads/transactions_090356921095.parquet -> @transactions stage
[2026-08-05T08:37:49.381+0000] {logging_mixin.py:188} INFO - Uploaded /tmp/minio_downloads/transactions_090356966348.parquet -> @transactions stage
[2026-08-05T08:37:49.492+0000] {logging_mixin.py:188} INFO - Uploaded /tmp/minio_downloads/transactions_090357009429.parquet -> @transactions stage
[2026-08-05T08:37:49.614+0000] {logging_mixin.py:188} INFO - Uploaded /tmp/minio_downloads/transactions_090357055813.parquet -> @transactions stage
[2026-08-05T08:37:49.723+0000] {logging_mixin.py:188} INFO - Uploaded /tmp/minio_downloads/transactions_090357106270.parquet -> @transactions stage
[2026-08-05T08:37:49.838+0000] {logging_mixin.py:188} INFO - Uploaded /tmp/minio_downloads/transactions_090357156838.parquet -> @transactions stage
[2026-08-05T08:37:49.947+0000] {logging_mixin.py:188} INFO - Uploaded /tmp/minio_downloads/transactions_090357200505.parquet -> @transactions stage
[2026-08-05T08:37:50.059+0000] {logging_mixin.py:188} INFO - Uploaded /tmp/minio_downloads/transactions_090357261171.parquet -> @transactions stage
[2026-08-05T08:37:50.174+0000] {logging_mixin.py:188} INFO - Uploaded /tmp/minio_downloads/transactions_090357304843.parquet -> @transactions stage
[2026-08-05T08:37:50.285+0000] {logging_mixin.py:188} INFO - Uploaded /tmp/minio_downloads/transactions_090357351236.parquet -> @transactions stage
[2026-08-05T08:37:50.399+0000] {logging_mixin.py:188} INFO - Uploaded /tmp/minio_downloads/transactions_090357394679.parquet -> @transactions stage
[2026-08-05T08:37:50.520+0000] {logging_mixin.py:188} INFO - Uploaded /tmp/minio_downloads/transactions_090357440164.parquet -> @transactions stage
[2026-08-05T08:37:50.638+0000] {logging_mixin.py:188} INFO - Uploaded /tmp/minio_downloads/transactions_090357490624.parquet -> @transactions stage
[2026-08-05T08:37:50.752+0000] {logging_mixin.py:188} INFO - Uploaded /tmp/minio_downloads/transactions_090357538623.parquet -> @transactions stage
[2026-08-05T08:37:50.865+0000] {logging_mixin.py:188} INFO - Uploaded /tmp/minio_downloads/transactions_090357589134.parquet -> @transactions stage
[2026-08-05T08:37:51.832+0000] {logging_mixin.py:188} INFO - Uploaded /tmp/minio_downloads/transactions_090357651723.parquet -> @transactions stage
[2026-08-05T08:37:51.953+0000] {logging_mixin.py:188} INFO - Uploaded /tmp/minio_downloads/transactions_090357702738.parquet -> @transactions stage
[2026-08-05T08:37:52.083+0000] {logging_mixin.py:188} INFO - Uploaded /tmp/minio_downloads/transactions_090357760100.parquet -> @transactions stage
[2026-08-05T08:37:52.207+0000] {logging_mixin.py:188} INFO - Uploaded /tmp/minio_downloads/transactions_090357801435.parquet -> @transactions stage
[2026-08-05T08:37:52.316+0000] {logging_mixin.py:188} INFO - Uploaded /tmp/minio_downloads/transactions_090357851905.parquet -> @transactions stage
[2026-08-05T08:37:52.441+0000] {logging_mixin.py:188} INFO - Uploaded /tmp/minio_downloads/transactions_090357912801.parquet -> @transactions stage
[2026-08-05T08:37:52.551+0000] {logging_mixin.py:188} INFO - Uploaded /tmp/minio_downloads/transactions_090357960568.parquet -> @transactions stage
[2026-08-05T08:37:52.665+0000] {logging_mixin.py:188} INFO - Uploaded /tmp/minio_downloads/transactions_090358004849.parquet -> @transactions stage
[2026-08-05T08:37:52.818+0000] {logging_mixin.py:188} INFO - Uploaded /tmp/minio_downloads/transactions_090358056560.parquet -> @transactions stage
[2026-08-05T08:37:52.931+0000] {logging_mixin.py:188} INFO - Uploaded /tmp/minio_downloads/transactions_090358105593.parquet -> @transactions stage
[2026-08-05T08:37:53.040+0000] {logging_mixin.py:188} INFO - Uploaded /tmp/minio_downloads/transactions_090358162181.parquet -> @transactions stage
[2026-08-05T08:37:53.153+0000] {logging_mixin.py:188} INFO - Uploaded /tmp/minio_downloads/transactions_090358208325.parquet -> @transactions stage
[2026-08-05T08:37:53.704+0000] {logging_mixin.py:188} INFO - Uploaded /tmp/minio_downloads/transactions_090358259907.parquet -> @transactions stage
[2026-08-05T08:37:53.897+0000] {logging_mixin.py:188} INFO - Uploaded /tmp/minio_downloads/transactions_090358303300.parquet -> @transactions stage
[2026-08-05T08:37:54.010+0000] {logging_mixin.py:188} INFO - Uploaded /tmp/minio_downloads/transactions_090358355686.parquet -> @transactions stage
[2026-08-05T08:37:54.182+0000] {logging_mixin.py:188} INFO - Uploaded /tmp/minio_downloads/transactions_090358405389.parquet -> @transactions stage
[2026-08-05T08:37:54.303+0000] {logging_mixin.py:188} INFO - Uploaded /tmp/minio_downloads/transactions_090358443895.parquet -> @transactions stage
[2026-08-05T08:37:54.450+0000] {logging_mixin.py:188} INFO - Uploaded /tmp/minio_downloads/transactions_090358557096.parquet -> @transactions stage
[2026-08-05T08:37:54.573+0000] {logging_mixin.py:188} INFO - Uploaded /tmp/minio_downloads/transactions_090358604150.parquet -> @transactions stage
[2026-08-05T08:37:54.716+0000] {logging_mixin.py:188} INFO - Uploaded /tmp/minio_downloads/transactions_090358674157.parquet -> @transactions stage
[2026-08-05T08:37:54.836+0000] {logging_mixin.py:188} INFO - Uploaded /tmp/minio_downloads/transactions_090358720067.parquet -> @transactions stage
[2026-08-05T08:37:54.978+0000] {logging_mixin.py:188} INFO - Uploaded /tmp/minio_downloads/transactions_090358769853.parquet -> @transactions stage
[2026-08-05T08:37:55.092+0000] {logging_mixin.py:188} INFO - Uploaded /tmp/minio_downloads/transactions_090358814455.parquet -> @transactions stage
[2026-08-05T08:37:55.230+0000] {logging_mixin.py:188} INFO - Uploaded /tmp/minio_downloads/transactions_090358863524.parquet -> @transactions stage
[2026-08-05T08:37:55.902+0000] {logging_mixin.py:188} INFO - Uploaded /tmp/minio_downloads/transactions_090358934392.parquet -> @transactions stage
[2026-08-05T08:37:56.066+0000] {logging_mixin.py:188} INFO - Uploaded /tmp/minio_downloads/transactions_090358979341.parquet -> @transactions stage
[2026-08-05T08:37:56.860+0000] {logging_mixin.py:188} INFO - Uploaded /tmp/minio_downloads/transactions_090359023383.parquet -> @transactions stage
[2026-08-05T08:37:57.070+0000] {logging_mixin.py:188} INFO - Uploaded /tmp/minio_downloads/transactions_090359073300.parquet -> @transactions stage
[2026-08-05T08:37:57.224+0000] {logging_mixin.py:188} INFO - Uploaded /tmp/minio_downloads/transactions_090359125859.parquet -> @transactions stage
[2026-08-05T08:37:57.405+0000] {logging_mixin.py:188} INFO - Uploaded /tmp/minio_downloads/transactions_090359170062.parquet -> @transactions stage
[2026-08-05T08:37:57.529+0000] {logging_mixin.py:188} INFO - Uploaded /tmp/minio_downloads/transactions_090359215423.parquet -> @transactions stage
[2026-08-05T08:37:57.686+0000] {logging_mixin.py:188} INFO - Uploaded /tmp/minio_downloads/transactions_090359261771.parquet -> @transactions stage
[2026-08-05T08:37:57.846+0000] {logging_mixin.py:188} INFO - Uploaded /tmp/minio_downloads/transactions_090359309259.parquet -> @transactions stage
[2026-08-05T08:37:57.970+0000] {logging_mixin.py:188} INFO - Uploaded /tmp/minio_downloads/transactions_090359352159.parquet -> @transactions stage
[2026-08-05T08:37:58.105+0000] {logging_mixin.py:188} INFO - Uploaded /tmp/minio_downloads/transactions_090359412076.parquet -> @transactions stage
[2026-08-05T08:37:58.232+0000] {logging_mixin.py:188} INFO - Uploaded /tmp/minio_downloads/transactions_090359479421.parquet -> @transactions stage
[2026-08-05T08:37:58.376+0000] {logging_mixin.py:188} INFO - Uploaded /tmp/minio_downloads/transactions_090359532828.parquet -> @transactions stage
[2026-08-05T08:37:58.530+0000] {logging_mixin.py:188} INFO - Uploaded /tmp/minio_downloads/transactions_090359614357.parquet -> @transactions stage
[2026-08-05T08:37:58.668+0000] {logging_mixin.py:188} INFO - Uploaded /tmp/minio_downloads/transactions_090359687534.parquet -> @transactions stage
[2026-08-05T08:37:58.833+0000] {logging_mixin.py:188} INFO - Uploaded /tmp/minio_downloads/transactions_090359742743.parquet -> @transactions stage
[2026-08-05T08:37:58.971+0000] {logging_mixin.py:188} INFO - Uploaded /tmp/minio_downloads/transactions_090359809288.parquet -> @transactions stage
[2026-08-05T08:37:59.118+0000] {logging_mixin.py:188} INFO - Uploaded /tmp/minio_downloads/transactions_090359858103.parquet -> @transactions stage
[2026-08-05T08:37:59.255+0000] {logging_mixin.py:188} INFO - Uploaded /tmp/minio_downloads/transactions_090359917897.parquet -> @transactions stage
[2026-08-05T08:37:59.404+0000] {logging_mixin.py:188} INFO - Uploaded /tmp/minio_downloads/transactions_090359961638.parquet -> @transactions stage
[2026-08-05T08:37:59.567+0000] {logging_mixin.py:188} INFO - Uploaded /tmp/minio_downloads/transactions_090400008307.parquet -> @transactions stage
[2026-08-05T08:37:59.717+0000] {logging_mixin.py:188} INFO - Uploaded /tmp/minio_downloads/transactions_090400055652.parquet -> @transactions stage
[2026-08-05T08:37:59.860+0000] {logging_mixin.py:188} INFO - Uploaded /tmp/minio_downloads/transactions_090400100974.parquet -> @transactions stage
[2026-08-05T08:37:59.995+0000] {logging_mixin.py:188} INFO - Uploaded /tmp/minio_downloads/transactions_090400154865.parquet -> @transactions stage
[2026-08-05T08:38:00.145+0000] {logging_mixin.py:188} INFO - Uploaded /tmp/minio_downloads/transactions_090400199579.parquet -> @transactions stage
[2026-08-05T08:38:00.291+0000] {logging_mixin.py:188} INFO - Uploaded /tmp/minio_downloads/transactions_090400244645.parquet -> @transactions stage
[2026-08-05T08:38:00.445+0000] {logging_mixin.py:188} INFO - Uploaded /tmp/minio_downloads/transactions_090400302861.parquet -> @transactions stage
[2026-08-05T08:38:00.579+0000] {logging_mixin.py:188} INFO - Uploaded /tmp/minio_downloads/transactions_090400414726.parquet -> @transactions stage
[2026-08-05T08:38:00.808+0000] {logging_mixin.py:188} INFO - Uploaded /tmp/minio_downloads/transactions_090400462155.parquet -> @transactions stage
[2026-08-05T08:38:00.962+0000] {logging_mixin.py:188} INFO - Uploaded /tmp/minio_downloads/transactions_090400508113.parquet -> @transactions stage
[2026-08-05T08:38:01.220+0000] {logging_mixin.py:188} INFO - Uploaded /tmp/minio_downloads/transactions_090400551760.parquet -> @transactions stage
[2026-08-05T08:38:01.358+0000] {logging_mixin.py:188} INFO - Uploaded /tmp/minio_downloads/transactions_090400598796.parquet -> @transactions stage
[2026-08-05T08:38:01.521+0000] {logging_mixin.py:188} INFO - Uploaded /tmp/minio_downloads/transactions_090400650307.parquet -> @transactions stage
[2026-08-05T08:38:01.820+0000] {logging_mixin.py:188} INFO - Uploaded /tmp/minio_downloads/transactions_090400718652.parquet -> @transactions stage
[2026-08-05T08:38:01.973+0000] {logging_mixin.py:188} INFO - Uploaded /tmp/minio_downloads/transactions_090400764108.parquet -> @transactions stage
[2026-08-05T08:38:02.106+0000] {logging_mixin.py:188} INFO - Uploaded /tmp/minio_downloads/transactions_090400811028.parquet -> @transactions stage
[2026-08-05T08:38:02.242+0000] {logging_mixin.py:188} INFO - Uploaded /tmp/minio_downloads/transactions_090400854504.parquet -> @transactions stage
[2026-08-05T08:38:02.382+0000] {logging_mixin.py:188} INFO - Uploaded /tmp/minio_downloads/transactions_090400901832.parquet -> @transactions stage
[2026-08-05T08:38:02.507+0000] {logging_mixin.py:188} INFO - Uploaded /tmp/minio_downloads/transactions_090400963088.parquet -> @transactions stage
[2026-08-05T08:38:02.658+0000] {logging_mixin.py:188} INFO - Uploaded /tmp/minio_downloads/transactions_090401013096.parquet -> @transactions stage
[2026-08-05T08:38:02.794+0000] {logging_mixin.py:188} INFO - Uploaded /tmp/minio_downloads/transactions_090401055274.parquet -> @transactions stage
[2026-08-05T08:38:02.954+0000] {logging_mixin.py:188} INFO - Uploaded /tmp/minio_downloads/transactions_090401109174.parquet -> @transactions stage
[2026-08-05T08:38:03.090+0000] {logging_mixin.py:188} INFO - Uploaded /tmp/minio_downloads/transactions_090401158400.parquet -> @transactions stage
[2026-08-05T08:38:03.198+0000] {logging_mixin.py:188} INFO - Uploaded /tmp/minio_downloads/transactions_090401204691.parquet -> @transactions stage
[2026-08-05T08:38:03.350+0000] {logging_mixin.py:188} INFO - Uploaded /tmp/minio_downloads/transactions_090401251759.parquet -> @transactions stage
[2026-08-05T08:38:03.453+0000] {logging_mixin.py:188} INFO - Uploaded /tmp/minio_downloads/transactions_090401308097.parquet -> @transactions stage
[2026-08-05T08:38:03.582+0000] {logging_mixin.py:188} INFO - Uploaded /tmp/minio_downloads/transactions_090401353068.parquet -> @transactions stage
[2026-08-05T08:38:03.698+0000] {logging_mixin.py:188} INFO - Uploaded /tmp/minio_downloads/transactions_090401399897.parquet -> @transactions stage
[2026-08-05T08:38:03.853+0000] {logging_mixin.py:188} INFO - Uploaded /tmp/minio_downloads/transactions_090401443951.parquet -> @transactions stage
[2026-08-05T08:38:03.974+0000] {logging_mixin.py:188} INFO - Uploaded /tmp/minio_downloads/transactions_090401488223.parquet -> @transactions stage
[2026-08-05T08:38:04.117+0000] {logging_mixin.py:188} INFO - Uploaded /tmp/minio_downloads/transactions_090401532150.parquet -> @transactions stage
[2026-08-05T08:38:04.260+0000] {logging_mixin.py:188} INFO - Uploaded /tmp/minio_downloads/transactions_090401575172.parquet -> @transactions stage
[2026-08-05T08:38:04.418+0000] {logging_mixin.py:188} INFO - Uploaded /tmp/minio_downloads/transactions_090401621799.parquet -> @transactions stage
[2026-08-05T08:38:04.561+0000] {logging_mixin.py:188} INFO - Uploaded /tmp/minio_downloads/transactions_090406088254.parquet -> @transactions stage
[2026-08-05T08:38:04.862+0000] {logging_mixin.py:188} INFO - Uploaded /tmp/minio_downloads/transactions_090406146940.parquet -> @transactions stage
[2026-08-05T08:38:05.024+0000] {logging_mixin.py:188} INFO - Uploaded /tmp/minio_downloads/transactions_090406202556.parquet -> @transactions stage
[2026-08-05T08:38:05.935+0000] {logging_mixin.py:188} INFO - Uploaded /tmp/minio_downloads/transactions_090406248287.parquet -> @transactions stage
[2026-08-05T08:38:06.092+0000] {logging_mixin.py:188} INFO - Uploaded /tmp/minio_downloads/transactions_090406323372.parquet -> @transactions stage
[2026-08-05T08:38:06.282+0000] {logging_mixin.py:188} INFO - Uploaded /tmp/minio_downloads/transactions_090406401429.parquet -> @transactions stage
[2026-08-05T08:38:06.430+0000] {logging_mixin.py:188} INFO - Uploaded /tmp/minio_downloads/transactions_090406455142.parquet -> @transactions stage
[2026-08-05T08:38:06.594+0000] {logging_mixin.py:188} INFO - Uploaded /tmp/minio_downloads/transactions_090406512296.parquet -> @transactions stage
[2026-08-05T08:38:06.744+0000] {logging_mixin.py:188} INFO - Uploaded /tmp/minio_downloads/transactions_090406599805.parquet -> @transactions stage
[2026-08-05T08:38:06.917+0000] {logging_mixin.py:188} INFO - Uploaded /tmp/minio_downloads/transactions_090406655922.parquet -> @transactions stage
[2026-08-05T08:38:07.077+0000] {logging_mixin.py:188} INFO - Uploaded /tmp/minio_downloads/transactions_090406718291.parquet -> @transactions stage
[2026-08-05T08:38:07.266+0000] {logging_mixin.py:188} INFO - Uploaded /tmp/minio_downloads/transactions_090406794188.parquet -> @transactions stage
[2026-08-05T08:38:07.401+0000] {logging_mixin.py:188} INFO - Uploaded /tmp/minio_downloads/transactions_090406889864.parquet -> @transactions stage
[2026-08-05T08:38:07.578+0000] {logging_mixin.py:188} INFO - Uploaded /tmp/minio_downloads/transactions_090406963161.parquet -> @transactions stage
[2026-08-05T08:38:07.745+0000] {logging_mixin.py:188} INFO - Uploaded /tmp/minio_downloads/transactions_090407014526.parquet -> @transactions stage
[2026-08-05T08:38:07.926+0000] {logging_mixin.py:188} INFO - Uploaded /tmp/minio_downloads/transactions_090407064895.parquet -> @transactions stage
[2026-08-05T08:38:08.063+0000] {logging_mixin.py:188} INFO - Uploaded /tmp/minio_downloads/transactions_090407119617.parquet -> @transactions stage
[2026-08-05T08:38:08.184+0000] {logging_mixin.py:188} INFO - Uploaded /tmp/minio_downloads/transactions_090407171988.parquet -> @transactions stage
[2026-08-05T08:38:08.297+0000] {logging_mixin.py:188} INFO - Uploaded /tmp/minio_downloads/transactions_090407247987.parquet -> @transactions stage
[2026-08-05T08:38:08.414+0000] {logging_mixin.py:188} INFO - Uploaded /tmp/minio_downloads/transactions_090407315896.parquet -> @transactions stage
[2026-08-05T08:38:08.526+0000] {logging_mixin.py:188} INFO - Uploaded /tmp/minio_downloads/transactions_090407371463.parquet -> @transactions stage
[2026-08-05T08:38:08.646+0000] {logging_mixin.py:188} INFO - Uploaded /tmp/minio_downloads/transactions_090407450009.parquet -> @transactions stage
[2026-08-05T08:38:08.760+0000] {logging_mixin.py:188} INFO - Uploaded /tmp/minio_downloads/transactions_090407516292.parquet -> @transactions stage
[2026-08-05T08:38:08.875+0000] {logging_mixin.py:188} INFO - Uploaded /tmp/minio_downloads/transactions_090407566961.parquet -> @transactions stage
[2026-08-05T08:38:09.008+0000] {logging_mixin.py:188} INFO - Uploaded /tmp/minio_downloads/transactions_090407631725.parquet -> @transactions stage
[2026-08-05T08:38:09.114+0000] {logging_mixin.py:188} INFO - Uploaded /tmp/minio_downloads/transactions_090407676314.parquet -> @transactions stage
[2026-08-05T08:38:09.242+0000] {logging_mixin.py:188} INFO - Uploaded /tmp/minio_downloads/transactions_090407722561.parquet -> @transactions stage
[2026-08-05T08:38:09.339+0000] {logging_mixin.py:188} INFO - Uploaded /tmp/minio_downloads/transactions_090407771326.parquet -> @transactions stage
[2026-08-05T08:38:09.475+0000] {logging_mixin.py:188} INFO - Uploaded /tmp/minio_downloads/transactions_090407819465.parquet -> @transactions stage
[2026-08-05T08:38:09.593+0000] {logging_mixin.py:188} INFO - Uploaded /tmp/minio_downloads/transactions_090407866042.parquet -> @transactions stage
[2026-08-05T08:38:09.725+0000] {logging_mixin.py:188} INFO - Uploaded /tmp/minio_downloads/transactions_090408004044.parquet -> @transactions stage
[2026-08-05T08:38:09.862+0000] {logging_mixin.py:188} INFO - Uploaded /tmp/minio_downloads/transactions_090408052782.parquet -> @transactions stage
[2026-08-05T08:38:10.007+0000] {logging_mixin.py:188} INFO - Uploaded /tmp/minio_downloads/transactions_090408101485.parquet -> @transactions stage
[2026-08-05T08:38:10.150+0000] {logging_mixin.py:188} INFO - Uploaded /tmp/minio_downloads/transactions_090408154313.parquet -> @transactions stage
[2026-08-05T08:38:10.228+0000] {logging_mixin.py:188} INFO - Uploaded /tmp/minio_downloads/transactions_090408200528.parquet -> @transactions stage
[2026-08-05T08:38:10.361+0000] {logging_mixin.py:188} INFO - Uploaded /tmp/minio_downloads/transactions_090408249018.parquet -> @transactions stage
[2026-08-05T08:38:10.482+0000] {logging_mixin.py:188} INFO - Uploaded /tmp/minio_downloads/transactions_090408312965.parquet -> @transactions stage
[2026-08-05T08:38:10.559+0000] {logging_mixin.py:188} INFO - Uploaded /tmp/minio_downloads/transactions_090408375640.parquet -> @transactions stage
[2026-08-05T08:38:10.682+0000] {logging_mixin.py:188} INFO - Uploaded /tmp/minio_downloads/transactions_090408429805.parquet -> @transactions stage
[2026-08-05T08:38:10.754+0000] {logging_mixin.py:188} INFO - Uploaded /tmp/minio_downloads/transactions_090408481925.parquet -> @transactions stage
[2026-08-05T08:38:10.918+0000] {logging_mixin.py:188} INFO - Uploaded /tmp/minio_downloads/transactions_090408529318.parquet -> @transactions stage
[2026-08-05T08:38:11.056+0000] {logging_mixin.py:188} INFO - Uploaded /tmp/minio_downloads/transactions_090408587037.parquet -> @transactions stage
[2026-08-05T08:38:11.213+0000] {logging_mixin.py:188} INFO - Uploaded /tmp/minio_downloads/transactions_090408632655.parquet -> @transactions stage
[2026-08-05T08:38:11.296+0000] {logging_mixin.py:188} INFO - Uploaded /tmp/minio_downloads/transactions_090408679433.parquet -> @transactions stage
[2026-08-05T08:38:11.402+0000] {logging_mixin.py:188} INFO - Uploaded /tmp/minio_downloads/transactions_090408727398.parquet -> @transactions stage
[2026-08-05T08:38:11.483+0000] {logging_mixin.py:188} INFO - Uploaded /tmp/minio_downloads/transactions_090408782212.parquet -> @transactions stage
[2026-08-05T08:38:11.596+0000] {logging_mixin.py:188} INFO - Uploaded /tmp/minio_downloads/transactions_090408835529.parquet -> @transactions stage
[2026-08-05T08:38:11.671+0000] {logging_mixin.py:188} INFO - Uploaded /tmp/minio_downloads/transactions_090408886244.parquet -> @transactions stage
[2026-08-05T08:38:11.786+0000] {logging_mixin.py:188} INFO - Uploaded /tmp/minio_downloads/transactions_090408932712.parquet -> @transactions stage
[2026-08-05T08:38:11.931+0000] {logging_mixin.py:188} INFO - Uploaded /tmp/minio_downloads/transactions_090409006680.parquet -> @transactions stage
[2026-08-05T08:38:12.011+0000] {logging_mixin.py:188} INFO - Uploaded /tmp/minio_downloads/transactions_090409060002.parquet -> @transactions stage
[2026-08-05T08:38:12.127+0000] {logging_mixin.py:188} INFO - Uploaded /tmp/minio_downloads/transactions_090409104703.parquet -> @transactions stage
[2026-08-05T08:38:12.203+0000] {logging_mixin.py:188} INFO - Uploaded /tmp/minio_downloads/transactions_090409152569.parquet -> @transactions stage
[2026-08-05T08:38:12.286+0000] {logging_mixin.py:188} INFO - Uploaded /tmp/minio_downloads/transactions_090409197963.parquet -> @transactions stage
[2026-08-05T08:38:12.366+0000] {logging_mixin.py:188} INFO - Uploaded /tmp/minio_downloads/transactions_090409244623.parquet -> @transactions stage
[2026-08-05T08:38:12.455+0000] {logging_mixin.py:188} INFO - Uploaded /tmp/minio_downloads/transactions_090409296690.parquet -> @transactions stage
[2026-08-05T08:38:12.536+0000] {logging_mixin.py:188} INFO - Uploaded /tmp/minio_downloads/transactions_090409372121.parquet -> @transactions stage
[2026-08-05T08:38:12.615+0000] {logging_mixin.py:188} INFO - Uploaded /tmp/minio_downloads/transactions_090409417527.parquet -> @transactions stage
[2026-08-05T08:38:12.699+0000] {logging_mixin.py:188} INFO - Uploaded /tmp/minio_downloads/transactions_090409479691.parquet -> @transactions stage
[2026-08-05T08:38:12.780+0000] {logging_mixin.py:188} INFO - Uploaded /tmp/minio_downloads/transactions_090409546407.parquet -> @transactions stage
[2026-08-05T08:38:12.872+0000] {logging_mixin.py:188} INFO - Uploaded /tmp/minio_downloads/transactions_090409623927.parquet -> @transactions stage
[2026-08-05T08:38:12.953+0000] {logging_mixin.py:188} INFO - Uploaded /tmp/minio_downloads/transactions_090409676239.parquet -> @transactions stage
[2026-08-05T08:38:13.032+0000] {logging_mixin.py:188} INFO - Uploaded /tmp/minio_downloads/transactions_090409719991.parquet -> @transactions stage
[2026-08-05T08:38:13.109+0000] {logging_mixin.py:188} INFO - Uploaded /tmp/minio_downloads/transactions_090409773039.parquet -> @transactions stage
[2026-08-05T08:38:13.189+0000] {logging_mixin.py:188} INFO - Uploaded /tmp/minio_downloads/transactions_090409828550.parquet -> @transactions stage
[2026-08-05T08:38:13.277+0000] {logging_mixin.py:188} INFO - Uploaded /tmp/minio_downloads/transactions_090409882190.parquet -> @transactions stage
[2026-08-05T08:38:13.356+0000] {logging_mixin.py:188} INFO - Uploaded /tmp/minio_downloads/transactions_090409928613.parquet -> @transactions stage
[2026-08-05T08:38:13.428+0000] {logging_mixin.py:188} INFO - Uploaded /tmp/minio_downloads/transactions_090409979789.parquet -> @transactions stage
[2026-08-05T08:38:13.504+0000] {logging_mixin.py:188} INFO - Uploaded /tmp/minio_downloads/transactions_090410029506.parquet -> @transactions stage
[2026-08-05T08:38:13.607+0000] {logging_mixin.py:188} INFO - Uploaded /tmp/minio_downloads/transactions_090410087550.parquet -> @transactions stage
[2026-08-05T08:38:13.688+0000] {logging_mixin.py:188} INFO - Uploaded /tmp/minio_downloads/transactions_090410197433.parquet -> @transactions stage
[2026-08-05T08:38:13.768+0000] {logging_mixin.py:188} INFO - Uploaded /tmp/minio_downloads/transactions_090410244821.parquet -> @transactions stage
[2026-08-05T08:38:13.853+0000] {logging_mixin.py:188} INFO - Uploaded /tmp/minio_downloads/transactions_090410290192.parquet -> @transactions stage
[2026-08-05T08:38:13.926+0000] {logging_mixin.py:188} INFO - Uploaded /tmp/minio_downloads/transactions_090410344860.parquet -> @transactions stage
[2026-08-05T08:38:14.000+0000] {logging_mixin.py:188} INFO - Uploaded /tmp/minio_downloads/transactions_090410400587.parquet -> @transactions stage
[2026-08-05T08:38:14.074+0000] {logging_mixin.py:188} INFO - Uploaded /tmp/minio_downloads/transactions_090410457697.parquet -> @transactions stage
[2026-08-05T08:38:14.151+0000] {logging_mixin.py:188} INFO - Uploaded /tmp/minio_downloads/transactions_090410525442.parquet -> @transactions stage
[2026-08-05T08:38:14.265+0000] {logging_mixin.py:188} INFO - Uploaded /tmp/minio_downloads/transactions_090410572839.parquet -> @transactions stage
[2026-08-05T08:38:14.397+0000] {logging_mixin.py:188} INFO - Uploaded /tmp/minio_downloads/transactions_090410619421.parquet -> @transactions stage
[2026-08-05T08:38:14.733+0000] {logging_mixin.py:188} INFO - Data loaded into transactions
[2026-08-05T08:38:14.802+0000] {python.py:237} INFO - Done. Returned value was: None
[2026-08-05T08:38:14.803+0000] {taskinstance.py:441} INFO - ::group::Post task execution logs
[2026-08-05T08:38:14.818+0000] {taskinstance.py:1206} INFO - Marking task as SUCCESS. dag_id=minio_to_snowflake_banking, task_id=load_snowflake, run_id=scheduled__2026-08-05T08:32:00+00:00, execution_date=20260805T083200, start_date=20260805T083641, end_date=20260805T083814
[2026-08-05T08:38:14.876+0000] {local_task_job_runner.py:243} INFO - Task exited with return code 0
[2026-08-05T08:38:14.894+0000] {taskinstance.py:3503} INFO - 0 downstream tasks scheduled from follow-on schedule check
[2026-08-05T08:38:14.897+0000] {local_task_job_runner.py:222} INFO - ::endgroup::
