[2026-08-05T08:48:35.999+0000] {local_task_job_runner.py:120} INFO - ::group::Pre task execution logs
[2026-08-05T08:48:36.048+0000] {taskinstance.py:2076} INFO - Dependencies all met for dep_context=non-requeueable deps ti=<TaskInstance: minio_to_snowflake_banking.load_snowflake scheduled__2026-08-05T08:44:00+00:00 [queued]>
[2026-08-05T08:48:36.063+0000] {taskinstance.py:2076} INFO - Dependencies all met for dep_context=requeueable deps ti=<TaskInstance: minio_to_snowflake_banking.load_snowflake scheduled__2026-08-05T08:44:00+00:00 [queued]>
[2026-08-05T08:48:36.065+0000] {taskinstance.py:2306} INFO - Starting attempt 1 of 2
[2026-08-05T08:48:36.083+0000] {taskinstance.py:2330} INFO - Executing <Task(PythonOperator): load_snowflake> on 2026-08-05 08:44:00+00:00
[2026-08-05T08:48:36.102+0000] {standard_task_runner.py:90} INFO - Running: ['***', 'tasks', 'run', 'minio_to_snowflake_banking', 'load_snowflake', 'scheduled__2026-08-05T08:44:00+00:00', '--job-id', '28', '--raw', '--subdir', 'DAGS_FOLDER/minio_to_snowflake_dag.py', '--cfg-path', '/tmp/tmpa4bnlo5e']
[2026-08-05T08:48:36.108+0000] {standard_task_runner.py:91} INFO - Job 28: Subtask load_snowflake
[2026-08-05T08:48:36.108+0000] {logging_mixin.py:188} WARNING - /home/***/.local/lib/python3.12/site-packages/***/task/task_runner/standard_task_runner.py:62 DeprecationWarning: This process (pid=25465) is multi-threaded, use of fork() may lead to deadlocks in the child.
[2026-08-05T08:48:36.110+0000] {standard_task_runner.py:64} INFO - Started process 25476 to run task
[2026-08-05T08:48:36.793+0000] {task_command.py:426} INFO - Running <TaskInstance: minio_to_snowflake_banking.load_snowflake scheduled__2026-08-05T08:44:00+00:00 [running]> on host dbaa032e7d7c
[2026-08-05T08:48:37.770+0000] {taskinstance.py:2648} INFO - Exporting env vars: AIRFLOW_CTX_DAG_OWNER='***' AIRFLOW_CTX_DAG_ID='minio_to_snowflake_banking' AIRFLOW_CTX_TASK_ID='load_snowflake' AIRFLOW_CTX_EXECUTION_DATE='2026-08-05T08:44:00+00:00' AIRFLOW_CTX_TRY_NUMBER='1' AIRFLOW_CTX_DAG_RUN_ID='scheduled__2026-08-05T08:44:00+00:00'
[2026-08-05T08:48:37.773+0000] {taskinstance.py:430} INFO - ::endgroup::
[2026-08-05T08:48:38.096+0000] {connection.py:638} INFO - Snowflake Connector for Python Version: 4.6.0, Python Version: 3.12.4, Platform: Linux-6.18.33.2-microsoft-standard-WSL2-x86_64-with-glibc2.36
[2026-08-05T08:48:38.099+0000] {connection.py:1760} INFO - Connecting to GLOBAL Snowflake domain
[2026-08-05T08:48:40.680+0000] {logging_mixin.py:188} INFO - Uploaded /tmp/minio_downloads/customers_090401672966.parquet -> @customers stage
[2026-08-05T08:48:40.836+0000] {logging_mixin.py:188} INFO - Uploaded /tmp/minio_downloads/customers_090401722071.parquet -> @customers stage
[2026-08-05T08:48:40.962+0000] {logging_mixin.py:188} INFO - Uploaded /tmp/minio_downloads/customers_090401771134.parquet -> @customers stage
[2026-08-05T08:48:41.086+0000] {logging_mixin.py:188} INFO - Uploaded /tmp/minio_downloads/customers_090401818881.parquet -> @customers stage
[2026-08-05T08:48:41.213+0000] {logging_mixin.py:188} INFO - Uploaded /tmp/minio_downloads/customers_090401869659.parquet -> @customers stage
[2026-08-05T08:48:41.330+0000] {logging_mixin.py:188} INFO - Uploaded /tmp/minio_downloads/customers_090401931845.parquet -> @customers stage
[2026-08-05T08:48:41.465+0000] {logging_mixin.py:188} INFO - Uploaded /tmp/minio_downloads/customers_090401994043.parquet -> @customers stage
[2026-08-05T08:48:41.587+0000] {logging_mixin.py:188} INFO - Uploaded /tmp/minio_downloads/customers_090402069924.parquet -> @customers stage
[2026-08-05T08:48:41.711+0000] {logging_mixin.py:188} INFO - Uploaded /tmp/minio_downloads/customers_090402133350.parquet -> @customers stage
[2026-08-05T08:48:41.847+0000] {logging_mixin.py:188} INFO - Uploaded /tmp/minio_downloads/customers_090402184633.parquet -> @customers stage
[2026-08-05T08:48:41.969+0000] {logging_mixin.py:188} INFO - Uploaded /tmp/minio_downloads/customers_090402234780.parquet -> @customers stage
[2026-08-05T08:48:42.089+0000] {logging_mixin.py:188} INFO - Uploaded /tmp/minio_downloads/customers_090402284973.parquet -> @customers stage
[2026-08-05T08:48:42.218+0000] {logging_mixin.py:188} INFO - Uploaded /tmp/minio_downloads/customers_090402342610.parquet -> @customers stage
[2026-08-05T08:48:42.341+0000] {logging_mixin.py:188} INFO - Uploaded /tmp/minio_downloads/customers_090402385711.parquet -> @customers stage
[2026-08-05T08:48:42.462+0000] {logging_mixin.py:188} INFO - Uploaded /tmp/minio_downloads/customers_090402449594.parquet -> @customers stage
[2026-08-05T08:48:42.585+0000] {logging_mixin.py:188} INFO - Uploaded /tmp/minio_downloads/customers_090402513017.parquet -> @customers stage
[2026-08-05T08:48:42.717+0000] {logging_mixin.py:188} INFO - Uploaded /tmp/minio_downloads/customers_090402644591.parquet -> @customers stage
[2026-08-05T08:48:42.862+0000] {logging_mixin.py:188} INFO - Uploaded /tmp/minio_downloads/customers_090402707127.parquet -> @customers stage
[2026-08-05T08:48:42.992+0000] {logging_mixin.py:188} INFO - Uploaded /tmp/minio_downloads/customers_090402799962.parquet -> @customers stage
[2026-08-05T08:48:43.146+0000] {logging_mixin.py:188} INFO - Uploaded /tmp/minio_downloads/customers_090402929400.parquet -> @customers stage
[2026-08-05T08:48:43.268+0000] {logging_mixin.py:188} INFO - Uploaded /tmp/minio_downloads/customers_090402974349.parquet -> @customers stage
[2026-08-05T08:48:43.384+0000] {logging_mixin.py:188} INFO - Uploaded /tmp/minio_downloads/customers_090403023880.parquet -> @customers stage
[2026-08-05T08:48:43.512+0000] {logging_mixin.py:188} INFO - Uploaded /tmp/minio_downloads/customers_090403076220.parquet -> @customers stage
[2026-08-05T08:48:43.634+0000] {logging_mixin.py:188} INFO - Uploaded /tmp/minio_downloads/customers_090403139454.parquet -> @customers stage
[2026-08-05T08:48:43.764+0000] {logging_mixin.py:188} INFO - Uploaded /tmp/minio_downloads/customers_090403183405.parquet -> @customers stage
[2026-08-05T08:48:43.889+0000] {logging_mixin.py:188} INFO - Uploaded /tmp/minio_downloads/customers_090403246298.parquet -> @customers stage
[2026-08-05T08:48:44.008+0000] {logging_mixin.py:188} INFO - Uploaded /tmp/minio_downloads/customers_090403286232.parquet -> @customers stage
[2026-08-05T08:48:44.133+0000] {logging_mixin.py:188} INFO - Uploaded /tmp/minio_downloads/customers_090403337856.parquet -> @customers stage
[2026-08-05T08:48:44.256+0000] {logging_mixin.py:188} INFO - Uploaded /tmp/minio_downloads/customers_090403384511.parquet -> @customers stage
[2026-08-05T08:48:44.881+0000] {logging_mixin.py:188} INFO - Uploaded /tmp/minio_downloads/customers_090403430840.parquet -> @customers stage
[2026-08-05T08:48:45.005+0000] {logging_mixin.py:188} INFO - Uploaded /tmp/minio_downloads/customers_090403472396.parquet -> @customers stage
[2026-08-05T08:48:45.123+0000] {logging_mixin.py:188} INFO - Uploaded /tmp/minio_downloads/customers_090403524071.parquet -> @customers stage
[2026-08-05T08:48:45.244+0000] {logging_mixin.py:188} INFO - Uploaded /tmp/minio_downloads/customers_090403571705.parquet -> @customers stage
[2026-08-05T08:48:45.367+0000] {logging_mixin.py:188} INFO - Uploaded /tmp/minio_downloads/customers_090403614708.parquet -> @customers stage
[2026-08-05T08:48:45.495+0000] {logging_mixin.py:188} INFO - Uploaded /tmp/minio_downloads/customers_090403654848.parquet -> @customers stage
[2026-08-05T08:48:45.640+0000] {logging_mixin.py:188} INFO - Uploaded /tmp/minio_downloads/customers_090403702724.parquet -> @customers stage
[2026-08-05T08:48:45.789+0000] {logging_mixin.py:188} INFO - Uploaded /tmp/minio_downloads/customers_090403763292.parquet -> @customers stage
[2026-08-05T08:48:45.913+0000] {logging_mixin.py:188} INFO - Uploaded /tmp/minio_downloads/customers_090403806078.parquet -> @customers stage
[2026-08-05T08:48:46.038+0000] {logging_mixin.py:188} INFO - Uploaded /tmp/minio_downloads/customers_090403851544.parquet -> @customers stage
[2026-08-05T08:48:46.157+0000] {logging_mixin.py:188} INFO - Uploaded /tmp/minio_downloads/customers_090403894193.parquet -> @customers stage
[2026-08-05T08:48:46.284+0000] {logging_mixin.py:188} INFO - Uploaded /tmp/minio_downloads/customers_090403939509.parquet -> @customers stage
[2026-08-05T08:48:46.407+0000] {logging_mixin.py:188} INFO - Uploaded /tmp/minio_downloads/customers_090403987646.parquet -> @customers stage
[2026-08-05T08:48:46.529+0000] {logging_mixin.py:188} INFO - Uploaded /tmp/minio_downloads/customers_090404049607.parquet -> @customers stage
[2026-08-05T08:48:46.655+0000] {logging_mixin.py:188} INFO - Uploaded /tmp/minio_downloads/customers_090404098181.parquet -> @customers stage
[2026-08-05T08:48:46.784+0000] {logging_mixin.py:188} INFO - Uploaded /tmp/minio_downloads/customers_090404171962.parquet -> @customers stage
[2026-08-05T08:48:46.905+0000] {logging_mixin.py:188} INFO - Uploaded /tmp/minio_downloads/customers_090404227529.parquet -> @customers stage
[2026-08-05T08:48:47.042+0000] {logging_mixin.py:188} INFO - Uploaded /tmp/minio_downloads/customers_090404283728.parquet -> @customers stage
[2026-08-05T08:48:47.181+0000] {logging_mixin.py:188} INFO - Uploaded /tmp/minio_downloads/customers_090404337621.parquet -> @customers stage
[2026-08-05T08:48:47.308+0000] {logging_mixin.py:188} INFO - Uploaded /tmp/minio_downloads/customers_090404397305.parquet -> @customers stage
[2026-08-05T08:48:47.432+0000] {logging_mixin.py:188} INFO - Uploaded /tmp/minio_downloads/customers_090404443612.parquet -> @customers stage
[2026-08-05T08:48:47.556+0000] {logging_mixin.py:188} INFO - Uploaded /tmp/minio_downloads/customers_090404503420.parquet -> @customers stage
[2026-08-05T08:48:47.676+0000] {logging_mixin.py:188} INFO - Uploaded /tmp/minio_downloads/customers_090404569754.parquet -> @customers stage
[2026-08-05T08:48:47.803+0000] {logging_mixin.py:188} INFO - Uploaded /tmp/minio_downloads/customers_090404616505.parquet -> @customers stage
[2026-08-05T08:48:47.935+0000] {logging_mixin.py:188} INFO - Uploaded /tmp/minio_downloads/customers_090404676784.parquet -> @customers stage
[2026-08-05T08:48:48.054+0000] {logging_mixin.py:188} INFO - Uploaded /tmp/minio_downloads/customers_090404719565.parquet -> @customers stage
[2026-08-05T08:48:48.186+0000] {logging_mixin.py:188} INFO - Uploaded /tmp/minio_downloads/customers_090404776580.parquet -> @customers stage
[2026-08-05T08:48:48.314+0000] {logging_mixin.py:188} INFO - Uploaded /tmp/minio_downloads/customers_090404821131.parquet -> @customers stage
[2026-08-05T08:48:48.445+0000] {logging_mixin.py:188} INFO - Uploaded /tmp/minio_downloads/customers_090404867684.parquet -> @customers stage
[2026-08-05T08:48:48.577+0000] {logging_mixin.py:188} INFO - Uploaded /tmp/minio_downloads/customers_090404914078.parquet -> @customers stage
[2026-08-05T08:48:48.720+0000] {logging_mixin.py:188} INFO - Uploaded /tmp/minio_downloads/customers_090404956516.parquet -> @customers stage
[2026-08-05T08:48:48.864+0000] {logging_mixin.py:188} INFO - Uploaded /tmp/minio_downloads/customers_090405003694.parquet -> @customers stage
[2026-08-05T08:48:48.986+0000] {logging_mixin.py:188} INFO - Uploaded /tmp/minio_downloads/customers_090405050878.parquet -> @customers stage
[2026-08-05T08:48:49.115+0000] {logging_mixin.py:188} INFO - Uploaded /tmp/minio_downloads/customers_090405103797.parquet -> @customers stage
[2026-08-05T08:48:49.245+0000] {logging_mixin.py:188} INFO - Uploaded /tmp/minio_downloads/customers_090405150219.parquet -> @customers stage
[2026-08-05T08:48:49.364+0000] {logging_mixin.py:188} INFO - Uploaded /tmp/minio_downloads/customers_090405196488.parquet -> @customers stage
[2026-08-05T08:48:49.484+0000] {logging_mixin.py:188} INFO - Uploaded /tmp/minio_downloads/customers_090405243111.parquet -> @customers stage
[2026-08-05T08:48:49.614+0000] {logging_mixin.py:188} INFO - Uploaded /tmp/minio_downloads/customers_090405289533.parquet -> @customers stage
[2026-08-05T08:48:49.744+0000] {logging_mixin.py:188} INFO - Uploaded /tmp/minio_downloads/customers_090405335259.parquet -> @customers stage
[2026-08-05T08:48:49.871+0000] {logging_mixin.py:188} INFO - Uploaded /tmp/minio_downloads/customers_090405383930.parquet -> @customers stage
[2026-08-05T08:48:49.997+0000] {logging_mixin.py:188} INFO - Uploaded /tmp/minio_downloads/customers_090405425934.parquet -> @customers stage
[2026-08-05T08:48:50.142+0000] {logging_mixin.py:188} INFO - Uploaded /tmp/minio_downloads/customers_090405469859.parquet -> @customers stage
[2026-08-05T08:48:50.261+0000] {logging_mixin.py:188} INFO - Uploaded /tmp/minio_downloads/customers_090405511786.parquet -> @customers stage
[2026-08-05T08:48:50.388+0000] {logging_mixin.py:188} INFO - Uploaded /tmp/minio_downloads/customers_090405562635.parquet -> @customers stage
[2026-08-05T08:48:50.511+0000] {logging_mixin.py:188} INFO - Uploaded /tmp/minio_downloads/customers_090405606410.parquet -> @customers stage
[2026-08-05T08:48:50.664+0000] {logging_mixin.py:188} INFO - Uploaded /tmp/minio_downloads/customers_090405651960.parquet -> @customers stage
[2026-08-05T08:48:50.787+0000] {logging_mixin.py:188} INFO - Uploaded /tmp/minio_downloads/customers_090405695356.parquet -> @customers stage
[2026-08-05T08:48:50.920+0000] {logging_mixin.py:188} INFO - Uploaded /tmp/minio_downloads/customers_090405739251.parquet -> @customers stage
[2026-08-05T08:48:51.053+0000] {logging_mixin.py:188} INFO - Uploaded /tmp/minio_downloads/customers_090405796269.parquet -> @customers stage
[2026-08-05T08:48:51.181+0000] {logging_mixin.py:188} INFO - Uploaded /tmp/minio_downloads/customers_090405841506.parquet -> @customers stage
[2026-08-05T08:48:51.302+0000] {logging_mixin.py:188} INFO - Uploaded /tmp/minio_downloads/customers_090405899071.parquet -> @customers stage
[2026-08-05T08:48:51.429+0000] {logging_mixin.py:188} INFO - Uploaded /tmp/minio_downloads/customers_090405946991.parquet -> @customers stage
[2026-08-05T08:48:51.706+0000] {logging_mixin.py:188} INFO - Data loaded into customers
[2026-08-05T08:48:51.822+0000] {logging_mixin.py:188} INFO - Uploaded /tmp/minio_downloads/accounts_090335091997.parquet -> @accounts stage
[2026-08-05T08:48:51.943+0000] {logging_mixin.py:188} INFO - Uploaded /tmp/minio_downloads/accounts_090335176229.parquet -> @accounts stage
[2026-08-05T08:48:52.055+0000] {logging_mixin.py:188} INFO - Uploaded /tmp/minio_downloads/accounts_090335225617.parquet -> @accounts stage
[2026-08-05T08:48:52.179+0000] {logging_mixin.py:188} INFO - Uploaded /tmp/minio_downloads/accounts_090335282589.parquet -> @accounts stage
[2026-08-05T08:48:52.295+0000] {logging_mixin.py:188} INFO - Uploaded /tmp/minio_downloads/accounts_090335330376.parquet -> @accounts stage
[2026-08-05T08:48:52.419+0000] {logging_mixin.py:188} INFO - Uploaded /tmp/minio_downloads/accounts_090335387463.parquet -> @accounts stage
[2026-08-05T08:48:52.538+0000] {logging_mixin.py:188} INFO - Uploaded /tmp/minio_downloads/accounts_090335440093.parquet -> @accounts stage
[2026-08-05T08:48:52.657+0000] {logging_mixin.py:188} INFO - Uploaded /tmp/minio_downloads/accounts_090335487667.parquet -> @accounts stage
[2026-08-05T08:48:52.778+0000] {logging_mixin.py:188} INFO - Uploaded /tmp/minio_downloads/accounts_090335532736.parquet -> @accounts stage
[2026-08-05T08:48:52.911+0000] {logging_mixin.py:188} INFO - Uploaded /tmp/minio_downloads/accounts_090335590697.parquet -> @accounts stage
[2026-08-05T08:48:53.044+0000] {logging_mixin.py:188} INFO - Uploaded /tmp/minio_downloads/accounts_090335653590.parquet -> @accounts stage
[2026-08-05T08:48:53.173+0000] {logging_mixin.py:188} INFO - Uploaded /tmp/minio_downloads/accounts_090335716922.parquet -> @accounts stage
[2026-08-05T08:48:54.047+0000] {logging_mixin.py:188} INFO - Uploaded /tmp/minio_downloads/accounts_090335792915.parquet -> @accounts stage
[2026-08-05T08:48:54.166+0000] {logging_mixin.py:188} INFO - Uploaded /tmp/minio_downloads/accounts_090335849416.parquet -> @accounts stage
[2026-08-05T08:48:54.493+0000] {logging_mixin.py:188} INFO - Uploaded /tmp/minio_downloads/accounts_090335918492.parquet -> @accounts stage
[2026-08-05T08:48:54.619+0000] {logging_mixin.py:188} INFO - Uploaded /tmp/minio_downloads/accounts_090336083229.parquet -> @accounts stage
[2026-08-05T08:48:54.741+0000] {logging_mixin.py:188} INFO - Uploaded /tmp/minio_downloads/accounts_090336168129.parquet -> @accounts stage
[2026-08-05T08:48:54.878+0000] {logging_mixin.py:188} INFO - Uploaded /tmp/minio_downloads/accounts_090336236734.parquet -> @accounts stage
[2026-08-05T08:48:55.000+0000] {logging_mixin.py:188} INFO - Uploaded /tmp/minio_downloads/accounts_090336310038.parquet -> @accounts stage
[2026-08-05T08:48:55.678+0000] {logging_mixin.py:188} INFO - Uploaded /tmp/minio_downloads/accounts_090336375803.parquet -> @accounts stage
[2026-08-05T08:48:55.796+0000] {logging_mixin.py:188} INFO - Uploaded /tmp/minio_downloads/accounts_090336437610.parquet -> @accounts stage
[2026-08-05T08:48:55.938+0000] {logging_mixin.py:188} INFO - Uploaded /tmp/minio_downloads/accounts_090336509130.parquet -> @accounts stage
[2026-08-05T08:48:56.056+0000] {logging_mixin.py:188} INFO - Uploaded /tmp/minio_downloads/accounts_090336561573.parquet -> @accounts stage
[2026-08-05T08:48:56.217+0000] {logging_mixin.py:188} INFO - Uploaded /tmp/minio_downloads/accounts_090336619969.parquet -> @accounts stage
[2026-08-05T08:48:56.346+0000] {logging_mixin.py:188} INFO - Uploaded /tmp/minio_downloads/accounts_090336705658.parquet -> @accounts stage
[2026-08-05T08:48:56.470+0000] {logging_mixin.py:188} INFO - Uploaded /tmp/minio_downloads/accounts_090336825221.parquet -> @accounts stage
[2026-08-05T08:48:56.594+0000] {logging_mixin.py:188} INFO - Uploaded /tmp/minio_downloads/accounts_090336934222.parquet -> @accounts stage
[2026-08-05T08:48:56.711+0000] {logging_mixin.py:188} INFO - Uploaded /tmp/minio_downloads/accounts_090336997264.parquet -> @accounts stage
[2026-08-05T08:48:56.828+0000] {logging_mixin.py:188} INFO - Uploaded /tmp/minio_downloads/accounts_090337048145.parquet -> @accounts stage
[2026-08-05T08:48:56.949+0000] {logging_mixin.py:188} INFO - Uploaded /tmp/minio_downloads/accounts_090337100657.parquet -> @accounts stage
[2026-08-05T08:48:57.094+0000] {logging_mixin.py:188} INFO - Uploaded /tmp/minio_downloads/accounts_090337167701.parquet -> @accounts stage
[2026-08-05T08:48:57.207+0000] {logging_mixin.py:188} INFO - Uploaded /tmp/minio_downloads/accounts_090337230404.parquet -> @accounts stage
[2026-08-05T08:48:57.327+0000] {logging_mixin.py:188} INFO - Uploaded /tmp/minio_downloads/accounts_090337287200.parquet -> @accounts stage
[2026-08-05T08:48:57.447+0000] {logging_mixin.py:188} INFO - Uploaded /tmp/minio_downloads/accounts_090337352500.parquet -> @accounts stage
[2026-08-05T08:48:57.578+0000] {logging_mixin.py:188} INFO - Uploaded /tmp/minio_downloads/accounts_090337409970.parquet -> @accounts stage
[2026-08-05T08:48:57.699+0000] {logging_mixin.py:188} INFO - Uploaded /tmp/minio_downloads/accounts_090337468206.parquet -> @accounts stage
[2026-08-05T08:48:57.841+0000] {logging_mixin.py:188} INFO - Uploaded /tmp/minio_downloads/accounts_090337522740.parquet -> @accounts stage
[2026-08-05T08:48:57.960+0000] {logging_mixin.py:188} INFO - Uploaded /tmp/minio_downloads/accounts_090337569811.parquet -> @accounts stage
[2026-08-05T08:48:58.129+0000] {logging_mixin.py:188} INFO - Uploaded /tmp/minio_downloads/accounts_090337620416.parquet -> @accounts stage
[2026-08-05T08:48:58.252+0000] {logging_mixin.py:188} INFO - Uploaded /tmp/minio_downloads/accounts_090337676744.parquet -> @accounts stage
[2026-08-05T08:48:58.410+0000] {logging_mixin.py:188} INFO - Uploaded /tmp/minio_downloads/accounts_090337733973.parquet -> @accounts stage
[2026-08-05T08:48:58.533+0000] {logging_mixin.py:188} INFO - Uploaded /tmp/minio_downloads/accounts_090337779357.parquet -> @accounts stage
[2026-08-05T08:48:58.677+0000] {logging_mixin.py:188} INFO - Uploaded /tmp/minio_downloads/accounts_090337830813.parquet -> @accounts stage
[2026-08-05T08:48:58.794+0000] {logging_mixin.py:188} INFO - Uploaded /tmp/minio_downloads/accounts_090337876213.parquet -> @accounts stage
[2026-08-05T08:48:58.939+0000] {logging_mixin.py:188} INFO - Uploaded /tmp/minio_downloads/accounts_090337924905.parquet -> @accounts stage
[2026-08-05T08:48:59.077+0000] {logging_mixin.py:188} INFO - Uploaded /tmp/minio_downloads/accounts_090337972586.parquet -> @accounts stage
[2026-08-05T08:48:59.217+0000] {logging_mixin.py:188} INFO - Uploaded /tmp/minio_downloads/accounts_090338036313.parquet -> @accounts stage
[2026-08-05T08:48:59.347+0000] {logging_mixin.py:188} INFO - Uploaded /tmp/minio_downloads/accounts_090338087498.parquet -> @accounts stage
[2026-08-05T08:48:59.503+0000] {logging_mixin.py:188} INFO - Uploaded /tmp/minio_downloads/accounts_090338169836.parquet -> @accounts stage
[2026-08-05T08:48:59.713+0000] {logging_mixin.py:188} INFO - Uploaded /tmp/minio_downloads/accounts_090338285836.parquet -> @accounts stage
[2026-08-05T08:48:59.848+0000] {logging_mixin.py:188} INFO - Uploaded /tmp/minio_downloads/accounts_090338348416.parquet -> @accounts stage
[2026-08-05T08:48:59.981+0000] {logging_mixin.py:188} INFO - Uploaded /tmp/minio_downloads/accounts_090338411783.parquet -> @accounts stage
[2026-08-05T08:49:00.115+0000] {logging_mixin.py:188} INFO - Uploaded /tmp/minio_downloads/accounts_090338473298.parquet -> @accounts stage
[2026-08-05T08:49:00.255+0000] {logging_mixin.py:188} INFO - Uploaded /tmp/minio_downloads/accounts_090338539756.parquet -> @accounts stage
[2026-08-05T08:49:00.393+0000] {logging_mixin.py:188} INFO - Uploaded /tmp/minio_downloads/accounts_090338595444.parquet -> @accounts stage
[2026-08-05T08:49:00.524+0000] {logging_mixin.py:188} INFO - Uploaded /tmp/minio_downloads/accounts_090338653969.parquet -> @accounts stage
[2026-08-05T08:49:00.680+0000] {logging_mixin.py:188} INFO - Uploaded /tmp/minio_downloads/accounts_090338722877.parquet -> @accounts stage
[2026-08-05T08:49:00.801+0000] {logging_mixin.py:188} INFO - Uploaded /tmp/minio_downloads/accounts_090338784168.parquet -> @accounts stage
[2026-08-05T08:49:00.979+0000] {logging_mixin.py:188} INFO - Uploaded /tmp/minio_downloads/accounts_090338833026.parquet -> @accounts stage
[2026-08-05T08:49:01.145+0000] {logging_mixin.py:188} INFO - Uploaded /tmp/minio_downloads/accounts_090338879214.parquet -> @accounts stage
[2026-08-05T08:49:01.266+0000] {logging_mixin.py:188} INFO - Uploaded /tmp/minio_downloads/accounts_090338926904.parquet -> @accounts stage
[2026-08-05T08:49:01.436+0000] {logging_mixin.py:188} INFO - Uploaded /tmp/minio_downloads/accounts_090338983217.parquet -> @accounts stage
[2026-08-05T08:49:01.602+0000] {logging_mixin.py:188} INFO - Uploaded /tmp/minio_downloads/accounts_090339036915.parquet -> @accounts stage
[2026-08-05T08:49:02.673+0000] {logging_mixin.py:188} INFO - Uploaded /tmp/minio_downloads/accounts_090339085807.parquet -> @accounts stage
[2026-08-05T08:49:02.957+0000] {logging_mixin.py:188} INFO - Uploaded /tmp/minio_downloads/accounts_090339132135.parquet -> @accounts stage
[2026-08-05T08:49:03.162+0000] {logging_mixin.py:188} INFO - Uploaded /tmp/minio_downloads/accounts_090339207270.parquet -> @accounts stage
[2026-08-05T08:49:03.369+0000] {logging_mixin.py:188} INFO - Uploaded /tmp/minio_downloads/accounts_090339254198.parquet -> @accounts stage
[2026-08-05T08:49:03.643+0000] {logging_mixin.py:188} INFO - Uploaded /tmp/minio_downloads/accounts_090339304672.parquet -> @accounts stage
[2026-08-05T08:49:03.918+0000] {logging_mixin.py:188} INFO - Uploaded /tmp/minio_downloads/accounts_090339356197.parquet -> @accounts stage
[2026-08-05T08:49:04.158+0000] {logging_mixin.py:188} INFO - Uploaded /tmp/minio_downloads/accounts_090339400231.parquet -> @accounts stage
[2026-08-05T08:49:04.461+0000] {logging_mixin.py:188} INFO - Uploaded /tmp/minio_downloads/accounts_090339447900.parquet -> @accounts stage
[2026-08-05T08:49:04.735+0000] {logging_mixin.py:188} INFO - Uploaded /tmp/minio_downloads/accounts_090339510332.parquet -> @accounts stage
[2026-08-05T08:49:05.092+0000] {logging_mixin.py:188} INFO - Uploaded /tmp/minio_downloads/accounts_090339622965.parquet -> @accounts stage
[2026-08-05T08:49:05.299+0000] {logging_mixin.py:188} INFO - Uploaded /tmp/minio_downloads/accounts_090339735170.parquet -> @accounts stage
[2026-08-05T08:49:05.550+0000] {logging_mixin.py:188} INFO - Uploaded /tmp/minio_downloads/accounts_090339802636.parquet -> @accounts stage
[2026-08-05T08:49:05.827+0000] {logging_mixin.py:188} INFO - Uploaded /tmp/minio_downloads/accounts_090339854967.parquet -> @accounts stage
[2026-08-05T08:49:06.171+0000] {logging_mixin.py:188} INFO - Uploaded /tmp/minio_downloads/accounts_090339969786.parquet -> @accounts stage
[2026-08-05T08:49:06.428+0000] {logging_mixin.py:188} INFO - Uploaded /tmp/minio_downloads/accounts_090340009828.parquet -> @accounts stage
[2026-08-05T08:49:06.633+0000] {logging_mixin.py:188} INFO - Uploaded /tmp/minio_downloads/accounts_090340068304.parquet -> @accounts stage
[2026-08-05T08:49:06.775+0000] {logging_mixin.py:188} INFO - Uploaded /tmp/minio_downloads/accounts_090340120996.parquet -> @accounts stage
[2026-08-05T08:49:06.969+0000] {logging_mixin.py:188} INFO - Uploaded /tmp/minio_downloads/accounts_090340165119.parquet -> @accounts stage
[2026-08-05T08:49:07.090+0000] {logging_mixin.py:188} INFO - Uploaded /tmp/minio_downloads/accounts_090340212592.parquet -> @accounts stage
[2026-08-05T08:49:07.208+0000] {logging_mixin.py:188} INFO - Uploaded /tmp/minio_downloads/accounts_090340260214.parquet -> @accounts stage
[2026-08-05T08:49:07.348+0000] {logging_mixin.py:188} INFO - Uploaded /tmp/minio_downloads/accounts_090340312209.parquet -> @accounts stage
[2026-08-05T08:49:07.513+0000] {logging_mixin.py:188} INFO - Uploaded /tmp/minio_downloads/accounts_090340374831.parquet -> @accounts stage
[2026-08-05T08:49:07.652+0000] {logging_mixin.py:188} INFO - Uploaded /tmp/minio_downloads/accounts_090340432009.parquet -> @accounts stage
[2026-08-05T08:49:07.796+0000] {logging_mixin.py:188} INFO - Uploaded /tmp/minio_downloads/accounts_090340485198.parquet -> @accounts stage
[2026-08-05T08:49:07.915+0000] {logging_mixin.py:188} INFO - Uploaded /tmp/minio_downloads/accounts_090340538086.parquet -> @accounts stage
[2026-08-05T08:49:08.024+0000] {logging_mixin.py:188} INFO - Uploaded /tmp/minio_downloads/accounts_090340597267.parquet -> @accounts stage
[2026-08-05T08:49:08.173+0000] {logging_mixin.py:188} INFO - Uploaded /tmp/minio_downloads/accounts_090340643366.parquet -> @accounts stage
[2026-08-05T08:49:08.325+0000] {logging_mixin.py:188} INFO - Uploaded /tmp/minio_downloads/accounts_090340692918.parquet -> @accounts stage
[2026-08-05T08:49:08.424+0000] {logging_mixin.py:188} INFO - Uploaded /tmp/minio_downloads/accounts_090340744816.parquet -> @accounts stage
[2026-08-05T08:49:08.547+0000] {logging_mixin.py:188} INFO - Uploaded /tmp/minio_downloads/accounts_090340797221.parquet -> @accounts stage
[2026-08-05T08:49:08.654+0000] {logging_mixin.py:188} INFO - Uploaded /tmp/minio_downloads/accounts_090340847915.parquet -> @accounts stage
[2026-08-05T08:49:08.790+0000] {logging_mixin.py:188} INFO - Uploaded /tmp/minio_downloads/accounts_090340899651.parquet -> @accounts stage
[2026-08-05T08:49:08.953+0000] {logging_mixin.py:188} INFO - Uploaded /tmp/minio_downloads/accounts_090340945226.parquet -> @accounts stage
[2026-08-05T08:49:09.084+0000] {logging_mixin.py:188} INFO - Uploaded /tmp/minio_downloads/accounts_090341002128.parquet -> @accounts stage
[2026-08-05T08:49:09.323+0000] {logging_mixin.py:188} INFO - Uploaded /tmp/minio_downloads/accounts_090341048588.parquet -> @accounts stage
[2026-08-05T08:49:09.481+0000] {logging_mixin.py:188} INFO - Uploaded /tmp/minio_downloads/accounts_090341112017.parquet -> @accounts stage
[2026-08-05T08:49:09.636+0000] {logging_mixin.py:188} INFO - Uploaded /tmp/minio_downloads/accounts_090341158981.parquet -> @accounts stage
[2026-08-05T08:49:09.833+0000] {logging_mixin.py:188} INFO - Uploaded /tmp/minio_downloads/accounts_090341202568.parquet -> @accounts stage
[2026-08-05T08:49:09.958+0000] {logging_mixin.py:188} INFO - Uploaded /tmp/minio_downloads/accounts_090341253926.parquet -> @accounts stage
[2026-08-05T08:49:10.151+0000] {logging_mixin.py:188} INFO - Uploaded /tmp/minio_downloads/accounts_090341309247.parquet -> @accounts stage
[2026-08-05T08:49:10.278+0000] {logging_mixin.py:188} INFO - Uploaded /tmp/minio_downloads/accounts_090341358146.parquet -> @accounts stage
[2026-08-05T08:49:10.405+0000] {logging_mixin.py:188} INFO - Uploaded /tmp/minio_downloads/accounts_090341414601.parquet -> @accounts stage
[2026-08-05T08:49:10.538+0000] {logging_mixin.py:188} INFO - Uploaded /tmp/minio_downloads/accounts_090341460477.parquet -> @accounts stage
[2026-08-05T08:49:11.186+0000] {logging_mixin.py:188} INFO - Uploaded /tmp/minio_downloads/accounts_090341508932.parquet -> @accounts stage
[2026-08-05T08:49:11.337+0000] {logging_mixin.py:188} INFO - Uploaded /tmp/minio_downloads/accounts_090341566052.parquet -> @accounts stage
[2026-08-05T08:49:11.454+0000] {logging_mixin.py:188} INFO - Uploaded /tmp/minio_downloads/accounts_090341619353.parquet -> @accounts stage
[2026-08-05T08:49:11.595+0000] {logging_mixin.py:188} INFO - Uploaded /tmp/minio_downloads/accounts_090341668762.parquet -> @accounts stage
[2026-08-05T08:49:11.711+0000] {logging_mixin.py:188} INFO - Uploaded /tmp/minio_downloads/accounts_090341718138.parquet -> @accounts stage
[2026-08-05T08:49:11.831+0000] {logging_mixin.py:188} INFO - Uploaded /tmp/minio_downloads/accounts_090341776387.parquet -> @accounts stage
[2026-08-05T08:49:11.950+0000] {logging_mixin.py:188} INFO - Uploaded /tmp/minio_downloads/accounts_090341838405.parquet -> @accounts stage
[2026-08-05T08:49:12.103+0000] {logging_mixin.py:188} INFO - Uploaded /tmp/minio_downloads/accounts_090341981608.parquet -> @accounts stage
[2026-08-05T08:49:12.226+0000] {logging_mixin.py:188} INFO - Uploaded /tmp/minio_downloads/accounts_090342055992.parquet -> @accounts stage
[2026-08-05T08:49:12.349+0000] {logging_mixin.py:188} INFO - Uploaded /tmp/minio_downloads/accounts_090342130644.parquet -> @accounts stage
[2026-08-05T08:49:12.468+0000] {logging_mixin.py:188} INFO - Uploaded /tmp/minio_downloads/accounts_090342179195.parquet -> @accounts stage
[2026-08-05T08:49:12.585+0000] {logging_mixin.py:188} INFO - Uploaded /tmp/minio_downloads/accounts_090342243528.parquet -> @accounts stage
[2026-08-05T08:49:12.715+0000] {logging_mixin.py:188} INFO - Uploaded /tmp/minio_downloads/accounts_090342306582.parquet -> @accounts stage
[2026-08-05T08:49:12.845+0000] {logging_mixin.py:188} INFO - Uploaded /tmp/minio_downloads/accounts_090342357790.parquet -> @accounts stage
[2026-08-05T08:49:12.978+0000] {logging_mixin.py:188} INFO - Uploaded /tmp/minio_downloads/accounts_090342419173.parquet -> @accounts stage
[2026-08-05T08:49:13.123+0000] {logging_mixin.py:188} INFO - Uploaded /tmp/minio_downloads/accounts_090342483724.parquet -> @accounts stage
[2026-08-05T08:49:13.245+0000] {logging_mixin.py:188} INFO - Uploaded /tmp/minio_downloads/accounts_090342544707.parquet -> @accounts stage
[2026-08-05T08:49:13.364+0000] {logging_mixin.py:188} INFO - Uploaded /tmp/minio_downloads/accounts_090342599697.parquet -> @accounts stage
[2026-08-05T08:49:13.519+0000] {logging_mixin.py:188} INFO - Uploaded /tmp/minio_downloads/accounts_090342676207.parquet -> @accounts stage
[2026-08-05T08:49:13.772+0000] {logging_mixin.py:188} INFO - Uploaded /tmp/minio_downloads/accounts_090342736945.parquet -> @accounts stage
[2026-08-05T08:49:13.894+0000] {logging_mixin.py:188} INFO - Uploaded /tmp/minio_downloads/accounts_090342792308.parquet -> @accounts stage
[2026-08-05T08:49:14.033+0000] {logging_mixin.py:188} INFO - Uploaded /tmp/minio_downloads/accounts_090342856333.parquet -> @accounts stage
[2026-08-05T08:49:14.175+0000] {logging_mixin.py:188} INFO - Uploaded /tmp/minio_downloads/accounts_090342912162.parquet -> @accounts stage
[2026-08-05T08:49:14.662+0000] {logging_mixin.py:188} INFO - Uploaded /tmp/minio_downloads/accounts_090342961837.parquet -> @accounts stage
[2026-08-05T08:49:14.795+0000] {logging_mixin.py:188} INFO - Uploaded /tmp/minio_downloads/accounts_090343020787.parquet -> @accounts stage
[2026-08-05T08:49:14.977+0000] {logging_mixin.py:188} INFO - Uploaded /tmp/minio_downloads/accounts_090343073815.parquet -> @accounts stage
[2026-08-05T08:49:15.130+0000] {logging_mixin.py:188} INFO - Uploaded /tmp/minio_downloads/accounts_090343145518.parquet -> @accounts stage
[2026-08-05T08:49:15.286+0000] {logging_mixin.py:188} INFO - Uploaded /tmp/minio_downloads/accounts_090343197072.parquet -> @accounts stage
[2026-08-05T08:49:15.420+0000] {logging_mixin.py:188} INFO - Uploaded /tmp/minio_downloads/accounts_090343253148.parquet -> @accounts stage
[2026-08-05T08:49:15.566+0000] {logging_mixin.py:188} INFO - Uploaded /tmp/minio_downloads/accounts_090343304398.parquet -> @accounts stage
[2026-08-05T08:49:15.693+0000] {logging_mixin.py:188} INFO - Uploaded /tmp/minio_downloads/accounts_090343363086.parquet -> @accounts stage
[2026-08-05T08:49:15.837+0000] {logging_mixin.py:188} INFO - Uploaded /tmp/minio_downloads/accounts_090343413316.parquet -> @accounts stage
[2026-08-05T08:49:15.981+0000] {logging_mixin.py:188} INFO - Uploaded /tmp/minio_downloads/accounts_090343474555.parquet -> @accounts stage
[2026-08-05T08:49:16.100+0000] {logging_mixin.py:188} INFO - Uploaded /tmp/minio_downloads/accounts_090343527458.parquet -> @accounts stage
[2026-08-05T08:49:16.224+0000] {logging_mixin.py:188} INFO - Uploaded /tmp/minio_downloads/accounts_090343585034.parquet -> @accounts stage
[2026-08-05T08:49:16.342+0000] {logging_mixin.py:188} INFO - Uploaded /tmp/minio_downloads/accounts_090343634679.parquet -> @accounts stage
[2026-08-05T08:49:16.466+0000] {logging_mixin.py:188} INFO - Uploaded /tmp/minio_downloads/accounts_090343680435.parquet -> @accounts stage
[2026-08-05T08:49:16.602+0000] {logging_mixin.py:188} INFO - Uploaded /tmp/minio_downloads/accounts_090343728598.parquet -> @accounts stage
[2026-08-05T08:49:16.726+0000] {logging_mixin.py:188} INFO - Uploaded /tmp/minio_downloads/accounts_090343779632.parquet -> @accounts stage
[2026-08-05T08:49:16.849+0000] {logging_mixin.py:188} INFO - Uploaded /tmp/minio_downloads/accounts_090343833916.parquet -> @accounts stage
[2026-08-05T08:49:16.967+0000] {logging_mixin.py:188} INFO - Uploaded /tmp/minio_downloads/accounts_090343888730.parquet -> @accounts stage
[2026-08-05T08:49:17.093+0000] {logging_mixin.py:188} INFO - Uploaded /tmp/minio_downloads/accounts_090343934679.parquet -> @accounts stage
[2026-08-05T08:49:17.215+0000] {logging_mixin.py:188} INFO - Uploaded /tmp/minio_downloads/accounts_090343976827.parquet -> @accounts stage
[2026-08-05T08:49:17.332+0000] {logging_mixin.py:188} INFO - Uploaded /tmp/minio_downloads/accounts_090344021032.parquet -> @accounts stage
[2026-08-05T08:49:17.452+0000] {logging_mixin.py:188} INFO - Uploaded /tmp/minio_downloads/accounts_090344070350.parquet -> @accounts stage
[2026-08-05T08:49:17.572+0000] {logging_mixin.py:188} INFO - Uploaded /tmp/minio_downloads/accounts_090344114475.parquet -> @accounts stage
[2026-08-05T08:49:17.721+0000] {logging_mixin.py:188} INFO - Uploaded /tmp/minio_downloads/accounts_090344178771.parquet -> @accounts stage
[2026-08-05T08:49:17.856+0000] {logging_mixin.py:188} INFO - Uploaded /tmp/minio_downloads/accounts_090344234782.parquet -> @accounts stage
[2026-08-05T08:49:17.978+0000] {logging_mixin.py:188} INFO - Uploaded /tmp/minio_downloads/accounts_090344295645.parquet -> @accounts stage
[2026-08-05T08:49:18.115+0000] {logging_mixin.py:188} INFO - Uploaded /tmp/minio_downloads/accounts_090344355098.parquet -> @accounts stage
[2026-08-05T08:49:18.234+0000] {logging_mixin.py:188} INFO - Uploaded /tmp/minio_downloads/accounts_090344408224.parquet -> @accounts stage
[2026-08-05T08:49:18.484+0000] {logging_mixin.py:188} INFO - Uploaded /tmp/minio_downloads/accounts_090344461455.parquet -> @accounts stage
[2026-08-05T08:49:18.606+0000] {logging_mixin.py:188} INFO - Uploaded /tmp/minio_downloads/accounts_090344517205.parquet -> @accounts stage
[2026-08-05T08:49:18.732+0000] {logging_mixin.py:188} INFO - Uploaded /tmp/minio_downloads/accounts_090344564860.parquet -> @accounts stage
[2026-08-05T08:49:19.009+0000] {logging_mixin.py:188} INFO - Data loaded into accounts
[2026-08-05T08:49:19.137+0000] {logging_mixin.py:188} INFO - Uploaded /tmp/minio_downloads/transactions_090344635325.parquet -> @transactions stage
[2026-08-05T08:49:19.270+0000] {logging_mixin.py:188} INFO - Uploaded /tmp/minio_downloads/transactions_090344698403.parquet -> @transactions stage
[2026-08-05T08:49:19.385+0000] {logging_mixin.py:188} INFO - Uploaded /tmp/minio_downloads/transactions_090344744646.parquet -> @transactions stage
[2026-08-05T08:49:19.516+0000] {logging_mixin.py:188} INFO - Uploaded /tmp/minio_downloads/transactions_090344795789.parquet -> @transactions stage
[2026-08-05T08:49:19.633+0000] {logging_mixin.py:188} INFO - Uploaded /tmp/minio_downloads/transactions_090344850100.parquet -> @transactions stage
[2026-08-05T08:49:19.799+0000] {logging_mixin.py:188} INFO - Uploaded /tmp/minio_downloads/transactions_090344900109.parquet -> @transactions stage
[2026-08-05T08:49:19.913+0000] {logging_mixin.py:188} INFO - Uploaded /tmp/minio_downloads/transactions_090344947492.parquet -> @transactions stage
[2026-08-05T08:49:20.033+0000] {logging_mixin.py:188} INFO - Uploaded /tmp/minio_downloads/transactions_090344993567.parquet -> @transactions stage
[2026-08-05T08:49:20.153+0000] {logging_mixin.py:188} INFO - Uploaded /tmp/minio_downloads/transactions_090345052242.parquet -> @transactions stage
[2026-08-05T08:49:20.278+0000] {logging_mixin.py:188} INFO - Uploaded /tmp/minio_downloads/transactions_090345100340.parquet -> @transactions stage
[2026-08-05T08:49:20.393+0000] {logging_mixin.py:188} INFO - Uploaded /tmp/minio_downloads/transactions_090345147085.parquet -> @transactions stage
[2026-08-05T08:49:20.514+0000] {logging_mixin.py:188} INFO - Uploaded /tmp/minio_downloads/transactions_090345192944.parquet -> @transactions stage
[2026-08-05T08:49:20.632+0000] {logging_mixin.py:188} INFO - Uploaded /tmp/minio_downloads/transactions_090345308408.parquet -> @transactions stage
[2026-08-05T08:49:20.755+0000] {logging_mixin.py:188} INFO - Uploaded /tmp/minio_downloads/transactions_090345357692.parquet -> @transactions stage
[2026-08-05T08:49:20.876+0000] {logging_mixin.py:188} INFO - Uploaded /tmp/minio_downloads/transactions_090345402851.parquet -> @transactions stage
[2026-08-05T08:49:21.007+0000] {logging_mixin.py:188} INFO - Uploaded /tmp/minio_downloads/transactions_090345456814.parquet -> @transactions stage
[2026-08-05T08:49:21.125+0000] {logging_mixin.py:188} INFO - Uploaded /tmp/minio_downloads/transactions_090345501980.parquet -> @transactions stage
[2026-08-05T08:49:21.245+0000] {logging_mixin.py:188} INFO - Uploaded /tmp/minio_downloads/transactions_090345551838.parquet -> @transactions stage
[2026-08-05T08:49:21.373+0000] {logging_mixin.py:188} INFO - Uploaded /tmp/minio_downloads/transactions_090345595622.parquet -> @transactions stage
[2026-08-05T08:49:21.494+0000] {logging_mixin.py:188} INFO - Uploaded /tmp/minio_downloads/transactions_090345662310.parquet -> @transactions stage
[2026-08-05T08:49:21.620+0000] {logging_mixin.py:188} INFO - Uploaded /tmp/minio_downloads/transactions_090345710767.parquet -> @transactions stage
[2026-08-05T08:49:21.748+0000] {logging_mixin.py:188} INFO - Uploaded /tmp/minio_downloads/transactions_090345754288.parquet -> @transactions stage
[2026-08-05T08:49:21.855+0000] {logging_mixin.py:188} INFO - Uploaded /tmp/minio_downloads/transactions_090345804973.parquet -> @transactions stage
[2026-08-05T08:49:21.981+0000] {logging_mixin.py:188} INFO - Uploaded /tmp/minio_downloads/transactions_090345861683.parquet -> @transactions stage
[2026-08-05T08:49:22.110+0000] {logging_mixin.py:188} INFO - Uploaded /tmp/minio_downloads/transactions_090345909777.parquet -> @transactions stage
[2026-08-05T08:49:22.234+0000] {logging_mixin.py:188} INFO - Uploaded /tmp/minio_downloads/transactions_090345961293.parquet -> @transactions stage
[2026-08-05T08:49:22.367+0000] {logging_mixin.py:188} INFO - Uploaded /tmp/minio_downloads/transactions_090346008937.parquet -> @transactions stage
[2026-08-05T08:49:22.490+0000] {logging_mixin.py:188} INFO - Uploaded /tmp/minio_downloads/transactions_090346056562.parquet -> @transactions stage
[2026-08-05T08:49:22.602+0000] {logging_mixin.py:188} INFO - Uploaded /tmp/minio_downloads/transactions_090346102527.parquet -> @transactions stage
[2026-08-05T08:49:22.684+0000] {logging_mixin.py:188} INFO - Uploaded /tmp/minio_downloads/transactions_090346152705.parquet -> @transactions stage
[2026-08-05T08:49:22.773+0000] {logging_mixin.py:188} INFO - Uploaded /tmp/minio_downloads/transactions_090346198936.parquet -> @transactions stage
[2026-08-05T08:49:22.870+0000] {logging_mixin.py:188} INFO - Uploaded /tmp/minio_downloads/transactions_090346247151.parquet -> @transactions stage
[2026-08-05T08:49:22.980+0000] {logging_mixin.py:188} INFO - Uploaded /tmp/minio_downloads/transactions_090346296845.parquet -> @transactions stage
[2026-08-05T08:49:23.094+0000] {logging_mixin.py:188} INFO - Uploaded /tmp/minio_downloads/transactions_090346362045.parquet -> @transactions stage
[2026-08-05T08:49:23.211+0000] {logging_mixin.py:188} INFO - Uploaded /tmp/minio_downloads/transactions_090346407218.parquet -> @transactions stage
[2026-08-05T08:49:23.294+0000] {logging_mixin.py:188} INFO - Uploaded /tmp/minio_downloads/transactions_090346456355.parquet -> @transactions stage
[2026-08-05T08:49:23.384+0000] {logging_mixin.py:188} INFO - Uploaded /tmp/minio_downloads/transactions_090346503975.parquet -> @transactions stage
[2026-08-05T08:49:23.472+0000] {logging_mixin.py:188} INFO - Uploaded /tmp/minio_downloads/transactions_090346552820.parquet -> @transactions stage
[2026-08-05T08:49:23.559+0000] {logging_mixin.py:188} INFO - Uploaded /tmp/minio_downloads/transactions_090346595247.parquet -> @transactions stage
[2026-08-05T08:49:23.646+0000] {logging_mixin.py:188} INFO - Uploaded /tmp/minio_downloads/transactions_090346646157.parquet -> @transactions stage
[2026-08-05T08:49:23.730+0000] {logging_mixin.py:188} INFO - Uploaded /tmp/minio_downloads/transactions_090346718780.parquet -> @transactions stage
[2026-08-05T08:49:23.813+0000] {logging_mixin.py:188} INFO - Uploaded /tmp/minio_downloads/transactions_090346804433.parquet -> @transactions stage
[2026-08-05T08:49:23.899+0000] {logging_mixin.py:188} INFO - Uploaded /tmp/minio_downloads/transactions_090346901001.parquet -> @transactions stage
[2026-08-05T08:49:23.988+0000] {logging_mixin.py:188} INFO - Uploaded /tmp/minio_downloads/transactions_090346944243.parquet -> @transactions stage
[2026-08-05T08:49:24.076+0000] {logging_mixin.py:188} INFO - Uploaded /tmp/minio_downloads/transactions_090346989485.parquet -> @transactions stage
[2026-08-05T08:49:24.168+0000] {logging_mixin.py:188} INFO - Uploaded /tmp/minio_downloads/transactions_090347034187.parquet -> @transactions stage
[2026-08-05T08:49:24.274+0000] {logging_mixin.py:188} INFO - Uploaded /tmp/minio_downloads/transactions_090347079809.parquet -> @transactions stage
[2026-08-05T08:49:24.383+0000] {logging_mixin.py:188} INFO - Uploaded /tmp/minio_downloads/transactions_090347125087.parquet -> @transactions stage
[2026-08-05T08:49:24.472+0000] {logging_mixin.py:188} INFO - Uploaded /tmp/minio_downloads/transactions_090347178696.parquet -> @transactions stage
[2026-08-05T08:49:24.579+0000] {logging_mixin.py:188} INFO - Uploaded /tmp/minio_downloads/transactions_090347229220.parquet -> @transactions stage
[2026-08-05T08:49:24.720+0000] {logging_mixin.py:188} INFO - Uploaded /tmp/minio_downloads/transactions_090347275437.parquet -> @transactions stage
[2026-08-05T08:49:24.838+0000] {logging_mixin.py:188} INFO - Uploaded /tmp/minio_downloads/transactions_090347329417.parquet -> @transactions stage
[2026-08-05T08:49:24.940+0000] {logging_mixin.py:188} INFO - Uploaded /tmp/minio_downloads/transactions_090347384750.parquet -> @transactions stage
[2026-08-05T08:49:25.028+0000] {logging_mixin.py:188} INFO - Uploaded /tmp/minio_downloads/transactions_090347434686.parquet -> @transactions stage
[2026-08-05T08:49:25.118+0000] {logging_mixin.py:188} INFO - Uploaded /tmp/minio_downloads/transactions_090347488696.parquet -> @transactions stage
[2026-08-05T08:49:25.222+0000] {logging_mixin.py:188} INFO - Uploaded /tmp/minio_downloads/transactions_090347536914.parquet -> @transactions stage
[2026-08-05T08:49:25.306+0000] {logging_mixin.py:188} INFO - Uploaded /tmp/minio_downloads/transactions_090347596012.parquet -> @transactions stage
[2026-08-05T08:49:25.677+0000] {logging_mixin.py:188} INFO - Uploaded /tmp/minio_downloads/transactions_090347711514.parquet -> @transactions stage
[2026-08-05T08:49:25.767+0000] {logging_mixin.py:188} INFO - Uploaded /tmp/minio_downloads/transactions_090347754828.parquet -> @transactions stage
[2026-08-05T08:49:25.851+0000] {logging_mixin.py:188} INFO - Uploaded /tmp/minio_downloads/transactions_090347804639.parquet -> @transactions stage
[2026-08-05T08:49:25.943+0000] {logging_mixin.py:188} INFO - Uploaded /tmp/minio_downloads/transactions_090347847633.parquet -> @transactions stage
[2026-08-05T08:49:26.031+0000] {logging_mixin.py:188} INFO - Uploaded /tmp/minio_downloads/transactions_090347911934.parquet -> @transactions stage
[2026-08-05T08:49:26.149+0000] {logging_mixin.py:188} INFO - Uploaded /tmp/minio_downloads/transactions_090347957527.parquet -> @transactions stage
[2026-08-05T08:49:26.243+0000] {logging_mixin.py:188} INFO - Uploaded /tmp/minio_downloads/transactions_090348008862.parquet -> @transactions stage
[2026-08-05T08:49:26.382+0000] {logging_mixin.py:188} INFO - Uploaded /tmp/minio_downloads/transactions_090348059997.parquet -> @transactions stage
[2026-08-05T08:49:26.542+0000] {logging_mixin.py:188} INFO - Uploaded /tmp/minio_downloads/transactions_090348110511.parquet -> @transactions stage
[2026-08-05T08:49:26.687+0000] {logging_mixin.py:188} INFO - Uploaded /tmp/minio_downloads/transactions_090348157671.parquet -> @transactions stage
[2026-08-05T08:49:26.780+0000] {logging_mixin.py:188} INFO - Uploaded /tmp/minio_downloads/transactions_090348204374.parquet -> @transactions stage
[2026-08-05T08:49:26.893+0000] {logging_mixin.py:188} INFO - Uploaded /tmp/minio_downloads/transactions_090348252573.parquet -> @transactions stage
[2026-08-05T08:49:26.981+0000] {logging_mixin.py:188} INFO - Uploaded /tmp/minio_downloads/transactions_090348298605.parquet -> @transactions stage
[2026-08-05T08:49:27.081+0000] {logging_mixin.py:188} INFO - Uploaded /tmp/minio_downloads/transactions_090348342378.parquet -> @transactions stage
[2026-08-05T08:49:27.184+0000] {logging_mixin.py:188} INFO - Uploaded /tmp/minio_downloads/transactions_090348401092.parquet -> @transactions stage
[2026-08-05T08:49:27.275+0000] {logging_mixin.py:188} INFO - Uploaded /tmp/minio_downloads/transactions_090348459158.parquet -> @transactions stage
[2026-08-05T08:49:27.370+0000] {logging_mixin.py:188} INFO - Uploaded /tmp/minio_downloads/transactions_090348510411.parquet -> @transactions stage
[2026-08-05T08:49:27.460+0000] {logging_mixin.py:188} INFO - Uploaded /tmp/minio_downloads/transactions_090348559775.parquet -> @transactions stage
[2026-08-05T08:49:27.545+0000] {logging_mixin.py:188} INFO - Uploaded /tmp/minio_downloads/transactions_090348607300.parquet -> @transactions stage
[2026-08-05T08:49:27.643+0000] {logging_mixin.py:188} INFO - Uploaded /tmp/minio_downloads/transactions_090348653264.parquet -> @transactions stage
[2026-08-05T08:49:27.741+0000] {logging_mixin.py:188} INFO - Uploaded /tmp/minio_downloads/transactions_090348708374.parquet -> @transactions stage
[2026-08-05T08:49:27.838+0000] {logging_mixin.py:188} INFO - Uploaded /tmp/minio_downloads/transactions_090348757425.parquet -> @transactions stage
[2026-08-05T08:49:27.925+0000] {logging_mixin.py:188} INFO - Uploaded /tmp/minio_downloads/transactions_090348808601.parquet -> @transactions stage
[2026-08-05T08:49:28.013+0000] {logging_mixin.py:188} INFO - Uploaded /tmp/minio_downloads/transactions_090348853162.parquet -> @transactions stage
[2026-08-05T08:49:28.107+0000] {logging_mixin.py:188} INFO - Uploaded /tmp/minio_downloads/transactions_090348917946.parquet -> @transactions stage
[2026-08-05T08:49:28.205+0000] {logging_mixin.py:188} INFO - Uploaded /tmp/minio_downloads/transactions_090348986480.parquet -> @transactions stage
[2026-08-05T08:49:28.304+0000] {logging_mixin.py:188} INFO - Uploaded /tmp/minio_downloads/transactions_090349047306.parquet -> @transactions stage
[2026-08-05T08:49:28.393+0000] {logging_mixin.py:188} INFO - Uploaded /tmp/minio_downloads/transactions_090349092982.parquet -> @transactions stage
[2026-08-05T08:49:28.478+0000] {logging_mixin.py:188} INFO - Uploaded /tmp/minio_downloads/transactions_090349140604.parquet -> @transactions stage
[2026-08-05T08:49:28.565+0000] {logging_mixin.py:188} INFO - Uploaded /tmp/minio_downloads/transactions_090349185139.parquet -> @transactions stage
[2026-08-05T08:49:28.648+0000] {logging_mixin.py:188} INFO - Uploaded /tmp/minio_downloads/transactions_090349238746.parquet -> @transactions stage
[2026-08-05T08:49:28.743+0000] {logging_mixin.py:188} INFO - Uploaded /tmp/minio_downloads/transactions_090349290508.parquet -> @transactions stage
[2026-08-05T08:49:28.826+0000] {logging_mixin.py:188} INFO - Uploaded /tmp/minio_downloads/transactions_090349340716.parquet -> @transactions stage
[2026-08-05T08:49:30.321+0000] {logging_mixin.py:188} INFO - Uploaded /tmp/minio_downloads/transactions_090349386604.parquet -> @transactions stage
[2026-08-05T08:49:30.437+0000] {logging_mixin.py:188} INFO - Uploaded /tmp/minio_downloads/transactions_090349466276.parquet -> @transactions stage
[2026-08-05T08:49:30.554+0000] {logging_mixin.py:188} INFO - Uploaded /tmp/minio_downloads/transactions_090349539821.parquet -> @transactions stage
[2026-08-05T08:49:30.690+0000] {logging_mixin.py:188} INFO - Uploaded /tmp/minio_downloads/transactions_090349637195.parquet -> @transactions stage
[2026-08-05T08:49:30.809+0000] {logging_mixin.py:188} INFO - Uploaded /tmp/minio_downloads/transactions_090349689733.parquet -> @transactions stage
[2026-08-05T08:49:32.167+0000] {logging_mixin.py:188} INFO - Uploaded /tmp/minio_downloads/transactions_090349736179.parquet -> @transactions stage
[2026-08-05T08:49:32.294+0000] {logging_mixin.py:188} INFO - Uploaded /tmp/minio_downloads/transactions_090349779576.parquet -> @transactions stage
[2026-08-05T08:49:32.416+0000] {logging_mixin.py:188} INFO - Uploaded /tmp/minio_downloads/transactions_090349826149.parquet -> @transactions stage
[2026-08-05T08:49:32.539+0000] {logging_mixin.py:188} INFO - Uploaded /tmp/minio_downloads/transactions_090349873955.parquet -> @transactions stage
[2026-08-05T08:49:32.676+0000] {logging_mixin.py:188} INFO - Uploaded /tmp/minio_downloads/transactions_090349922318.parquet -> @transactions stage
[2026-08-05T08:49:32.791+0000] {logging_mixin.py:188} INFO - Uploaded /tmp/minio_downloads/transactions_090349980155.parquet -> @transactions stage
[2026-08-05T08:49:32.941+0000] {logging_mixin.py:188} INFO - Uploaded /tmp/minio_downloads/transactions_090350043626.parquet -> @transactions stage
[2026-08-05T08:49:33.066+0000] {logging_mixin.py:188} INFO - Uploaded /tmp/minio_downloads/transactions_090350089592.parquet -> @transactions stage
[2026-08-05T08:49:33.198+0000] {logging_mixin.py:188} INFO - Uploaded /tmp/minio_downloads/transactions_090350138345.parquet -> @transactions stage
[2026-08-05T08:49:33.841+0000] {logging_mixin.py:188} INFO - Uploaded /tmp/minio_downloads/transactions_090350183670.parquet -> @transactions stage
[2026-08-05T08:49:33.976+0000] {logging_mixin.py:188} INFO - Uploaded /tmp/minio_downloads/transactions_090350231811.parquet -> @transactions stage
[2026-08-05T08:49:34.094+0000] {logging_mixin.py:188} INFO - Uploaded /tmp/minio_downloads/transactions_090350273125.parquet -> @transactions stage
[2026-08-05T08:49:34.217+0000] {logging_mixin.py:188} INFO - Uploaded /tmp/minio_downloads/transactions_090350321357.parquet -> @transactions stage
[2026-08-05T08:49:34.335+0000] {logging_mixin.py:188} INFO - Uploaded /tmp/minio_downloads/transactions_090350363457.parquet -> @transactions stage
[2026-08-05T08:49:34.469+0000] {logging_mixin.py:188} INFO - Uploaded /tmp/minio_downloads/transactions_090350409124.parquet -> @transactions stage
[2026-08-05T08:49:34.587+0000] {logging_mixin.py:188} INFO - Uploaded /tmp/minio_downloads/transactions_090350456314.parquet -> @transactions stage
[2026-08-05T08:49:34.709+0000] {logging_mixin.py:188} INFO - Uploaded /tmp/minio_downloads/transactions_090350496727.parquet -> @transactions stage
[2026-08-05T08:49:34.830+0000] {logging_mixin.py:188} INFO - Uploaded /tmp/minio_downloads/transactions_090350541096.parquet -> @transactions stage
[2026-08-05T08:49:34.966+0000] {logging_mixin.py:188} INFO - Uploaded /tmp/minio_downloads/transactions_090350590595.parquet -> @transactions stage
[2026-08-05T08:49:35.087+0000] {logging_mixin.py:188} INFO - Uploaded /tmp/minio_downloads/transactions_090350637392.parquet -> @transactions stage
[2026-08-05T08:49:35.216+0000] {logging_mixin.py:188} INFO - Uploaded /tmp/minio_downloads/transactions_090350688105.parquet -> @transactions stage
[2026-08-05T08:49:35.332+0000] {logging_mixin.py:188} INFO - Uploaded /tmp/minio_downloads/transactions_090350735881.parquet -> @transactions stage
[2026-08-05T08:49:35.448+0000] {logging_mixin.py:188} INFO - Uploaded /tmp/minio_downloads/transactions_090350777950.parquet -> @transactions stage
[2026-08-05T08:49:35.579+0000] {logging_mixin.py:188} INFO - Uploaded /tmp/minio_downloads/transactions_090350829270.parquet -> @transactions stage
[2026-08-05T08:49:35.709+0000] {logging_mixin.py:188} INFO - Uploaded /tmp/minio_downloads/transactions_090350872710.parquet -> @transactions stage
[2026-08-05T08:49:35.833+0000] {logging_mixin.py:188} INFO - Uploaded /tmp/minio_downloads/transactions_090350916886.parquet -> @transactions stage
[2026-08-05T08:49:35.973+0000] {logging_mixin.py:188} INFO - Uploaded /tmp/minio_downloads/transactions_090350980142.parquet -> @transactions stage
[2026-08-05T08:49:36.094+0000] {logging_mixin.py:188} INFO - Uploaded /tmp/minio_downloads/transactions_090351132471.parquet -> @transactions stage
[2026-08-05T08:49:36.245+0000] {logging_mixin.py:188} INFO - Uploaded /tmp/minio_downloads/transactions_090351252512.parquet -> @transactions stage
[2026-08-05T08:49:36.422+0000] {logging_mixin.py:188} INFO - Uploaded /tmp/minio_downloads/transactions_090351297506.parquet -> @transactions stage
[2026-08-05T08:49:36.553+0000] {logging_mixin.py:188} INFO - Uploaded /tmp/minio_downloads/transactions_090351354756.parquet -> @transactions stage
[2026-08-05T08:49:36.666+0000] {logging_mixin.py:188} INFO - Uploaded /tmp/minio_downloads/transactions_090351398315.parquet -> @transactions stage
[2026-08-05T08:49:36.789+0000] {logging_mixin.py:188} INFO - Uploaded /tmp/minio_downloads/transactions_090351444455.parquet -> @transactions stage
[2026-08-05T08:49:36.911+0000] {logging_mixin.py:188} INFO - Uploaded /tmp/minio_downloads/transactions_090351498438.parquet -> @transactions stage
[2026-08-05T08:49:37.033+0000] {logging_mixin.py:188} INFO - Uploaded /tmp/minio_downloads/transactions_090351544144.parquet -> @transactions stage
[2026-08-05T08:49:37.157+0000] {logging_mixin.py:188} INFO - Uploaded /tmp/minio_downloads/transactions_090351589508.parquet -> @transactions stage
[2026-08-05T08:49:37.277+0000] {logging_mixin.py:188} INFO - Uploaded /tmp/minio_downloads/transactions_090351635835.parquet -> @transactions stage
[2026-08-05T08:49:37.394+0000] {logging_mixin.py:188} INFO - Uploaded /tmp/minio_downloads/transactions_090351680419.parquet -> @transactions stage
[2026-08-05T08:49:37.527+0000] {logging_mixin.py:188} INFO - Uploaded /tmp/minio_downloads/transactions_090351724866.parquet -> @transactions stage
[2026-08-05T08:49:37.646+0000] {logging_mixin.py:188} INFO - Uploaded /tmp/minio_downloads/transactions_090351781853.parquet -> @transactions stage
[2026-08-05T08:49:37.779+0000] {logging_mixin.py:188} INFO - Uploaded /tmp/minio_downloads/transactions_090351825152.parquet -> @transactions stage
[2026-08-05T08:49:37.899+0000] {logging_mixin.py:188} INFO - Uploaded /tmp/minio_downloads/transactions_090351872090.parquet -> @transactions stage
[2026-08-05T08:49:38.021+0000] {logging_mixin.py:188} INFO - Uploaded /tmp/minio_downloads/transactions_090351922861.parquet -> @transactions stage
[2026-08-05T08:49:38.150+0000] {logging_mixin.py:188} INFO - Uploaded /tmp/minio_downloads/transactions_090351979204.parquet -> @transactions stage
[2026-08-05T08:49:38.273+0000] {logging_mixin.py:188} INFO - Uploaded /tmp/minio_downloads/transactions_090352066245.parquet -> @transactions stage
[2026-08-05T08:49:38.392+0000] {logging_mixin.py:188} INFO - Uploaded /tmp/minio_downloads/transactions_090352131625.parquet -> @transactions stage
[2026-08-05T08:49:38.513+0000] {logging_mixin.py:188} INFO - Uploaded /tmp/minio_downloads/transactions_090352190228.parquet -> @transactions stage
[2026-08-05T08:49:38.631+0000] {logging_mixin.py:188} INFO - Uploaded /tmp/minio_downloads/transactions_090352234960.parquet -> @transactions stage
[2026-08-05T08:49:38.778+0000] {logging_mixin.py:188} INFO - Uploaded /tmp/minio_downloads/transactions_090352284281.parquet -> @transactions stage
[2026-08-05T08:49:38.898+0000] {logging_mixin.py:188} INFO - Uploaded /tmp/minio_downloads/transactions_090352330005.parquet -> @transactions stage
[2026-08-05T08:49:39.046+0000] {logging_mixin.py:188} INFO - Uploaded /tmp/minio_downloads/transactions_090352380599.parquet -> @transactions stage
[2026-08-05T08:49:39.167+0000] {logging_mixin.py:188} INFO - Uploaded /tmp/minio_downloads/transactions_090352425116.parquet -> @transactions stage
[2026-08-05T08:49:39.300+0000] {logging_mixin.py:188} INFO - Uploaded /tmp/minio_downloads/transactions_090352478787.parquet -> @transactions stage
[2026-08-05T08:49:39.433+0000] {logging_mixin.py:188} INFO - Uploaded /tmp/minio_downloads/transactions_090352529609.parquet -> @transactions stage
[2026-08-05T08:49:39.559+0000] {logging_mixin.py:188} INFO - Uploaded /tmp/minio_downloads/transactions_090352591371.parquet -> @transactions stage
[2026-08-05T08:49:39.682+0000] {logging_mixin.py:188} INFO - Uploaded /tmp/minio_downloads/transactions_090352633351.parquet -> @transactions stage
[2026-08-05T08:49:39.820+0000] {logging_mixin.py:188} INFO - Uploaded /tmp/minio_downloads/transactions_090352684267.parquet -> @transactions stage
[2026-08-05T08:49:39.941+0000] {logging_mixin.py:188} INFO - Uploaded /tmp/minio_downloads/transactions_090352737147.parquet -> @transactions stage
[2026-08-05T08:49:40.073+0000] {logging_mixin.py:188} INFO - Uploaded /tmp/minio_downloads/transactions_090352784321.parquet -> @transactions stage
[2026-08-05T08:49:40.196+0000] {logging_mixin.py:188} INFO - Uploaded /tmp/minio_downloads/transactions_090352827233.parquet -> @transactions stage
[2026-08-05T08:49:40.332+0000] {logging_mixin.py:188} INFO - Uploaded /tmp/minio_downloads/transactions_090352878913.parquet -> @transactions stage
[2026-08-05T08:49:40.453+0000] {logging_mixin.py:188} INFO - Uploaded /tmp/minio_downloads/transactions_090352923444.parquet -> @transactions stage
[2026-08-05T08:49:40.585+0000] {logging_mixin.py:188} INFO - Uploaded /tmp/minio_downloads/transactions_090352978136.parquet -> @transactions stage
[2026-08-05T08:49:40.705+0000] {logging_mixin.py:188} INFO - Uploaded /tmp/minio_downloads/transactions_090353026733.parquet -> @transactions stage
[2026-08-05T08:49:40.836+0000] {logging_mixin.py:188} INFO - Uploaded /tmp/minio_downloads/transactions_090353079889.parquet -> @transactions stage
[2026-08-05T08:49:40.969+0000] {logging_mixin.py:188} INFO - Uploaded /tmp/minio_downloads/transactions_090353131271.parquet -> @transactions stage
[2026-08-05T08:49:41.083+0000] {logging_mixin.py:188} INFO - Uploaded /tmp/minio_downloads/transactions_090353179157.parquet -> @transactions stage
[2026-08-05T08:49:41.226+0000] {logging_mixin.py:188} INFO - Uploaded /tmp/minio_downloads/transactions_090353225043.parquet -> @transactions stage
[2026-08-05T08:49:41.346+0000] {logging_mixin.py:188} INFO - Uploaded /tmp/minio_downloads/transactions_090353280347.parquet -> @transactions stage
[2026-08-05T08:49:41.492+0000] {logging_mixin.py:188} INFO - Uploaded /tmp/minio_downloads/transactions_090353402065.parquet -> @transactions stage
[2026-08-05T08:49:41.611+0000] {logging_mixin.py:188} INFO - Uploaded /tmp/minio_downloads/transactions_090353455149.parquet -> @transactions stage
[2026-08-05T08:49:41.748+0000] {logging_mixin.py:188} INFO - Uploaded /tmp/minio_downloads/transactions_090353498646.parquet -> @transactions stage
[2026-08-05T08:49:41.863+0000] {logging_mixin.py:188} INFO - Uploaded /tmp/minio_downloads/transactions_090353547456.parquet -> @transactions stage
[2026-08-05T08:49:42.000+0000] {logging_mixin.py:188} INFO - Uploaded /tmp/minio_downloads/transactions_090353600706.parquet -> @transactions stage
[2026-08-05T08:49:42.131+0000] {logging_mixin.py:188} INFO - Uploaded /tmp/minio_downloads/transactions_090353643595.parquet -> @transactions stage
[2026-08-05T08:49:42.252+0000] {logging_mixin.py:188} INFO - Uploaded /tmp/minio_downloads/transactions_090353700583.parquet -> @transactions stage
[2026-08-05T08:49:42.383+0000] {logging_mixin.py:188} INFO - Uploaded /tmp/minio_downloads/transactions_090353745449.parquet -> @transactions stage
[2026-08-05T08:49:42.525+0000] {logging_mixin.py:188} INFO - Uploaded /tmp/minio_downloads/transactions_090353793133.parquet -> @transactions stage
[2026-08-05T08:49:42.649+0000] {logging_mixin.py:188} INFO - Uploaded /tmp/minio_downloads/transactions_090353838216.parquet -> @transactions stage
[2026-08-05T08:49:42.775+0000] {logging_mixin.py:188} INFO - Uploaded /tmp/minio_downloads/transactions_090353890729.parquet -> @transactions stage
[2026-08-05T08:49:42.901+0000] {logging_mixin.py:188} INFO - Uploaded /tmp/minio_downloads/transactions_090353936576.parquet -> @transactions stage
[2026-08-05T08:49:43.040+0000] {logging_mixin.py:188} INFO - Uploaded /tmp/minio_downloads/transactions_090353983581.parquet -> @transactions stage
[2026-08-05T08:49:43.194+0000] {logging_mixin.py:188} INFO - Uploaded /tmp/minio_downloads/transactions_090354028144.parquet -> @transactions stage
[2026-08-05T08:49:43.410+0000] {logging_mixin.py:188} INFO - Uploaded /tmp/minio_downloads/transactions_090354085666.parquet -> @transactions stage
[2026-08-05T08:49:43.535+0000] {logging_mixin.py:188} INFO - Uploaded /tmp/minio_downloads/transactions_090354143476.parquet -> @transactions stage
[2026-08-05T08:49:43.664+0000] {logging_mixin.py:188} INFO - Uploaded /tmp/minio_downloads/transactions_090354206565.parquet -> @transactions stage
[2026-08-05T08:49:43.819+0000] {logging_mixin.py:188} INFO - Uploaded /tmp/minio_downloads/transactions_090354264878.parquet -> @transactions stage
[2026-08-05T08:49:43.960+0000] {logging_mixin.py:188} INFO - Uploaded /tmp/minio_downloads/transactions_090354321619.parquet -> @transactions stage
[2026-08-05T08:49:44.083+0000] {logging_mixin.py:188} INFO - Uploaded /tmp/minio_downloads/transactions_090354369569.parquet -> @transactions stage
[2026-08-05T08:49:44.218+0000] {logging_mixin.py:188} INFO - Uploaded /tmp/minio_downloads/transactions_090354438192.parquet -> @transactions stage
[2026-08-05T08:49:44.352+0000] {logging_mixin.py:188} INFO - Uploaded /tmp/minio_downloads/transactions_090354501727.parquet -> @transactions stage
[2026-08-05T08:49:44.486+0000] {logging_mixin.py:188} INFO - Uploaded /tmp/minio_downloads/transactions_090354564597.parquet -> @transactions stage
[2026-08-05T08:49:44.606+0000] {logging_mixin.py:188} INFO - Uploaded /tmp/minio_downloads/transactions_090354627068.parquet -> @transactions stage
[2026-08-05T08:49:44.741+0000] {logging_mixin.py:188} INFO - Uploaded /tmp/minio_downloads/transactions_090354712936.parquet -> @transactions stage
[2026-08-05T08:49:44.868+0000] {logging_mixin.py:188} INFO - Uploaded /tmp/minio_downloads/transactions_090354761873.parquet -> @transactions stage
[2026-08-05T08:49:45.005+0000] {logging_mixin.py:188} INFO - Uploaded /tmp/minio_downloads/transactions_090354820903.parquet -> @transactions stage
[2026-08-05T08:49:45.122+0000] {logging_mixin.py:188} INFO - Uploaded /tmp/minio_downloads/transactions_090354877371.parquet -> @transactions stage
[2026-08-05T08:49:45.246+0000] {logging_mixin.py:188} INFO - Uploaded /tmp/minio_downloads/transactions_090354928245.parquet -> @transactions stage
[2026-08-05T08:49:45.389+0000] {logging_mixin.py:188} INFO - Uploaded /tmp/minio_downloads/transactions_090354976320.parquet -> @transactions stage
[2026-08-05T08:49:45.509+0000] {logging_mixin.py:188} INFO - Uploaded /tmp/minio_downloads/transactions_090355028374.parquet -> @transactions stage
[2026-08-05T08:49:45.625+0000] {logging_mixin.py:188} INFO - Uploaded /tmp/minio_downloads/transactions_090355098015.parquet -> @transactions stage
[2026-08-05T08:49:45.738+0000] {logging_mixin.py:188} INFO - Uploaded /tmp/minio_downloads/transactions_090355150578.parquet -> @transactions stage
[2026-08-05T08:49:45.862+0000] {logging_mixin.py:188} INFO - Uploaded /tmp/minio_downloads/transactions_090355208526.parquet -> @transactions stage
[2026-08-05T08:49:45.983+0000] {logging_mixin.py:188} INFO - Uploaded /tmp/minio_downloads/transactions_090355262557.parquet -> @transactions stage
[2026-08-05T08:49:46.118+0000] {logging_mixin.py:188} INFO - Uploaded /tmp/minio_downloads/transactions_090355321034.parquet -> @transactions stage
[2026-08-05T08:49:46.240+0000] {logging_mixin.py:188} INFO - Uploaded /tmp/minio_downloads/transactions_090355376276.parquet -> @transactions stage
[2026-08-05T08:49:46.383+0000] {logging_mixin.py:188} INFO - Uploaded /tmp/minio_downloads/transactions_090355427809.parquet -> @transactions stage
[2026-08-05T08:49:46.507+0000] {logging_mixin.py:188} INFO - Uploaded /tmp/minio_downloads/transactions_090355476191.parquet -> @transactions stage
[2026-08-05T08:49:46.636+0000] {logging_mixin.py:188} INFO - Uploaded /tmp/minio_downloads/transactions_090355536617.parquet -> @transactions stage
[2026-08-05T08:49:46.794+0000] {logging_mixin.py:188} INFO - Uploaded /tmp/minio_downloads/transactions_090355610693.parquet -> @transactions stage
[2026-08-05T08:49:46.929+0000] {logging_mixin.py:188} INFO - Uploaded /tmp/minio_downloads/transactions_090355659016.parquet -> @transactions stage
[2026-08-05T08:49:47.076+0000] {logging_mixin.py:188} INFO - Uploaded /tmp/minio_downloads/transactions_090355707912.parquet -> @transactions stage
[2026-08-05T08:49:47.286+0000] {logging_mixin.py:188} INFO - Uploaded /tmp/minio_downloads/transactions_090355751412.parquet -> @transactions stage
[2026-08-05T08:49:47.404+0000] {logging_mixin.py:188} INFO - Uploaded /tmp/minio_downloads/transactions_090355794944.parquet -> @transactions stage
[2026-08-05T08:49:47.547+0000] {logging_mixin.py:188} INFO - Uploaded /tmp/minio_downloads/transactions_090355840528.parquet -> @transactions stage
[2026-08-05T08:49:47.669+0000] {logging_mixin.py:188} INFO - Uploaded /tmp/minio_downloads/transactions_090355883874.parquet -> @transactions stage
[2026-08-05T08:49:47.791+0000] {logging_mixin.py:188} INFO - Uploaded /tmp/minio_downloads/transactions_090355928754.parquet -> @transactions stage
[2026-08-05T08:49:48.304+0000] {logging_mixin.py:188} INFO - Uploaded /tmp/minio_downloads/transactions_090355974016.parquet -> @transactions stage
[2026-08-05T08:49:48.430+0000] {logging_mixin.py:188} INFO - Uploaded /tmp/minio_downloads/transactions_090356024551.parquet -> @transactions stage
[2026-08-05T08:49:48.766+0000] {logging_mixin.py:188} INFO - Uploaded /tmp/minio_downloads/transactions_090356070001.parquet -> @transactions stage
[2026-08-05T08:49:48.903+0000] {logging_mixin.py:188} INFO - Uploaded /tmp/minio_downloads/transactions_090356124968.parquet -> @transactions stage
[2026-08-05T08:49:49.030+0000] {logging_mixin.py:188} INFO - Uploaded /tmp/minio_downloads/transactions_090356167955.parquet -> @transactions stage
[2026-08-05T08:49:49.165+0000] {logging_mixin.py:188} INFO - Uploaded /tmp/minio_downloads/transactions_090356289620.parquet -> @transactions stage
[2026-08-05T08:49:49.287+0000] {logging_mixin.py:188} INFO - Uploaded /tmp/minio_downloads/transactions_090356332656.parquet -> @transactions stage
[2026-08-05T08:49:49.408+0000] {logging_mixin.py:188} INFO - Uploaded /tmp/minio_downloads/transactions_090356379752.parquet -> @transactions stage
[2026-08-05T08:49:49.539+0000] {logging_mixin.py:188} INFO - Uploaded /tmp/minio_downloads/transactions_090356429536.parquet -> @transactions stage
[2026-08-05T08:49:49.658+0000] {logging_mixin.py:188} INFO - Uploaded /tmp/minio_downloads/transactions_090356484290.parquet -> @transactions stage
[2026-08-05T08:49:49.809+0000] {logging_mixin.py:188} INFO - Uploaded /tmp/minio_downloads/transactions_090356535040.parquet -> @transactions stage
[2026-08-05T08:49:49.957+0000] {logging_mixin.py:188} INFO - Uploaded /tmp/minio_downloads/transactions_090356580344.parquet -> @transactions stage
[2026-08-05T08:49:50.093+0000] {logging_mixin.py:188} INFO - Uploaded /tmp/minio_downloads/transactions_090356632331.parquet -> @transactions stage
[2026-08-05T08:49:50.215+0000] {logging_mixin.py:188} INFO - Uploaded /tmp/minio_downloads/transactions_090356677968.parquet -> @transactions stage
[2026-08-05T08:49:50.367+0000] {logging_mixin.py:188} INFO - Uploaded /tmp/minio_downloads/transactions_090356730719.parquet -> @transactions stage
[2026-08-05T08:49:50.504+0000] {logging_mixin.py:188} INFO - Uploaded /tmp/minio_downloads/transactions_090356805931.parquet -> @transactions stage
[2026-08-05T08:49:50.621+0000] {logging_mixin.py:188} INFO - Uploaded /tmp/minio_downloads/transactions_090356874133.parquet -> @transactions stage
[2026-08-05T08:49:50.750+0000] {logging_mixin.py:188} INFO - Uploaded /tmp/minio_downloads/transactions_090356921095.parquet -> @transactions stage
[2026-08-05T08:49:50.872+0000] {logging_mixin.py:188} INFO - Uploaded /tmp/minio_downloads/transactions_090356966348.parquet -> @transactions stage
[2026-08-05T08:49:51.005+0000] {logging_mixin.py:188} INFO - Uploaded /tmp/minio_downloads/transactions_090357009429.parquet -> @transactions stage
[2026-08-05T08:49:51.264+0000] {logging_mixin.py:188} INFO - Uploaded /tmp/minio_downloads/transactions_090357055813.parquet -> @transactions stage
[2026-08-05T08:49:51.392+0000] {logging_mixin.py:188} INFO - Uploaded /tmp/minio_downloads/transactions_090357106270.parquet -> @transactions stage
[2026-08-05T08:49:51.510+0000] {logging_mixin.py:188} INFO - Uploaded /tmp/minio_downloads/transactions_090357156838.parquet -> @transactions stage
[2026-08-05T08:49:51.645+0000] {logging_mixin.py:188} INFO - Uploaded /tmp/minio_downloads/transactions_090357200505.parquet -> @transactions stage
[2026-08-05T08:49:51.776+0000] {logging_mixin.py:188} INFO - Uploaded /tmp/minio_downloads/transactions_090357261171.parquet -> @transactions stage
[2026-08-05T08:49:51.903+0000] {logging_mixin.py:188} INFO - Uploaded /tmp/minio_downloads/transactions_090357304843.parquet -> @transactions stage
[2026-08-05T08:49:52.049+0000] {logging_mixin.py:188} INFO - Uploaded /tmp/minio_downloads/transactions_090357351236.parquet -> @transactions stage
[2026-08-05T08:49:52.185+0000] {logging_mixin.py:188} INFO - Uploaded /tmp/minio_downloads/transactions_090357394679.parquet -> @transactions stage
[2026-08-05T08:49:52.323+0000] {logging_mixin.py:188} INFO - Uploaded /tmp/minio_downloads/transactions_090357440164.parquet -> @transactions stage
[2026-08-05T08:49:52.448+0000] {logging_mixin.py:188} INFO - Uploaded /tmp/minio_downloads/transactions_090357490624.parquet -> @transactions stage
[2026-08-05T08:49:52.579+0000] {logging_mixin.py:188} INFO - Uploaded /tmp/minio_downloads/transactions_090357538623.parquet -> @transactions stage
[2026-08-05T08:49:52.708+0000] {logging_mixin.py:188} INFO - Uploaded /tmp/minio_downloads/transactions_090357589134.parquet -> @transactions stage
[2026-08-05T08:49:52.842+0000] {logging_mixin.py:188} INFO - Uploaded /tmp/minio_downloads/transactions_090357651723.parquet -> @transactions stage
[2026-08-05T08:49:52.982+0000] {logging_mixin.py:188} INFO - Uploaded /tmp/minio_downloads/transactions_090357702738.parquet -> @transactions stage
[2026-08-05T08:49:53.125+0000] {logging_mixin.py:188} INFO - Uploaded /tmp/minio_downloads/transactions_090357760100.parquet -> @transactions stage
[2026-08-05T08:49:53.264+0000] {logging_mixin.py:188} INFO - Uploaded /tmp/minio_downloads/transactions_090357801435.parquet -> @transactions stage
[2026-08-05T08:49:53.372+0000] {logging_mixin.py:188} INFO - Uploaded /tmp/minio_downloads/transactions_090357851905.parquet -> @transactions stage
[2026-08-05T08:49:53.499+0000] {logging_mixin.py:188} INFO - Uploaded /tmp/minio_downloads/transactions_090357912801.parquet -> @transactions stage
[2026-08-05T08:49:53.591+0000] {logging_mixin.py:188} INFO - Uploaded /tmp/minio_downloads/transactions_090357960568.parquet -> @transactions stage
[2026-08-05T08:49:53.697+0000] {logging_mixin.py:188} INFO - Uploaded /tmp/minio_downloads/transactions_090358004849.parquet -> @transactions stage
[2026-08-05T08:49:53.787+0000] {logging_mixin.py:188} INFO - Uploaded /tmp/minio_downloads/transactions_090358056560.parquet -> @transactions stage
[2026-08-05T08:49:53.885+0000] {logging_mixin.py:188} INFO - Uploaded /tmp/minio_downloads/transactions_090358105593.parquet -> @transactions stage
[2026-08-05T08:49:53.990+0000] {logging_mixin.py:188} INFO - Uploaded /tmp/minio_downloads/transactions_090358162181.parquet -> @transactions stage
[2026-08-05T08:49:54.075+0000] {logging_mixin.py:188} INFO - Uploaded /tmp/minio_downloads/transactions_090358208325.parquet -> @transactions stage
[2026-08-05T08:49:54.165+0000] {logging_mixin.py:188} INFO - Uploaded /tmp/minio_downloads/transactions_090358259907.parquet -> @transactions stage
[2026-08-05T08:49:54.266+0000] {logging_mixin.py:188} INFO - Uploaded /tmp/minio_downloads/transactions_090358303300.parquet -> @transactions stage
[2026-08-05T08:49:54.344+0000] {logging_mixin.py:188} INFO - Uploaded /tmp/minio_downloads/transactions_090358355686.parquet -> @transactions stage
[2026-08-05T08:49:54.442+0000] {logging_mixin.py:188} INFO - Uploaded /tmp/minio_downloads/transactions_090358405389.parquet -> @transactions stage
[2026-08-05T08:49:54.543+0000] {logging_mixin.py:188} INFO - Uploaded /tmp/minio_downloads/transactions_090358443895.parquet -> @transactions stage
[2026-08-05T08:49:54.772+0000] {logging_mixin.py:188} INFO - Uploaded /tmp/minio_downloads/transactions_090358557096.parquet -> @transactions stage
[2026-08-05T08:49:54.871+0000] {logging_mixin.py:188} INFO - Uploaded /tmp/minio_downloads/transactions_090358604150.parquet -> @transactions stage
[2026-08-05T08:49:54.964+0000] {logging_mixin.py:188} INFO - Uploaded /tmp/minio_downloads/transactions_090358674157.parquet -> @transactions stage
[2026-08-05T08:49:55.055+0000] {logging_mixin.py:188} INFO - Uploaded /tmp/minio_downloads/transactions_090358720067.parquet -> @transactions stage
[2026-08-05T08:49:55.147+0000] {logging_mixin.py:188} INFO - Uploaded /tmp/minio_downloads/transactions_090358769853.parquet -> @transactions stage
[2026-08-05T08:49:55.258+0000] {logging_mixin.py:188} INFO - Uploaded /tmp/minio_downloads/transactions_090358814455.parquet -> @transactions stage
[2026-08-05T08:49:55.337+0000] {logging_mixin.py:188} INFO - Uploaded /tmp/minio_downloads/transactions_090358863524.parquet -> @transactions stage
[2026-08-05T08:49:55.435+0000] {logging_mixin.py:188} INFO - Uploaded /tmp/minio_downloads/transactions_090358934392.parquet -> @transactions stage
[2026-08-05T08:49:55.516+0000] {logging_mixin.py:188} INFO - Uploaded /tmp/minio_downloads/transactions_090358979341.parquet -> @transactions stage
[2026-08-05T08:49:55.618+0000] {logging_mixin.py:188} INFO - Uploaded /tmp/minio_downloads/transactions_090359023383.parquet -> @transactions stage
[2026-08-05T08:49:55.709+0000] {logging_mixin.py:188} INFO - Uploaded /tmp/minio_downloads/transactions_090359073300.parquet -> @transactions stage
[2026-08-05T08:49:55.814+0000] {logging_mixin.py:188} INFO - Uploaded /tmp/minio_downloads/transactions_090359125859.parquet -> @transactions stage
[2026-08-05T08:49:55.893+0000] {logging_mixin.py:188} INFO - Uploaded /tmp/minio_downloads/transactions_090359170062.parquet -> @transactions stage
[2026-08-05T08:49:56.028+0000] {logging_mixin.py:188} INFO - Uploaded /tmp/minio_downloads/transactions_090359215423.parquet -> @transactions stage
[2026-08-05T08:49:56.155+0000] {logging_mixin.py:188} INFO - Uploaded /tmp/minio_downloads/transactions_090359261771.parquet -> @transactions stage
[2026-08-05T08:49:56.256+0000] {logging_mixin.py:188} INFO - Uploaded /tmp/minio_downloads/transactions_090359309259.parquet -> @transactions stage
[2026-08-05T08:49:56.337+0000] {logging_mixin.py:188} INFO - Uploaded /tmp/minio_downloads/transactions_090359352159.parquet -> @transactions stage
[2026-08-05T08:49:56.417+0000] {logging_mixin.py:188} INFO - Uploaded /tmp/minio_downloads/transactions_090359412076.parquet -> @transactions stage
[2026-08-05T08:49:57.328+0000] {logging_mixin.py:188} INFO - Uploaded /tmp/minio_downloads/transactions_090359479421.parquet -> @transactions stage
[2026-08-05T08:49:57.430+0000] {logging_mixin.py:188} INFO - Uploaded /tmp/minio_downloads/transactions_090359532828.parquet -> @transactions stage
[2026-08-05T08:49:57.525+0000] {logging_mixin.py:188} INFO - Uploaded /tmp/minio_downloads/transactions_090359614357.parquet -> @transactions stage
[2026-08-05T08:49:57.642+0000] {logging_mixin.py:188} INFO - Uploaded /tmp/minio_downloads/transactions_090359687534.parquet -> @transactions stage
[2026-08-05T08:49:57.767+0000] {logging_mixin.py:188} INFO - Uploaded /tmp/minio_downloads/transactions_090359742743.parquet -> @transactions stage
[2026-08-05T08:49:57.886+0000] {logging_mixin.py:188} INFO - Uploaded /tmp/minio_downloads/transactions_090359809288.parquet -> @transactions stage
[2026-08-05T08:49:58.005+0000] {logging_mixin.py:188} INFO - Uploaded /tmp/minio_downloads/transactions_090359858103.parquet -> @transactions stage
[2026-08-05T08:49:58.123+0000] {logging_mixin.py:188} INFO - Uploaded /tmp/minio_downloads/transactions_090359917897.parquet -> @transactions stage
[2026-08-05T08:49:58.250+0000] {logging_mixin.py:188} INFO - Uploaded /tmp/minio_downloads/transactions_090359961638.parquet -> @transactions stage
[2026-08-05T08:49:58.379+0000] {logging_mixin.py:188} INFO - Uploaded /tmp/minio_downloads/transactions_090400008307.parquet -> @transactions stage
[2026-08-05T08:49:58.508+0000] {logging_mixin.py:188} INFO - Uploaded /tmp/minio_downloads/transactions_090400055652.parquet -> @transactions stage
[2026-08-05T08:49:58.626+0000] {logging_mixin.py:188} INFO - Uploaded /tmp/minio_downloads/transactions_090400100974.parquet -> @transactions stage
[2026-08-05T08:49:58.761+0000] {logging_mixin.py:188} INFO - Uploaded /tmp/minio_downloads/transactions_090400154865.parquet -> @transactions stage
[2026-08-05T08:49:58.877+0000] {logging_mixin.py:188} INFO - Uploaded /tmp/minio_downloads/transactions_090400199579.parquet -> @transactions stage
[2026-08-05T08:49:59.001+0000] {logging_mixin.py:188} INFO - Uploaded /tmp/minio_downloads/transactions_090400244645.parquet -> @transactions stage
[2026-08-05T08:49:59.118+0000] {logging_mixin.py:188} INFO - Uploaded /tmp/minio_downloads/transactions_090400302861.parquet -> @transactions stage
[2026-08-05T08:49:59.250+0000] {logging_mixin.py:188} INFO - Uploaded /tmp/minio_downloads/transactions_090400414726.parquet -> @transactions stage
[2026-08-05T08:49:59.372+0000] {logging_mixin.py:188} INFO - Uploaded /tmp/minio_downloads/transactions_090400462155.parquet -> @transactions stage
[2026-08-05T08:49:59.500+0000] {logging_mixin.py:188} INFO - Uploaded /tmp/minio_downloads/transactions_090400508113.parquet -> @transactions stage
[2026-08-05T08:49:59.614+0000] {logging_mixin.py:188} INFO - Uploaded /tmp/minio_downloads/transactions_090400551760.parquet -> @transactions stage
[2026-08-05T08:49:59.760+0000] {logging_mixin.py:188} INFO - Uploaded /tmp/minio_downloads/transactions_090400598796.parquet -> @transactions stage
[2026-08-05T08:49:59.892+0000] {logging_mixin.py:188} INFO - Uploaded /tmp/minio_downloads/transactions_090400650307.parquet -> @transactions stage
[2026-08-05T08:50:00.034+0000] {logging_mixin.py:188} INFO - Uploaded /tmp/minio_downloads/transactions_090400718652.parquet -> @transactions stage
[2026-08-05T08:50:00.179+0000] {logging_mixin.py:188} INFO - Uploaded /tmp/minio_downloads/transactions_090400764108.parquet -> @transactions stage
[2026-08-05T08:50:00.315+0000] {logging_mixin.py:188} INFO - Uploaded /tmp/minio_downloads/transactions_090400811028.parquet -> @transactions stage
[2026-08-05T08:50:00.441+0000] {logging_mixin.py:188} INFO - Uploaded /tmp/minio_downloads/transactions_090400854504.parquet -> @transactions stage
[2026-08-05T08:50:00.568+0000] {logging_mixin.py:188} INFO - Uploaded /tmp/minio_downloads/transactions_090400901832.parquet -> @transactions stage
[2026-08-05T08:50:00.706+0000] {logging_mixin.py:188} INFO - Uploaded /tmp/minio_downloads/transactions_090400963088.parquet -> @transactions stage
[2026-08-05T08:50:00.829+0000] {logging_mixin.py:188} INFO - Uploaded /tmp/minio_downloads/transactions_090401013096.parquet -> @transactions stage
[2026-08-05T08:50:00.962+0000] {logging_mixin.py:188} INFO - Uploaded /tmp/minio_downloads/transactions_090401055274.parquet -> @transactions stage
[2026-08-05T08:50:01.087+0000] {logging_mixin.py:188} INFO - Uploaded /tmp/minio_downloads/transactions_090401109174.parquet -> @transactions stage
[2026-08-05T08:50:01.214+0000] {logging_mixin.py:188} INFO - Uploaded /tmp/minio_downloads/transactions_090401158400.parquet -> @transactions stage
[2026-08-05T08:50:01.363+0000] {logging_mixin.py:188} INFO - Uploaded /tmp/minio_downloads/transactions_090401204691.parquet -> @transactions stage
[2026-08-05T08:50:01.501+0000] {logging_mixin.py:188} INFO - Uploaded /tmp/minio_downloads/transactions_090401251759.parquet -> @transactions stage
[2026-08-05T08:50:01.626+0000] {logging_mixin.py:188} INFO - Uploaded /tmp/minio_downloads/transactions_090401308097.parquet -> @transactions stage
[2026-08-05T08:50:01.746+0000] {logging_mixin.py:188} INFO - Uploaded /tmp/minio_downloads/transactions_090401353068.parquet -> @transactions stage
[2026-08-05T08:50:01.880+0000] {logging_mixin.py:188} INFO - Uploaded /tmp/minio_downloads/transactions_090401399897.parquet -> @transactions stage
[2026-08-05T08:50:02.002+0000] {logging_mixin.py:188} INFO - Uploaded /tmp/minio_downloads/transactions_090401443951.parquet -> @transactions stage
[2026-08-05T08:50:02.141+0000] {logging_mixin.py:188} INFO - Uploaded /tmp/minio_downloads/transactions_090401488223.parquet -> @transactions stage
[2026-08-05T08:50:02.283+0000] {logging_mixin.py:188} INFO - Uploaded /tmp/minio_downloads/transactions_090401532150.parquet -> @transactions stage
[2026-08-05T08:50:02.418+0000] {logging_mixin.py:188} INFO - Uploaded /tmp/minio_downloads/transactions_090401575172.parquet -> @transactions stage
[2026-08-05T08:50:02.587+0000] {logging_mixin.py:188} INFO - Uploaded /tmp/minio_downloads/transactions_090401621799.parquet -> @transactions stage
[2026-08-05T08:50:02.718+0000] {logging_mixin.py:188} INFO - Uploaded /tmp/minio_downloads/transactions_090406088254.parquet -> @transactions stage
[2026-08-05T08:50:02.852+0000] {logging_mixin.py:188} INFO - Uploaded /tmp/minio_downloads/transactions_090406146940.parquet -> @transactions stage
[2026-08-05T08:50:02.994+0000] {logging_mixin.py:188} INFO - Uploaded /tmp/minio_downloads/transactions_090406202556.parquet -> @transactions stage
[2026-08-05T08:50:03.140+0000] {logging_mixin.py:188} INFO - Uploaded /tmp/minio_downloads/transactions_090406248287.parquet -> @transactions stage
[2026-08-05T08:50:03.279+0000] {logging_mixin.py:188} INFO - Uploaded /tmp/minio_downloads/transactions_090406323372.parquet -> @transactions stage
[2026-08-05T08:50:03.415+0000] {logging_mixin.py:188} INFO - Uploaded /tmp/minio_downloads/transactions_090406401429.parquet -> @transactions stage
[2026-08-05T08:50:03.552+0000] {logging_mixin.py:188} INFO - Uploaded /tmp/minio_downloads/transactions_090406455142.parquet -> @transactions stage
[2026-08-05T08:50:03.682+0000] {logging_mixin.py:188} INFO - Uploaded /tmp/minio_downloads/transactions_090406512296.parquet -> @transactions stage
[2026-08-05T08:50:03.817+0000] {logging_mixin.py:188} INFO - Uploaded /tmp/minio_downloads/transactions_090406599805.parquet -> @transactions stage
[2026-08-05T08:50:03.949+0000] {logging_mixin.py:188} INFO - Uploaded /tmp/minio_downloads/transactions_090406655922.parquet -> @transactions stage
[2026-08-05T08:50:04.094+0000] {logging_mixin.py:188} INFO - Uploaded /tmp/minio_downloads/transactions_090406718291.parquet -> @transactions stage
[2026-08-05T08:50:04.219+0000] {logging_mixin.py:188} INFO - Uploaded /tmp/minio_downloads/transactions_090406794188.parquet -> @transactions stage
[2026-08-05T08:50:04.361+0000] {logging_mixin.py:188} INFO - Uploaded /tmp/minio_downloads/transactions_090406889864.parquet -> @transactions stage
[2026-08-05T08:50:04.495+0000] {logging_mixin.py:188} INFO - Uploaded /tmp/minio_downloads/transactions_090406963161.parquet -> @transactions stage
[2026-08-05T08:50:04.628+0000] {logging_mixin.py:188} INFO - Uploaded /tmp/minio_downloads/transactions_090407014526.parquet -> @transactions stage
[2026-08-05T08:50:04.755+0000] {logging_mixin.py:188} INFO - Uploaded /tmp/minio_downloads/transactions_090407064895.parquet -> @transactions stage
[2026-08-05T08:50:04.899+0000] {logging_mixin.py:188} INFO - Uploaded /tmp/minio_downloads/transactions_090407119617.parquet -> @transactions stage
[2026-08-05T08:50:05.027+0000] {logging_mixin.py:188} INFO - Uploaded /tmp/minio_downloads/transactions_090407171988.parquet -> @transactions stage
[2026-08-05T08:50:05.181+0000] {logging_mixin.py:188} INFO - Uploaded /tmp/minio_downloads/transactions_090407247987.parquet -> @transactions stage
[2026-08-05T08:50:05.306+0000] {logging_mixin.py:188} INFO - Uploaded /tmp/minio_downloads/transactions_090407315896.parquet -> @transactions stage
[2026-08-05T08:50:05.450+0000] {logging_mixin.py:188} INFO - Uploaded /tmp/minio_downloads/transactions_090407371463.parquet -> @transactions stage
[2026-08-05T08:50:05.571+0000] {logging_mixin.py:188} INFO - Uploaded /tmp/minio_downloads/transactions_090407450009.parquet -> @transactions stage
[2026-08-05T08:50:05.697+0000] {logging_mixin.py:188} INFO - Uploaded /tmp/minio_downloads/transactions_090407516292.parquet -> @transactions stage
[2026-08-05T08:50:05.827+0000] {logging_mixin.py:188} INFO - Uploaded /tmp/minio_downloads/transactions_090407566961.parquet -> @transactions stage
[2026-08-05T08:50:05.949+0000] {logging_mixin.py:188} INFO - Uploaded /tmp/minio_downloads/transactions_090407631725.parquet -> @transactions stage
[2026-08-05T08:50:06.073+0000] {logging_mixin.py:188} INFO - Uploaded /tmp/minio_downloads/transactions_090407676314.parquet -> @transactions stage
[2026-08-05T08:50:06.213+0000] {logging_mixin.py:188} INFO - Uploaded /tmp/minio_downloads/transactions_090407722561.parquet -> @transactions stage
[2026-08-05T08:50:06.337+0000] {logging_mixin.py:188} INFO - Uploaded /tmp/minio_downloads/transactions_090407771326.parquet -> @transactions stage
[2026-08-05T08:50:06.469+0000] {logging_mixin.py:188} INFO - Uploaded /tmp/minio_downloads/transactions_090407819465.parquet -> @transactions stage
[2026-08-05T08:50:06.595+0000] {logging_mixin.py:188} INFO - Uploaded /tmp/minio_downloads/transactions_090407866042.parquet -> @transactions stage
[2026-08-05T08:50:06.722+0000] {logging_mixin.py:188} INFO - Uploaded /tmp/minio_downloads/transactions_090408004044.parquet -> @transactions stage
[2026-08-05T08:50:06.841+0000] {logging_mixin.py:188} INFO - Uploaded /tmp/minio_downloads/transactions_090408052782.parquet -> @transactions stage
[2026-08-05T08:50:06.977+0000] {logging_mixin.py:188} INFO - Uploaded /tmp/minio_downloads/transactions_090408101485.parquet -> @transactions stage
[2026-08-05T08:50:07.097+0000] {logging_mixin.py:188} INFO - Uploaded /tmp/minio_downloads/transactions_090408154313.parquet -> @transactions stage
[2026-08-05T08:50:07.241+0000] {logging_mixin.py:188} INFO - Uploaded /tmp/minio_downloads/transactions_090408200528.parquet -> @transactions stage
[2026-08-05T08:50:07.366+0000] {logging_mixin.py:188} INFO - Uploaded /tmp/minio_downloads/transactions_090408249018.parquet -> @transactions stage
[2026-08-05T08:50:07.501+0000] {logging_mixin.py:188} INFO - Uploaded /tmp/minio_downloads/transactions_090408312965.parquet -> @transactions stage
[2026-08-05T08:50:08.421+0000] {logging_mixin.py:188} INFO - Uploaded /tmp/minio_downloads/transactions_090408375640.parquet -> @transactions stage
[2026-08-05T08:50:08.545+0000] {logging_mixin.py:188} INFO - Uploaded /tmp/minio_downloads/transactions_090408429805.parquet -> @transactions stage
[2026-08-05T08:50:08.669+0000] {logging_mixin.py:188} INFO - Uploaded /tmp/minio_downloads/transactions_090408481925.parquet -> @transactions stage
[2026-08-05T08:50:08.799+0000] {logging_mixin.py:188} INFO - Uploaded /tmp/minio_downloads/transactions_090408529318.parquet -> @transactions stage
[2026-08-05T08:50:08.941+0000] {logging_mixin.py:188} INFO - Uploaded /tmp/minio_downloads/transactions_090408587037.parquet -> @transactions stage
[2026-08-05T08:50:09.059+0000] {logging_mixin.py:188} INFO - Uploaded /tmp/minio_downloads/transactions_090408632655.parquet -> @transactions stage
[2026-08-05T08:50:09.336+0000] {logging_mixin.py:188} INFO - Uploaded /tmp/minio_downloads/transactions_090408679433.parquet -> @transactions stage
[2026-08-05T08:50:09.468+0000] {logging_mixin.py:188} INFO - Uploaded /tmp/minio_downloads/transactions_090408727398.parquet -> @transactions stage
[2026-08-05T08:50:09.587+0000] {logging_mixin.py:188} INFO - Uploaded /tmp/minio_downloads/transactions_090408782212.parquet -> @transactions stage
[2026-08-05T08:50:09.719+0000] {logging_mixin.py:188} INFO - Uploaded /tmp/minio_downloads/transactions_090408835529.parquet -> @transactions stage
[2026-08-05T08:50:09.854+0000] {logging_mixin.py:188} INFO - Uploaded /tmp/minio_downloads/transactions_090408886244.parquet -> @transactions stage
[2026-08-05T08:50:10.079+0000] {logging_mixin.py:188} INFO - Uploaded /tmp/minio_downloads/transactions_090408932712.parquet -> @transactions stage
[2026-08-05T08:50:10.197+0000] {logging_mixin.py:188} INFO - Uploaded /tmp/minio_downloads/transactions_090409006680.parquet -> @transactions stage
[2026-08-05T08:50:10.326+0000] {logging_mixin.py:188} INFO - Uploaded /tmp/minio_downloads/transactions_090409060002.parquet -> @transactions stage
[2026-08-05T08:50:10.448+0000] {logging_mixin.py:188} INFO - Uploaded /tmp/minio_downloads/transactions_090409104703.parquet -> @transactions stage
[2026-08-05T08:50:10.629+0000] {logging_mixin.py:188} INFO - Uploaded /tmp/minio_downloads/transactions_090409152569.parquet -> @transactions stage
[2026-08-05T08:50:10.757+0000] {logging_mixin.py:188} INFO - Uploaded /tmp/minio_downloads/transactions_090409197963.parquet -> @transactions stage
[2026-08-05T08:50:10.889+0000] {logging_mixin.py:188} INFO - Uploaded /tmp/minio_downloads/transactions_090409244623.parquet -> @transactions stage
[2026-08-05T08:50:11.027+0000] {logging_mixin.py:188} INFO - Uploaded /tmp/minio_downloads/transactions_090409296690.parquet -> @transactions stage
[2026-08-05T08:50:11.151+0000] {logging_mixin.py:188} INFO - Uploaded /tmp/minio_downloads/transactions_090409372121.parquet -> @transactions stage
[2026-08-05T08:50:11.283+0000] {logging_mixin.py:188} INFO - Uploaded /tmp/minio_downloads/transactions_090409417527.parquet -> @transactions stage
[2026-08-05T08:50:11.413+0000] {logging_mixin.py:188} INFO - Uploaded /tmp/minio_downloads/transactions_090409479691.parquet -> @transactions stage
[2026-08-05T08:50:11.546+0000] {logging_mixin.py:188} INFO - Uploaded /tmp/minio_downloads/transactions_090409546407.parquet -> @transactions stage
[2026-08-05T08:50:11.672+0000] {logging_mixin.py:188} INFO - Uploaded /tmp/minio_downloads/transactions_090409623927.parquet -> @transactions stage
[2026-08-05T08:50:11.814+0000] {logging_mixin.py:188} INFO - Uploaded /tmp/minio_downloads/transactions_090409676239.parquet -> @transactions stage
[2026-08-05T08:50:11.945+0000] {logging_mixin.py:188} INFO - Uploaded /tmp/minio_downloads/transactions_090409719991.parquet -> @transactions stage
[2026-08-05T08:50:12.064+0000] {logging_mixin.py:188} INFO - Uploaded /tmp/minio_downloads/transactions_090409773039.parquet -> @transactions stage
[2026-08-05T08:50:12.197+0000] {logging_mixin.py:188} INFO - Uploaded /tmp/minio_downloads/transactions_090409828550.parquet -> @transactions stage
[2026-08-05T08:50:12.320+0000] {logging_mixin.py:188} INFO - Uploaded /tmp/minio_downloads/transactions_090409882190.parquet -> @transactions stage
[2026-08-05T08:50:12.458+0000] {logging_mixin.py:188} INFO - Uploaded /tmp/minio_downloads/transactions_090409928613.parquet -> @transactions stage
[2026-08-05T08:50:12.592+0000] {logging_mixin.py:188} INFO - Uploaded /tmp/minio_downloads/transactions_090409979789.parquet -> @transactions stage
[2026-08-05T08:50:12.733+0000] {logging_mixin.py:188} INFO - Uploaded /tmp/minio_downloads/transactions_090410029506.parquet -> @transactions stage
[2026-08-05T08:50:12.873+0000] {logging_mixin.py:188} INFO - Uploaded /tmp/minio_downloads/transactions_090410087550.parquet -> @transactions stage
[2026-08-05T08:50:13.017+0000] {logging_mixin.py:188} INFO - Uploaded /tmp/minio_downloads/transactions_090410197433.parquet -> @transactions stage
[2026-08-05T08:50:13.189+0000] {logging_mixin.py:188} INFO - Uploaded /tmp/minio_downloads/transactions_090410244821.parquet -> @transactions stage
[2026-08-05T08:50:13.324+0000] {logging_mixin.py:188} INFO - Uploaded /tmp/minio_downloads/transactions_090410290192.parquet -> @transactions stage
[2026-08-05T08:50:13.445+0000] {logging_mixin.py:188} INFO - Uploaded /tmp/minio_downloads/transactions_090410344860.parquet -> @transactions stage
[2026-08-05T08:50:13.580+0000] {logging_mixin.py:188} INFO - Uploaded /tmp/minio_downloads/transactions_090410400587.parquet -> @transactions stage
[2026-08-05T08:50:13.713+0000] {logging_mixin.py:188} INFO - Uploaded /tmp/minio_downloads/transactions_090410457697.parquet -> @transactions stage
[2026-08-05T08:50:13.850+0000] {logging_mixin.py:188} INFO - Uploaded /tmp/minio_downloads/transactions_090410525442.parquet -> @transactions stage
[2026-08-05T08:50:13.969+0000] {logging_mixin.py:188} INFO - Uploaded /tmp/minio_downloads/transactions_090410572839.parquet -> @transactions stage
[2026-08-05T08:50:14.120+0000] {logging_mixin.py:188} INFO - Uploaded /tmp/minio_downloads/transactions_090410619421.parquet -> @transactions stage
[2026-08-05T08:50:14.560+0000] {logging_mixin.py:188} INFO - Data loaded into transactions
[2026-08-05T08:50:14.664+0000] {python.py:237} INFO - Done. Returned value was: None
[2026-08-05T08:50:14.666+0000] {taskinstance.py:441} INFO - ::group::Post task execution logs
[2026-08-05T08:50:14.688+0000] {taskinstance.py:1206} INFO - Marking task as SUCCESS. dag_id=minio_to_snowflake_banking, task_id=load_snowflake, run_id=scheduled__2026-08-05T08:44:00+00:00, execution_date=20260805T084400, start_date=20260805T084836, end_date=20260805T085014
[2026-08-05T08:50:14.732+0000] {local_task_job_runner.py:243} INFO - Task exited with return code 0
[2026-08-05T08:50:14.760+0000] {taskinstance.py:3503} INFO - 0 downstream tasks scheduled from follow-on schedule check
[2026-08-05T08:50:14.763+0000] {local_task_job_runner.py:222} INFO - ::endgroup::
