[2026-08-05T08:52:55.966+0000] {local_task_job_runner.py:120} INFO - ::group::Pre task execution logs
[2026-08-05T08:52:56.015+0000] {taskinstance.py:2076} INFO - Dependencies all met for dep_context=non-requeueable deps ti=<TaskInstance: minio_to_snowflake_banking.load_snowflake scheduled__2026-08-05T08:48:00+00:00 [queued]>
[2026-08-05T08:52:56.029+0000] {taskinstance.py:2076} INFO - Dependencies all met for dep_context=requeueable deps ti=<TaskInstance: minio_to_snowflake_banking.load_snowflake scheduled__2026-08-05T08:48:00+00:00 [queued]>
[2026-08-05T08:52:56.031+0000] {taskinstance.py:2306} INFO - Starting attempt 1 of 2
[2026-08-05T08:52:56.049+0000] {taskinstance.py:2330} INFO - Executing <Task(PythonOperator): load_snowflake> on 2026-08-05 08:48:00+00:00
[2026-08-05T08:52:56.073+0000] {standard_task_runner.py:90} INFO - Running: ['***', 'tasks', 'run', 'minio_to_snowflake_banking', 'load_snowflake', 'scheduled__2026-08-05T08:48:00+00:00', '--job-id', '32', '--raw', '--subdir', 'DAGS_FOLDER/minio_to_snowflake_dag.py', '--cfg-path', '/tmp/tmpxbq5kbq8']
[2026-08-05T08:52:56.079+0000] {logging_mixin.py:188} WARNING - /home/***/.local/lib/python3.12/site-packages/***/task/task_runner/standard_task_runner.py:62 DeprecationWarning: This process (pid=29401) is multi-threaded, use of fork() may lead to deadlocks in the child.
[2026-08-05T08:52:56.079+0000] {standard_task_runner.py:91} INFO - Job 32: Subtask load_snowflake
[2026-08-05T08:52:56.081+0000] {standard_task_runner.py:64} INFO - Started process 29412 to run task
[2026-08-05T08:52:56.194+0000] {task_command.py:426} INFO - Running <TaskInstance: minio_to_snowflake_banking.load_snowflake scheduled__2026-08-05T08:48:00+00:00 [running]> on host dbaa032e7d7c
[2026-08-05T08:52:56.382+0000] {taskinstance.py:2648} INFO - Exporting env vars: AIRFLOW_CTX_DAG_OWNER='***' AIRFLOW_CTX_DAG_ID='minio_to_snowflake_banking' AIRFLOW_CTX_TASK_ID='load_snowflake' AIRFLOW_CTX_EXECUTION_DATE='2026-08-05T08:48:00+00:00' AIRFLOW_CTX_TRY_NUMBER='1' AIRFLOW_CTX_DAG_RUN_ID='scheduled__2026-08-05T08:48:00+00:00'
[2026-08-05T08:52:56.384+0000] {taskinstance.py:430} INFO - ::endgroup::
[2026-08-05T08:52:56.684+0000] {connection.py:638} INFO - Snowflake Connector for Python Version: 4.6.0, Python Version: 3.12.4, Platform: Linux-6.18.33.2-microsoft-standard-WSL2-x86_64-with-glibc2.36
[2026-08-05T08:52:56.686+0000] {connection.py:1760} INFO - Connecting to GLOBAL Snowflake domain
[2026-08-05T08:52:58.766+0000] {logging_mixin.py:188} INFO - Uploaded /tmp/minio_downloads/customers_090401672966.parquet -> @customers stage
[2026-08-05T08:52:58.883+0000] {logging_mixin.py:188} INFO - Uploaded /tmp/minio_downloads/customers_090401722071.parquet -> @customers stage
[2026-08-05T08:52:59.541+0000] {logging_mixin.py:188} INFO - Uploaded /tmp/minio_downloads/customers_090401771134.parquet -> @customers stage
[2026-08-05T08:52:59.667+0000] {logging_mixin.py:188} INFO - Uploaded /tmp/minio_downloads/customers_090401818881.parquet -> @customers stage
[2026-08-05T08:52:59.785+0000] {logging_mixin.py:188} INFO - Uploaded /tmp/minio_downloads/customers_090401869659.parquet -> @customers stage
[2026-08-05T08:52:59.910+0000] {logging_mixin.py:188} INFO - Uploaded /tmp/minio_downloads/customers_090401931845.parquet -> @customers stage
[2026-08-05T08:53:00.038+0000] {logging_mixin.py:188} INFO - Uploaded /tmp/minio_downloads/customers_090401994043.parquet -> @customers stage
[2026-08-05T08:53:00.173+0000] {logging_mixin.py:188} INFO - Uploaded /tmp/minio_downloads/customers_090402069924.parquet -> @customers stage
[2026-08-05T08:53:00.286+0000] {logging_mixin.py:188} INFO - Uploaded /tmp/minio_downloads/customers_090402133350.parquet -> @customers stage
[2026-08-05T08:53:00.412+0000] {logging_mixin.py:188} INFO - Uploaded /tmp/minio_downloads/customers_090402184633.parquet -> @customers stage
[2026-08-05T08:53:00.557+0000] {logging_mixin.py:188} INFO - Uploaded /tmp/minio_downloads/customers_090402234780.parquet -> @customers stage
[2026-08-05T08:53:00.746+0000] {logging_mixin.py:188} INFO - Uploaded /tmp/minio_downloads/customers_090402284973.parquet -> @customers stage
[2026-08-05T08:53:00.874+0000] {logging_mixin.py:188} INFO - Uploaded /tmp/minio_downloads/customers_090402342610.parquet -> @customers stage
[2026-08-05T08:53:01.055+0000] {logging_mixin.py:188} INFO - Uploaded /tmp/minio_downloads/customers_090402385711.parquet -> @customers stage
[2026-08-05T08:53:01.172+0000] {logging_mixin.py:188} INFO - Uploaded /tmp/minio_downloads/customers_090402449594.parquet -> @customers stage
[2026-08-05T08:53:01.365+0000] {logging_mixin.py:188} INFO - Uploaded /tmp/minio_downloads/customers_090402513017.parquet -> @customers stage
[2026-08-05T08:53:01.451+0000] {logging_mixin.py:188} INFO - Uploaded /tmp/minio_downloads/customers_090402644591.parquet -> @customers stage
[2026-08-05T08:53:02.066+0000] {logging_mixin.py:188} INFO - Uploaded /tmp/minio_downloads/customers_090402707127.parquet -> @customers stage
[2026-08-05T08:53:02.151+0000] {logging_mixin.py:188} INFO - Uploaded /tmp/minio_downloads/customers_090402799962.parquet -> @customers stage
[2026-08-05T08:53:02.532+0000] {logging_mixin.py:188} INFO - Uploaded /tmp/minio_downloads/customers_090402929400.parquet -> @customers stage
[2026-08-05T08:53:02.657+0000] {logging_mixin.py:188} INFO - Uploaded /tmp/minio_downloads/customers_090402974349.parquet -> @customers stage
[2026-08-05T08:53:02.860+0000] {logging_mixin.py:188} INFO - Uploaded /tmp/minio_downloads/customers_090403023880.parquet -> @customers stage
[2026-08-05T08:53:03.076+0000] {logging_mixin.py:188} INFO - Uploaded /tmp/minio_downloads/customers_090403076220.parquet -> @customers stage
[2026-08-05T08:53:03.216+0000] {logging_mixin.py:188} INFO - Uploaded /tmp/minio_downloads/customers_090403139454.parquet -> @customers stage
[2026-08-05T08:53:03.351+0000] {logging_mixin.py:188} INFO - Uploaded /tmp/minio_downloads/customers_090403183405.parquet -> @customers stage
[2026-08-05T08:53:03.557+0000] {logging_mixin.py:188} INFO - Uploaded /tmp/minio_downloads/customers_090403246298.parquet -> @customers stage
[2026-08-05T08:53:03.729+0000] {logging_mixin.py:188} INFO - Uploaded /tmp/minio_downloads/customers_090403286232.parquet -> @customers stage
[2026-08-05T08:53:03.881+0000] {logging_mixin.py:188} INFO - Uploaded /tmp/minio_downloads/customers_090403337856.parquet -> @customers stage
[2026-08-05T08:53:04.012+0000] {logging_mixin.py:188} INFO - Uploaded /tmp/minio_downloads/customers_090403384511.parquet -> @customers stage
[2026-08-05T08:53:04.316+0000] {logging_mixin.py:188} INFO - Uploaded /tmp/minio_downloads/customers_090403430840.parquet -> @customers stage
[2026-08-05T08:53:04.449+0000] {logging_mixin.py:188} INFO - Uploaded /tmp/minio_downloads/customers_090403472396.parquet -> @customers stage
[2026-08-05T08:53:04.690+0000] {logging_mixin.py:188} INFO - Uploaded /tmp/minio_downloads/customers_090403524071.parquet -> @customers stage
[2026-08-05T08:53:04.825+0000] {logging_mixin.py:188} INFO - Uploaded /tmp/minio_downloads/customers_090403571705.parquet -> @customers stage
[2026-08-05T08:53:05.022+0000] {logging_mixin.py:188} INFO - Uploaded /tmp/minio_downloads/customers_090403614708.parquet -> @customers stage
[2026-08-05T08:53:05.150+0000] {logging_mixin.py:188} INFO - Uploaded /tmp/minio_downloads/customers_090403654848.parquet -> @customers stage
[2026-08-05T08:53:05.328+0000] {logging_mixin.py:188} INFO - Uploaded /tmp/minio_downloads/customers_090403702724.parquet -> @customers stage
[2026-08-05T08:53:05.465+0000] {logging_mixin.py:188} INFO - Uploaded /tmp/minio_downloads/customers_090403763292.parquet -> @customers stage
[2026-08-05T08:53:05.595+0000] {logging_mixin.py:188} INFO - Uploaded /tmp/minio_downloads/customers_090403806078.parquet -> @customers stage
[2026-08-05T08:53:05.732+0000] {logging_mixin.py:188} INFO - Uploaded /tmp/minio_downloads/customers_090403851544.parquet -> @customers stage
[2026-08-05T08:53:05.854+0000] {logging_mixin.py:188} INFO - Uploaded /tmp/minio_downloads/customers_090403894193.parquet -> @customers stage
[2026-08-05T08:53:05.977+0000] {logging_mixin.py:188} INFO - Uploaded /tmp/minio_downloads/customers_090403939509.parquet -> @customers stage
[2026-08-05T08:53:06.135+0000] {logging_mixin.py:188} INFO - Uploaded /tmp/minio_downloads/customers_090403987646.parquet -> @customers stage
[2026-08-05T08:53:06.261+0000] {logging_mixin.py:188} INFO - Uploaded /tmp/minio_downloads/customers_090404049607.parquet -> @customers stage
[2026-08-05T08:53:06.390+0000] {logging_mixin.py:188} INFO - Uploaded /tmp/minio_downloads/customers_090404098181.parquet -> @customers stage
[2026-08-05T08:53:06.512+0000] {logging_mixin.py:188} INFO - Uploaded /tmp/minio_downloads/customers_090404171962.parquet -> @customers stage
[2026-08-05T08:53:06.633+0000] {logging_mixin.py:188} INFO - Uploaded /tmp/minio_downloads/customers_090404227529.parquet -> @customers stage
[2026-08-05T08:53:06.757+0000] {logging_mixin.py:188} INFO - Uploaded /tmp/minio_downloads/customers_090404283728.parquet -> @customers stage
[2026-08-05T08:53:06.890+0000] {logging_mixin.py:188} INFO - Uploaded /tmp/minio_downloads/customers_090404337621.parquet -> @customers stage
[2026-08-05T08:53:07.016+0000] {logging_mixin.py:188} INFO - Uploaded /tmp/minio_downloads/customers_090404397305.parquet -> @customers stage
[2026-08-05T08:53:07.145+0000] {logging_mixin.py:188} INFO - Uploaded /tmp/minio_downloads/customers_090404443612.parquet -> @customers stage
[2026-08-05T08:53:07.269+0000] {logging_mixin.py:188} INFO - Uploaded /tmp/minio_downloads/customers_090404503420.parquet -> @customers stage
[2026-08-05T08:53:07.390+0000] {logging_mixin.py:188} INFO - Uploaded /tmp/minio_downloads/customers_090404569754.parquet -> @customers stage
[2026-08-05T08:53:07.513+0000] {logging_mixin.py:188} INFO - Uploaded /tmp/minio_downloads/customers_090404616505.parquet -> @customers stage
[2026-08-05T08:53:07.644+0000] {logging_mixin.py:188} INFO - Uploaded /tmp/minio_downloads/customers_090404676784.parquet -> @customers stage
[2026-08-05T08:53:07.774+0000] {logging_mixin.py:188} INFO - Uploaded /tmp/minio_downloads/customers_090404719565.parquet -> @customers stage
[2026-08-05T08:53:07.895+0000] {logging_mixin.py:188} INFO - Uploaded /tmp/minio_downloads/customers_090404776580.parquet -> @customers stage
[2026-08-05T08:53:08.027+0000] {logging_mixin.py:188} INFO - Uploaded /tmp/minio_downloads/customers_090404821131.parquet -> @customers stage
[2026-08-05T08:53:08.155+0000] {logging_mixin.py:188} INFO - Uploaded /tmp/minio_downloads/customers_090404867684.parquet -> @customers stage
[2026-08-05T08:53:08.276+0000] {logging_mixin.py:188} INFO - Uploaded /tmp/minio_downloads/customers_090404914078.parquet -> @customers stage
[2026-08-05T08:53:08.402+0000] {logging_mixin.py:188} INFO - Uploaded /tmp/minio_downloads/customers_090404956516.parquet -> @customers stage
[2026-08-05T08:53:08.523+0000] {logging_mixin.py:188} INFO - Uploaded /tmp/minio_downloads/customers_090405003694.parquet -> @customers stage
[2026-08-05T08:53:08.638+0000] {logging_mixin.py:188} INFO - Uploaded /tmp/minio_downloads/customers_090405050878.parquet -> @customers stage
[2026-08-05T08:53:08.758+0000] {logging_mixin.py:188} INFO - Uploaded /tmp/minio_downloads/customers_090405103797.parquet -> @customers stage
[2026-08-05T08:53:08.878+0000] {logging_mixin.py:188} INFO - Uploaded /tmp/minio_downloads/customers_090405150219.parquet -> @customers stage
[2026-08-05T08:53:08.998+0000] {logging_mixin.py:188} INFO - Uploaded /tmp/minio_downloads/customers_090405196488.parquet -> @customers stage
[2026-08-05T08:53:09.116+0000] {logging_mixin.py:188} INFO - Uploaded /tmp/minio_downloads/customers_090405243111.parquet -> @customers stage
[2026-08-05T08:53:09.238+0000] {logging_mixin.py:188} INFO - Uploaded /tmp/minio_downloads/customers_090405289533.parquet -> @customers stage
[2026-08-05T08:53:09.357+0000] {logging_mixin.py:188} INFO - Uploaded /tmp/minio_downloads/customers_090405335259.parquet -> @customers stage
[2026-08-05T08:53:09.502+0000] {logging_mixin.py:188} INFO - Uploaded /tmp/minio_downloads/customers_090405383930.parquet -> @customers stage
[2026-08-05T08:53:09.642+0000] {logging_mixin.py:188} INFO - Uploaded /tmp/minio_downloads/customers_090405425934.parquet -> @customers stage
[2026-08-05T08:53:09.766+0000] {logging_mixin.py:188} INFO - Uploaded /tmp/minio_downloads/customers_090405469859.parquet -> @customers stage
[2026-08-05T08:53:09.910+0000] {logging_mixin.py:188} INFO - Uploaded /tmp/minio_downloads/customers_090405511786.parquet -> @customers stage
[2026-08-05T08:53:10.040+0000] {logging_mixin.py:188} INFO - Uploaded /tmp/minio_downloads/customers_090405562635.parquet -> @customers stage
[2026-08-05T08:53:10.390+0000] {logging_mixin.py:188} INFO - Uploaded /tmp/minio_downloads/customers_090405606410.parquet -> @customers stage
[2026-08-05T08:53:10.518+0000] {logging_mixin.py:188} INFO - Uploaded /tmp/minio_downloads/customers_090405651960.parquet -> @customers stage
[2026-08-05T08:53:10.635+0000] {logging_mixin.py:188} INFO - Uploaded /tmp/minio_downloads/customers_090405695356.parquet -> @customers stage
[2026-08-05T08:53:10.763+0000] {logging_mixin.py:188} INFO - Uploaded /tmp/minio_downloads/customers_090405739251.parquet -> @customers stage
[2026-08-05T08:53:10.882+0000] {logging_mixin.py:188} INFO - Uploaded /tmp/minio_downloads/customers_090405796269.parquet -> @customers stage
[2026-08-05T08:53:11.001+0000] {logging_mixin.py:188} INFO - Uploaded /tmp/minio_downloads/customers_090405841506.parquet -> @customers stage
[2026-08-05T08:53:11.115+0000] {logging_mixin.py:188} INFO - Uploaded /tmp/minio_downloads/customers_090405899071.parquet -> @customers stage
[2026-08-05T08:53:11.231+0000] {logging_mixin.py:188} INFO - Uploaded /tmp/minio_downloads/customers_090405946991.parquet -> @customers stage
[2026-08-05T08:53:11.539+0000] {logging_mixin.py:188} INFO - Data loaded into customers
[2026-08-05T08:53:11.667+0000] {logging_mixin.py:188} INFO - Uploaded /tmp/minio_downloads/accounts_090335091997.parquet -> @accounts stage
[2026-08-05T08:53:11.790+0000] {logging_mixin.py:188} INFO - Uploaded /tmp/minio_downloads/accounts_090335176229.parquet -> @accounts stage
[2026-08-05T08:53:11.910+0000] {logging_mixin.py:188} INFO - Uploaded /tmp/minio_downloads/accounts_090335225617.parquet -> @accounts stage
[2026-08-05T08:53:12.025+0000] {logging_mixin.py:188} INFO - Uploaded /tmp/minio_downloads/accounts_090335282589.parquet -> @accounts stage
[2026-08-05T08:53:12.150+0000] {logging_mixin.py:188} INFO - Uploaded /tmp/minio_downloads/accounts_090335330376.parquet -> @accounts stage
[2026-08-05T08:53:12.273+0000] {logging_mixin.py:188} INFO - Uploaded /tmp/minio_downloads/accounts_090335387463.parquet -> @accounts stage
[2026-08-05T08:53:12.401+0000] {logging_mixin.py:188} INFO - Uploaded /tmp/minio_downloads/accounts_090335440093.parquet -> @accounts stage
[2026-08-05T08:53:12.517+0000] {logging_mixin.py:188} INFO - Uploaded /tmp/minio_downloads/accounts_090335487667.parquet -> @accounts stage
[2026-08-05T08:53:12.640+0000] {logging_mixin.py:188} INFO - Uploaded /tmp/minio_downloads/accounts_090335532736.parquet -> @accounts stage
[2026-08-05T08:53:12.766+0000] {logging_mixin.py:188} INFO - Uploaded /tmp/minio_downloads/accounts_090335590697.parquet -> @accounts stage
[2026-08-05T08:53:13.690+0000] {logging_mixin.py:188} INFO - Uploaded /tmp/minio_downloads/accounts_090335653590.parquet -> @accounts stage
[2026-08-05T08:53:13.803+0000] {logging_mixin.py:188} INFO - Uploaded /tmp/minio_downloads/accounts_090335716922.parquet -> @accounts stage
[2026-08-05T08:53:13.919+0000] {logging_mixin.py:188} INFO - Uploaded /tmp/minio_downloads/accounts_090335792915.parquet -> @accounts stage
[2026-08-05T08:53:14.050+0000] {logging_mixin.py:188} INFO - Uploaded /tmp/minio_downloads/accounts_090335849416.parquet -> @accounts stage
[2026-08-05T08:53:14.916+0000] {logging_mixin.py:188} INFO - Uploaded /tmp/minio_downloads/accounts_090335918492.parquet -> @accounts stage
[2026-08-05T08:53:15.049+0000] {logging_mixin.py:188} INFO - Uploaded /tmp/minio_downloads/accounts_090336083229.parquet -> @accounts stage
[2026-08-05T08:53:15.204+0000] {logging_mixin.py:188} INFO - Uploaded /tmp/minio_downloads/accounts_090336168129.parquet -> @accounts stage
[2026-08-05T08:53:15.347+0000] {logging_mixin.py:188} INFO - Uploaded /tmp/minio_downloads/accounts_090336236734.parquet -> @accounts stage
[2026-08-05T08:53:15.559+0000] {logging_mixin.py:188} INFO - Uploaded /tmp/minio_downloads/accounts_090336310038.parquet -> @accounts stage
[2026-08-05T08:53:15.677+0000] {logging_mixin.py:188} INFO - Uploaded /tmp/minio_downloads/accounts_090336375803.parquet -> @accounts stage
[2026-08-05T08:53:15.819+0000] {logging_mixin.py:188} INFO - Uploaded /tmp/minio_downloads/accounts_090336437610.parquet -> @accounts stage
[2026-08-05T08:53:15.966+0000] {logging_mixin.py:188} INFO - Uploaded /tmp/minio_downloads/accounts_090336509130.parquet -> @accounts stage
[2026-08-05T08:53:16.093+0000] {logging_mixin.py:188} INFO - Uploaded /tmp/minio_downloads/accounts_090336561573.parquet -> @accounts stage
[2026-08-05T08:53:16.214+0000] {logging_mixin.py:188} INFO - Uploaded /tmp/minio_downloads/accounts_090336619969.parquet -> @accounts stage
[2026-08-05T08:53:16.340+0000] {logging_mixin.py:188} INFO - Uploaded /tmp/minio_downloads/accounts_090336705658.parquet -> @accounts stage
[2026-08-05T08:53:16.464+0000] {logging_mixin.py:188} INFO - Uploaded /tmp/minio_downloads/accounts_090336825221.parquet -> @accounts stage
[2026-08-05T08:53:16.593+0000] {logging_mixin.py:188} INFO - Uploaded /tmp/minio_downloads/accounts_090336934222.parquet -> @accounts stage
[2026-08-05T08:53:16.718+0000] {logging_mixin.py:188} INFO - Uploaded /tmp/minio_downloads/accounts_090336997264.parquet -> @accounts stage
[2026-08-05T08:53:16.830+0000] {logging_mixin.py:188} INFO - Uploaded /tmp/minio_downloads/accounts_090337048145.parquet -> @accounts stage
[2026-08-05T08:53:16.952+0000] {logging_mixin.py:188} INFO - Uploaded /tmp/minio_downloads/accounts_090337100657.parquet -> @accounts stage
[2026-08-05T08:53:17.068+0000] {logging_mixin.py:188} INFO - Uploaded /tmp/minio_downloads/accounts_090337167701.parquet -> @accounts stage
[2026-08-05T08:53:17.211+0000] {logging_mixin.py:188} INFO - Uploaded /tmp/minio_downloads/accounts_090337230404.parquet -> @accounts stage
[2026-08-05T08:53:17.342+0000] {logging_mixin.py:188} INFO - Uploaded /tmp/minio_downloads/accounts_090337287200.parquet -> @accounts stage
[2026-08-05T08:53:17.473+0000] {logging_mixin.py:188} INFO - Uploaded /tmp/minio_downloads/accounts_090337352500.parquet -> @accounts stage
[2026-08-05T08:53:17.594+0000] {logging_mixin.py:188} INFO - Uploaded /tmp/minio_downloads/accounts_090337409970.parquet -> @accounts stage
[2026-08-05T08:53:17.730+0000] {logging_mixin.py:188} INFO - Uploaded /tmp/minio_downloads/accounts_090337468206.parquet -> @accounts stage
[2026-08-05T08:53:17.845+0000] {logging_mixin.py:188} INFO - Uploaded /tmp/minio_downloads/accounts_090337522740.parquet -> @accounts stage
[2026-08-05T08:53:17.967+0000] {logging_mixin.py:188} INFO - Uploaded /tmp/minio_downloads/accounts_090337569811.parquet -> @accounts stage
[2026-08-05T08:53:18.124+0000] {logging_mixin.py:188} INFO - Uploaded /tmp/minio_downloads/accounts_090337620416.parquet -> @accounts stage
[2026-08-05T08:53:18.254+0000] {logging_mixin.py:188} INFO - Uploaded /tmp/minio_downloads/accounts_090337676744.parquet -> @accounts stage
[2026-08-05T08:53:18.373+0000] {logging_mixin.py:188} INFO - Uploaded /tmp/minio_downloads/accounts_090337733973.parquet -> @accounts stage
[2026-08-05T08:53:18.497+0000] {logging_mixin.py:188} INFO - Uploaded /tmp/minio_downloads/accounts_090337779357.parquet -> @accounts stage
[2026-08-05T08:53:18.616+0000] {logging_mixin.py:188} INFO - Uploaded /tmp/minio_downloads/accounts_090337830813.parquet -> @accounts stage
[2026-08-05T08:53:18.741+0000] {logging_mixin.py:188} INFO - Uploaded /tmp/minio_downloads/accounts_090337876213.parquet -> @accounts stage
[2026-08-05T08:53:18.857+0000] {logging_mixin.py:188} INFO - Uploaded /tmp/minio_downloads/accounts_090337924905.parquet -> @accounts stage
[2026-08-05T08:53:18.985+0000] {logging_mixin.py:188} INFO - Uploaded /tmp/minio_downloads/accounts_090337972586.parquet -> @accounts stage
[2026-08-05T08:53:19.105+0000] {logging_mixin.py:188} INFO - Uploaded /tmp/minio_downloads/accounts_090338036313.parquet -> @accounts stage
[2026-08-05T08:53:19.229+0000] {logging_mixin.py:188} INFO - Uploaded /tmp/minio_downloads/accounts_090338087498.parquet -> @accounts stage
[2026-08-05T08:53:19.351+0000] {logging_mixin.py:188} INFO - Uploaded /tmp/minio_downloads/accounts_090338169836.parquet -> @accounts stage
[2026-08-05T08:53:19.472+0000] {logging_mixin.py:188} INFO - Uploaded /tmp/minio_downloads/accounts_090338285836.parquet -> @accounts stage
[2026-08-05T08:53:19.596+0000] {logging_mixin.py:188} INFO - Uploaded /tmp/minio_downloads/accounts_090338348416.parquet -> @accounts stage
[2026-08-05T08:53:19.716+0000] {logging_mixin.py:188} INFO - Uploaded /tmp/minio_downloads/accounts_090338411783.parquet -> @accounts stage
[2026-08-05T08:53:19.842+0000] {logging_mixin.py:188} INFO - Uploaded /tmp/minio_downloads/accounts_090338473298.parquet -> @accounts stage
[2026-08-05T08:53:19.956+0000] {logging_mixin.py:188} INFO - Uploaded /tmp/minio_downloads/accounts_090338539756.parquet -> @accounts stage
[2026-08-05T08:53:20.080+0000] {logging_mixin.py:188} INFO - Uploaded /tmp/minio_downloads/accounts_090338595444.parquet -> @accounts stage
[2026-08-05T08:53:20.209+0000] {logging_mixin.py:188} INFO - Uploaded /tmp/minio_downloads/accounts_090338653969.parquet -> @accounts stage
[2026-08-05T08:53:20.348+0000] {logging_mixin.py:188} INFO - Uploaded /tmp/minio_downloads/accounts_090338722877.parquet -> @accounts stage
[2026-08-05T08:53:20.474+0000] {logging_mixin.py:188} INFO - Uploaded /tmp/minio_downloads/accounts_090338784168.parquet -> @accounts stage
[2026-08-05T08:53:20.602+0000] {logging_mixin.py:188} INFO - Uploaded /tmp/minio_downloads/accounts_090338833026.parquet -> @accounts stage
[2026-08-05T08:53:20.730+0000] {logging_mixin.py:188} INFO - Uploaded /tmp/minio_downloads/accounts_090338879214.parquet -> @accounts stage
[2026-08-05T08:53:20.877+0000] {logging_mixin.py:188} INFO - Uploaded /tmp/minio_downloads/accounts_090338926904.parquet -> @accounts stage
[2026-08-05T08:53:21.019+0000] {logging_mixin.py:188} INFO - Uploaded /tmp/minio_downloads/accounts_090338983217.parquet -> @accounts stage
[2026-08-05T08:53:21.194+0000] {logging_mixin.py:188} INFO - Uploaded /tmp/minio_downloads/accounts_090339036915.parquet -> @accounts stage
[2026-08-05T08:53:21.341+0000] {logging_mixin.py:188} INFO - Uploaded /tmp/minio_downloads/accounts_090339085807.parquet -> @accounts stage
[2026-08-05T08:53:21.472+0000] {logging_mixin.py:188} INFO - Uploaded /tmp/minio_downloads/accounts_090339132135.parquet -> @accounts stage
[2026-08-05T08:53:21.589+0000] {logging_mixin.py:188} INFO - Uploaded /tmp/minio_downloads/accounts_090339207270.parquet -> @accounts stage
[2026-08-05T08:53:21.723+0000] {logging_mixin.py:188} INFO - Uploaded /tmp/minio_downloads/accounts_090339254198.parquet -> @accounts stage
[2026-08-05T08:53:21.858+0000] {logging_mixin.py:188} INFO - Uploaded /tmp/minio_downloads/accounts_090339304672.parquet -> @accounts stage
[2026-08-05T08:53:21.998+0000] {logging_mixin.py:188} INFO - Uploaded /tmp/minio_downloads/accounts_090339356197.parquet -> @accounts stage
[2026-08-05T08:53:22.689+0000] {logging_mixin.py:188} INFO - Uploaded /tmp/minio_downloads/accounts_090339400231.parquet -> @accounts stage
[2026-08-05T08:53:22.818+0000] {logging_mixin.py:188} INFO - Uploaded /tmp/minio_downloads/accounts_090339447900.parquet -> @accounts stage
[2026-08-05T08:53:22.966+0000] {logging_mixin.py:188} INFO - Uploaded /tmp/minio_downloads/accounts_090339510332.parquet -> @accounts stage
[2026-08-05T08:53:23.115+0000] {logging_mixin.py:188} INFO - Uploaded /tmp/minio_downloads/accounts_090339622965.parquet -> @accounts stage
[2026-08-05T08:53:23.268+0000] {logging_mixin.py:188} INFO - Uploaded /tmp/minio_downloads/accounts_090339735170.parquet -> @accounts stage
[2026-08-05T08:53:23.407+0000] {logging_mixin.py:188} INFO - Uploaded /tmp/minio_downloads/accounts_090339802636.parquet -> @accounts stage
[2026-08-05T08:53:23.581+0000] {logging_mixin.py:188} INFO - Uploaded /tmp/minio_downloads/accounts_090339854967.parquet -> @accounts stage
[2026-08-05T08:53:23.858+0000] {logging_mixin.py:188} INFO - Uploaded /tmp/minio_downloads/accounts_090339969786.parquet -> @accounts stage
[2026-08-05T08:53:24.108+0000] {logging_mixin.py:188} INFO - Uploaded /tmp/minio_downloads/accounts_090340009828.parquet -> @accounts stage
[2026-08-05T08:53:24.280+0000] {logging_mixin.py:188} INFO - Uploaded /tmp/minio_downloads/accounts_090340068304.parquet -> @accounts stage
[2026-08-05T08:53:24.493+0000] {logging_mixin.py:188} INFO - Uploaded /tmp/minio_downloads/accounts_090340120996.parquet -> @accounts stage
[2026-08-05T08:53:24.631+0000] {logging_mixin.py:188} INFO - Uploaded /tmp/minio_downloads/accounts_090340165119.parquet -> @accounts stage
[2026-08-05T08:53:24.762+0000] {logging_mixin.py:188} INFO - Uploaded /tmp/minio_downloads/accounts_090340212592.parquet -> @accounts stage
[2026-08-05T08:53:24.901+0000] {logging_mixin.py:188} INFO - Uploaded /tmp/minio_downloads/accounts_090340260214.parquet -> @accounts stage
[2026-08-05T08:53:25.034+0000] {logging_mixin.py:188} INFO - Uploaded /tmp/minio_downloads/accounts_090340312209.parquet -> @accounts stage
[2026-08-05T08:53:25.159+0000] {logging_mixin.py:188} INFO - Uploaded /tmp/minio_downloads/accounts_090340374831.parquet -> @accounts stage
[2026-08-05T08:53:25.294+0000] {logging_mixin.py:188} INFO - Uploaded /tmp/minio_downloads/accounts_090340432009.parquet -> @accounts stage
[2026-08-05T08:53:25.437+0000] {logging_mixin.py:188} INFO - Uploaded /tmp/minio_downloads/accounts_090340485198.parquet -> @accounts stage
[2026-08-05T08:53:25.596+0000] {logging_mixin.py:188} INFO - Uploaded /tmp/minio_downloads/accounts_090340538086.parquet -> @accounts stage
[2026-08-05T08:53:25.733+0000] {logging_mixin.py:188} INFO - Uploaded /tmp/minio_downloads/accounts_090340597267.parquet -> @accounts stage
[2026-08-05T08:53:25.882+0000] {logging_mixin.py:188} INFO - Uploaded /tmp/minio_downloads/accounts_090340643366.parquet -> @accounts stage
[2026-08-05T08:53:26.008+0000] {logging_mixin.py:188} INFO - Uploaded /tmp/minio_downloads/accounts_090340692918.parquet -> @accounts stage
[2026-08-05T08:53:26.147+0000] {logging_mixin.py:188} INFO - Uploaded /tmp/minio_downloads/accounts_090340744816.parquet -> @accounts stage
[2026-08-05T08:53:26.271+0000] {logging_mixin.py:188} INFO - Uploaded /tmp/minio_downloads/accounts_090340797221.parquet -> @accounts stage
[2026-08-05T08:53:26.400+0000] {logging_mixin.py:188} INFO - Uploaded /tmp/minio_downloads/accounts_090340847915.parquet -> @accounts stage
[2026-08-05T08:53:26.523+0000] {logging_mixin.py:188} INFO - Uploaded /tmp/minio_downloads/accounts_090340899651.parquet -> @accounts stage
[2026-08-05T08:53:26.655+0000] {logging_mixin.py:188} INFO - Uploaded /tmp/minio_downloads/accounts_090340945226.parquet -> @accounts stage
[2026-08-05T08:53:26.818+0000] {logging_mixin.py:188} INFO - Uploaded /tmp/minio_downloads/accounts_090341002128.parquet -> @accounts stage
[2026-08-05T08:53:26.949+0000] {logging_mixin.py:188} INFO - Uploaded /tmp/minio_downloads/accounts_090341048588.parquet -> @accounts stage
[2026-08-05T08:53:27.099+0000] {logging_mixin.py:188} INFO - Uploaded /tmp/minio_downloads/accounts_090341112017.parquet -> @accounts stage
[2026-08-05T08:53:27.224+0000] {logging_mixin.py:188} INFO - Uploaded /tmp/minio_downloads/accounts_090341158981.parquet -> @accounts stage
[2026-08-05T08:53:27.413+0000] {logging_mixin.py:188} INFO - Uploaded /tmp/minio_downloads/accounts_090341202568.parquet -> @accounts stage
[2026-08-05T08:53:27.537+0000] {logging_mixin.py:188} INFO - Uploaded /tmp/minio_downloads/accounts_090341253926.parquet -> @accounts stage
[2026-08-05T08:53:27.672+0000] {logging_mixin.py:188} INFO - Uploaded /tmp/minio_downloads/accounts_090341309247.parquet -> @accounts stage
[2026-08-05T08:53:27.806+0000] {logging_mixin.py:188} INFO - Uploaded /tmp/minio_downloads/accounts_090341358146.parquet -> @accounts stage
[2026-08-05T08:53:27.928+0000] {logging_mixin.py:188} INFO - Uploaded /tmp/minio_downloads/accounts_090341414601.parquet -> @accounts stage
[2026-08-05T08:53:28.060+0000] {logging_mixin.py:188} INFO - Uploaded /tmp/minio_downloads/accounts_090341460477.parquet -> @accounts stage
[2026-08-05T08:53:28.189+0000] {logging_mixin.py:188} INFO - Uploaded /tmp/minio_downloads/accounts_090341508932.parquet -> @accounts stage
[2026-08-05T08:53:28.326+0000] {logging_mixin.py:188} INFO - Uploaded /tmp/minio_downloads/accounts_090341566052.parquet -> @accounts stage
[2026-08-05T08:53:28.479+0000] {logging_mixin.py:188} INFO - Uploaded /tmp/minio_downloads/accounts_090341619353.parquet -> @accounts stage
[2026-08-05T08:53:28.601+0000] {logging_mixin.py:188} INFO - Uploaded /tmp/minio_downloads/accounts_090341668762.parquet -> @accounts stage
[2026-08-05T08:53:28.775+0000] {logging_mixin.py:188} INFO - Uploaded /tmp/minio_downloads/accounts_090341718138.parquet -> @accounts stage
[2026-08-05T08:53:28.899+0000] {logging_mixin.py:188} INFO - Uploaded /tmp/minio_downloads/accounts_090341776387.parquet -> @accounts stage
[2026-08-05T08:53:29.020+0000] {logging_mixin.py:188} INFO - Uploaded /tmp/minio_downloads/accounts_090341838405.parquet -> @accounts stage
[2026-08-05T08:53:29.176+0000] {logging_mixin.py:188} INFO - Uploaded /tmp/minio_downloads/accounts_090341981608.parquet -> @accounts stage
[2026-08-05T08:53:29.314+0000] {logging_mixin.py:188} INFO - Uploaded /tmp/minio_downloads/accounts_090342055992.parquet -> @accounts stage
[2026-08-05T08:53:29.803+0000] {logging_mixin.py:188} INFO - Uploaded /tmp/minio_downloads/accounts_090342130644.parquet -> @accounts stage
[2026-08-05T08:53:29.929+0000] {logging_mixin.py:188} INFO - Uploaded /tmp/minio_downloads/accounts_090342179195.parquet -> @accounts stage
[2026-08-05T08:53:30.074+0000] {logging_mixin.py:188} INFO - Uploaded /tmp/minio_downloads/accounts_090342243528.parquet -> @accounts stage
[2026-08-05T08:53:30.193+0000] {logging_mixin.py:188} INFO - Uploaded /tmp/minio_downloads/accounts_090342306582.parquet -> @accounts stage
[2026-08-05T08:53:30.308+0000] {logging_mixin.py:188} INFO - Uploaded /tmp/minio_downloads/accounts_090342357790.parquet -> @accounts stage
[2026-08-05T08:53:30.430+0000] {logging_mixin.py:188} INFO - Uploaded /tmp/minio_downloads/accounts_090342419173.parquet -> @accounts stage
[2026-08-05T08:53:30.550+0000] {logging_mixin.py:188} INFO - Uploaded /tmp/minio_downloads/accounts_090342483724.parquet -> @accounts stage
[2026-08-05T08:53:30.672+0000] {logging_mixin.py:188} INFO - Uploaded /tmp/minio_downloads/accounts_090342544707.parquet -> @accounts stage
[2026-08-05T08:53:30.772+0000] {logging_mixin.py:188} INFO - Uploaded /tmp/minio_downloads/accounts_090342599697.parquet -> @accounts stage
[2026-08-05T08:53:30.907+0000] {logging_mixin.py:188} INFO - Uploaded /tmp/minio_downloads/accounts_090342676207.parquet -> @accounts stage
[2026-08-05T08:53:31.029+0000] {logging_mixin.py:188} INFO - Uploaded /tmp/minio_downloads/accounts_090342736945.parquet -> @accounts stage
[2026-08-05T08:53:31.338+0000] {logging_mixin.py:188} INFO - Uploaded /tmp/minio_downloads/accounts_090342792308.parquet -> @accounts stage
[2026-08-05T08:53:31.459+0000] {logging_mixin.py:188} INFO - Uploaded /tmp/minio_downloads/accounts_090342856333.parquet -> @accounts stage
[2026-08-05T08:53:31.581+0000] {logging_mixin.py:188} INFO - Uploaded /tmp/minio_downloads/accounts_090342912162.parquet -> @accounts stage
[2026-08-05T08:53:31.701+0000] {logging_mixin.py:188} INFO - Uploaded /tmp/minio_downloads/accounts_090342961837.parquet -> @accounts stage
[2026-08-05T08:53:31.829+0000] {logging_mixin.py:188} INFO - Uploaded /tmp/minio_downloads/accounts_090343020787.parquet -> @accounts stage
[2026-08-05T08:53:31.947+0000] {logging_mixin.py:188} INFO - Uploaded /tmp/minio_downloads/accounts_090343073815.parquet -> @accounts stage
[2026-08-05T08:53:32.068+0000] {logging_mixin.py:188} INFO - Uploaded /tmp/minio_downloads/accounts_090343145518.parquet -> @accounts stage
[2026-08-05T08:53:32.205+0000] {logging_mixin.py:188} INFO - Uploaded /tmp/minio_downloads/accounts_090343197072.parquet -> @accounts stage
[2026-08-05T08:53:32.323+0000] {logging_mixin.py:188} INFO - Uploaded /tmp/minio_downloads/accounts_090343253148.parquet -> @accounts stage
[2026-08-05T08:53:32.439+0000] {logging_mixin.py:188} INFO - Uploaded /tmp/minio_downloads/accounts_090343304398.parquet -> @accounts stage
[2026-08-05T08:53:32.572+0000] {logging_mixin.py:188} INFO - Uploaded /tmp/minio_downloads/accounts_090343363086.parquet -> @accounts stage
[2026-08-05T08:53:32.692+0000] {logging_mixin.py:188} INFO - Uploaded /tmp/minio_downloads/accounts_090343413316.parquet -> @accounts stage
[2026-08-05T08:53:32.818+0000] {logging_mixin.py:188} INFO - Uploaded /tmp/minio_downloads/accounts_090343474555.parquet -> @accounts stage
[2026-08-05T08:53:32.938+0000] {logging_mixin.py:188} INFO - Uploaded /tmp/minio_downloads/accounts_090343527458.parquet -> @accounts stage
[2026-08-05T08:53:33.066+0000] {logging_mixin.py:188} INFO - Uploaded /tmp/minio_downloads/accounts_090343585034.parquet -> @accounts stage
[2026-08-05T08:53:33.202+0000] {logging_mixin.py:188} INFO - Uploaded /tmp/minio_downloads/accounts_090343634679.parquet -> @accounts stage
[2026-08-05T08:53:33.345+0000] {logging_mixin.py:188} INFO - Uploaded /tmp/minio_downloads/accounts_090343680435.parquet -> @accounts stage
[2026-08-05T08:53:33.467+0000] {logging_mixin.py:188} INFO - Uploaded /tmp/minio_downloads/accounts_090343728598.parquet -> @accounts stage
[2026-08-05T08:53:33.589+0000] {logging_mixin.py:188} INFO - Uploaded /tmp/minio_downloads/accounts_090343779632.parquet -> @accounts stage
[2026-08-05T08:53:33.706+0000] {logging_mixin.py:188} INFO - Uploaded /tmp/minio_downloads/accounts_090343833916.parquet -> @accounts stage
[2026-08-05T08:53:33.831+0000] {logging_mixin.py:188} INFO - Uploaded /tmp/minio_downloads/accounts_090343888730.parquet -> @accounts stage
[2026-08-05T08:53:33.947+0000] {logging_mixin.py:188} INFO - Uploaded /tmp/minio_downloads/accounts_090343934679.parquet -> @accounts stage
[2026-08-05T08:53:34.071+0000] {logging_mixin.py:188} INFO - Uploaded /tmp/minio_downloads/accounts_090343976827.parquet -> @accounts stage
[2026-08-05T08:53:34.188+0000] {logging_mixin.py:188} INFO - Uploaded /tmp/minio_downloads/accounts_090344021032.parquet -> @accounts stage
[2026-08-05T08:53:34.310+0000] {logging_mixin.py:188} INFO - Uploaded /tmp/minio_downloads/accounts_090344070350.parquet -> @accounts stage
[2026-08-05T08:53:34.435+0000] {logging_mixin.py:188} INFO - Uploaded /tmp/minio_downloads/accounts_090344114475.parquet -> @accounts stage
[2026-08-05T08:53:34.580+0000] {logging_mixin.py:188} INFO - Uploaded /tmp/minio_downloads/accounts_090344178771.parquet -> @accounts stage
[2026-08-05T08:53:34.707+0000] {logging_mixin.py:188} INFO - Uploaded /tmp/minio_downloads/accounts_090344234782.parquet -> @accounts stage
[2026-08-05T08:53:34.837+0000] {logging_mixin.py:188} INFO - Uploaded /tmp/minio_downloads/accounts_090344295645.parquet -> @accounts stage
[2026-08-05T08:53:34.954+0000] {logging_mixin.py:188} INFO - Uploaded /tmp/minio_downloads/accounts_090344355098.parquet -> @accounts stage
[2026-08-05T08:53:35.217+0000] {logging_mixin.py:188} INFO - Uploaded /tmp/minio_downloads/accounts_090344408224.parquet -> @accounts stage
[2026-08-05T08:53:35.355+0000] {logging_mixin.py:188} INFO - Uploaded /tmp/minio_downloads/accounts_090344461455.parquet -> @accounts stage
[2026-08-05T08:53:35.473+0000] {logging_mixin.py:188} INFO - Uploaded /tmp/minio_downloads/accounts_090344517205.parquet -> @accounts stage
[2026-08-05T08:53:35.591+0000] {logging_mixin.py:188} INFO - Uploaded /tmp/minio_downloads/accounts_090344564860.parquet -> @accounts stage
[2026-08-05T08:53:35.904+0000] {logging_mixin.py:188} INFO - Data loaded into accounts
[2026-08-05T08:53:36.024+0000] {logging_mixin.py:188} INFO - Uploaded /tmp/minio_downloads/transactions_090344635325.parquet -> @transactions stage
[2026-08-05T08:53:36.142+0000] {logging_mixin.py:188} INFO - Uploaded /tmp/minio_downloads/transactions_090344698403.parquet -> @transactions stage
[2026-08-05T08:53:36.259+0000] {logging_mixin.py:188} INFO - Uploaded /tmp/minio_downloads/transactions_090344744646.parquet -> @transactions stage
[2026-08-05T08:53:36.380+0000] {logging_mixin.py:188} INFO - Uploaded /tmp/minio_downloads/transactions_090344795789.parquet -> @transactions stage
[2026-08-05T08:53:36.496+0000] {logging_mixin.py:188} INFO - Uploaded /tmp/minio_downloads/transactions_090344850100.parquet -> @transactions stage
[2026-08-05T08:53:36.622+0000] {logging_mixin.py:188} INFO - Uploaded /tmp/minio_downloads/transactions_090344900109.parquet -> @transactions stage
[2026-08-05T08:53:36.739+0000] {logging_mixin.py:188} INFO - Uploaded /tmp/minio_downloads/transactions_090344947492.parquet -> @transactions stage
[2026-08-05T08:53:36.898+0000] {logging_mixin.py:188} INFO - Uploaded /tmp/minio_downloads/transactions_090344993567.parquet -> @transactions stage
[2026-08-05T08:53:37.012+0000] {logging_mixin.py:188} INFO - Uploaded /tmp/minio_downloads/transactions_090345052242.parquet -> @transactions stage
[2026-08-05T08:53:37.135+0000] {logging_mixin.py:188} INFO - Uploaded /tmp/minio_downloads/transactions_090345100340.parquet -> @transactions stage
[2026-08-05T08:53:37.255+0000] {logging_mixin.py:188} INFO - Uploaded /tmp/minio_downloads/transactions_090345147085.parquet -> @transactions stage
[2026-08-05T08:53:37.392+0000] {logging_mixin.py:188} INFO - Uploaded /tmp/minio_downloads/transactions_090345192944.parquet -> @transactions stage
[2026-08-05T08:53:37.519+0000] {logging_mixin.py:188} INFO - Uploaded /tmp/minio_downloads/transactions_090345308408.parquet -> @transactions stage
[2026-08-05T08:53:37.646+0000] {logging_mixin.py:188} INFO - Uploaded /tmp/minio_downloads/transactions_090345357692.parquet -> @transactions stage
[2026-08-05T08:53:37.760+0000] {logging_mixin.py:188} INFO - Uploaded /tmp/minio_downloads/transactions_090345402851.parquet -> @transactions stage
[2026-08-05T08:53:37.876+0000] {logging_mixin.py:188} INFO - Uploaded /tmp/minio_downloads/transactions_090345456814.parquet -> @transactions stage
[2026-08-05T08:53:37.992+0000] {logging_mixin.py:188} INFO - Uploaded /tmp/minio_downloads/transactions_090345501980.parquet -> @transactions stage
[2026-08-05T08:53:38.111+0000] {logging_mixin.py:188} INFO - Uploaded /tmp/minio_downloads/transactions_090345551838.parquet -> @transactions stage
[2026-08-05T08:53:38.234+0000] {logging_mixin.py:188} INFO - Uploaded /tmp/minio_downloads/transactions_090345595622.parquet -> @transactions stage
[2026-08-05T08:53:38.353+0000] {logging_mixin.py:188} INFO - Uploaded /tmp/minio_downloads/transactions_090345662310.parquet -> @transactions stage
[2026-08-05T08:53:38.473+0000] {logging_mixin.py:188} INFO - Uploaded /tmp/minio_downloads/transactions_090345710767.parquet -> @transactions stage
[2026-08-05T08:53:38.598+0000] {logging_mixin.py:188} INFO - Uploaded /tmp/minio_downloads/transactions_090345754288.parquet -> @transactions stage
[2026-08-05T08:53:38.731+0000] {logging_mixin.py:188} INFO - Uploaded /tmp/minio_downloads/transactions_090345804973.parquet -> @transactions stage
[2026-08-05T08:53:38.851+0000] {logging_mixin.py:188} INFO - Uploaded /tmp/minio_downloads/transactions_090345861683.parquet -> @transactions stage
[2026-08-05T08:53:38.967+0000] {logging_mixin.py:188} INFO - Uploaded /tmp/minio_downloads/transactions_090345909777.parquet -> @transactions stage
[2026-08-05T08:53:39.090+0000] {logging_mixin.py:188} INFO - Uploaded /tmp/minio_downloads/transactions_090345961293.parquet -> @transactions stage
[2026-08-05T08:53:39.215+0000] {logging_mixin.py:188} INFO - Uploaded /tmp/minio_downloads/transactions_090346008937.parquet -> @transactions stage
[2026-08-05T08:53:39.353+0000] {logging_mixin.py:188} INFO - Uploaded /tmp/minio_downloads/transactions_090346056562.parquet -> @transactions stage
[2026-08-05T08:53:39.486+0000] {logging_mixin.py:188} INFO - Uploaded /tmp/minio_downloads/transactions_090346102527.parquet -> @transactions stage
[2026-08-05T08:53:39.613+0000] {logging_mixin.py:188} INFO - Uploaded /tmp/minio_downloads/transactions_090346152705.parquet -> @transactions stage
[2026-08-05T08:53:39.752+0000] {logging_mixin.py:188} INFO - Uploaded /tmp/minio_downloads/transactions_090346198936.parquet -> @transactions stage
[2026-08-05T08:53:39.872+0000] {logging_mixin.py:188} INFO - Uploaded /tmp/minio_downloads/transactions_090346247151.parquet -> @transactions stage
[2026-08-05T08:53:39.991+0000] {logging_mixin.py:188} INFO - Uploaded /tmp/minio_downloads/transactions_090346296845.parquet -> @transactions stage
[2026-08-05T08:53:40.107+0000] {logging_mixin.py:188} INFO - Uploaded /tmp/minio_downloads/transactions_090346362045.parquet -> @transactions stage
[2026-08-05T08:53:40.226+0000] {logging_mixin.py:188} INFO - Uploaded /tmp/minio_downloads/transactions_090346407218.parquet -> @transactions stage
[2026-08-05T08:53:40.344+0000] {logging_mixin.py:188} INFO - Uploaded /tmp/minio_downloads/transactions_090346456355.parquet -> @transactions stage
[2026-08-05T08:53:40.483+0000] {logging_mixin.py:188} INFO - Uploaded /tmp/minio_downloads/transactions_090346503975.parquet -> @transactions stage
[2026-08-05T08:53:40.605+0000] {logging_mixin.py:188} INFO - Uploaded /tmp/minio_downloads/transactions_090346552820.parquet -> @transactions stage
[2026-08-05T08:53:40.732+0000] {logging_mixin.py:188} INFO - Uploaded /tmp/minio_downloads/transactions_090346595247.parquet -> @transactions stage
[2026-08-05T08:53:41.406+0000] {logging_mixin.py:188} INFO - Uploaded /tmp/minio_downloads/transactions_090346646157.parquet -> @transactions stage
[2026-08-05T08:53:41.528+0000] {logging_mixin.py:188} INFO - Uploaded /tmp/minio_downloads/transactions_090346718780.parquet -> @transactions stage
[2026-08-05T08:53:41.647+0000] {logging_mixin.py:188} INFO - Uploaded /tmp/minio_downloads/transactions_090346804433.parquet -> @transactions stage
[2026-08-05T08:53:41.771+0000] {logging_mixin.py:188} INFO - Uploaded /tmp/minio_downloads/transactions_090346901001.parquet -> @transactions stage
[2026-08-05T08:53:41.890+0000] {logging_mixin.py:188} INFO - Uploaded /tmp/minio_downloads/transactions_090346944243.parquet -> @transactions stage
[2026-08-05T08:53:42.019+0000] {logging_mixin.py:188} INFO - Uploaded /tmp/minio_downloads/transactions_090346989485.parquet -> @transactions stage
[2026-08-05T08:53:42.138+0000] {logging_mixin.py:188} INFO - Uploaded /tmp/minio_downloads/transactions_090347034187.parquet -> @transactions stage
[2026-08-05T08:53:42.251+0000] {logging_mixin.py:188} INFO - Uploaded /tmp/minio_downloads/transactions_090347079809.parquet -> @transactions stage
[2026-08-05T08:53:42.372+0000] {logging_mixin.py:188} INFO - Uploaded /tmp/minio_downloads/transactions_090347125087.parquet -> @transactions stage
[2026-08-05T08:53:42.485+0000] {logging_mixin.py:188} INFO - Uploaded /tmp/minio_downloads/transactions_090347178696.parquet -> @transactions stage
[2026-08-05T08:53:42.605+0000] {logging_mixin.py:188} INFO - Uploaded /tmp/minio_downloads/transactions_090347229220.parquet -> @transactions stage
[2026-08-05T08:53:42.726+0000] {logging_mixin.py:188} INFO - Uploaded /tmp/minio_downloads/transactions_090347275437.parquet -> @transactions stage
[2026-08-05T08:53:42.845+0000] {logging_mixin.py:188} INFO - Uploaded /tmp/minio_downloads/transactions_090347329417.parquet -> @transactions stage
[2026-08-05T08:53:42.962+0000] {logging_mixin.py:188} INFO - Uploaded /tmp/minio_downloads/transactions_090347384750.parquet -> @transactions stage
[2026-08-05T08:53:43.087+0000] {logging_mixin.py:188} INFO - Uploaded /tmp/minio_downloads/transactions_090347434686.parquet -> @transactions stage
[2026-08-05T08:53:43.216+0000] {logging_mixin.py:188} INFO - Uploaded /tmp/minio_downloads/transactions_090347488696.parquet -> @transactions stage
[2026-08-05T08:53:43.343+0000] {logging_mixin.py:188} INFO - Uploaded /tmp/minio_downloads/transactions_090347536914.parquet -> @transactions stage
[2026-08-05T08:53:43.455+0000] {logging_mixin.py:188} INFO - Uploaded /tmp/minio_downloads/transactions_090347596012.parquet -> @transactions stage
[2026-08-05T08:53:43.576+0000] {logging_mixin.py:188} INFO - Uploaded /tmp/minio_downloads/transactions_090347711514.parquet -> @transactions stage
[2026-08-05T08:53:43.691+0000] {logging_mixin.py:188} INFO - Uploaded /tmp/minio_downloads/transactions_090347754828.parquet -> @transactions stage
[2026-08-05T08:53:43.807+0000] {logging_mixin.py:188} INFO - Uploaded /tmp/minio_downloads/transactions_090347804639.parquet -> @transactions stage
[2026-08-05T08:53:43.928+0000] {logging_mixin.py:188} INFO - Uploaded /tmp/minio_downloads/transactions_090347847633.parquet -> @transactions stage
[2026-08-05T08:53:44.049+0000] {logging_mixin.py:188} INFO - Uploaded /tmp/minio_downloads/transactions_090347911934.parquet -> @transactions stage
[2026-08-05T08:53:44.178+0000] {logging_mixin.py:188} INFO - Uploaded /tmp/minio_downloads/transactions_090347957527.parquet -> @transactions stage
[2026-08-05T08:53:44.298+0000] {logging_mixin.py:188} INFO - Uploaded /tmp/minio_downloads/transactions_090348008862.parquet -> @transactions stage
[2026-08-05T08:53:44.419+0000] {logging_mixin.py:188} INFO - Uploaded /tmp/minio_downloads/transactions_090348059997.parquet -> @transactions stage
[2026-08-05T08:53:44.539+0000] {logging_mixin.py:188} INFO - Uploaded /tmp/minio_downloads/transactions_090348110511.parquet -> @transactions stage
[2026-08-05T08:53:44.661+0000] {logging_mixin.py:188} INFO - Uploaded /tmp/minio_downloads/transactions_090348157671.parquet -> @transactions stage
[2026-08-05T08:53:44.784+0000] {logging_mixin.py:188} INFO - Uploaded /tmp/minio_downloads/transactions_090348204374.parquet -> @transactions stage
[2026-08-05T08:53:44.926+0000] {logging_mixin.py:188} INFO - Uploaded /tmp/minio_downloads/transactions_090348252573.parquet -> @transactions stage
[2026-08-05T08:53:45.045+0000] {logging_mixin.py:188} INFO - Uploaded /tmp/minio_downloads/transactions_090348298605.parquet -> @transactions stage
[2026-08-05T08:53:45.164+0000] {logging_mixin.py:188} INFO - Uploaded /tmp/minio_downloads/transactions_090348342378.parquet -> @transactions stage
[2026-08-05T08:53:45.280+0000] {logging_mixin.py:188} INFO - Uploaded /tmp/minio_downloads/transactions_090348401092.parquet -> @transactions stage
[2026-08-05T08:53:45.406+0000] {logging_mixin.py:188} INFO - Uploaded /tmp/minio_downloads/transactions_090348459158.parquet -> @transactions stage
[2026-08-05T08:53:45.526+0000] {logging_mixin.py:188} INFO - Uploaded /tmp/minio_downloads/transactions_090348510411.parquet -> @transactions stage
[2026-08-05T08:53:46.379+0000] {logging_mixin.py:188} INFO - Uploaded /tmp/minio_downloads/transactions_090348559775.parquet -> @transactions stage
[2026-08-05T08:53:46.514+0000] {logging_mixin.py:188} INFO - Uploaded /tmp/minio_downloads/transactions_090348607300.parquet -> @transactions stage
[2026-08-05T08:53:46.637+0000] {logging_mixin.py:188} INFO - Uploaded /tmp/minio_downloads/transactions_090348653264.parquet -> @transactions stage
[2026-08-05T08:53:46.754+0000] {logging_mixin.py:188} INFO - Uploaded /tmp/minio_downloads/transactions_090348708374.parquet -> @transactions stage
[2026-08-05T08:53:46.895+0000] {logging_mixin.py:188} INFO - Uploaded /tmp/minio_downloads/transactions_090348757425.parquet -> @transactions stage
[2026-08-05T08:53:47.018+0000] {logging_mixin.py:188} INFO - Uploaded /tmp/minio_downloads/transactions_090348808601.parquet -> @transactions stage
[2026-08-05T08:53:47.149+0000] {logging_mixin.py:188} INFO - Uploaded /tmp/minio_downloads/transactions_090348853162.parquet -> @transactions stage
[2026-08-05T08:53:47.265+0000] {logging_mixin.py:188} INFO - Uploaded /tmp/minio_downloads/transactions_090348917946.parquet -> @transactions stage
[2026-08-05T08:53:47.413+0000] {logging_mixin.py:188} INFO - Uploaded /tmp/minio_downloads/transactions_090348986480.parquet -> @transactions stage
[2026-08-05T08:53:47.543+0000] {logging_mixin.py:188} INFO - Uploaded /tmp/minio_downloads/transactions_090349047306.parquet -> @transactions stage
[2026-08-05T08:53:47.677+0000] {logging_mixin.py:188} INFO - Uploaded /tmp/minio_downloads/transactions_090349092982.parquet -> @transactions stage
[2026-08-05T08:53:47.821+0000] {logging_mixin.py:188} INFO - Uploaded /tmp/minio_downloads/transactions_090349140604.parquet -> @transactions stage
[2026-08-05T08:53:47.976+0000] {logging_mixin.py:188} INFO - Uploaded /tmp/minio_downloads/transactions_090349185139.parquet -> @transactions stage
[2026-08-05T08:53:48.104+0000] {logging_mixin.py:188} INFO - Uploaded /tmp/minio_downloads/transactions_090349238746.parquet -> @transactions stage
[2026-08-05T08:53:48.228+0000] {logging_mixin.py:188} INFO - Uploaded /tmp/minio_downloads/transactions_090349290508.parquet -> @transactions stage
[2026-08-05T08:53:48.349+0000] {logging_mixin.py:188} INFO - Uploaded /tmp/minio_downloads/transactions_090349340716.parquet -> @transactions stage
[2026-08-05T08:53:48.482+0000] {logging_mixin.py:188} INFO - Uploaded /tmp/minio_downloads/transactions_090349386604.parquet -> @transactions stage
[2026-08-05T08:53:48.608+0000] {logging_mixin.py:188} INFO - Uploaded /tmp/minio_downloads/transactions_090349466276.parquet -> @transactions stage
[2026-08-05T08:53:48.739+0000] {logging_mixin.py:188} INFO - Uploaded /tmp/minio_downloads/transactions_090349539821.parquet -> @transactions stage
[2026-08-05T08:53:48.860+0000] {logging_mixin.py:188} INFO - Uploaded /tmp/minio_downloads/transactions_090349637195.parquet -> @transactions stage
[2026-08-05T08:53:48.989+0000] {logging_mixin.py:188} INFO - Uploaded /tmp/minio_downloads/transactions_090349689733.parquet -> @transactions stage
[2026-08-05T08:53:49.118+0000] {logging_mixin.py:188} INFO - Uploaded /tmp/minio_downloads/transactions_090349736179.parquet -> @transactions stage
[2026-08-05T08:53:49.250+0000] {logging_mixin.py:188} INFO - Uploaded /tmp/minio_downloads/transactions_090349779576.parquet -> @transactions stage
[2026-08-05T08:53:49.370+0000] {logging_mixin.py:188} INFO - Uploaded /tmp/minio_downloads/transactions_090349826149.parquet -> @transactions stage
[2026-08-05T08:53:49.495+0000] {logging_mixin.py:188} INFO - Uploaded /tmp/minio_downloads/transactions_090349873955.parquet -> @transactions stage
[2026-08-05T08:53:49.619+0000] {logging_mixin.py:188} INFO - Uploaded /tmp/minio_downloads/transactions_090349922318.parquet -> @transactions stage
[2026-08-05T08:53:49.752+0000] {logging_mixin.py:188} INFO - Uploaded /tmp/minio_downloads/transactions_090349980155.parquet -> @transactions stage
[2026-08-05T08:53:49.964+0000] {logging_mixin.py:188} INFO - Uploaded /tmp/minio_downloads/transactions_090350043626.parquet -> @transactions stage
[2026-08-05T08:53:50.081+0000] {logging_mixin.py:188} INFO - Uploaded /tmp/minio_downloads/transactions_090350089592.parquet -> @transactions stage
[2026-08-05T08:53:50.206+0000] {logging_mixin.py:188} INFO - Uploaded /tmp/minio_downloads/transactions_090350138345.parquet -> @transactions stage
[2026-08-05T08:53:50.329+0000] {logging_mixin.py:188} INFO - Uploaded /tmp/minio_downloads/transactions_090350183670.parquet -> @transactions stage
[2026-08-05T08:53:50.465+0000] {logging_mixin.py:188} INFO - Uploaded /tmp/minio_downloads/transactions_090350231811.parquet -> @transactions stage
[2026-08-05T08:53:50.893+0000] {logging_mixin.py:188} INFO - Uploaded /tmp/minio_downloads/transactions_090350273125.parquet -> @transactions stage
[2026-08-05T08:53:51.047+0000] {logging_mixin.py:188} INFO - Uploaded /tmp/minio_downloads/transactions_090350321357.parquet -> @transactions stage
[2026-08-05T08:53:51.189+0000] {logging_mixin.py:188} INFO - Uploaded /tmp/minio_downloads/transactions_090350363457.parquet -> @transactions stage
[2026-08-05T08:53:51.312+0000] {logging_mixin.py:188} INFO - Uploaded /tmp/minio_downloads/transactions_090350409124.parquet -> @transactions stage
[2026-08-05T08:53:51.440+0000] {logging_mixin.py:188} INFO - Uploaded /tmp/minio_downloads/transactions_090350456314.parquet -> @transactions stage
[2026-08-05T08:53:51.566+0000] {logging_mixin.py:188} INFO - Uploaded /tmp/minio_downloads/transactions_090350496727.parquet -> @transactions stage
[2026-08-05T08:53:51.695+0000] {logging_mixin.py:188} INFO - Uploaded /tmp/minio_downloads/transactions_090350541096.parquet -> @transactions stage
[2026-08-05T08:53:51.813+0000] {logging_mixin.py:188} INFO - Uploaded /tmp/minio_downloads/transactions_090350590595.parquet -> @transactions stage
[2026-08-05T08:53:51.934+0000] {logging_mixin.py:188} INFO - Uploaded /tmp/minio_downloads/transactions_090350637392.parquet -> @transactions stage
[2026-08-05T08:53:52.052+0000] {logging_mixin.py:188} INFO - Uploaded /tmp/minio_downloads/transactions_090350688105.parquet -> @transactions stage
[2026-08-05T08:53:52.178+0000] {logging_mixin.py:188} INFO - Uploaded /tmp/minio_downloads/transactions_090350735881.parquet -> @transactions stage
[2026-08-05T08:53:52.300+0000] {logging_mixin.py:188} INFO - Uploaded /tmp/minio_downloads/transactions_090350777950.parquet -> @transactions stage
[2026-08-05T08:53:52.428+0000] {logging_mixin.py:188} INFO - Uploaded /tmp/minio_downloads/transactions_090350829270.parquet -> @transactions stage
[2026-08-05T08:53:52.548+0000] {logging_mixin.py:188} INFO - Uploaded /tmp/minio_downloads/transactions_090350872710.parquet -> @transactions stage
[2026-08-05T08:53:52.673+0000] {logging_mixin.py:188} INFO - Uploaded /tmp/minio_downloads/transactions_090350916886.parquet -> @transactions stage
[2026-08-05T08:53:52.817+0000] {logging_mixin.py:188} INFO - Uploaded /tmp/minio_downloads/transactions_090350980142.parquet -> @transactions stage
[2026-08-05T08:53:52.940+0000] {logging_mixin.py:188} INFO - Uploaded /tmp/minio_downloads/transactions_090351132471.parquet -> @transactions stage
[2026-08-05T08:53:53.063+0000] {logging_mixin.py:188} INFO - Uploaded /tmp/minio_downloads/transactions_090351252512.parquet -> @transactions stage
[2026-08-05T08:53:53.191+0000] {logging_mixin.py:188} INFO - Uploaded /tmp/minio_downloads/transactions_090351297506.parquet -> @transactions stage
[2026-08-05T08:53:53.338+0000] {logging_mixin.py:188} INFO - Uploaded /tmp/minio_downloads/transactions_090351354756.parquet -> @transactions stage
[2026-08-05T08:53:53.469+0000] {logging_mixin.py:188} INFO - Uploaded /tmp/minio_downloads/transactions_090351398315.parquet -> @transactions stage
[2026-08-05T08:53:53.585+0000] {logging_mixin.py:188} INFO - Uploaded /tmp/minio_downloads/transactions_090351444455.parquet -> @transactions stage
[2026-08-05T08:53:53.709+0000] {logging_mixin.py:188} INFO - Uploaded /tmp/minio_downloads/transactions_090351498438.parquet -> @transactions stage
[2026-08-05T08:53:53.837+0000] {logging_mixin.py:188} INFO - Uploaded /tmp/minio_downloads/transactions_090351544144.parquet -> @transactions stage
[2026-08-05T08:53:53.963+0000] {logging_mixin.py:188} INFO - Uploaded /tmp/minio_downloads/transactions_090351589508.parquet -> @transactions stage
[2026-08-05T08:53:54.084+0000] {logging_mixin.py:188} INFO - Uploaded /tmp/minio_downloads/transactions_090351635835.parquet -> @transactions stage
[2026-08-05T08:53:54.206+0000] {logging_mixin.py:188} INFO - Uploaded /tmp/minio_downloads/transactions_090351680419.parquet -> @transactions stage
[2026-08-05T08:53:54.332+0000] {logging_mixin.py:188} INFO - Uploaded /tmp/minio_downloads/transactions_090351724866.parquet -> @transactions stage
[2026-08-05T08:53:54.455+0000] {logging_mixin.py:188} INFO - Uploaded /tmp/minio_downloads/transactions_090351781853.parquet -> @transactions stage
[2026-08-05T08:53:54.583+0000] {logging_mixin.py:188} INFO - Uploaded /tmp/minio_downloads/transactions_090351825152.parquet -> @transactions stage
[2026-08-05T08:53:54.702+0000] {logging_mixin.py:188} INFO - Uploaded /tmp/minio_downloads/transactions_090351872090.parquet -> @transactions stage
[2026-08-05T08:53:54.832+0000] {logging_mixin.py:188} INFO - Uploaded /tmp/minio_downloads/transactions_090351922861.parquet -> @transactions stage
[2026-08-05T08:53:54.953+0000] {logging_mixin.py:188} INFO - Uploaded /tmp/minio_downloads/transactions_090351979204.parquet -> @transactions stage
[2026-08-05T08:53:55.094+0000] {logging_mixin.py:188} INFO - Uploaded /tmp/minio_downloads/transactions_090352066245.parquet -> @transactions stage
[2026-08-05T08:53:55.222+0000] {logging_mixin.py:188} INFO - Uploaded /tmp/minio_downloads/transactions_090352131625.parquet -> @transactions stage
[2026-08-05T08:53:55.374+0000] {logging_mixin.py:188} INFO - Uploaded /tmp/minio_downloads/transactions_090352190228.parquet -> @transactions stage
[2026-08-05T08:53:55.497+0000] {logging_mixin.py:188} INFO - Uploaded /tmp/minio_downloads/transactions_090352234960.parquet -> @transactions stage
[2026-08-05T08:53:55.618+0000] {logging_mixin.py:188} INFO - Uploaded /tmp/minio_downloads/transactions_090352284281.parquet -> @transactions stage
[2026-08-05T08:53:55.746+0000] {logging_mixin.py:188} INFO - Uploaded /tmp/minio_downloads/transactions_090352330005.parquet -> @transactions stage
[2026-08-05T08:53:55.890+0000] {logging_mixin.py:188} INFO - Uploaded /tmp/minio_downloads/transactions_090352380599.parquet -> @transactions stage
[2026-08-05T08:53:56.012+0000] {logging_mixin.py:188} INFO - Uploaded /tmp/minio_downloads/transactions_090352425116.parquet -> @transactions stage
[2026-08-05T08:53:56.142+0000] {logging_mixin.py:188} INFO - Uploaded /tmp/minio_downloads/transactions_090352478787.parquet -> @transactions stage
[2026-08-05T08:53:56.262+0000] {logging_mixin.py:188} INFO - Uploaded /tmp/minio_downloads/transactions_090352529609.parquet -> @transactions stage
[2026-08-05T08:53:57.226+0000] {logging_mixin.py:188} INFO - Uploaded /tmp/minio_downloads/transactions_090352591371.parquet -> @transactions stage
[2026-08-05T08:53:57.353+0000] {logging_mixin.py:188} INFO - Uploaded /tmp/minio_downloads/transactions_090352633351.parquet -> @transactions stage
[2026-08-05T08:53:57.528+0000] {logging_mixin.py:188} INFO - Uploaded /tmp/minio_downloads/transactions_090352684267.parquet -> @transactions stage
[2026-08-05T08:53:57.646+0000] {logging_mixin.py:188} INFO - Uploaded /tmp/minio_downloads/transactions_090352737147.parquet -> @transactions stage
[2026-08-05T08:53:57.780+0000] {logging_mixin.py:188} INFO - Uploaded /tmp/minio_downloads/transactions_090352784321.parquet -> @transactions stage
[2026-08-05T08:53:57.901+0000] {logging_mixin.py:188} INFO - Uploaded /tmp/minio_downloads/transactions_090352827233.parquet -> @transactions stage
[2026-08-05T08:53:58.024+0000] {logging_mixin.py:188} INFO - Uploaded /tmp/minio_downloads/transactions_090352878913.parquet -> @transactions stage
[2026-08-05T08:53:58.152+0000] {logging_mixin.py:188} INFO - Uploaded /tmp/minio_downloads/transactions_090352923444.parquet -> @transactions stage
[2026-08-05T08:53:58.270+0000] {logging_mixin.py:188} INFO - Uploaded /tmp/minio_downloads/transactions_090352978136.parquet -> @transactions stage
[2026-08-05T08:53:58.432+0000] {logging_mixin.py:188} INFO - Uploaded /tmp/minio_downloads/transactions_090353026733.parquet -> @transactions stage
[2026-08-05T08:53:58.560+0000] {logging_mixin.py:188} INFO - Uploaded /tmp/minio_downloads/transactions_090353079889.parquet -> @transactions stage
[2026-08-05T08:53:58.683+0000] {logging_mixin.py:188} INFO - Uploaded /tmp/minio_downloads/transactions_090353131271.parquet -> @transactions stage
[2026-08-05T08:53:58.828+0000] {logging_mixin.py:188} INFO - Uploaded /tmp/minio_downloads/transactions_090353179157.parquet -> @transactions stage
[2026-08-05T08:53:58.952+0000] {logging_mixin.py:188} INFO - Uploaded /tmp/minio_downloads/transactions_090353225043.parquet -> @transactions stage
[2026-08-05T08:53:59.111+0000] {logging_mixin.py:188} INFO - Uploaded /tmp/minio_downloads/transactions_090353280347.parquet -> @transactions stage
[2026-08-05T08:53:59.229+0000] {logging_mixin.py:188} INFO - Uploaded /tmp/minio_downloads/transactions_090353402065.parquet -> @transactions stage
[2026-08-05T08:53:59.348+0000] {logging_mixin.py:188} INFO - Uploaded /tmp/minio_downloads/transactions_090353455149.parquet -> @transactions stage
[2026-08-05T08:53:59.470+0000] {logging_mixin.py:188} INFO - Uploaded /tmp/minio_downloads/transactions_090353498646.parquet -> @transactions stage
[2026-08-05T08:53:59.601+0000] {logging_mixin.py:188} INFO - Uploaded /tmp/minio_downloads/transactions_090353547456.parquet -> @transactions stage
[2026-08-05T08:53:59.726+0000] {logging_mixin.py:188} INFO - Uploaded /tmp/minio_downloads/transactions_090353600706.parquet -> @transactions stage
[2026-08-05T08:53:59.874+0000] {logging_mixin.py:188} INFO - Uploaded /tmp/minio_downloads/transactions_090353643595.parquet -> @transactions stage
[2026-08-05T08:53:59.998+0000] {logging_mixin.py:188} INFO - Uploaded /tmp/minio_downloads/transactions_090353700583.parquet -> @transactions stage
[2026-08-05T08:54:00.142+0000] {logging_mixin.py:188} INFO - Uploaded /tmp/minio_downloads/transactions_090353745449.parquet -> @transactions stage
[2026-08-05T08:54:00.264+0000] {logging_mixin.py:188} INFO - Uploaded /tmp/minio_downloads/transactions_090353793133.parquet -> @transactions stage
[2026-08-05T08:54:00.481+0000] {logging_mixin.py:188} INFO - Uploaded /tmp/minio_downloads/transactions_090353838216.parquet -> @transactions stage
[2026-08-05T08:54:00.601+0000] {logging_mixin.py:188} INFO - Uploaded /tmp/minio_downloads/transactions_090353890729.parquet -> @transactions stage
[2026-08-05T08:54:00.724+0000] {logging_mixin.py:188} INFO - Uploaded /tmp/minio_downloads/transactions_090353936576.parquet -> @transactions stage
[2026-08-05T08:54:00.930+0000] {logging_mixin.py:188} INFO - Uploaded /tmp/minio_downloads/transactions_090353983581.parquet -> @transactions stage
[2026-08-05T08:54:01.122+0000] {logging_mixin.py:188} INFO - Uploaded /tmp/minio_downloads/transactions_090354028144.parquet -> @transactions stage
[2026-08-05T08:54:01.226+0000] {logging_mixin.py:188} INFO - Uploaded /tmp/minio_downloads/transactions_090354085666.parquet -> @transactions stage
[2026-08-05T08:54:01.441+0000] {logging_mixin.py:188} INFO - Uploaded /tmp/minio_downloads/transactions_090354143476.parquet -> @transactions stage
[2026-08-05T08:54:01.559+0000] {logging_mixin.py:188} INFO - Uploaded /tmp/minio_downloads/transactions_090354206565.parquet -> @transactions stage
[2026-08-05T08:54:01.748+0000] {logging_mixin.py:188} INFO - Uploaded /tmp/minio_downloads/transactions_090354264878.parquet -> @transactions stage
[2026-08-05T08:54:01.912+0000] {logging_mixin.py:188} INFO - Uploaded /tmp/minio_downloads/transactions_090354321619.parquet -> @transactions stage
[2026-08-05T08:54:02.064+0000] {logging_mixin.py:188} INFO - Uploaded /tmp/minio_downloads/transactions_090354369569.parquet -> @transactions stage
[2026-08-05T08:54:02.190+0000] {logging_mixin.py:188} INFO - Uploaded /tmp/minio_downloads/transactions_090354438192.parquet -> @transactions stage
[2026-08-05T08:54:02.337+0000] {logging_mixin.py:188} INFO - Uploaded /tmp/minio_downloads/transactions_090354501727.parquet -> @transactions stage
[2026-08-05T08:54:02.462+0000] {logging_mixin.py:188} INFO - Uploaded /tmp/minio_downloads/transactions_090354564597.parquet -> @transactions stage
[2026-08-05T08:54:02.631+0000] {logging_mixin.py:188} INFO - Uploaded /tmp/minio_downloads/transactions_090354627068.parquet -> @transactions stage
[2026-08-05T08:54:02.746+0000] {logging_mixin.py:188} INFO - Uploaded /tmp/minio_downloads/transactions_090354712936.parquet -> @transactions stage
[2026-08-05T08:54:02.872+0000] {logging_mixin.py:188} INFO - Uploaded /tmp/minio_downloads/transactions_090354761873.parquet -> @transactions stage
[2026-08-05T08:54:02.997+0000] {logging_mixin.py:188} INFO - Uploaded /tmp/minio_downloads/transactions_090354820903.parquet -> @transactions stage
[2026-08-05T08:54:03.145+0000] {logging_mixin.py:188} INFO - Uploaded /tmp/minio_downloads/transactions_090354877371.parquet -> @transactions stage
[2026-08-05T08:54:03.874+0000] {logging_mixin.py:188} INFO - Uploaded /tmp/minio_downloads/transactions_090354928245.parquet -> @transactions stage
[2026-08-05T08:54:03.996+0000] {logging_mixin.py:188} INFO - Uploaded /tmp/minio_downloads/transactions_090354976320.parquet -> @transactions stage
[2026-08-05T08:54:04.115+0000] {logging_mixin.py:188} INFO - Uploaded /tmp/minio_downloads/transactions_090355028374.parquet -> @transactions stage
[2026-08-05T08:54:04.244+0000] {logging_mixin.py:188} INFO - Uploaded /tmp/minio_downloads/transactions_090355098015.parquet -> @transactions stage
[2026-08-05T08:54:04.366+0000] {logging_mixin.py:188} INFO - Uploaded /tmp/minio_downloads/transactions_090355150578.parquet -> @transactions stage
[2026-08-05T08:54:04.486+0000] {logging_mixin.py:188} INFO - Uploaded /tmp/minio_downloads/transactions_090355208526.parquet -> @transactions stage
[2026-08-05T08:54:04.614+0000] {logging_mixin.py:188} INFO - Uploaded /tmp/minio_downloads/transactions_090355262557.parquet -> @transactions stage
[2026-08-05T08:54:04.753+0000] {logging_mixin.py:188} INFO - Uploaded /tmp/minio_downloads/transactions_090355321034.parquet -> @transactions stage
[2026-08-05T08:54:04.868+0000] {logging_mixin.py:188} INFO - Uploaded /tmp/minio_downloads/transactions_090355376276.parquet -> @transactions stage
[2026-08-05T08:54:04.994+0000] {logging_mixin.py:188} INFO - Uploaded /tmp/minio_downloads/transactions_090355427809.parquet -> @transactions stage
[2026-08-05T08:54:05.117+0000] {logging_mixin.py:188} INFO - Uploaded /tmp/minio_downloads/transactions_090355476191.parquet -> @transactions stage
[2026-08-05T08:54:05.242+0000] {logging_mixin.py:188} INFO - Uploaded /tmp/minio_downloads/transactions_090355536617.parquet -> @transactions stage
[2026-08-05T08:54:05.371+0000] {logging_mixin.py:188} INFO - Uploaded /tmp/minio_downloads/transactions_090355610693.parquet -> @transactions stage
[2026-08-05T08:54:05.517+0000] {logging_mixin.py:188} INFO - Uploaded /tmp/minio_downloads/transactions_090355659016.parquet -> @transactions stage
[2026-08-05T08:54:05.642+0000] {logging_mixin.py:188} INFO - Uploaded /tmp/minio_downloads/transactions_090355707912.parquet -> @transactions stage
[2026-08-05T08:54:05.984+0000] {logging_mixin.py:188} INFO - Uploaded /tmp/minio_downloads/transactions_090355751412.parquet -> @transactions stage
[2026-08-05T08:54:06.108+0000] {logging_mixin.py:188} INFO - Uploaded /tmp/minio_downloads/transactions_090355794944.parquet -> @transactions stage
[2026-08-05T08:54:06.249+0000] {logging_mixin.py:188} INFO - Uploaded /tmp/minio_downloads/transactions_090355840528.parquet -> @transactions stage
[2026-08-05T08:54:06.367+0000] {logging_mixin.py:188} INFO - Uploaded /tmp/minio_downloads/transactions_090355883874.parquet -> @transactions stage
[2026-08-05T08:54:06.499+0000] {logging_mixin.py:188} INFO - Uploaded /tmp/minio_downloads/transactions_090355928754.parquet -> @transactions stage
[2026-08-05T08:54:06.617+0000] {logging_mixin.py:188} INFO - Uploaded /tmp/minio_downloads/transactions_090355974016.parquet -> @transactions stage
[2026-08-05T08:54:06.737+0000] {logging_mixin.py:188} INFO - Uploaded /tmp/minio_downloads/transactions_090356024551.parquet -> @transactions stage
[2026-08-05T08:54:06.854+0000] {logging_mixin.py:188} INFO - Uploaded /tmp/minio_downloads/transactions_090356070001.parquet -> @transactions stage
[2026-08-05T08:54:06.973+0000] {logging_mixin.py:188} INFO - Uploaded /tmp/minio_downloads/transactions_090356124968.parquet -> @transactions stage
[2026-08-05T08:54:07.090+0000] {logging_mixin.py:188} INFO - Uploaded /tmp/minio_downloads/transactions_090356167955.parquet -> @transactions stage
[2026-08-05T08:54:07.210+0000] {logging_mixin.py:188} INFO - Uploaded /tmp/minio_downloads/transactions_090356289620.parquet -> @transactions stage
[2026-08-05T08:54:07.330+0000] {logging_mixin.py:188} INFO - Uploaded /tmp/minio_downloads/transactions_090356332656.parquet -> @transactions stage
[2026-08-05T08:54:07.458+0000] {logging_mixin.py:188} INFO - Uploaded /tmp/minio_downloads/transactions_090356379752.parquet -> @transactions stage
[2026-08-05T08:54:07.578+0000] {logging_mixin.py:188} INFO - Uploaded /tmp/minio_downloads/transactions_090356429536.parquet -> @transactions stage
[2026-08-05T08:54:07.701+0000] {logging_mixin.py:188} INFO - Uploaded /tmp/minio_downloads/transactions_090356484290.parquet -> @transactions stage
[2026-08-05T08:54:07.819+0000] {logging_mixin.py:188} INFO - Uploaded /tmp/minio_downloads/transactions_090356535040.parquet -> @transactions stage
[2026-08-05T08:54:07.935+0000] {logging_mixin.py:188} INFO - Uploaded /tmp/minio_downloads/transactions_090356580344.parquet -> @transactions stage
[2026-08-05T08:54:08.060+0000] {logging_mixin.py:188} INFO - Uploaded /tmp/minio_downloads/transactions_090356632331.parquet -> @transactions stage
[2026-08-05T08:54:08.178+0000] {logging_mixin.py:188} INFO - Uploaded /tmp/minio_downloads/transactions_090356677968.parquet -> @transactions stage
[2026-08-05T08:54:08.302+0000] {logging_mixin.py:188} INFO - Uploaded /tmp/minio_downloads/transactions_090356730719.parquet -> @transactions stage
[2026-08-05T08:54:08.432+0000] {logging_mixin.py:188} INFO - Uploaded /tmp/minio_downloads/transactions_090356805931.parquet -> @transactions stage
[2026-08-05T08:54:08.562+0000] {logging_mixin.py:188} INFO - Uploaded /tmp/minio_downloads/transactions_090356874133.parquet -> @transactions stage
[2026-08-05T08:54:08.712+0000] {logging_mixin.py:188} INFO - Uploaded /tmp/minio_downloads/transactions_090356921095.parquet -> @transactions stage
[2026-08-05T08:54:08.847+0000] {logging_mixin.py:188} INFO - Uploaded /tmp/minio_downloads/transactions_090356966348.parquet -> @transactions stage
[2026-08-05T08:54:08.970+0000] {logging_mixin.py:188} INFO - Uploaded /tmp/minio_downloads/transactions_090357009429.parquet -> @transactions stage
[2026-08-05T08:54:09.090+0000] {logging_mixin.py:188} INFO - Uploaded /tmp/minio_downloads/transactions_090357055813.parquet -> @transactions stage
[2026-08-05T08:54:09.213+0000] {logging_mixin.py:188} INFO - Uploaded /tmp/minio_downloads/transactions_090357106270.parquet -> @transactions stage
[2026-08-05T08:54:09.332+0000] {logging_mixin.py:188} INFO - Uploaded /tmp/minio_downloads/transactions_090357156838.parquet -> @transactions stage
[2026-08-05T08:54:09.451+0000] {logging_mixin.py:188} INFO - Uploaded /tmp/minio_downloads/transactions_090357200505.parquet -> @transactions stage
[2026-08-05T08:54:09.570+0000] {logging_mixin.py:188} INFO - Uploaded /tmp/minio_downloads/transactions_090357261171.parquet -> @transactions stage
[2026-08-05T08:54:09.687+0000] {logging_mixin.py:188} INFO - Uploaded /tmp/minio_downloads/transactions_090357304843.parquet -> @transactions stage
[2026-08-05T08:54:09.808+0000] {logging_mixin.py:188} INFO - Uploaded /tmp/minio_downloads/transactions_090357351236.parquet -> @transactions stage
[2026-08-05T08:54:09.924+0000] {logging_mixin.py:188} INFO - Uploaded /tmp/minio_downloads/transactions_090357394679.parquet -> @transactions stage
[2026-08-05T08:54:10.043+0000] {logging_mixin.py:188} INFO - Uploaded /tmp/minio_downloads/transactions_090357440164.parquet -> @transactions stage
[2026-08-05T08:54:10.161+0000] {logging_mixin.py:188} INFO - Uploaded /tmp/minio_downloads/transactions_090357490624.parquet -> @transactions stage
[2026-08-05T08:54:10.278+0000] {logging_mixin.py:188} INFO - Uploaded /tmp/minio_downloads/transactions_090357538623.parquet -> @transactions stage
[2026-08-05T08:54:10.396+0000] {logging_mixin.py:188} INFO - Uploaded /tmp/minio_downloads/transactions_090357589134.parquet -> @transactions stage
[2026-08-05T08:54:10.518+0000] {logging_mixin.py:188} INFO - Uploaded /tmp/minio_downloads/transactions_090357651723.parquet -> @transactions stage
[2026-08-05T08:54:10.638+0000] {logging_mixin.py:188} INFO - Uploaded /tmp/minio_downloads/transactions_090357702738.parquet -> @transactions stage
[2026-08-05T08:54:10.761+0000] {logging_mixin.py:188} INFO - Uploaded /tmp/minio_downloads/transactions_090357760100.parquet -> @transactions stage
[2026-08-05T08:54:10.879+0000] {logging_mixin.py:188} INFO - Uploaded /tmp/minio_downloads/transactions_090357801435.parquet -> @transactions stage
[2026-08-05T08:54:10.998+0000] {logging_mixin.py:188} INFO - Uploaded /tmp/minio_downloads/transactions_090357851905.parquet -> @transactions stage
[2026-08-05T08:54:11.117+0000] {logging_mixin.py:188} INFO - Uploaded /tmp/minio_downloads/transactions_090357912801.parquet -> @transactions stage
[2026-08-05T08:54:11.247+0000] {logging_mixin.py:188} INFO - Uploaded /tmp/minio_downloads/transactions_090357960568.parquet -> @transactions stage
[2026-08-05T08:54:11.364+0000] {logging_mixin.py:188} INFO - Uploaded /tmp/minio_downloads/transactions_090358004849.parquet -> @transactions stage
[2026-08-05T08:54:11.484+0000] {logging_mixin.py:188} INFO - Uploaded /tmp/minio_downloads/transactions_090358056560.parquet -> @transactions stage
[2026-08-05T08:54:11.604+0000] {logging_mixin.py:188} INFO - Uploaded /tmp/minio_downloads/transactions_090358105593.parquet -> @transactions stage
[2026-08-05T08:54:11.756+0000] {logging_mixin.py:188} INFO - Uploaded /tmp/minio_downloads/transactions_090358162181.parquet -> @transactions stage
[2026-08-05T08:54:11.877+0000] {logging_mixin.py:188} INFO - Uploaded /tmp/minio_downloads/transactions_090358208325.parquet -> @transactions stage
[2026-08-05T08:54:11.983+0000] {logging_mixin.py:188} INFO - Uploaded /tmp/minio_downloads/transactions_090358259907.parquet -> @transactions stage
[2026-08-05T08:54:12.103+0000] {logging_mixin.py:188} INFO - Uploaded /tmp/minio_downloads/transactions_090358303300.parquet -> @transactions stage
[2026-08-05T08:54:12.224+0000] {logging_mixin.py:188} INFO - Uploaded /tmp/minio_downloads/transactions_090358355686.parquet -> @transactions stage
[2026-08-05T08:54:12.343+0000] {logging_mixin.py:188} INFO - Uploaded /tmp/minio_downloads/transactions_090358405389.parquet -> @transactions stage
[2026-08-05T08:54:12.457+0000] {logging_mixin.py:188} INFO - Uploaded /tmp/minio_downloads/transactions_090358443895.parquet -> @transactions stage
[2026-08-05T08:54:12.573+0000] {logging_mixin.py:188} INFO - Uploaded /tmp/minio_downloads/transactions_090358557096.parquet -> @transactions stage
[2026-08-05T08:54:12.693+0000] {logging_mixin.py:188} INFO - Uploaded /tmp/minio_downloads/transactions_090358604150.parquet -> @transactions stage
[2026-08-05T08:54:12.816+0000] {logging_mixin.py:188} INFO - Uploaded /tmp/minio_downloads/transactions_090358674157.parquet -> @transactions stage
[2026-08-05T08:54:12.936+0000] {logging_mixin.py:188} INFO - Uploaded /tmp/minio_downloads/transactions_090358720067.parquet -> @transactions stage
[2026-08-05T08:54:13.065+0000] {logging_mixin.py:188} INFO - Uploaded /tmp/minio_downloads/transactions_090358769853.parquet -> @transactions stage
[2026-08-05T08:54:13.250+0000] {logging_mixin.py:188} INFO - Uploaded /tmp/minio_downloads/transactions_090358814455.parquet -> @transactions stage
[2026-08-05T08:54:13.383+0000] {logging_mixin.py:188} INFO - Uploaded /tmp/minio_downloads/transactions_090358863524.parquet -> @transactions stage
[2026-08-05T08:54:13.511+0000] {logging_mixin.py:188} INFO - Uploaded /tmp/minio_downloads/transactions_090358934392.parquet -> @transactions stage
[2026-08-05T08:54:13.632+0000] {logging_mixin.py:188} INFO - Uploaded /tmp/minio_downloads/transactions_090358979341.parquet -> @transactions stage
[2026-08-05T08:54:13.751+0000] {logging_mixin.py:188} INFO - Uploaded /tmp/minio_downloads/transactions_090359023383.parquet -> @transactions stage
[2026-08-05T08:54:13.867+0000] {logging_mixin.py:188} INFO - Uploaded /tmp/minio_downloads/transactions_090359073300.parquet -> @transactions stage
[2026-08-05T08:54:13.988+0000] {logging_mixin.py:188} INFO - Uploaded /tmp/minio_downloads/transactions_090359125859.parquet -> @transactions stage
[2026-08-05T08:54:14.103+0000] {logging_mixin.py:188} INFO - Uploaded /tmp/minio_downloads/transactions_090359170062.parquet -> @transactions stage
[2026-08-05T08:54:14.225+0000] {logging_mixin.py:188} INFO - Uploaded /tmp/minio_downloads/transactions_090359215423.parquet -> @transactions stage
[2026-08-05T08:54:14.353+0000] {logging_mixin.py:188} INFO - Uploaded /tmp/minio_downloads/transactions_090359261771.parquet -> @transactions stage
[2026-08-05T08:54:14.475+0000] {logging_mixin.py:188} INFO - Uploaded /tmp/minio_downloads/transactions_090359309259.parquet -> @transactions stage
[2026-08-05T08:54:14.626+0000] {logging_mixin.py:188} INFO - Uploaded /tmp/minio_downloads/transactions_090359352159.parquet -> @transactions stage
[2026-08-05T08:54:14.765+0000] {logging_mixin.py:188} INFO - Uploaded /tmp/minio_downloads/transactions_090359412076.parquet -> @transactions stage
[2026-08-05T08:54:14.891+0000] {logging_mixin.py:188} INFO - Uploaded /tmp/minio_downloads/transactions_090359479421.parquet -> @transactions stage
[2026-08-05T08:54:15.011+0000] {logging_mixin.py:188} INFO - Uploaded /tmp/minio_downloads/transactions_090359532828.parquet -> @transactions stage
[2026-08-05T08:54:15.136+0000] {logging_mixin.py:188} INFO - Uploaded /tmp/minio_downloads/transactions_090359614357.parquet -> @transactions stage
[2026-08-05T08:54:15.253+0000] {logging_mixin.py:188} INFO - Uploaded /tmp/minio_downloads/transactions_090359687534.parquet -> @transactions stage
[2026-08-05T08:54:15.373+0000] {logging_mixin.py:188} INFO - Uploaded /tmp/minio_downloads/transactions_090359742743.parquet -> @transactions stage
[2026-08-05T08:54:15.494+0000] {logging_mixin.py:188} INFO - Uploaded /tmp/minio_downloads/transactions_090359809288.parquet -> @transactions stage
[2026-08-05T08:54:15.618+0000] {logging_mixin.py:188} INFO - Uploaded /tmp/minio_downloads/transactions_090359858103.parquet -> @transactions stage
[2026-08-05T08:54:15.737+0000] {logging_mixin.py:188} INFO - Uploaded /tmp/minio_downloads/transactions_090359917897.parquet -> @transactions stage
[2026-08-05T08:54:15.861+0000] {logging_mixin.py:188} INFO - Uploaded /tmp/minio_downloads/transactions_090359961638.parquet -> @transactions stage
[2026-08-05T08:54:15.981+0000] {logging_mixin.py:188} INFO - Uploaded /tmp/minio_downloads/transactions_090400008307.parquet -> @transactions stage
[2026-08-05T08:54:16.106+0000] {logging_mixin.py:188} INFO - Uploaded /tmp/minio_downloads/transactions_090400055652.parquet -> @transactions stage
[2026-08-05T08:54:16.216+0000] {logging_mixin.py:188} INFO - Uploaded /tmp/minio_downloads/transactions_090400100974.parquet -> @transactions stage
[2026-08-05T08:54:16.338+0000] {logging_mixin.py:188} INFO - Uploaded /tmp/minio_downloads/transactions_090400154865.parquet -> @transactions stage
[2026-08-05T08:54:16.458+0000] {logging_mixin.py:188} INFO - Uploaded /tmp/minio_downloads/transactions_090400199579.parquet -> @transactions stage
[2026-08-05T08:54:16.581+0000] {logging_mixin.py:188} INFO - Uploaded /tmp/minio_downloads/transactions_090400244645.parquet -> @transactions stage
[2026-08-05T08:54:16.697+0000] {logging_mixin.py:188} INFO - Uploaded /tmp/minio_downloads/transactions_090400302861.parquet -> @transactions stage
[2026-08-05T08:54:16.817+0000] {logging_mixin.py:188} INFO - Uploaded /tmp/minio_downloads/transactions_090400414726.parquet -> @transactions stage
[2026-08-05T08:54:16.938+0000] {logging_mixin.py:188} INFO - Uploaded /tmp/minio_downloads/transactions_090400462155.parquet -> @transactions stage
[2026-08-05T08:54:17.064+0000] {logging_mixin.py:188} INFO - Uploaded /tmp/minio_downloads/transactions_090400508113.parquet -> @transactions stage
[2026-08-05T08:54:17.189+0000] {logging_mixin.py:188} INFO - Uploaded /tmp/minio_downloads/transactions_090400551760.parquet -> @transactions stage
[2026-08-05T08:54:17.311+0000] {logging_mixin.py:188} INFO - Uploaded /tmp/minio_downloads/transactions_090400598796.parquet -> @transactions stage
[2026-08-05T08:54:17.429+0000] {logging_mixin.py:188} INFO - Uploaded /tmp/minio_downloads/transactions_090400650307.parquet -> @transactions stage
[2026-08-05T08:54:17.703+0000] {logging_mixin.py:188} INFO - Uploaded /tmp/minio_downloads/transactions_090400718652.parquet -> @transactions stage
[2026-08-05T08:54:17.815+0000] {logging_mixin.py:188} INFO - Uploaded /tmp/minio_downloads/transactions_090400764108.parquet -> @transactions stage
[2026-08-05T08:54:17.941+0000] {logging_mixin.py:188} INFO - Uploaded /tmp/minio_downloads/transactions_090400811028.parquet -> @transactions stage
[2026-08-05T08:54:18.067+0000] {logging_mixin.py:188} INFO - Uploaded /tmp/minio_downloads/transactions_090400854504.parquet -> @transactions stage
[2026-08-05T08:54:18.186+0000] {logging_mixin.py:188} INFO - Uploaded /tmp/minio_downloads/transactions_090400901832.parquet -> @transactions stage
[2026-08-05T08:54:18.801+0000] {logging_mixin.py:188} INFO - Uploaded /tmp/minio_downloads/transactions_090400963088.parquet -> @transactions stage
[2026-08-05T08:54:18.924+0000] {logging_mixin.py:188} INFO - Uploaded /tmp/minio_downloads/transactions_090401013096.parquet -> @transactions stage
[2026-08-05T08:54:19.039+0000] {logging_mixin.py:188} INFO - Uploaded /tmp/minio_downloads/transactions_090401055274.parquet -> @transactions stage
[2026-08-05T08:54:19.159+0000] {logging_mixin.py:188} INFO - Uploaded /tmp/minio_downloads/transactions_090401109174.parquet -> @transactions stage
[2026-08-05T08:54:19.281+0000] {logging_mixin.py:188} INFO - Uploaded /tmp/minio_downloads/transactions_090401158400.parquet -> @transactions stage
[2026-08-05T08:54:19.396+0000] {logging_mixin.py:188} INFO - Uploaded /tmp/minio_downloads/transactions_090401204691.parquet -> @transactions stage
[2026-08-05T08:54:19.513+0000] {logging_mixin.py:188} INFO - Uploaded /tmp/minio_downloads/transactions_090401251759.parquet -> @transactions stage
[2026-08-05T08:54:19.636+0000] {logging_mixin.py:188} INFO - Uploaded /tmp/minio_downloads/transactions_090401308097.parquet -> @transactions stage
[2026-08-05T08:54:19.752+0000] {logging_mixin.py:188} INFO - Uploaded /tmp/minio_downloads/transactions_090401353068.parquet -> @transactions stage
[2026-08-05T08:54:19.871+0000] {logging_mixin.py:188} INFO - Uploaded /tmp/minio_downloads/transactions_090401399897.parquet -> @transactions stage
[2026-08-05T08:54:19.991+0000] {logging_mixin.py:188} INFO - Uploaded /tmp/minio_downloads/transactions_090401443951.parquet -> @transactions stage
[2026-08-05T08:54:20.107+0000] {logging_mixin.py:188} INFO - Uploaded /tmp/minio_downloads/transactions_090401488223.parquet -> @transactions stage
[2026-08-05T08:54:20.229+0000] {logging_mixin.py:188} INFO - Uploaded /tmp/minio_downloads/transactions_090401532150.parquet -> @transactions stage
[2026-08-05T08:54:20.393+0000] {logging_mixin.py:188} INFO - Uploaded /tmp/minio_downloads/transactions_090401575172.parquet -> @transactions stage
[2026-08-05T08:54:20.511+0000] {logging_mixin.py:188} INFO - Uploaded /tmp/minio_downloads/transactions_090401621799.parquet -> @transactions stage
[2026-08-05T08:54:20.629+0000] {logging_mixin.py:188} INFO - Uploaded /tmp/minio_downloads/transactions_090406088254.parquet -> @transactions stage
[2026-08-05T08:54:20.747+0000] {logging_mixin.py:188} INFO - Uploaded /tmp/minio_downloads/transactions_090406146940.parquet -> @transactions stage
[2026-08-05T08:54:20.863+0000] {logging_mixin.py:188} INFO - Uploaded /tmp/minio_downloads/transactions_090406202556.parquet -> @transactions stage
[2026-08-05T08:54:20.990+0000] {logging_mixin.py:188} INFO - Uploaded /tmp/minio_downloads/transactions_090406248287.parquet -> @transactions stage
[2026-08-05T08:54:21.110+0000] {logging_mixin.py:188} INFO - Uploaded /tmp/minio_downloads/transactions_090406323372.parquet -> @transactions stage
[2026-08-05T08:54:21.341+0000] {logging_mixin.py:188} INFO - Uploaded /tmp/minio_downloads/transactions_090406401429.parquet -> @transactions stage
[2026-08-05T08:54:21.463+0000] {logging_mixin.py:188} INFO - Uploaded /tmp/minio_downloads/transactions_090406455142.parquet -> @transactions stage
[2026-08-05T08:54:21.580+0000] {logging_mixin.py:188} INFO - Uploaded /tmp/minio_downloads/transactions_090406512296.parquet -> @transactions stage
[2026-08-05T08:54:21.700+0000] {logging_mixin.py:188} INFO - Uploaded /tmp/minio_downloads/transactions_090406599805.parquet -> @transactions stage
[2026-08-05T08:54:21.821+0000] {logging_mixin.py:188} INFO - Uploaded /tmp/minio_downloads/transactions_090406655922.parquet -> @transactions stage
[2026-08-05T08:54:21.940+0000] {logging_mixin.py:188} INFO - Uploaded /tmp/minio_downloads/transactions_090406718291.parquet -> @transactions stage
[2026-08-05T08:54:22.062+0000] {logging_mixin.py:188} INFO - Uploaded /tmp/minio_downloads/transactions_090406794188.parquet -> @transactions stage
[2026-08-05T08:54:22.187+0000] {logging_mixin.py:188} INFO - Uploaded /tmp/minio_downloads/transactions_090406889864.parquet -> @transactions stage
[2026-08-05T08:54:22.299+0000] {logging_mixin.py:188} INFO - Uploaded /tmp/minio_downloads/transactions_090406963161.parquet -> @transactions stage
[2026-08-05T08:54:22.426+0000] {logging_mixin.py:188} INFO - Uploaded /tmp/minio_downloads/transactions_090407014526.parquet -> @transactions stage
[2026-08-05T08:54:22.553+0000] {logging_mixin.py:188} INFO - Uploaded /tmp/minio_downloads/transactions_090407064895.parquet -> @transactions stage
[2026-08-05T08:54:22.669+0000] {logging_mixin.py:188} INFO - Uploaded /tmp/minio_downloads/transactions_090407119617.parquet -> @transactions stage
[2026-08-05T08:54:22.837+0000] {logging_mixin.py:188} INFO - Uploaded /tmp/minio_downloads/transactions_090407171988.parquet -> @transactions stage
[2026-08-05T08:54:23.003+0000] {logging_mixin.py:188} INFO - Uploaded /tmp/minio_downloads/transactions_090407247987.parquet -> @transactions stage
[2026-08-05T08:54:23.145+0000] {logging_mixin.py:188} INFO - Uploaded /tmp/minio_downloads/transactions_090407315896.parquet -> @transactions stage
[2026-08-05T08:54:23.292+0000] {logging_mixin.py:188} INFO - Uploaded /tmp/minio_downloads/transactions_090407371463.parquet -> @transactions stage
[2026-08-05T08:54:23.409+0000] {logging_mixin.py:188} INFO - Uploaded /tmp/minio_downloads/transactions_090407450009.parquet -> @transactions stage
[2026-08-05T08:54:23.530+0000] {logging_mixin.py:188} INFO - Uploaded /tmp/minio_downloads/transactions_090407516292.parquet -> @transactions stage
[2026-08-05T08:54:23.650+0000] {logging_mixin.py:188} INFO - Uploaded /tmp/minio_downloads/transactions_090407566961.parquet -> @transactions stage
[2026-08-05T08:54:23.771+0000] {logging_mixin.py:188} INFO - Uploaded /tmp/minio_downloads/transactions_090407631725.parquet -> @transactions stage
[2026-08-05T08:54:23.882+0000] {logging_mixin.py:188} INFO - Uploaded /tmp/minio_downloads/transactions_090407676314.parquet -> @transactions stage
[2026-08-05T08:54:24.037+0000] {logging_mixin.py:188} INFO - Uploaded /tmp/minio_downloads/transactions_090407722561.parquet -> @transactions stage
[2026-08-05T08:54:24.162+0000] {logging_mixin.py:188} INFO - Uploaded /tmp/minio_downloads/transactions_090407771326.parquet -> @transactions stage
[2026-08-05T08:54:24.286+0000] {logging_mixin.py:188} INFO - Uploaded /tmp/minio_downloads/transactions_090407819465.parquet -> @transactions stage
[2026-08-05T08:54:24.409+0000] {logging_mixin.py:188} INFO - Uploaded /tmp/minio_downloads/transactions_090407866042.parquet -> @transactions stage
[2026-08-05T08:54:24.527+0000] {logging_mixin.py:188} INFO - Uploaded /tmp/minio_downloads/transactions_090408004044.parquet -> @transactions stage
[2026-08-05T08:54:24.651+0000] {logging_mixin.py:188} INFO - Uploaded /tmp/minio_downloads/transactions_090408052782.parquet -> @transactions stage
[2026-08-05T08:54:24.770+0000] {logging_mixin.py:188} INFO - Uploaded /tmp/minio_downloads/transactions_090408101485.parquet -> @transactions stage
[2026-08-05T08:54:24.901+0000] {logging_mixin.py:188} INFO - Uploaded /tmp/minio_downloads/transactions_090408154313.parquet -> @transactions stage
[2026-08-05T08:54:25.036+0000] {logging_mixin.py:188} INFO - Uploaded /tmp/minio_downloads/transactions_090408200528.parquet -> @transactions stage
[2026-08-05T08:54:25.154+0000] {logging_mixin.py:188} INFO - Uploaded /tmp/minio_downloads/transactions_090408249018.parquet -> @transactions stage
[2026-08-05T08:54:25.271+0000] {logging_mixin.py:188} INFO - Uploaded /tmp/minio_downloads/transactions_090408312965.parquet -> @transactions stage
[2026-08-05T08:54:25.401+0000] {logging_mixin.py:188} INFO - Uploaded /tmp/minio_downloads/transactions_090408375640.parquet -> @transactions stage
[2026-08-05T08:54:25.523+0000] {logging_mixin.py:188} INFO - Uploaded /tmp/minio_downloads/transactions_090408429805.parquet -> @transactions stage
[2026-08-05T08:54:25.646+0000] {logging_mixin.py:188} INFO - Uploaded /tmp/minio_downloads/transactions_090408481925.parquet -> @transactions stage
[2026-08-05T08:54:25.764+0000] {logging_mixin.py:188} INFO - Uploaded /tmp/minio_downloads/transactions_090408529318.parquet -> @transactions stage
[2026-08-05T08:54:25.890+0000] {logging_mixin.py:188} INFO - Uploaded /tmp/minio_downloads/transactions_090408587037.parquet -> @transactions stage
[2026-08-05T08:54:26.010+0000] {logging_mixin.py:188} INFO - Uploaded /tmp/minio_downloads/transactions_090408632655.parquet -> @transactions stage
[2026-08-05T08:54:26.136+0000] {logging_mixin.py:188} INFO - Uploaded /tmp/minio_downloads/transactions_090408679433.parquet -> @transactions stage
[2026-08-05T08:54:26.256+0000] {logging_mixin.py:188} INFO - Uploaded /tmp/minio_downloads/transactions_090408727398.parquet -> @transactions stage
[2026-08-05T08:54:26.394+0000] {logging_mixin.py:188} INFO - Uploaded /tmp/minio_downloads/transactions_090408782212.parquet -> @transactions stage
[2026-08-05T08:54:26.526+0000] {logging_mixin.py:188} INFO - Uploaded /tmp/minio_downloads/transactions_090408835529.parquet -> @transactions stage
[2026-08-05T08:54:26.645+0000] {logging_mixin.py:188} INFO - Uploaded /tmp/minio_downloads/transactions_090408886244.parquet -> @transactions stage
[2026-08-05T08:54:26.759+0000] {logging_mixin.py:188} INFO - Uploaded /tmp/minio_downloads/transactions_090408932712.parquet -> @transactions stage
[2026-08-05T08:54:26.879+0000] {logging_mixin.py:188} INFO - Uploaded /tmp/minio_downloads/transactions_090409006680.parquet -> @transactions stage
[2026-08-05T08:54:26.991+0000] {logging_mixin.py:188} INFO - Uploaded /tmp/minio_downloads/transactions_090409060002.parquet -> @transactions stage
[2026-08-05T08:54:27.109+0000] {logging_mixin.py:188} INFO - Uploaded /tmp/minio_downloads/transactions_090409104703.parquet -> @transactions stage
[2026-08-05T08:54:27.251+0000] {logging_mixin.py:188} INFO - Uploaded /tmp/minio_downloads/transactions_090409152569.parquet -> @transactions stage
[2026-08-05T08:54:27.374+0000] {logging_mixin.py:188} INFO - Uploaded /tmp/minio_downloads/transactions_090409197963.parquet -> @transactions stage
[2026-08-05T08:54:27.512+0000] {logging_mixin.py:188} INFO - Uploaded /tmp/minio_downloads/transactions_090409244623.parquet -> @transactions stage
[2026-08-05T08:54:27.633+0000] {logging_mixin.py:188} INFO - Uploaded /tmp/minio_downloads/transactions_090409296690.parquet -> @transactions stage
[2026-08-05T08:54:27.753+0000] {logging_mixin.py:188} INFO - Uploaded /tmp/minio_downloads/transactions_090409372121.parquet -> @transactions stage
[2026-08-05T08:54:27.877+0000] {logging_mixin.py:188} INFO - Uploaded /tmp/minio_downloads/transactions_090409417527.parquet -> @transactions stage
[2026-08-05T08:54:27.999+0000] {logging_mixin.py:188} INFO - Uploaded /tmp/minio_downloads/transactions_090409479691.parquet -> @transactions stage
[2026-08-05T08:54:28.120+0000] {logging_mixin.py:188} INFO - Uploaded /tmp/minio_downloads/transactions_090409546407.parquet -> @transactions stage
[2026-08-05T08:54:28.236+0000] {logging_mixin.py:188} INFO - Uploaded /tmp/minio_downloads/transactions_090409623927.parquet -> @transactions stage
[2026-08-05T08:54:28.352+0000] {logging_mixin.py:188} INFO - Uploaded /tmp/minio_downloads/transactions_090409676239.parquet -> @transactions stage
[2026-08-05T08:54:28.466+0000] {logging_mixin.py:188} INFO - Uploaded /tmp/minio_downloads/transactions_090409719991.parquet -> @transactions stage
[2026-08-05T08:54:28.582+0000] {logging_mixin.py:188} INFO - Uploaded /tmp/minio_downloads/transactions_090409773039.parquet -> @transactions stage
[2026-08-05T08:54:28.700+0000] {logging_mixin.py:188} INFO - Uploaded /tmp/minio_downloads/transactions_090409828550.parquet -> @transactions stage
[2026-08-05T08:54:28.822+0000] {logging_mixin.py:188} INFO - Uploaded /tmp/minio_downloads/transactions_090409882190.parquet -> @transactions stage
[2026-08-05T08:54:28.940+0000] {logging_mixin.py:188} INFO - Uploaded /tmp/minio_downloads/transactions_090409928613.parquet -> @transactions stage
[2026-08-05T08:54:29.065+0000] {logging_mixin.py:188} INFO - Uploaded /tmp/minio_downloads/transactions_090409979789.parquet -> @transactions stage
[2026-08-05T08:54:29.179+0000] {logging_mixin.py:188} INFO - Uploaded /tmp/minio_downloads/transactions_090410029506.parquet -> @transactions stage
[2026-08-05T08:54:29.299+0000] {logging_mixin.py:188} INFO - Uploaded /tmp/minio_downloads/transactions_090410087550.parquet -> @transactions stage
[2026-08-05T08:54:29.430+0000] {logging_mixin.py:188} INFO - Uploaded /tmp/minio_downloads/transactions_090410197433.parquet -> @transactions stage
[2026-08-05T08:54:29.552+0000] {logging_mixin.py:188} INFO - Uploaded /tmp/minio_downloads/transactions_090410244821.parquet -> @transactions stage
[2026-08-05T08:54:29.671+0000] {logging_mixin.py:188} INFO - Uploaded /tmp/minio_downloads/transactions_090410290192.parquet -> @transactions stage
[2026-08-05T08:54:29.791+0000] {logging_mixin.py:188} INFO - Uploaded /tmp/minio_downloads/transactions_090410344860.parquet -> @transactions stage
[2026-08-05T08:54:29.913+0000] {logging_mixin.py:188} INFO - Uploaded /tmp/minio_downloads/transactions_090410400587.parquet -> @transactions stage
[2026-08-05T08:54:30.037+0000] {logging_mixin.py:188} INFO - Uploaded /tmp/minio_downloads/transactions_090410457697.parquet -> @transactions stage
[2026-08-05T08:54:30.164+0000] {logging_mixin.py:188} INFO - Uploaded /tmp/minio_downloads/transactions_090410525442.parquet -> @transactions stage
[2026-08-05T08:54:30.283+0000] {logging_mixin.py:188} INFO - Uploaded /tmp/minio_downloads/transactions_090410572839.parquet -> @transactions stage
[2026-08-05T08:54:30.400+0000] {logging_mixin.py:188} INFO - Uploaded /tmp/minio_downloads/transactions_090410619421.parquet -> @transactions stage
[2026-08-05T08:54:30.703+0000] {logging_mixin.py:188} INFO - Data loaded into transactions
[2026-08-05T08:54:30.802+0000] {python.py:237} INFO - Done. Returned value was: None
[2026-08-05T08:54:30.803+0000] {taskinstance.py:441} INFO - ::group::Post task execution logs
[2026-08-05T08:54:30.826+0000] {taskinstance.py:1206} INFO - Marking task as SUCCESS. dag_id=minio_to_snowflake_banking, task_id=load_snowflake, run_id=scheduled__2026-08-05T08:48:00+00:00, execution_date=20260805T084800, start_date=20260805T085256, end_date=20260805T085430
[2026-08-05T08:54:30.942+0000] {local_task_job_runner.py:243} INFO - Task exited with return code 0
[2026-08-05T08:54:30.971+0000] {taskinstance.py:3503} INFO - 0 downstream tasks scheduled from follow-on schedule check
[2026-08-05T08:54:30.975+0000] {local_task_job_runner.py:222} INFO - ::endgroup::
