[2026-08-05T08:33:58.914+0000] {local_task_job_runner.py:120} INFO - ::group::Pre task execution logs
[2026-08-05T08:33:58.943+0000] {taskinstance.py:2076} INFO - Dependencies all met for dep_context=non-requeueable deps ti=<TaskInstance: minio_to_snowflake_banking.load_snowflake scheduled__2026-08-05T08:30:00+00:00 [queued]>
[2026-08-05T08:33:58.951+0000] {taskinstance.py:2076} INFO - Dependencies all met for dep_context=requeueable deps ti=<TaskInstance: minio_to_snowflake_banking.load_snowflake scheduled__2026-08-05T08:30:00+00:00 [queued]>
[2026-08-05T08:33:58.952+0000] {taskinstance.py:2306} INFO - Starting attempt 1 of 2
[2026-08-05T08:33:58.963+0000] {taskinstance.py:2330} INFO - Executing <Task(PythonOperator): load_snowflake> on 2026-08-05 08:30:00+00:00
[2026-08-05T08:33:58.974+0000] {standard_task_runner.py:90} INFO - Running: ['***', 'tasks', 'run', 'minio_to_snowflake_banking', 'load_snowflake', 'scheduled__2026-08-05T08:30:00+00:00', '--job-id', '14', '--raw', '--subdir', 'DAGS_FOLDER/minio_to_snowflake_dag.py', '--cfg-path', '/tmp/tmpohdkqzc2']
[2026-08-05T08:33:58.978+0000] {standard_task_runner.py:91} INFO - Job 14: Subtask load_snowflake
[2026-08-05T08:33:58.978+0000] {logging_mixin.py:188} WARNING - /home/***/.local/lib/python3.12/site-packages/***/task/task_runner/standard_task_runner.py:62 DeprecationWarning: This process (pid=11694) is multi-threaded, use of fork() may lead to deadlocks in the child.
[2026-08-05T08:33:58.979+0000] {standard_task_runner.py:64} INFO - Started process 11705 to run task
[2026-08-05T08:33:59.039+0000] {task_command.py:426} INFO - Running <TaskInstance: minio_to_snowflake_banking.load_snowflake scheduled__2026-08-05T08:30:00+00:00 [running]> on host dbaa032e7d7c
[2026-08-05T08:33:59.134+0000] {taskinstance.py:2648} INFO - Exporting env vars: AIRFLOW_CTX_DAG_OWNER='***' AIRFLOW_CTX_DAG_ID='minio_to_snowflake_banking' AIRFLOW_CTX_TASK_ID='load_snowflake' AIRFLOW_CTX_EXECUTION_DATE='2026-08-05T08:30:00+00:00' AIRFLOW_CTX_TRY_NUMBER='1' AIRFLOW_CTX_DAG_RUN_ID='scheduled__2026-08-05T08:30:00+00:00'
[2026-08-05T08:33:59.135+0000] {taskinstance.py:430} INFO - ::endgroup::
[2026-08-05T08:33:59.844+0000] {connection.py:638} INFO - Snowflake Connector for Python Version: 4.6.0, Python Version: 3.12.4, Platform: Linux-6.18.33.2-microsoft-standard-WSL2-x86_64-with-glibc2.36
[2026-08-05T08:33:59.846+0000] {connection.py:1760} INFO - Connecting to GLOBAL Snowflake domain
[2026-08-05T08:34:01.889+0000] {logging_mixin.py:188} INFO - Uploaded /tmp/minio_downloads/customers_090401672966.parquet -> @customers stage
[2026-08-05T08:34:02.316+0000] {logging_mixin.py:188} INFO - Uploaded /tmp/minio_downloads/customers_090401722071.parquet -> @customers stage
[2026-08-05T08:34:02.901+0000] {logging_mixin.py:188} INFO - Uploaded /tmp/minio_downloads/customers_090401771134.parquet -> @customers stage
[2026-08-05T08:34:03.013+0000] {logging_mixin.py:188} INFO - Uploaded /tmp/minio_downloads/customers_090401818881.parquet -> @customers stage
[2026-08-05T08:34:03.135+0000] {logging_mixin.py:188} INFO - Uploaded /tmp/minio_downloads/customers_090401869659.parquet -> @customers stage
[2026-08-05T08:34:03.293+0000] {logging_mixin.py:188} INFO - Uploaded /tmp/minio_downloads/customers_090401931845.parquet -> @customers stage
[2026-08-05T08:34:03.405+0000] {logging_mixin.py:188} INFO - Uploaded /tmp/minio_downloads/customers_090401994043.parquet -> @customers stage
[2026-08-05T08:34:03.533+0000] {logging_mixin.py:188} INFO - Uploaded /tmp/minio_downloads/customers_090402069924.parquet -> @customers stage
[2026-08-05T08:34:03.638+0000] {logging_mixin.py:188} INFO - Uploaded /tmp/minio_downloads/customers_090402133350.parquet -> @customers stage
[2026-08-05T08:34:03.755+0000] {logging_mixin.py:188} INFO - Uploaded /tmp/minio_downloads/customers_090402184633.parquet -> @customers stage
[2026-08-05T08:34:03.851+0000] {logging_mixin.py:188} INFO - Uploaded /tmp/minio_downloads/customers_090402234780.parquet -> @customers stage
[2026-08-05T08:34:03.945+0000] {logging_mixin.py:188} INFO - Uploaded /tmp/minio_downloads/customers_090402284973.parquet -> @customers stage
[2026-08-05T08:34:04.151+0000] {logging_mixin.py:188} INFO - Uploaded /tmp/minio_downloads/customers_090402342610.parquet -> @customers stage
[2026-08-05T08:34:04.318+0000] {logging_mixin.py:188} INFO - Uploaded /tmp/minio_downloads/customers_090402385711.parquet -> @customers stage
[2026-08-05T08:34:04.433+0000] {logging_mixin.py:188} INFO - Uploaded /tmp/minio_downloads/customers_090402449594.parquet -> @customers stage
[2026-08-05T08:34:04.581+0000] {logging_mixin.py:188} INFO - Uploaded /tmp/minio_downloads/customers_090402513017.parquet -> @customers stage
[2026-08-05T08:34:04.689+0000] {logging_mixin.py:188} INFO - Uploaded /tmp/minio_downloads/customers_090402644591.parquet -> @customers stage
[2026-08-05T08:34:04.820+0000] {logging_mixin.py:188} INFO - Uploaded /tmp/minio_downloads/customers_090402707127.parquet -> @customers stage
[2026-08-05T08:34:04.934+0000] {logging_mixin.py:188} INFO - Uploaded /tmp/minio_downloads/customers_090402799962.parquet -> @customers stage
[2026-08-05T08:34:05.027+0000] {logging_mixin.py:188} INFO - Uploaded /tmp/minio_downloads/customers_090402929400.parquet -> @customers stage
[2026-08-05T08:34:05.133+0000] {logging_mixin.py:188} INFO - Uploaded /tmp/minio_downloads/customers_090402974349.parquet -> @customers stage
[2026-08-05T08:34:05.234+0000] {logging_mixin.py:188} INFO - Uploaded /tmp/minio_downloads/customers_090403023880.parquet -> @customers stage
[2026-08-05T08:34:05.428+0000] {logging_mixin.py:188} INFO - Uploaded /tmp/minio_downloads/customers_090403076220.parquet -> @customers stage
[2026-08-05T08:34:05.511+0000] {logging_mixin.py:188} INFO - Uploaded /tmp/minio_downloads/customers_090403139454.parquet -> @customers stage
[2026-08-05T08:34:05.602+0000] {logging_mixin.py:188} INFO - Uploaded /tmp/minio_downloads/customers_090403183405.parquet -> @customers stage
[2026-08-05T08:34:05.712+0000] {logging_mixin.py:188} INFO - Uploaded /tmp/minio_downloads/customers_090403246298.parquet -> @customers stage
[2026-08-05T08:34:05.822+0000] {logging_mixin.py:188} INFO - Uploaded /tmp/minio_downloads/customers_090403286232.parquet -> @customers stage
[2026-08-05T08:34:05.919+0000] {logging_mixin.py:188} INFO - Uploaded /tmp/minio_downloads/customers_090403337856.parquet -> @customers stage
[2026-08-05T08:34:05.999+0000] {logging_mixin.py:188} INFO - Uploaded /tmp/minio_downloads/customers_090403384511.parquet -> @customers stage
[2026-08-05T08:34:06.114+0000] {logging_mixin.py:188} INFO - Uploaded /tmp/minio_downloads/customers_090403430840.parquet -> @customers stage
[2026-08-05T08:34:06.214+0000] {logging_mixin.py:188} INFO - Uploaded /tmp/minio_downloads/customers_090403472396.parquet -> @customers stage
[2026-08-05T08:34:06.293+0000] {logging_mixin.py:188} INFO - Uploaded /tmp/minio_downloads/customers_090403524071.parquet -> @customers stage
[2026-08-05T08:34:06.481+0000] {logging_mixin.py:188} INFO - Uploaded /tmp/minio_downloads/customers_090403571705.parquet -> @customers stage
[2026-08-05T08:34:06.561+0000] {logging_mixin.py:188} INFO - Uploaded /tmp/minio_downloads/customers_090403614708.parquet -> @customers stage
[2026-08-05T08:34:06.649+0000] {logging_mixin.py:188} INFO - Uploaded /tmp/minio_downloads/customers_090403654848.parquet -> @customers stage
[2026-08-05T08:34:06.730+0000] {logging_mixin.py:188} INFO - Uploaded /tmp/minio_downloads/customers_090403702724.parquet -> @customers stage
[2026-08-05T08:34:06.835+0000] {logging_mixin.py:188} INFO - Uploaded /tmp/minio_downloads/customers_090403763292.parquet -> @customers stage
[2026-08-05T08:34:06.917+0000] {logging_mixin.py:188} INFO - Uploaded /tmp/minio_downloads/customers_090403806078.parquet -> @customers stage
[2026-08-05T08:34:07.051+0000] {logging_mixin.py:188} INFO - Uploaded /tmp/minio_downloads/customers_090403851544.parquet -> @customers stage
[2026-08-05T08:34:07.144+0000] {logging_mixin.py:188} INFO - Uploaded /tmp/minio_downloads/customers_090403894193.parquet -> @customers stage
[2026-08-05T08:34:07.243+0000] {logging_mixin.py:188} INFO - Uploaded /tmp/minio_downloads/customers_090403939509.parquet -> @customers stage
[2026-08-05T08:34:07.351+0000] {logging_mixin.py:188} INFO - Uploaded /tmp/minio_downloads/customers_090403987646.parquet -> @customers stage
[2026-08-05T08:34:07.533+0000] {logging_mixin.py:188} INFO - Uploaded /tmp/minio_downloads/customers_090404049607.parquet -> @customers stage
[2026-08-05T08:34:07.708+0000] {logging_mixin.py:188} INFO - Uploaded /tmp/minio_downloads/customers_090404098181.parquet -> @customers stage
[2026-08-05T08:34:07.948+0000] {logging_mixin.py:188} INFO - Uploaded /tmp/minio_downloads/customers_090404171962.parquet -> @customers stage
[2026-08-05T08:34:08.048+0000] {logging_mixin.py:188} INFO - Uploaded /tmp/minio_downloads/customers_090404227529.parquet -> @customers stage
[2026-08-05T08:34:08.214+0000] {logging_mixin.py:188} INFO - Uploaded /tmp/minio_downloads/customers_090404283728.parquet -> @customers stage
[2026-08-05T08:34:08.339+0000] {logging_mixin.py:188} INFO - Uploaded /tmp/minio_downloads/customers_090404337621.parquet -> @customers stage
[2026-08-05T08:34:08.482+0000] {logging_mixin.py:188} INFO - Uploaded /tmp/minio_downloads/customers_090404397305.parquet -> @customers stage
[2026-08-05T08:34:08.594+0000] {logging_mixin.py:188} INFO - Uploaded /tmp/minio_downloads/customers_090404443612.parquet -> @customers stage
[2026-08-05T08:34:08.688+0000] {logging_mixin.py:188} INFO - Uploaded /tmp/minio_downloads/customers_090404503420.parquet -> @customers stage
[2026-08-05T08:34:08.880+0000] {logging_mixin.py:188} INFO - Uploaded /tmp/minio_downloads/customers_090404569754.parquet -> @customers stage
[2026-08-05T08:34:09.015+0000] {logging_mixin.py:188} INFO - Uploaded /tmp/minio_downloads/customers_090404616505.parquet -> @customers stage
[2026-08-05T08:34:09.218+0000] {logging_mixin.py:188} INFO - Uploaded /tmp/minio_downloads/customers_090404676784.parquet -> @customers stage
[2026-08-05T08:34:09.317+0000] {logging_mixin.py:188} INFO - Uploaded /tmp/minio_downloads/customers_090404719565.parquet -> @customers stage
[2026-08-05T08:34:09.421+0000] {logging_mixin.py:188} INFO - Uploaded /tmp/minio_downloads/customers_090404776580.parquet -> @customers stage
[2026-08-05T08:34:09.641+0000] {logging_mixin.py:188} INFO - Uploaded /tmp/minio_downloads/customers_090404821131.parquet -> @customers stage
[2026-08-05T08:34:09.825+0000] {logging_mixin.py:188} INFO - Uploaded /tmp/minio_downloads/customers_090404867684.parquet -> @customers stage
[2026-08-05T08:34:09.989+0000] {logging_mixin.py:188} INFO - Uploaded /tmp/minio_downloads/customers_090404914078.parquet -> @customers stage
[2026-08-05T08:34:10.152+0000] {logging_mixin.py:188} INFO - Uploaded /tmp/minio_downloads/customers_090404956516.parquet -> @customers stage
[2026-08-05T08:34:10.248+0000] {logging_mixin.py:188} INFO - Uploaded /tmp/minio_downloads/customers_090405003694.parquet -> @customers stage
[2026-08-05T08:34:10.385+0000] {logging_mixin.py:188} INFO - Uploaded /tmp/minio_downloads/customers_090405050878.parquet -> @customers stage
[2026-08-05T08:34:10.487+0000] {logging_mixin.py:188} INFO - Uploaded /tmp/minio_downloads/customers_090405103797.parquet -> @customers stage
[2026-08-05T08:34:10.687+0000] {logging_mixin.py:188} INFO - Uploaded /tmp/minio_downloads/customers_090405150219.parquet -> @customers stage
[2026-08-05T08:34:10.901+0000] {logging_mixin.py:188} INFO - Uploaded /tmp/minio_downloads/customers_090405196488.parquet -> @customers stage
[2026-08-05T08:34:10.996+0000] {logging_mixin.py:188} INFO - Uploaded /tmp/minio_downloads/customers_090405243111.parquet -> @customers stage
[2026-08-05T08:34:11.222+0000] {logging_mixin.py:188} INFO - Uploaded /tmp/minio_downloads/customers_090405289533.parquet -> @customers stage
[2026-08-05T08:34:11.359+0000] {logging_mixin.py:188} INFO - Uploaded /tmp/minio_downloads/customers_090405335259.parquet -> @customers stage
[2026-08-05T08:34:11.752+0000] {logging_mixin.py:188} INFO - Uploaded /tmp/minio_downloads/customers_090405383930.parquet -> @customers stage
[2026-08-05T08:34:12.367+0000] {logging_mixin.py:188} INFO - Uploaded /tmp/minio_downloads/customers_090405425934.parquet -> @customers stage
[2026-08-05T08:34:13.355+0000] {logging_mixin.py:188} INFO - Uploaded /tmp/minio_downloads/customers_090405469859.parquet -> @customers stage
[2026-08-05T08:34:13.722+0000] {logging_mixin.py:188} INFO - Uploaded /tmp/minio_downloads/customers_090405511786.parquet -> @customers stage
[2026-08-05T08:34:13.855+0000] {logging_mixin.py:188} INFO - Uploaded /tmp/minio_downloads/customers_090405562635.parquet -> @customers stage
[2026-08-05T08:34:13.942+0000] {logging_mixin.py:188} INFO - Uploaded /tmp/minio_downloads/customers_090405606410.parquet -> @customers stage
[2026-08-05T08:34:14.094+0000] {logging_mixin.py:188} INFO - Uploaded /tmp/minio_downloads/customers_090405651960.parquet -> @customers stage
[2026-08-05T08:34:14.347+0000] {logging_mixin.py:188} INFO - Uploaded /tmp/minio_downloads/customers_090405695356.parquet -> @customers stage
[2026-08-05T08:34:14.527+0000] {logging_mixin.py:188} INFO - Uploaded /tmp/minio_downloads/customers_090405739251.parquet -> @customers stage
[2026-08-05T08:34:14.836+0000] {logging_mixin.py:188} INFO - Uploaded /tmp/minio_downloads/customers_090405796269.parquet -> @customers stage
[2026-08-05T08:34:15.597+0000] {logging_mixin.py:188} INFO - Uploaded /tmp/minio_downloads/customers_090405841506.parquet -> @customers stage
[2026-08-05T08:34:15.837+0000] {logging_mixin.py:188} INFO - Uploaded /tmp/minio_downloads/customers_090405899071.parquet -> @customers stage
[2026-08-05T08:34:15.960+0000] {logging_mixin.py:188} INFO - Uploaded /tmp/minio_downloads/customers_090405946991.parquet -> @customers stage
[2026-08-05T08:34:16.714+0000] {logging_mixin.py:188} INFO - Data loaded into customers
[2026-08-05T08:34:16.925+0000] {logging_mixin.py:188} INFO - Uploaded /tmp/minio_downloads/accounts_090335091997.parquet -> @accounts stage
[2026-08-05T08:34:17.206+0000] {logging_mixin.py:188} INFO - Uploaded /tmp/minio_downloads/accounts_090335176229.parquet -> @accounts stage
[2026-08-05T08:34:17.937+0000] {logging_mixin.py:188} INFO - Uploaded /tmp/minio_downloads/accounts_090335225617.parquet -> @accounts stage
[2026-08-05T08:34:18.729+0000] {logging_mixin.py:188} INFO - Uploaded /tmp/minio_downloads/accounts_090335282589.parquet -> @accounts stage
[2026-08-05T08:34:18.973+0000] {logging_mixin.py:188} INFO - Uploaded /tmp/minio_downloads/accounts_090335330376.parquet -> @accounts stage
[2026-08-05T08:34:19.270+0000] {logging_mixin.py:188} INFO - Uploaded /tmp/minio_downloads/accounts_090335387463.parquet -> @accounts stage
[2026-08-05T08:34:19.444+0000] {logging_mixin.py:188} INFO - Uploaded /tmp/minio_downloads/accounts_090335440093.parquet -> @accounts stage
[2026-08-05T08:34:19.649+0000] {logging_mixin.py:188} INFO - Uploaded /tmp/minio_downloads/accounts_090335487667.parquet -> @accounts stage
[2026-08-05T08:34:19.744+0000] {logging_mixin.py:188} INFO - Uploaded /tmp/minio_downloads/accounts_090335532736.parquet -> @accounts stage
[2026-08-05T08:34:19.867+0000] {logging_mixin.py:188} INFO - Uploaded /tmp/minio_downloads/accounts_090335590697.parquet -> @accounts stage
[2026-08-05T08:34:19.982+0000] {logging_mixin.py:188} INFO - Uploaded /tmp/minio_downloads/accounts_090335653590.parquet -> @accounts stage
[2026-08-05T08:34:20.085+0000] {logging_mixin.py:188} INFO - Uploaded /tmp/minio_downloads/accounts_090335716922.parquet -> @accounts stage
[2026-08-05T08:34:20.210+0000] {logging_mixin.py:188} INFO - Uploaded /tmp/minio_downloads/accounts_090335792915.parquet -> @accounts stage
[2026-08-05T08:34:20.336+0000] {logging_mixin.py:188} INFO - Uploaded /tmp/minio_downloads/accounts_090335849416.parquet -> @accounts stage
[2026-08-05T08:34:20.557+0000] {logging_mixin.py:188} INFO - Uploaded /tmp/minio_downloads/accounts_090335918492.parquet -> @accounts stage
[2026-08-05T08:34:20.665+0000] {logging_mixin.py:188} INFO - Uploaded /tmp/minio_downloads/accounts_090336083229.parquet -> @accounts stage
[2026-08-05T08:34:20.802+0000] {logging_mixin.py:188} INFO - Uploaded /tmp/minio_downloads/accounts_090336168129.parquet -> @accounts stage
[2026-08-05T08:34:21.011+0000] {logging_mixin.py:188} INFO - Uploaded /tmp/minio_downloads/accounts_090336236734.parquet -> @accounts stage
[2026-08-05T08:34:21.136+0000] {logging_mixin.py:188} INFO - Uploaded /tmp/minio_downloads/accounts_090336310038.parquet -> @accounts stage
[2026-08-05T08:34:21.278+0000] {logging_mixin.py:188} INFO - Uploaded /tmp/minio_downloads/accounts_090336375803.parquet -> @accounts stage
[2026-08-05T08:34:21.361+0000] {logging_mixin.py:188} INFO - Uploaded /tmp/minio_downloads/accounts_090336437610.parquet -> @accounts stage
[2026-08-05T08:34:21.478+0000] {logging_mixin.py:188} INFO - Uploaded /tmp/minio_downloads/accounts_090336509130.parquet -> @accounts stage
[2026-08-05T08:34:21.608+0000] {logging_mixin.py:188} INFO - Uploaded /tmp/minio_downloads/accounts_090336561573.parquet -> @accounts stage
[2026-08-05T08:34:21.724+0000] {logging_mixin.py:188} INFO - Uploaded /tmp/minio_downloads/accounts_090336619969.parquet -> @accounts stage
[2026-08-05T08:34:21.806+0000] {logging_mixin.py:188} INFO - Uploaded /tmp/minio_downloads/accounts_090336705658.parquet -> @accounts stage
[2026-08-05T08:34:21.946+0000] {logging_mixin.py:188} INFO - Uploaded /tmp/minio_downloads/accounts_090336825221.parquet -> @accounts stage
[2026-08-05T08:34:22.035+0000] {logging_mixin.py:188} INFO - Uploaded /tmp/minio_downloads/accounts_090336934222.parquet -> @accounts stage
[2026-08-05T08:34:22.147+0000] {logging_mixin.py:188} INFO - Uploaded /tmp/minio_downloads/accounts_090336997264.parquet -> @accounts stage
[2026-08-05T08:34:22.312+0000] {logging_mixin.py:188} INFO - Uploaded /tmp/minio_downloads/accounts_090337048145.parquet -> @accounts stage
[2026-08-05T08:34:22.452+0000] {logging_mixin.py:188} INFO - Uploaded /tmp/minio_downloads/accounts_090337100657.parquet -> @accounts stage
[2026-08-05T08:34:22.594+0000] {logging_mixin.py:188} INFO - Uploaded /tmp/minio_downloads/accounts_090337167701.parquet -> @accounts stage
[2026-08-05T08:34:22.721+0000] {logging_mixin.py:188} INFO - Uploaded /tmp/minio_downloads/accounts_090337230404.parquet -> @accounts stage
[2026-08-05T08:34:22.894+0000] {logging_mixin.py:188} INFO - Uploaded /tmp/minio_downloads/accounts_090337287200.parquet -> @accounts stage
[2026-08-05T08:34:23.063+0000] {logging_mixin.py:188} INFO - Uploaded /tmp/minio_downloads/accounts_090337352500.parquet -> @accounts stage
[2026-08-05T08:34:23.223+0000] {logging_mixin.py:188} INFO - Uploaded /tmp/minio_downloads/accounts_090337409970.parquet -> @accounts stage
[2026-08-05T08:34:23.427+0000] {logging_mixin.py:188} INFO - Uploaded /tmp/minio_downloads/accounts_090337468206.parquet -> @accounts stage
[2026-08-05T08:34:23.861+0000] {logging_mixin.py:188} INFO - Uploaded /tmp/minio_downloads/accounts_090337522740.parquet -> @accounts stage
[2026-08-05T08:34:23.978+0000] {logging_mixin.py:188} INFO - Uploaded /tmp/minio_downloads/accounts_090337569811.parquet -> @accounts stage
[2026-08-05T08:34:24.119+0000] {logging_mixin.py:188} INFO - Uploaded /tmp/minio_downloads/accounts_090337620416.parquet -> @accounts stage
[2026-08-05T08:34:24.361+0000] {logging_mixin.py:188} INFO - Uploaded /tmp/minio_downloads/accounts_090337676744.parquet -> @accounts stage
[2026-08-05T08:34:24.501+0000] {logging_mixin.py:188} INFO - Uploaded /tmp/minio_downloads/accounts_090337733973.parquet -> @accounts stage
[2026-08-05T08:34:24.649+0000] {logging_mixin.py:188} INFO - Uploaded /tmp/minio_downloads/accounts_090337779357.parquet -> @accounts stage
[2026-08-05T08:34:25.306+0000] {logging_mixin.py:188} INFO - Uploaded /tmp/minio_downloads/accounts_090337830813.parquet -> @accounts stage
[2026-08-05T08:34:25.688+0000] {logging_mixin.py:188} INFO - Uploaded /tmp/minio_downloads/accounts_090337876213.parquet -> @accounts stage
[2026-08-05T08:34:25.846+0000] {logging_mixin.py:188} INFO - Uploaded /tmp/minio_downloads/accounts_090337924905.parquet -> @accounts stage
[2026-08-05T08:34:25.935+0000] {logging_mixin.py:188} INFO - Uploaded /tmp/minio_downloads/accounts_090337972586.parquet -> @accounts stage
[2026-08-05T08:34:26.043+0000] {logging_mixin.py:188} INFO - Uploaded /tmp/minio_downloads/accounts_090338036313.parquet -> @accounts stage
[2026-08-05T08:34:26.115+0000] {logging_mixin.py:188} INFO - Uploaded /tmp/minio_downloads/accounts_090338087498.parquet -> @accounts stage
[2026-08-05T08:34:26.252+0000] {logging_mixin.py:188} INFO - Uploaded /tmp/minio_downloads/accounts_090338169836.parquet -> @accounts stage
[2026-08-05T08:34:26.348+0000] {logging_mixin.py:188} INFO - Uploaded /tmp/minio_downloads/accounts_090338285836.parquet -> @accounts stage
[2026-08-05T08:34:26.541+0000] {logging_mixin.py:188} INFO - Uploaded /tmp/minio_downloads/accounts_090338348416.parquet -> @accounts stage
[2026-08-05T08:34:26.620+0000] {logging_mixin.py:188} INFO - Uploaded /tmp/minio_downloads/accounts_090338411783.parquet -> @accounts stage
[2026-08-05T08:34:26.739+0000] {logging_mixin.py:188} INFO - Uploaded /tmp/minio_downloads/accounts_090338473298.parquet -> @accounts stage
[2026-08-05T08:34:26.816+0000] {logging_mixin.py:188} INFO - Uploaded /tmp/minio_downloads/accounts_090338539756.parquet -> @accounts stage
[2026-08-05T08:34:26.918+0000] {logging_mixin.py:188} INFO - Uploaded /tmp/minio_downloads/accounts_090338595444.parquet -> @accounts stage
[2026-08-05T08:34:27.046+0000] {logging_mixin.py:188} INFO - Uploaded /tmp/minio_downloads/accounts_090338653969.parquet -> @accounts stage
[2026-08-05T08:34:27.142+0000] {logging_mixin.py:188} INFO - Uploaded /tmp/minio_downloads/accounts_090338722877.parquet -> @accounts stage
[2026-08-05T08:34:27.224+0000] {logging_mixin.py:188} INFO - Uploaded /tmp/minio_downloads/accounts_090338784168.parquet -> @accounts stage
[2026-08-05T08:34:27.317+0000] {logging_mixin.py:188} INFO - Uploaded /tmp/minio_downloads/accounts_090338833026.parquet -> @accounts stage
[2026-08-05T08:34:27.389+0000] {logging_mixin.py:188} INFO - Uploaded /tmp/minio_downloads/accounts_090338879214.parquet -> @accounts stage
[2026-08-05T08:34:27.490+0000] {logging_mixin.py:188} INFO - Uploaded /tmp/minio_downloads/accounts_090338926904.parquet -> @accounts stage
[2026-08-05T08:34:27.837+0000] {logging_mixin.py:188} INFO - Uploaded /tmp/minio_downloads/accounts_090338983217.parquet -> @accounts stage
[2026-08-05T08:34:27.981+0000] {logging_mixin.py:188} INFO - Uploaded /tmp/minio_downloads/accounts_090339036915.parquet -> @accounts stage
[2026-08-05T08:34:28.069+0000] {logging_mixin.py:188} INFO - Uploaded /tmp/minio_downloads/accounts_090339085807.parquet -> @accounts stage
[2026-08-05T08:34:28.207+0000] {logging_mixin.py:188} INFO - Uploaded /tmp/minio_downloads/accounts_090339132135.parquet -> @accounts stage
[2026-08-05T08:34:28.291+0000] {logging_mixin.py:188} INFO - Uploaded /tmp/minio_downloads/accounts_090339207270.parquet -> @accounts stage
[2026-08-05T08:34:28.386+0000] {logging_mixin.py:188} INFO - Uploaded /tmp/minio_downloads/accounts_090339254198.parquet -> @accounts stage
[2026-08-05T08:34:28.467+0000] {logging_mixin.py:188} INFO - Uploaded /tmp/minio_downloads/accounts_090339304672.parquet -> @accounts stage
[2026-08-05T08:34:28.707+0000] {logging_mixin.py:188} INFO - Uploaded /tmp/minio_downloads/accounts_090339356197.parquet -> @accounts stage
[2026-08-05T08:34:28.835+0000] {logging_mixin.py:188} INFO - Uploaded /tmp/minio_downloads/accounts_090339400231.parquet -> @accounts stage
[2026-08-05T08:34:28.979+0000] {logging_mixin.py:188} INFO - Uploaded /tmp/minio_downloads/accounts_090339447900.parquet -> @accounts stage
[2026-08-05T08:34:29.061+0000] {logging_mixin.py:188} INFO - Uploaded /tmp/minio_downloads/accounts_090339510332.parquet -> @accounts stage
[2026-08-05T08:34:29.160+0000] {logging_mixin.py:188} INFO - Uploaded /tmp/minio_downloads/accounts_090339622965.parquet -> @accounts stage
[2026-08-05T08:34:29.297+0000] {logging_mixin.py:188} INFO - Uploaded /tmp/minio_downloads/accounts_090339735170.parquet -> @accounts stage
[2026-08-05T08:34:29.404+0000] {logging_mixin.py:188} INFO - Uploaded /tmp/minio_downloads/accounts_090339802636.parquet -> @accounts stage
[2026-08-05T08:34:29.522+0000] {logging_mixin.py:188} INFO - Uploaded /tmp/minio_downloads/accounts_090339854967.parquet -> @accounts stage
[2026-08-05T08:34:29.619+0000] {logging_mixin.py:188} INFO - Uploaded /tmp/minio_downloads/accounts_090339969786.parquet -> @accounts stage
[2026-08-05T08:34:29.700+0000] {logging_mixin.py:188} INFO - Uploaded /tmp/minio_downloads/accounts_090340009828.parquet -> @accounts stage
[2026-08-05T08:34:29.786+0000] {logging_mixin.py:188} INFO - Uploaded /tmp/minio_downloads/accounts_090340068304.parquet -> @accounts stage
[2026-08-05T08:34:29.888+0000] {logging_mixin.py:188} INFO - Uploaded /tmp/minio_downloads/accounts_090340120996.parquet -> @accounts stage
[2026-08-05T08:34:29.972+0000] {logging_mixin.py:188} INFO - Uploaded /tmp/minio_downloads/accounts_090340165119.parquet -> @accounts stage
[2026-08-05T08:34:30.105+0000] {logging_mixin.py:188} INFO - Uploaded /tmp/minio_downloads/accounts_090340212592.parquet -> @accounts stage
[2026-08-05T08:34:30.386+0000] {logging_mixin.py:188} INFO - Uploaded /tmp/minio_downloads/accounts_090340260214.parquet -> @accounts stage
[2026-08-05T08:34:30.470+0000] {logging_mixin.py:188} INFO - Uploaded /tmp/minio_downloads/accounts_090340312209.parquet -> @accounts stage
[2026-08-05T08:34:30.567+0000] {logging_mixin.py:188} INFO - Uploaded /tmp/minio_downloads/accounts_090340374831.parquet -> @accounts stage
[2026-08-05T08:34:30.657+0000] {logging_mixin.py:188} INFO - Uploaded /tmp/minio_downloads/accounts_090340432009.parquet -> @accounts stage
[2026-08-05T08:34:30.746+0000] {logging_mixin.py:188} INFO - Uploaded /tmp/minio_downloads/accounts_090340485198.parquet -> @accounts stage
[2026-08-05T08:34:30.831+0000] {logging_mixin.py:188} INFO - Uploaded /tmp/minio_downloads/accounts_090340538086.parquet -> @accounts stage
[2026-08-05T08:34:30.931+0000] {logging_mixin.py:188} INFO - Uploaded /tmp/minio_downloads/accounts_090340597267.parquet -> @accounts stage
[2026-08-05T08:34:31.054+0000] {logging_mixin.py:188} INFO - Uploaded /tmp/minio_downloads/accounts_090340643366.parquet -> @accounts stage
[2026-08-05T08:34:31.474+0000] {logging_mixin.py:188} INFO - Uploaded /tmp/minio_downloads/accounts_090340692918.parquet -> @accounts stage
[2026-08-05T08:34:31.561+0000] {logging_mixin.py:188} INFO - Uploaded /tmp/minio_downloads/accounts_090340744816.parquet -> @accounts stage
[2026-08-05T08:34:31.927+0000] {logging_mixin.py:188} INFO - Uploaded /tmp/minio_downloads/accounts_090340797221.parquet -> @accounts stage
[2026-08-05T08:34:32.139+0000] {logging_mixin.py:188} INFO - Uploaded /tmp/minio_downloads/accounts_090340847915.parquet -> @accounts stage
[2026-08-05T08:34:32.550+0000] {logging_mixin.py:188} INFO - Uploaded /tmp/minio_downloads/accounts_090340899651.parquet -> @accounts stage
[2026-08-05T08:34:32.736+0000] {logging_mixin.py:188} INFO - Uploaded /tmp/minio_downloads/accounts_090340945226.parquet -> @accounts stage
[2026-08-05T08:34:32.910+0000] {logging_mixin.py:188} INFO - Uploaded /tmp/minio_downloads/accounts_090341002128.parquet -> @accounts stage
[2026-08-05T08:34:33.082+0000] {logging_mixin.py:188} INFO - Uploaded /tmp/minio_downloads/accounts_090341048588.parquet -> @accounts stage
[2026-08-05T08:34:33.329+0000] {logging_mixin.py:188} INFO - Uploaded /tmp/minio_downloads/accounts_090341112017.parquet -> @accounts stage
[2026-08-05T08:34:33.465+0000] {logging_mixin.py:188} INFO - Uploaded /tmp/minio_downloads/accounts_090341158981.parquet -> @accounts stage
[2026-08-05T08:34:33.820+0000] {logging_mixin.py:188} INFO - Uploaded /tmp/minio_downloads/accounts_090341202568.parquet -> @accounts stage
[2026-08-05T08:34:34.046+0000] {logging_mixin.py:188} INFO - Uploaded /tmp/minio_downloads/accounts_090341253926.parquet -> @accounts stage
[2026-08-05T08:34:34.183+0000] {logging_mixin.py:188} INFO - Uploaded /tmp/minio_downloads/accounts_090341309247.parquet -> @accounts stage
[2026-08-05T08:34:34.320+0000] {logging_mixin.py:188} INFO - Uploaded /tmp/minio_downloads/accounts_090341358146.parquet -> @accounts stage
[2026-08-05T08:34:34.482+0000] {logging_mixin.py:188} INFO - Uploaded /tmp/minio_downloads/accounts_090341414601.parquet -> @accounts stage
[2026-08-05T08:34:34.657+0000] {logging_mixin.py:188} INFO - Uploaded /tmp/minio_downloads/accounts_090341460477.parquet -> @accounts stage
[2026-08-05T08:34:35.097+0000] {logging_mixin.py:188} INFO - Uploaded /tmp/minio_downloads/accounts_090341508932.parquet -> @accounts stage
[2026-08-05T08:34:35.353+0000] {logging_mixin.py:188} INFO - Uploaded /tmp/minio_downloads/accounts_090341566052.parquet -> @accounts stage
[2026-08-05T08:34:35.472+0000] {logging_mixin.py:188} INFO - Uploaded /tmp/minio_downloads/accounts_090341619353.parquet -> @accounts stage
[2026-08-05T08:34:35.683+0000] {logging_mixin.py:188} INFO - Uploaded /tmp/minio_downloads/accounts_090341668762.parquet -> @accounts stage
[2026-08-05T08:34:35.828+0000] {logging_mixin.py:188} INFO - Uploaded /tmp/minio_downloads/accounts_090341718138.parquet -> @accounts stage
[2026-08-05T08:34:35.982+0000] {logging_mixin.py:188} INFO - Uploaded /tmp/minio_downloads/accounts_090341776387.parquet -> @accounts stage
[2026-08-05T08:34:36.106+0000] {logging_mixin.py:188} INFO - Uploaded /tmp/minio_downloads/accounts_090341838405.parquet -> @accounts stage
[2026-08-05T08:34:36.236+0000] {logging_mixin.py:188} INFO - Uploaded /tmp/minio_downloads/accounts_090341981608.parquet -> @accounts stage
[2026-08-05T08:34:36.398+0000] {logging_mixin.py:188} INFO - Uploaded /tmp/minio_downloads/accounts_090342055992.parquet -> @accounts stage
[2026-08-05T08:34:36.532+0000] {logging_mixin.py:188} INFO - Uploaded /tmp/minio_downloads/accounts_090342130644.parquet -> @accounts stage
[2026-08-05T08:34:36.703+0000] {logging_mixin.py:188} INFO - Uploaded /tmp/minio_downloads/accounts_090342179195.parquet -> @accounts stage
[2026-08-05T08:34:36.819+0000] {logging_mixin.py:188} INFO - Uploaded /tmp/minio_downloads/accounts_090342243528.parquet -> @accounts stage
[2026-08-05T08:34:36.985+0000] {logging_mixin.py:188} INFO - Uploaded /tmp/minio_downloads/accounts_090342306582.parquet -> @accounts stage
[2026-08-05T08:34:37.111+0000] {logging_mixin.py:188} INFO - Uploaded /tmp/minio_downloads/accounts_090342357790.parquet -> @accounts stage
[2026-08-05T08:34:37.273+0000] {logging_mixin.py:188} INFO - Uploaded /tmp/minio_downloads/accounts_090342419173.parquet -> @accounts stage
[2026-08-05T08:34:37.404+0000] {logging_mixin.py:188} INFO - Uploaded /tmp/minio_downloads/accounts_090342483724.parquet -> @accounts stage
[2026-08-05T08:34:37.526+0000] {logging_mixin.py:188} INFO - Uploaded /tmp/minio_downloads/accounts_090342544707.parquet -> @accounts stage
[2026-08-05T08:34:37.657+0000] {logging_mixin.py:188} INFO - Uploaded /tmp/minio_downloads/accounts_090342599697.parquet -> @accounts stage
[2026-08-05T08:34:37.772+0000] {logging_mixin.py:188} INFO - Uploaded /tmp/minio_downloads/accounts_090342676207.parquet -> @accounts stage
[2026-08-05T08:34:37.895+0000] {logging_mixin.py:188} INFO - Uploaded /tmp/minio_downloads/accounts_090342736945.parquet -> @accounts stage
[2026-08-05T08:34:38.011+0000] {logging_mixin.py:188} INFO - Uploaded /tmp/minio_downloads/accounts_090342792308.parquet -> @accounts stage
[2026-08-05T08:34:38.156+0000] {logging_mixin.py:188} INFO - Uploaded /tmp/minio_downloads/accounts_090342856333.parquet -> @accounts stage
[2026-08-05T08:34:38.299+0000] {logging_mixin.py:188} INFO - Uploaded /tmp/minio_downloads/accounts_090342912162.parquet -> @accounts stage
[2026-08-05T08:34:38.895+0000] {logging_mixin.py:188} INFO - Uploaded /tmp/minio_downloads/accounts_090342961837.parquet -> @accounts stage
[2026-08-05T08:34:39.544+0000] {logging_mixin.py:188} INFO - Uploaded /tmp/minio_downloads/accounts_090343020787.parquet -> @accounts stage
[2026-08-05T08:34:39.811+0000] {logging_mixin.py:188} INFO - Uploaded /tmp/minio_downloads/accounts_090343073815.parquet -> @accounts stage
[2026-08-05T08:34:39.928+0000] {logging_mixin.py:188} INFO - Uploaded /tmp/minio_downloads/accounts_090343145518.parquet -> @accounts stage
[2026-08-05T08:34:40.047+0000] {logging_mixin.py:188} INFO - Uploaded /tmp/minio_downloads/accounts_090343197072.parquet -> @accounts stage
[2026-08-05T08:34:40.543+0000] {logging_mixin.py:188} INFO - Uploaded /tmp/minio_downloads/accounts_090343253148.parquet -> @accounts stage
[2026-08-05T08:34:40.821+0000] {logging_mixin.py:188} INFO - Uploaded /tmp/minio_downloads/accounts_090343304398.parquet -> @accounts stage
[2026-08-05T08:34:40.948+0000] {logging_mixin.py:188} INFO - Uploaded /tmp/minio_downloads/accounts_090343363086.parquet -> @accounts stage
[2026-08-05T08:34:41.192+0000] {logging_mixin.py:188} INFO - Uploaded /tmp/minio_downloads/accounts_090343413316.parquet -> @accounts stage
[2026-08-05T08:34:41.317+0000] {logging_mixin.py:188} INFO - Uploaded /tmp/minio_downloads/accounts_090343474555.parquet -> @accounts stage
[2026-08-05T08:34:41.534+0000] {logging_mixin.py:188} INFO - Uploaded /tmp/minio_downloads/accounts_090343527458.parquet -> @accounts stage
[2026-08-05T08:34:41.698+0000] {logging_mixin.py:188} INFO - Uploaded /tmp/minio_downloads/accounts_090343585034.parquet -> @accounts stage
[2026-08-05T08:34:41.852+0000] {logging_mixin.py:188} INFO - Uploaded /tmp/minio_downloads/accounts_090343634679.parquet -> @accounts stage
[2026-08-05T08:34:42.090+0000] {logging_mixin.py:188} INFO - Uploaded /tmp/minio_downloads/accounts_090343680435.parquet -> @accounts stage
[2026-08-05T08:34:42.295+0000] {logging_mixin.py:188} INFO - Uploaded /tmp/minio_downloads/accounts_090343728598.parquet -> @accounts stage
[2026-08-05T08:34:42.684+0000] {logging_mixin.py:188} INFO - Uploaded /tmp/minio_downloads/accounts_090343779632.parquet -> @accounts stage
[2026-08-05T08:34:42.840+0000] {logging_mixin.py:188} INFO - Uploaded /tmp/minio_downloads/accounts_090343833916.parquet -> @accounts stage
[2026-08-05T08:34:42.959+0000] {logging_mixin.py:188} INFO - Uploaded /tmp/minio_downloads/accounts_090343888730.parquet -> @accounts stage
[2026-08-05T08:34:43.131+0000] {logging_mixin.py:188} INFO - Uploaded /tmp/minio_downloads/accounts_090343934679.parquet -> @accounts stage
[2026-08-05T08:34:43.307+0000] {logging_mixin.py:188} INFO - Uploaded /tmp/minio_downloads/accounts_090343976827.parquet -> @accounts stage
[2026-08-05T08:34:43.475+0000] {logging_mixin.py:188} INFO - Uploaded /tmp/minio_downloads/accounts_090344021032.parquet -> @accounts stage
[2026-08-05T08:34:43.619+0000] {logging_mixin.py:188} INFO - Uploaded /tmp/minio_downloads/accounts_090344070350.parquet -> @accounts stage
[2026-08-05T08:34:43.803+0000] {logging_mixin.py:188} INFO - Uploaded /tmp/minio_downloads/accounts_090344114475.parquet -> @accounts stage
[2026-08-05T08:34:44.362+0000] {logging_mixin.py:188} INFO - Uploaded /tmp/minio_downloads/accounts_090344178771.parquet -> @accounts stage
[2026-08-05T08:34:44.484+0000] {logging_mixin.py:188} INFO - Uploaded /tmp/minio_downloads/accounts_090344234782.parquet -> @accounts stage
[2026-08-05T08:34:44.610+0000] {logging_mixin.py:188} INFO - Uploaded /tmp/minio_downloads/accounts_090344295645.parquet -> @accounts stage
[2026-08-05T08:34:44.736+0000] {logging_mixin.py:188} INFO - Uploaded /tmp/minio_downloads/accounts_090344355098.parquet -> @accounts stage
[2026-08-05T08:34:45.001+0000] {logging_mixin.py:188} INFO - Uploaded /tmp/minio_downloads/accounts_090344408224.parquet -> @accounts stage
[2026-08-05T08:34:45.140+0000] {logging_mixin.py:188} INFO - Uploaded /tmp/minio_downloads/accounts_090344461455.parquet -> @accounts stage
[2026-08-05T08:34:45.264+0000] {logging_mixin.py:188} INFO - Uploaded /tmp/minio_downloads/accounts_090344517205.parquet -> @accounts stage
[2026-08-05T08:34:45.399+0000] {logging_mixin.py:188} INFO - Uploaded /tmp/minio_downloads/accounts_090344564860.parquet -> @accounts stage
[2026-08-05T08:34:45.715+0000] {logging_mixin.py:188} INFO - Data loaded into accounts
[2026-08-05T08:34:45.852+0000] {logging_mixin.py:188} INFO - Uploaded /tmp/minio_downloads/transactions_090344635325.parquet -> @transactions stage
[2026-08-05T08:34:45.963+0000] {logging_mixin.py:188} INFO - Uploaded /tmp/minio_downloads/transactions_090344698403.parquet -> @transactions stage
[2026-08-05T08:34:46.813+0000] {logging_mixin.py:188} INFO - Uploaded /tmp/minio_downloads/transactions_090344744646.parquet -> @transactions stage
[2026-08-05T08:34:47.067+0000] {logging_mixin.py:188} INFO - Uploaded /tmp/minio_downloads/transactions_090344795789.parquet -> @transactions stage
[2026-08-05T08:34:47.211+0000] {logging_mixin.py:188} INFO - Uploaded /tmp/minio_downloads/transactions_090344850100.parquet -> @transactions stage
[2026-08-05T08:34:47.327+0000] {logging_mixin.py:188} INFO - Uploaded /tmp/minio_downloads/transactions_090344900109.parquet -> @transactions stage
[2026-08-05T08:34:47.440+0000] {logging_mixin.py:188} INFO - Uploaded /tmp/minio_downloads/transactions_090344947492.parquet -> @transactions stage
[2026-08-05T08:34:47.565+0000] {logging_mixin.py:188} INFO - Uploaded /tmp/minio_downloads/transactions_090344993567.parquet -> @transactions stage
[2026-08-05T08:34:47.683+0000] {logging_mixin.py:188} INFO - Uploaded /tmp/minio_downloads/transactions_090345052242.parquet -> @transactions stage
[2026-08-05T08:34:47.806+0000] {logging_mixin.py:188} INFO - Uploaded /tmp/minio_downloads/transactions_090345100340.parquet -> @transactions stage
[2026-08-05T08:34:47.934+0000] {logging_mixin.py:188} INFO - Uploaded /tmp/minio_downloads/transactions_090345147085.parquet -> @transactions stage
[2026-08-05T08:34:48.071+0000] {logging_mixin.py:188} INFO - Uploaded /tmp/minio_downloads/transactions_090345192944.parquet -> @transactions stage
[2026-08-05T08:34:48.185+0000] {logging_mixin.py:188} INFO - Uploaded /tmp/minio_downloads/transactions_090345308408.parquet -> @transactions stage
[2026-08-05T08:34:48.309+0000] {logging_mixin.py:188} INFO - Uploaded /tmp/minio_downloads/transactions_090345357692.parquet -> @transactions stage
[2026-08-05T08:34:48.452+0000] {logging_mixin.py:188} INFO - Uploaded /tmp/minio_downloads/transactions_090345402851.parquet -> @transactions stage
[2026-08-05T08:34:48.632+0000] {logging_mixin.py:188} INFO - Uploaded /tmp/minio_downloads/transactions_090345456814.parquet -> @transactions stage
[2026-08-05T08:34:48.789+0000] {logging_mixin.py:188} INFO - Uploaded /tmp/minio_downloads/transactions_090345501980.parquet -> @transactions stage
[2026-08-05T08:34:49.647+0000] {logging_mixin.py:188} INFO - Uploaded /tmp/minio_downloads/transactions_090345551838.parquet -> @transactions stage
[2026-08-05T08:34:49.774+0000] {logging_mixin.py:188} INFO - Uploaded /tmp/minio_downloads/transactions_090345595622.parquet -> @transactions stage
[2026-08-05T08:34:49.922+0000] {logging_mixin.py:188} INFO - Uploaded /tmp/minio_downloads/transactions_090345662310.parquet -> @transactions stage
[2026-08-05T08:34:50.067+0000] {logging_mixin.py:188} INFO - Uploaded /tmp/minio_downloads/transactions_090345710767.parquet -> @transactions stage
[2026-08-05T08:34:50.179+0000] {logging_mixin.py:188} INFO - Uploaded /tmp/minio_downloads/transactions_090345754288.parquet -> @transactions stage
[2026-08-05T08:34:50.302+0000] {logging_mixin.py:188} INFO - Uploaded /tmp/minio_downloads/transactions_090345804973.parquet -> @transactions stage
[2026-08-05T08:34:50.417+0000] {logging_mixin.py:188} INFO - Uploaded /tmp/minio_downloads/transactions_090345861683.parquet -> @transactions stage
[2026-08-05T08:34:50.541+0000] {logging_mixin.py:188} INFO - Uploaded /tmp/minio_downloads/transactions_090345909777.parquet -> @transactions stage
[2026-08-05T08:34:50.711+0000] {logging_mixin.py:188} INFO - Uploaded /tmp/minio_downloads/transactions_090345961293.parquet -> @transactions stage
[2026-08-05T08:34:50.891+0000] {logging_mixin.py:188} INFO - Uploaded /tmp/minio_downloads/transactions_090346008937.parquet -> @transactions stage
[2026-08-05T08:34:51.067+0000] {logging_mixin.py:188} INFO - Uploaded /tmp/minio_downloads/transactions_090346056562.parquet -> @transactions stage
[2026-08-05T08:34:51.185+0000] {logging_mixin.py:188} INFO - Uploaded /tmp/minio_downloads/transactions_090346102527.parquet -> @transactions stage
[2026-08-05T08:34:51.395+0000] {logging_mixin.py:188} INFO - Uploaded /tmp/minio_downloads/transactions_090346152705.parquet -> @transactions stage
[2026-08-05T08:34:51.510+0000] {logging_mixin.py:188} INFO - Uploaded /tmp/minio_downloads/transactions_090346198936.parquet -> @transactions stage
[2026-08-05T08:34:51.622+0000] {logging_mixin.py:188} INFO - Uploaded /tmp/minio_downloads/transactions_090346247151.parquet -> @transactions stage
[2026-08-05T08:34:51.740+0000] {logging_mixin.py:188} INFO - Uploaded /tmp/minio_downloads/transactions_090346296845.parquet -> @transactions stage
[2026-08-05T08:34:51.984+0000] {logging_mixin.py:188} INFO - Uploaded /tmp/minio_downloads/transactions_090346362045.parquet -> @transactions stage
[2026-08-05T08:34:52.097+0000] {logging_mixin.py:188} INFO - Uploaded /tmp/minio_downloads/transactions_090346407218.parquet -> @transactions stage
[2026-08-05T08:34:52.213+0000] {logging_mixin.py:188} INFO - Uploaded /tmp/minio_downloads/transactions_090346456355.parquet -> @transactions stage
[2026-08-05T08:34:52.336+0000] {logging_mixin.py:188} INFO - Uploaded /tmp/minio_downloads/transactions_090346503975.parquet -> @transactions stage
[2026-08-05T08:34:52.459+0000] {logging_mixin.py:188} INFO - Uploaded /tmp/minio_downloads/transactions_090346552820.parquet -> @transactions stage
[2026-08-05T08:34:52.608+0000] {logging_mixin.py:188} INFO - Uploaded /tmp/minio_downloads/transactions_090346595247.parquet -> @transactions stage
[2026-08-05T08:34:52.747+0000] {logging_mixin.py:188} INFO - Uploaded /tmp/minio_downloads/transactions_090346646157.parquet -> @transactions stage
[2026-08-05T08:34:52.863+0000] {logging_mixin.py:188} INFO - Uploaded /tmp/minio_downloads/transactions_090346718780.parquet -> @transactions stage
[2026-08-05T08:34:52.994+0000] {logging_mixin.py:188} INFO - Uploaded /tmp/minio_downloads/transactions_090346804433.parquet -> @transactions stage
[2026-08-05T08:34:53.124+0000] {logging_mixin.py:188} INFO - Uploaded /tmp/minio_downloads/transactions_090346901001.parquet -> @transactions stage
[2026-08-05T08:34:53.241+0000] {logging_mixin.py:188} INFO - Uploaded /tmp/minio_downloads/transactions_090346944243.parquet -> @transactions stage
[2026-08-05T08:34:53.353+0000] {logging_mixin.py:188} INFO - Uploaded /tmp/minio_downloads/transactions_090346989485.parquet -> @transactions stage
[2026-08-05T08:34:53.480+0000] {logging_mixin.py:188} INFO - Uploaded /tmp/minio_downloads/transactions_090347034187.parquet -> @transactions stage
[2026-08-05T08:34:53.606+0000] {logging_mixin.py:188} INFO - Uploaded /tmp/minio_downloads/transactions_090347079809.parquet -> @transactions stage
[2026-08-05T08:34:53.723+0000] {logging_mixin.py:188} INFO - Uploaded /tmp/minio_downloads/transactions_090347125087.parquet -> @transactions stage
[2026-08-05T08:34:53.842+0000] {logging_mixin.py:188} INFO - Uploaded /tmp/minio_downloads/transactions_090347178696.parquet -> @transactions stage
[2026-08-05T08:34:53.951+0000] {logging_mixin.py:188} INFO - Uploaded /tmp/minio_downloads/transactions_090347229220.parquet -> @transactions stage
[2026-08-05T08:34:54.063+0000] {logging_mixin.py:188} INFO - Uploaded /tmp/minio_downloads/transactions_090347275437.parquet -> @transactions stage
[2026-08-05T08:34:54.185+0000] {logging_mixin.py:188} INFO - Uploaded /tmp/minio_downloads/transactions_090347329417.parquet -> @transactions stage
[2026-08-05T08:34:54.300+0000] {logging_mixin.py:188} INFO - Uploaded /tmp/minio_downloads/transactions_090347384750.parquet -> @transactions stage
[2026-08-05T08:34:54.416+0000] {logging_mixin.py:188} INFO - Uploaded /tmp/minio_downloads/transactions_090347434686.parquet -> @transactions stage
[2026-08-05T08:34:54.535+0000] {logging_mixin.py:188} INFO - Uploaded /tmp/minio_downloads/transactions_090347488696.parquet -> @transactions stage
[2026-08-05T08:34:54.676+0000] {logging_mixin.py:188} INFO - Uploaded /tmp/minio_downloads/transactions_090347536914.parquet -> @transactions stage
[2026-08-05T08:34:54.793+0000] {logging_mixin.py:188} INFO - Uploaded /tmp/minio_downloads/transactions_090347596012.parquet -> @transactions stage
[2026-08-05T08:34:54.939+0000] {logging_mixin.py:188} INFO - Uploaded /tmp/minio_downloads/transactions_090347711514.parquet -> @transactions stage
[2026-08-05T08:34:55.053+0000] {logging_mixin.py:188} INFO - Uploaded /tmp/minio_downloads/transactions_090347754828.parquet -> @transactions stage
[2026-08-05T08:34:55.171+0000] {logging_mixin.py:188} INFO - Uploaded /tmp/minio_downloads/transactions_090347804639.parquet -> @transactions stage
[2026-08-05T08:34:55.284+0000] {logging_mixin.py:188} INFO - Uploaded /tmp/minio_downloads/transactions_090347847633.parquet -> @transactions stage
[2026-08-05T08:34:55.426+0000] {logging_mixin.py:188} INFO - Uploaded /tmp/minio_downloads/transactions_090347911934.parquet -> @transactions stage
[2026-08-05T08:34:55.540+0000] {logging_mixin.py:188} INFO - Uploaded /tmp/minio_downloads/transactions_090347957527.parquet -> @transactions stage
[2026-08-05T08:34:55.669+0000] {logging_mixin.py:188} INFO - Uploaded /tmp/minio_downloads/transactions_090348008862.parquet -> @transactions stage
[2026-08-05T08:34:55.786+0000] {logging_mixin.py:188} INFO - Uploaded /tmp/minio_downloads/transactions_090348059997.parquet -> @transactions stage
[2026-08-05T08:34:55.920+0000] {logging_mixin.py:188} INFO - Uploaded /tmp/minio_downloads/transactions_090348110511.parquet -> @transactions stage
[2026-08-05T08:34:56.043+0000] {logging_mixin.py:188} INFO - Uploaded /tmp/minio_downloads/transactions_090348157671.parquet -> @transactions stage
[2026-08-05T08:34:56.165+0000] {logging_mixin.py:188} INFO - Uploaded /tmp/minio_downloads/transactions_090348204374.parquet -> @transactions stage
[2026-08-05T08:34:56.297+0000] {logging_mixin.py:188} INFO - Uploaded /tmp/minio_downloads/transactions_090348252573.parquet -> @transactions stage
[2026-08-05T08:34:56.423+0000] {logging_mixin.py:188} INFO - Uploaded /tmp/minio_downloads/transactions_090348298605.parquet -> @transactions stage
[2026-08-05T08:34:56.555+0000] {logging_mixin.py:188} INFO - Uploaded /tmp/minio_downloads/transactions_090348342378.parquet -> @transactions stage
[2026-08-05T08:34:56.664+0000] {logging_mixin.py:188} INFO - Uploaded /tmp/minio_downloads/transactions_090348401092.parquet -> @transactions stage
[2026-08-05T08:34:56.826+0000] {logging_mixin.py:188} INFO - Uploaded /tmp/minio_downloads/transactions_090348459158.parquet -> @transactions stage
[2026-08-05T08:34:56.971+0000] {logging_mixin.py:188} INFO - Uploaded /tmp/minio_downloads/transactions_090348510411.parquet -> @transactions stage
[2026-08-05T08:34:57.574+0000] {logging_mixin.py:188} INFO - Uploaded /tmp/minio_downloads/transactions_090348559775.parquet -> @transactions stage
[2026-08-05T08:34:57.703+0000] {logging_mixin.py:188} INFO - Uploaded /tmp/minio_downloads/transactions_090348607300.parquet -> @transactions stage
[2026-08-05T08:34:58.183+0000] {logging_mixin.py:188} INFO - Uploaded /tmp/minio_downloads/transactions_090348653264.parquet -> @transactions stage
[2026-08-05T08:34:58.954+0000] {logging_mixin.py:188} INFO - Uploaded /tmp/minio_downloads/transactions_090348708374.parquet -> @transactions stage
[2026-08-05T08:34:59.073+0000] {logging_mixin.py:188} INFO - Uploaded /tmp/minio_downloads/transactions_090348757425.parquet -> @transactions stage
[2026-08-05T08:34:59.253+0000] {logging_mixin.py:188} INFO - Uploaded /tmp/minio_downloads/transactions_090348808601.parquet -> @transactions stage
[2026-08-05T08:34:59.459+0000] {logging_mixin.py:188} INFO - Uploaded /tmp/minio_downloads/transactions_090348853162.parquet -> @transactions stage
[2026-08-05T08:34:59.647+0000] {logging_mixin.py:188} INFO - Uploaded /tmp/minio_downloads/transactions_090348917946.parquet -> @transactions stage
[2026-08-05T08:34:59.941+0000] {logging_mixin.py:188} INFO - Uploaded /tmp/minio_downloads/transactions_090348986480.parquet -> @transactions stage
[2026-08-05T08:35:00.077+0000] {logging_mixin.py:188} INFO - Uploaded /tmp/minio_downloads/transactions_090349047306.parquet -> @transactions stage
[2026-08-05T08:35:00.207+0000] {logging_mixin.py:188} INFO - Uploaded /tmp/minio_downloads/transactions_090349092982.parquet -> @transactions stage
[2026-08-05T08:35:00.377+0000] {logging_mixin.py:188} INFO - Uploaded /tmp/minio_downloads/transactions_090349140604.parquet -> @transactions stage
[2026-08-05T08:35:01.006+0000] {logging_mixin.py:188} INFO - Uploaded /tmp/minio_downloads/transactions_090349185139.parquet -> @transactions stage
[2026-08-05T08:35:01.254+0000] {logging_mixin.py:188} INFO - Uploaded /tmp/minio_downloads/transactions_090349238746.parquet -> @transactions stage
[2026-08-05T08:35:01.378+0000] {logging_mixin.py:188} INFO - Uploaded /tmp/minio_downloads/transactions_090349290508.parquet -> @transactions stage
[2026-08-05T08:35:01.574+0000] {logging_mixin.py:188} INFO - Uploaded /tmp/minio_downloads/transactions_090349340716.parquet -> @transactions stage
[2026-08-05T08:35:01.694+0000] {logging_mixin.py:188} INFO - Uploaded /tmp/minio_downloads/transactions_090349386604.parquet -> @transactions stage
[2026-08-05T08:35:01.960+0000] {logging_mixin.py:188} INFO - Uploaded /tmp/minio_downloads/transactions_090349466276.parquet -> @transactions stage
[2026-08-05T08:35:02.077+0000] {logging_mixin.py:188} INFO - Uploaded /tmp/minio_downloads/transactions_090349539821.parquet -> @transactions stage
[2026-08-05T08:35:02.922+0000] {logging_mixin.py:188} INFO - Uploaded /tmp/minio_downloads/transactions_090349637195.parquet -> @transactions stage
[2026-08-05T08:35:03.042+0000] {logging_mixin.py:188} INFO - Uploaded /tmp/minio_downloads/transactions_090349689733.parquet -> @transactions stage
[2026-08-05T08:35:03.606+0000] {logging_mixin.py:188} INFO - Uploaded /tmp/minio_downloads/transactions_090349736179.parquet -> @transactions stage
[2026-08-05T08:35:03.934+0000] {logging_mixin.py:188} INFO - Uploaded /tmp/minio_downloads/transactions_090349779576.parquet -> @transactions stage
[2026-08-05T08:35:04.051+0000] {logging_mixin.py:188} INFO - Uploaded /tmp/minio_downloads/transactions_090349826149.parquet -> @transactions stage
[2026-08-05T08:35:04.314+0000] {logging_mixin.py:188} INFO - Uploaded /tmp/minio_downloads/transactions_090349873955.parquet -> @transactions stage
[2026-08-05T08:35:04.467+0000] {logging_mixin.py:188} INFO - Uploaded /tmp/minio_downloads/transactions_090349922318.parquet -> @transactions stage
[2026-08-05T08:35:04.755+0000] {logging_mixin.py:188} INFO - Uploaded /tmp/minio_downloads/transactions_090349980155.parquet -> @transactions stage
[2026-08-05T08:35:05.096+0000] {logging_mixin.py:188} INFO - Uploaded /tmp/minio_downloads/transactions_090350043626.parquet -> @transactions stage
[2026-08-05T08:35:05.220+0000] {logging_mixin.py:188} INFO - Uploaded /tmp/minio_downloads/transactions_090350089592.parquet -> @transactions stage
[2026-08-05T08:35:05.498+0000] {logging_mixin.py:188} INFO - Uploaded /tmp/minio_downloads/transactions_090350138345.parquet -> @transactions stage
[2026-08-05T08:35:05.722+0000] {logging_mixin.py:188} INFO - Uploaded /tmp/minio_downloads/transactions_090350183670.parquet -> @transactions stage
[2026-08-05T08:35:06.171+0000] {logging_mixin.py:188} INFO - Uploaded /tmp/minio_downloads/transactions_090350231811.parquet -> @transactions stage
[2026-08-05T08:35:06.287+0000] {logging_mixin.py:188} INFO - Uploaded /tmp/minio_downloads/transactions_090350273125.parquet -> @transactions stage
[2026-08-05T08:35:06.780+0000] {logging_mixin.py:188} INFO - Uploaded /tmp/minio_downloads/transactions_090350321357.parquet -> @transactions stage
[2026-08-05T08:35:06.921+0000] {logging_mixin.py:188} INFO - Uploaded /tmp/minio_downloads/transactions_090350363457.parquet -> @transactions stage
[2026-08-05T08:35:07.113+0000] {logging_mixin.py:188} INFO - Uploaded /tmp/minio_downloads/transactions_090350409124.parquet -> @transactions stage
[2026-08-05T08:35:07.245+0000] {logging_mixin.py:188} INFO - Uploaded /tmp/minio_downloads/transactions_090350456314.parquet -> @transactions stage
[2026-08-05T08:35:07.628+0000] {logging_mixin.py:188} INFO - Uploaded /tmp/minio_downloads/transactions_090350496727.parquet -> @transactions stage
[2026-08-05T08:35:07.788+0000] {logging_mixin.py:188} INFO - Uploaded /tmp/minio_downloads/transactions_090350541096.parquet -> @transactions stage
[2026-08-05T08:35:07.978+0000] {logging_mixin.py:188} INFO - Uploaded /tmp/minio_downloads/transactions_090350590595.parquet -> @transactions stage
[2026-08-05T08:35:08.094+0000] {logging_mixin.py:188} INFO - Uploaded /tmp/minio_downloads/transactions_090350637392.parquet -> @transactions stage
[2026-08-05T08:35:08.402+0000] {logging_mixin.py:188} INFO - Uploaded /tmp/minio_downloads/transactions_090350688105.parquet -> @transactions stage
[2026-08-05T08:35:09.020+0000] {logging_mixin.py:188} INFO - Uploaded /tmp/minio_downloads/transactions_090350735881.parquet -> @transactions stage
[2026-08-05T08:35:09.262+0000] {logging_mixin.py:188} INFO - Uploaded /tmp/minio_downloads/transactions_090350777950.parquet -> @transactions stage
[2026-08-05T08:35:09.469+0000] {logging_mixin.py:188} INFO - Uploaded /tmp/minio_downloads/transactions_090350829270.parquet -> @transactions stage
[2026-08-05T08:35:09.698+0000] {logging_mixin.py:188} INFO - Uploaded /tmp/minio_downloads/transactions_090350872710.parquet -> @transactions stage
[2026-08-05T08:35:10.287+0000] {logging_mixin.py:188} INFO - Uploaded /tmp/minio_downloads/transactions_090350916886.parquet -> @transactions stage
[2026-08-05T08:35:10.421+0000] {logging_mixin.py:188} INFO - Uploaded /tmp/minio_downloads/transactions_090350980142.parquet -> @transactions stage
[2026-08-05T08:35:10.599+0000] {logging_mixin.py:188} INFO - Uploaded /tmp/minio_downloads/transactions_090351132471.parquet -> @transactions stage
[2026-08-05T08:35:10.794+0000] {logging_mixin.py:188} INFO - Uploaded /tmp/minio_downloads/transactions_090351252512.parquet -> @transactions stage
[2026-08-05T08:35:10.937+0000] {logging_mixin.py:188} INFO - Uploaded /tmp/minio_downloads/transactions_090351297506.parquet -> @transactions stage
[2026-08-05T08:35:11.098+0000] {logging_mixin.py:188} INFO - Uploaded /tmp/minio_downloads/transactions_090351354756.parquet -> @transactions stage
[2026-08-05T08:35:11.901+0000] {logging_mixin.py:188} INFO - Uploaded /tmp/minio_downloads/transactions_090351398315.parquet -> @transactions stage
[2026-08-05T08:35:12.186+0000] {logging_mixin.py:188} INFO - Uploaded /tmp/minio_downloads/transactions_090351444455.parquet -> @transactions stage
[2026-08-05T08:35:12.373+0000] {logging_mixin.py:188} INFO - Uploaded /tmp/minio_downloads/transactions_090351498438.parquet -> @transactions stage
[2026-08-05T08:35:12.581+0000] {logging_mixin.py:188} INFO - Uploaded /tmp/minio_downloads/transactions_090351544144.parquet -> @transactions stage
[2026-08-05T08:35:13.134+0000] {logging_mixin.py:188} INFO - Uploaded /tmp/minio_downloads/transactions_090351589508.parquet -> @transactions stage
[2026-08-05T08:35:13.281+0000] {logging_mixin.py:188} INFO - Uploaded /tmp/minio_downloads/transactions_090351635835.parquet -> @transactions stage
[2026-08-05T08:35:13.967+0000] {logging_mixin.py:188} INFO - Uploaded /tmp/minio_downloads/transactions_090351680419.parquet -> @transactions stage
[2026-08-05T08:35:14.134+0000] {logging_mixin.py:188} INFO - Uploaded /tmp/minio_downloads/transactions_090351724866.parquet -> @transactions stage
[2026-08-05T08:35:14.268+0000] {logging_mixin.py:188} INFO - Uploaded /tmp/minio_downloads/transactions_090351781853.parquet -> @transactions stage
[2026-08-05T08:35:14.385+0000] {logging_mixin.py:188} INFO - Uploaded /tmp/minio_downloads/transactions_090351825152.parquet -> @transactions stage
[2026-08-05T08:35:14.518+0000] {logging_mixin.py:188} INFO - Uploaded /tmp/minio_downloads/transactions_090351872090.parquet -> @transactions stage
[2026-08-05T08:35:14.641+0000] {logging_mixin.py:188} INFO - Uploaded /tmp/minio_downloads/transactions_090351922861.parquet -> @transactions stage
[2026-08-05T08:35:14.792+0000] {logging_mixin.py:188} INFO - Uploaded /tmp/minio_downloads/transactions_090351979204.parquet -> @transactions stage
[2026-08-05T08:35:14.916+0000] {logging_mixin.py:188} INFO - Uploaded /tmp/minio_downloads/transactions_090352066245.parquet -> @transactions stage
[2026-08-05T08:35:15.195+0000] {logging_mixin.py:188} INFO - Uploaded /tmp/minio_downloads/transactions_090352131625.parquet -> @transactions stage
[2026-08-05T08:35:15.410+0000] {logging_mixin.py:188} INFO - Uploaded /tmp/minio_downloads/transactions_090352190228.parquet -> @transactions stage
[2026-08-05T08:35:15.566+0000] {logging_mixin.py:188} INFO - Uploaded /tmp/minio_downloads/transactions_090352234960.parquet -> @transactions stage
[2026-08-05T08:35:15.760+0000] {logging_mixin.py:188} INFO - Uploaded /tmp/minio_downloads/transactions_090352284281.parquet -> @transactions stage
[2026-08-05T08:35:16.206+0000] {logging_mixin.py:188} INFO - Uploaded /tmp/minio_downloads/transactions_090352330005.parquet -> @transactions stage
[2026-08-05T08:35:16.618+0000] {logging_mixin.py:188} INFO - Uploaded /tmp/minio_downloads/transactions_090352380599.parquet -> @transactions stage
[2026-08-05T08:35:16.740+0000] {logging_mixin.py:188} INFO - Uploaded /tmp/minio_downloads/transactions_090352425116.parquet -> @transactions stage
[2026-08-05T08:35:16.966+0000] {logging_mixin.py:188} INFO - Uploaded /tmp/minio_downloads/transactions_090352478787.parquet -> @transactions stage
[2026-08-05T08:35:17.085+0000] {logging_mixin.py:188} INFO - Uploaded /tmp/minio_downloads/transactions_090352529609.parquet -> @transactions stage
[2026-08-05T08:35:17.304+0000] {logging_mixin.py:188} INFO - Uploaded /tmp/minio_downloads/transactions_090352591371.parquet -> @transactions stage
[2026-08-05T08:35:18.047+0000] {logging_mixin.py:188} INFO - Uploaded /tmp/minio_downloads/transactions_090352633351.parquet -> @transactions stage
[2026-08-05T08:35:18.166+0000] {logging_mixin.py:188} INFO - Uploaded /tmp/minio_downloads/transactions_090352684267.parquet -> @transactions stage
[2026-08-05T08:35:18.449+0000] {logging_mixin.py:188} INFO - Uploaded /tmp/minio_downloads/transactions_090352737147.parquet -> @transactions stage
[2026-08-05T08:35:18.621+0000] {logging_mixin.py:188} INFO - Uploaded /tmp/minio_downloads/transactions_090352784321.parquet -> @transactions stage
[2026-08-05T08:35:18.798+0000] {logging_mixin.py:188} INFO - Uploaded /tmp/minio_downloads/transactions_090352827233.parquet -> @transactions stage
[2026-08-05T08:35:18.920+0000] {logging_mixin.py:188} INFO - Uploaded /tmp/minio_downloads/transactions_090352878913.parquet -> @transactions stage
[2026-08-05T08:35:19.126+0000] {logging_mixin.py:188} INFO - Uploaded /tmp/minio_downloads/transactions_090352923444.parquet -> @transactions stage
[2026-08-05T08:35:19.348+0000] {logging_mixin.py:188} INFO - Uploaded /tmp/minio_downloads/transactions_090352978136.parquet -> @transactions stage
[2026-08-05T08:35:19.476+0000] {logging_mixin.py:188} INFO - Uploaded /tmp/minio_downloads/transactions_090353026733.parquet -> @transactions stage
[2026-08-05T08:35:21.022+0000] {logging_mixin.py:188} INFO - Uploaded /tmp/minio_downloads/transactions_090353079889.parquet -> @transactions stage
[2026-08-05T08:35:21.240+0000] {logging_mixin.py:188} INFO - Uploaded /tmp/minio_downloads/transactions_090353131271.parquet -> @transactions stage
[2026-08-05T08:35:22.803+0000] {logging_mixin.py:188} INFO - Uploaded /tmp/minio_downloads/transactions_090353179157.parquet -> @transactions stage
[2026-08-05T08:35:22.928+0000] {logging_mixin.py:188} INFO - Uploaded /tmp/minio_downloads/transactions_090353225043.parquet -> @transactions stage
[2026-08-05T08:35:23.269+0000] {logging_mixin.py:188} INFO - Uploaded /tmp/minio_downloads/transactions_090353280347.parquet -> @transactions stage
[2026-08-05T08:35:23.638+0000] {logging_mixin.py:188} INFO - Uploaded /tmp/minio_downloads/transactions_090353402065.parquet -> @transactions stage
[2026-08-05T08:35:23.757+0000] {logging_mixin.py:188} INFO - Uploaded /tmp/minio_downloads/transactions_090353455149.parquet -> @transactions stage
[2026-08-05T08:35:23.867+0000] {logging_mixin.py:188} INFO - Uploaded /tmp/minio_downloads/transactions_090353498646.parquet -> @transactions stage
[2026-08-05T08:35:24.015+0000] {logging_mixin.py:188} INFO - Uploaded /tmp/minio_downloads/transactions_090353547456.parquet -> @transactions stage
[2026-08-05T08:35:24.385+0000] {logging_mixin.py:188} INFO - Uploaded /tmp/minio_downloads/transactions_090353600706.parquet -> @transactions stage
[2026-08-05T08:35:24.504+0000] {logging_mixin.py:188} INFO - Uploaded /tmp/minio_downloads/transactions_090353643595.parquet -> @transactions stage
[2026-08-05T08:35:24.683+0000] {logging_mixin.py:188} INFO - Uploaded /tmp/minio_downloads/transactions_090353700583.parquet -> @transactions stage
[2026-08-05T08:35:24.803+0000] {logging_mixin.py:188} INFO - Uploaded /tmp/minio_downloads/transactions_090353745449.parquet -> @transactions stage
[2026-08-05T08:35:24.921+0000] {logging_mixin.py:188} INFO - Uploaded /tmp/minio_downloads/transactions_090353793133.parquet -> @transactions stage
[2026-08-05T08:35:25.447+0000] {logging_mixin.py:188} INFO - Uploaded /tmp/minio_downloads/transactions_090353838216.parquet -> @transactions stage
[2026-08-05T08:35:25.559+0000] {logging_mixin.py:188} INFO - Uploaded /tmp/minio_downloads/transactions_090353890729.parquet -> @transactions stage
[2026-08-05T08:35:25.681+0000] {logging_mixin.py:188} INFO - Uploaded /tmp/minio_downloads/transactions_090353936576.parquet -> @transactions stage
[2026-08-05T08:35:25.819+0000] {logging_mixin.py:188} INFO - Uploaded /tmp/minio_downloads/transactions_090353983581.parquet -> @transactions stage
[2026-08-05T08:35:25.997+0000] {logging_mixin.py:188} INFO - Uploaded /tmp/minio_downloads/transactions_090354028144.parquet -> @transactions stage
[2026-08-05T08:35:26.185+0000] {logging_mixin.py:188} INFO - Uploaded /tmp/minio_downloads/transactions_090354085666.parquet -> @transactions stage
[2026-08-05T08:35:26.852+0000] {logging_mixin.py:188} INFO - Uploaded /tmp/minio_downloads/transactions_090354143476.parquet -> @transactions stage
[2026-08-05T08:35:26.985+0000] {logging_mixin.py:188} INFO - Uploaded /tmp/minio_downloads/transactions_090354206565.parquet -> @transactions stage
[2026-08-05T08:35:27.151+0000] {logging_mixin.py:188} INFO - Uploaded /tmp/minio_downloads/transactions_090354264878.parquet -> @transactions stage
[2026-08-05T08:35:28.012+0000] {logging_mixin.py:188} INFO - Uploaded /tmp/minio_downloads/transactions_090354321619.parquet -> @transactions stage
[2026-08-05T08:35:31.026+0000] {logging_mixin.py:188} INFO - Uploaded /tmp/minio_downloads/transactions_090354369569.parquet -> @transactions stage
[2026-08-05T08:35:31.138+0000] {logging_mixin.py:188} INFO - Uploaded /tmp/minio_downloads/transactions_090354438192.parquet -> @transactions stage
[2026-08-05T08:35:31.976+0000] {logging_mixin.py:188} INFO - Uploaded /tmp/minio_downloads/transactions_090354501727.parquet -> @transactions stage
[2026-08-05T08:35:32.156+0000] {logging_mixin.py:188} INFO - Uploaded /tmp/minio_downloads/transactions_090354564597.parquet -> @transactions stage
[2026-08-05T08:35:32.272+0000] {logging_mixin.py:188} INFO - Uploaded /tmp/minio_downloads/transactions_090354627068.parquet -> @transactions stage
[2026-08-05T08:35:33.209+0000] {logging_mixin.py:188} INFO - Uploaded /tmp/minio_downloads/transactions_090354712936.parquet -> @transactions stage
[2026-08-05T08:35:34.008+0000] {logging_mixin.py:188} INFO - Uploaded /tmp/minio_downloads/transactions_090354761873.parquet -> @transactions stage
[2026-08-05T08:35:34.131+0000] {logging_mixin.py:188} INFO - Uploaded /tmp/minio_downloads/transactions_090354820903.parquet -> @transactions stage
[2026-08-05T08:35:34.291+0000] {logging_mixin.py:188} INFO - Uploaded /tmp/minio_downloads/transactions_090354877371.parquet -> @transactions stage
[2026-08-05T08:35:34.516+0000] {logging_mixin.py:188} INFO - Uploaded /tmp/minio_downloads/transactions_090354928245.parquet -> @transactions stage
[2026-08-05T08:35:34.689+0000] {logging_mixin.py:188} INFO - Uploaded /tmp/minio_downloads/transactions_090354976320.parquet -> @transactions stage
[2026-08-05T08:35:34.804+0000] {logging_mixin.py:188} INFO - Uploaded /tmp/minio_downloads/transactions_090355028374.parquet -> @transactions stage
[2026-08-05T08:35:35.095+0000] {logging_mixin.py:188} INFO - Uploaded /tmp/minio_downloads/transactions_090355098015.parquet -> @transactions stage
[2026-08-05T08:35:36.278+0000] {logging_mixin.py:188} INFO - Uploaded /tmp/minio_downloads/transactions_090355150578.parquet -> @transactions stage
[2026-08-05T08:35:36.646+0000] {logging_mixin.py:188} INFO - Uploaded /tmp/minio_downloads/transactions_090355208526.parquet -> @transactions stage
[2026-08-05T08:35:37.143+0000] {logging_mixin.py:188} INFO - Uploaded /tmp/minio_downloads/transactions_090355262557.parquet -> @transactions stage
[2026-08-05T08:35:37.255+0000] {logging_mixin.py:188} INFO - Uploaded /tmp/minio_downloads/transactions_090355321034.parquet -> @transactions stage
[2026-08-05T08:35:37.775+0000] {logging_mixin.py:188} INFO - Uploaded /tmp/minio_downloads/transactions_090355376276.parquet -> @transactions stage
[2026-08-05T08:35:37.886+0000] {logging_mixin.py:188} INFO - Uploaded /tmp/minio_downloads/transactions_090355427809.parquet -> @transactions stage
[2026-08-05T08:35:38.362+0000] {logging_mixin.py:188} INFO - Uploaded /tmp/minio_downloads/transactions_090355476191.parquet -> @transactions stage
[2026-08-05T08:35:38.659+0000] {logging_mixin.py:188} INFO - Uploaded /tmp/minio_downloads/transactions_090355536617.parquet -> @transactions stage
[2026-08-05T08:35:38.784+0000] {logging_mixin.py:188} INFO - Uploaded /tmp/minio_downloads/transactions_090355610693.parquet -> @transactions stage
[2026-08-05T08:35:38.995+0000] {logging_mixin.py:188} INFO - Uploaded /tmp/minio_downloads/transactions_090355659016.parquet -> @transactions stage
[2026-08-05T08:35:39.111+0000] {logging_mixin.py:188} INFO - Uploaded /tmp/minio_downloads/transactions_090355707912.parquet -> @transactions stage
[2026-08-05T08:35:39.806+0000] {logging_mixin.py:188} INFO - Uploaded /tmp/minio_downloads/transactions_090355751412.parquet -> @transactions stage
[2026-08-05T08:35:39.944+0000] {logging_mixin.py:188} INFO - Uploaded /tmp/minio_downloads/transactions_090355794944.parquet -> @transactions stage
[2026-08-05T08:35:40.064+0000] {logging_mixin.py:188} INFO - Uploaded /tmp/minio_downloads/transactions_090355840528.parquet -> @transactions stage
[2026-08-05T08:35:40.312+0000] {logging_mixin.py:188} INFO - Uploaded /tmp/minio_downloads/transactions_090355883874.parquet -> @transactions stage
[2026-08-05T08:35:40.842+0000] {logging_mixin.py:188} INFO - Uploaded /tmp/minio_downloads/transactions_090355928754.parquet -> @transactions stage
[2026-08-05T08:35:40.970+0000] {logging_mixin.py:188} INFO - Uploaded /tmp/minio_downloads/transactions_090355974016.parquet -> @transactions stage
[2026-08-05T08:35:41.098+0000] {logging_mixin.py:188} INFO - Uploaded /tmp/minio_downloads/transactions_090356024551.parquet -> @transactions stage
[2026-08-05T08:35:41.216+0000] {logging_mixin.py:188} INFO - Uploaded /tmp/minio_downloads/transactions_090356070001.parquet -> @transactions stage
[2026-08-05T08:35:41.346+0000] {logging_mixin.py:188} INFO - Uploaded /tmp/minio_downloads/transactions_090356124968.parquet -> @transactions stage
[2026-08-05T08:35:41.460+0000] {logging_mixin.py:188} INFO - Uploaded /tmp/minio_downloads/transactions_090356167955.parquet -> @transactions stage
[2026-08-05T08:35:41.765+0000] {logging_mixin.py:188} INFO - Uploaded /tmp/minio_downloads/transactions_090356289620.parquet -> @transactions stage
[2026-08-05T08:35:41.883+0000] {logging_mixin.py:188} INFO - Uploaded /tmp/minio_downloads/transactions_090356332656.parquet -> @transactions stage
[2026-08-05T08:35:42.034+0000] {logging_mixin.py:188} INFO - Uploaded /tmp/minio_downloads/transactions_090356379752.parquet -> @transactions stage
[2026-08-05T08:35:42.251+0000] {logging_mixin.py:188} INFO - Uploaded /tmp/minio_downloads/transactions_090356429536.parquet -> @transactions stage
[2026-08-05T08:35:42.474+0000] {logging_mixin.py:188} INFO - Uploaded /tmp/minio_downloads/transactions_090356484290.parquet -> @transactions stage
[2026-08-05T08:35:42.592+0000] {logging_mixin.py:188} INFO - Uploaded /tmp/minio_downloads/transactions_090356535040.parquet -> @transactions stage
[2026-08-05T08:35:42.724+0000] {logging_mixin.py:188} INFO - Uploaded /tmp/minio_downloads/transactions_090356580344.parquet -> @transactions stage
[2026-08-05T08:35:43.216+0000] {logging_mixin.py:188} INFO - Uploaded /tmp/minio_downloads/transactions_090356632331.parquet -> @transactions stage
[2026-08-05T08:35:44.024+0000] {logging_mixin.py:188} INFO - Uploaded /tmp/minio_downloads/transactions_090356677968.parquet -> @transactions stage
[2026-08-05T08:35:44.551+0000] {logging_mixin.py:188} INFO - Uploaded /tmp/minio_downloads/transactions_090356730719.parquet -> @transactions stage
[2026-08-05T08:35:44.679+0000] {logging_mixin.py:188} INFO - Uploaded /tmp/minio_downloads/transactions_090356805931.parquet -> @transactions stage
[2026-08-05T08:35:44.899+0000] {logging_mixin.py:188} INFO - Uploaded /tmp/minio_downloads/transactions_090356874133.parquet -> @transactions stage
[2026-08-05T08:35:45.047+0000] {logging_mixin.py:188} INFO - Uploaded /tmp/minio_downloads/transactions_090356921095.parquet -> @transactions stage
[2026-08-05T08:35:45.217+0000] {logging_mixin.py:188} INFO - Uploaded /tmp/minio_downloads/transactions_090356966348.parquet -> @transactions stage
[2026-08-05T08:35:45.487+0000] {logging_mixin.py:188} INFO - Uploaded /tmp/minio_downloads/transactions_090357009429.parquet -> @transactions stage
[2026-08-05T08:35:45.636+0000] {logging_mixin.py:188} INFO - Uploaded /tmp/minio_downloads/transactions_090357055813.parquet -> @transactions stage
[2026-08-05T08:35:45.827+0000] {logging_mixin.py:188} INFO - Uploaded /tmp/minio_downloads/transactions_090357106270.parquet -> @transactions stage
[2026-08-05T08:35:46.126+0000] {logging_mixin.py:188} INFO - Uploaded /tmp/minio_downloads/transactions_090357156838.parquet -> @transactions stage
[2026-08-05T08:35:46.332+0000] {logging_mixin.py:188} INFO - Uploaded /tmp/minio_downloads/transactions_090357200505.parquet -> @transactions stage
[2026-08-05T08:35:46.501+0000] {logging_mixin.py:188} INFO - Uploaded /tmp/minio_downloads/transactions_090357261171.parquet -> @transactions stage
[2026-08-05T08:35:47.540+0000] {logging_mixin.py:188} INFO - Uploaded /tmp/minio_downloads/transactions_090357304843.parquet -> @transactions stage
[2026-08-05T08:35:47.656+0000] {logging_mixin.py:188} INFO - Uploaded /tmp/minio_downloads/transactions_090357351236.parquet -> @transactions stage
[2026-08-05T08:35:47.777+0000] {logging_mixin.py:188} INFO - Uploaded /tmp/minio_downloads/transactions_090357394679.parquet -> @transactions stage
[2026-08-05T08:35:47.891+0000] {logging_mixin.py:188} INFO - Uploaded /tmp/minio_downloads/transactions_090357440164.parquet -> @transactions stage
[2026-08-05T08:35:48.042+0000] {logging_mixin.py:188} INFO - Uploaded /tmp/minio_downloads/transactions_090357490624.parquet -> @transactions stage
[2026-08-05T08:35:48.182+0000] {logging_mixin.py:188} INFO - Uploaded /tmp/minio_downloads/transactions_090357538623.parquet -> @transactions stage
[2026-08-05T08:35:48.305+0000] {logging_mixin.py:188} INFO - Uploaded /tmp/minio_downloads/transactions_090357589134.parquet -> @transactions stage
[2026-08-05T08:35:48.726+0000] {logging_mixin.py:188} INFO - Uploaded /tmp/minio_downloads/transactions_090357651723.parquet -> @transactions stage
[2026-08-05T08:35:48.845+0000] {logging_mixin.py:188} INFO - Uploaded /tmp/minio_downloads/transactions_090357702738.parquet -> @transactions stage
[2026-08-05T08:35:48.958+0000] {logging_mixin.py:188} INFO - Uploaded /tmp/minio_downloads/transactions_090357760100.parquet -> @transactions stage
[2026-08-05T08:35:49.074+0000] {logging_mixin.py:188} INFO - Uploaded /tmp/minio_downloads/transactions_090357801435.parquet -> @transactions stage
[2026-08-05T08:35:49.202+0000] {logging_mixin.py:188} INFO - Uploaded /tmp/minio_downloads/transactions_090357851905.parquet -> @transactions stage
[2026-08-05T08:35:49.318+0000] {logging_mixin.py:188} INFO - Uploaded /tmp/minio_downloads/transactions_090357912801.parquet -> @transactions stage
[2026-08-05T08:35:49.439+0000] {logging_mixin.py:188} INFO - Uploaded /tmp/minio_downloads/transactions_090357960568.parquet -> @transactions stage
[2026-08-05T08:35:49.569+0000] {logging_mixin.py:188} INFO - Uploaded /tmp/minio_downloads/transactions_090358004849.parquet -> @transactions stage
[2026-08-05T08:35:49.705+0000] {logging_mixin.py:188} INFO - Uploaded /tmp/minio_downloads/transactions_090358056560.parquet -> @transactions stage
[2026-08-05T08:35:49.841+0000] {logging_mixin.py:188} INFO - Uploaded /tmp/minio_downloads/transactions_090358105593.parquet -> @transactions stage
[2026-08-05T08:35:49.986+0000] {logging_mixin.py:188} INFO - Uploaded /tmp/minio_downloads/transactions_090358162181.parquet -> @transactions stage
[2026-08-05T08:35:50.114+0000] {logging_mixin.py:188} INFO - Uploaded /tmp/minio_downloads/transactions_090358208325.parquet -> @transactions stage
[2026-08-05T08:35:50.231+0000] {logging_mixin.py:188} INFO - Uploaded /tmp/minio_downloads/transactions_090358259907.parquet -> @transactions stage
[2026-08-05T08:35:50.468+0000] {logging_mixin.py:188} INFO - Uploaded /tmp/minio_downloads/transactions_090358303300.parquet -> @transactions stage
[2026-08-05T08:35:50.581+0000] {logging_mixin.py:188} INFO - Uploaded /tmp/minio_downloads/transactions_090358355686.parquet -> @transactions stage
[2026-08-05T08:35:50.701+0000] {logging_mixin.py:188} INFO - Uploaded /tmp/minio_downloads/transactions_090358405389.parquet -> @transactions stage
[2026-08-05T08:35:50.857+0000] {logging_mixin.py:188} INFO - Uploaded /tmp/minio_downloads/transactions_090358443895.parquet -> @transactions stage
[2026-08-05T08:35:50.980+0000] {logging_mixin.py:188} INFO - Uploaded /tmp/minio_downloads/transactions_090358557096.parquet -> @transactions stage
[2026-08-05T08:35:51.941+0000] {logging_mixin.py:188} INFO - Uploaded /tmp/minio_downloads/transactions_090358604150.parquet -> @transactions stage
[2026-08-05T08:35:52.054+0000] {logging_mixin.py:188} INFO - Uploaded /tmp/minio_downloads/transactions_090358674157.parquet -> @transactions stage
[2026-08-05T08:35:52.197+0000] {logging_mixin.py:188} INFO - Uploaded /tmp/minio_downloads/transactions_090358720067.parquet -> @transactions stage
[2026-08-05T08:35:52.308+0000] {logging_mixin.py:188} INFO - Uploaded /tmp/minio_downloads/transactions_090358769853.parquet -> @transactions stage
[2026-08-05T08:35:52.454+0000] {logging_mixin.py:188} INFO - Uploaded /tmp/minio_downloads/transactions_090358814455.parquet -> @transactions stage
[2026-08-05T08:35:52.555+0000] {logging_mixin.py:188} INFO - Uploaded /tmp/minio_downloads/transactions_090358863524.parquet -> @transactions stage
[2026-08-05T08:35:52.787+0000] {logging_mixin.py:188} INFO - Uploaded /tmp/minio_downloads/transactions_090358934392.parquet -> @transactions stage
[2026-08-05T08:35:52.942+0000] {logging_mixin.py:188} INFO - Uploaded /tmp/minio_downloads/transactions_090358979341.parquet -> @transactions stage
[2026-08-05T08:35:53.772+0000] {logging_mixin.py:188} INFO - Uploaded /tmp/minio_downloads/transactions_090359023383.parquet -> @transactions stage
[2026-08-05T08:35:53.962+0000] {logging_mixin.py:188} INFO - Uploaded /tmp/minio_downloads/transactions_090359073300.parquet -> @transactions stage
[2026-08-05T08:35:54.134+0000] {logging_mixin.py:188} INFO - Uploaded /tmp/minio_downloads/transactions_090359125859.parquet -> @transactions stage
[2026-08-05T08:35:54.243+0000] {logging_mixin.py:188} INFO - Uploaded /tmp/minio_downloads/transactions_090359170062.parquet -> @transactions stage
[2026-08-05T08:35:54.390+0000] {logging_mixin.py:188} INFO - Uploaded /tmp/minio_downloads/transactions_090359215423.parquet -> @transactions stage
[2026-08-05T08:35:54.513+0000] {logging_mixin.py:188} INFO - Uploaded /tmp/minio_downloads/transactions_090359261771.parquet -> @transactions stage
[2026-08-05T08:35:55.258+0000] {logging_mixin.py:188} INFO - Uploaded /tmp/minio_downloads/transactions_090359309259.parquet -> @transactions stage
[2026-08-05T08:35:56.194+0000] {logging_mixin.py:188} INFO - Uploaded /tmp/minio_downloads/transactions_090359352159.parquet -> @transactions stage
[2026-08-05T08:35:56.834+0000] {logging_mixin.py:188} INFO - Uploaded /tmp/minio_downloads/transactions_090359412076.parquet -> @transactions stage
[2026-08-05T08:35:56.926+0000] {logging_mixin.py:188} INFO - Uploaded /tmp/minio_downloads/transactions_090359479421.parquet -> @transactions stage
[2026-08-05T08:35:57.003+0000] {logging_mixin.py:188} INFO - Uploaded /tmp/minio_downloads/transactions_090359532828.parquet -> @transactions stage
[2026-08-05T08:35:57.107+0000] {logging_mixin.py:188} INFO - Uploaded /tmp/minio_downloads/transactions_090359614357.parquet -> @transactions stage
[2026-08-05T08:35:57.189+0000] {logging_mixin.py:188} INFO - Uploaded /tmp/minio_downloads/transactions_090359687534.parquet -> @transactions stage
[2026-08-05T08:35:57.673+0000] {logging_mixin.py:188} INFO - Uploaded /tmp/minio_downloads/transactions_090359742743.parquet -> @transactions stage
[2026-08-05T08:35:58.485+0000] {logging_mixin.py:188} INFO - Uploaded /tmp/minio_downloads/transactions_090359809288.parquet -> @transactions stage
[2026-08-05T08:35:58.601+0000] {logging_mixin.py:188} INFO - Uploaded /tmp/minio_downloads/transactions_090359858103.parquet -> @transactions stage
[2026-08-05T08:35:59.181+0000] {logging_mixin.py:188} INFO - Uploaded /tmp/minio_downloads/transactions_090359917897.parquet -> @transactions stage
[2026-08-05T08:35:59.298+0000] {logging_mixin.py:188} INFO - Uploaded /tmp/minio_downloads/transactions_090359961638.parquet -> @transactions stage
[2026-08-05T08:36:00.144+0000] {logging_mixin.py:188} INFO - Uploaded /tmp/minio_downloads/transactions_090400008307.parquet -> @transactions stage
[2026-08-05T08:36:01.006+0000] {logging_mixin.py:188} INFO - Uploaded /tmp/minio_downloads/transactions_090400055652.parquet -> @transactions stage
[2026-08-05T08:36:01.176+0000] {logging_mixin.py:188} INFO - Uploaded /tmp/minio_downloads/transactions_090400100974.parquet -> @transactions stage
[2026-08-05T08:36:01.306+0000] {logging_mixin.py:188} INFO - Uploaded /tmp/minio_downloads/transactions_090400154865.parquet -> @transactions stage
[2026-08-05T08:36:01.426+0000] {logging_mixin.py:188} INFO - Uploaded /tmp/minio_downloads/transactions_090400199579.parquet -> @transactions stage
[2026-08-05T08:36:01.540+0000] {logging_mixin.py:188} INFO - Uploaded /tmp/minio_downloads/transactions_090400244645.parquet -> @transactions stage
[2026-08-05T08:36:01.654+0000] {logging_mixin.py:188} INFO - Uploaded /tmp/minio_downloads/transactions_090400302861.parquet -> @transactions stage
[2026-08-05T08:36:01.768+0000] {logging_mixin.py:188} INFO - Uploaded /tmp/minio_downloads/transactions_090400414726.parquet -> @transactions stage
[2026-08-05T08:36:01.893+0000] {logging_mixin.py:188} INFO - Uploaded /tmp/minio_downloads/transactions_090400462155.parquet -> @transactions stage
[2026-08-05T08:36:02.385+0000] {logging_mixin.py:188} INFO - Uploaded /tmp/minio_downloads/transactions_090400508113.parquet -> @transactions stage
[2026-08-05T08:36:02.498+0000] {logging_mixin.py:188} INFO - Uploaded /tmp/minio_downloads/transactions_090400551760.parquet -> @transactions stage
[2026-08-05T08:36:02.624+0000] {logging_mixin.py:188} INFO - Uploaded /tmp/minio_downloads/transactions_090400598796.parquet -> @transactions stage
[2026-08-05T08:36:02.789+0000] {logging_mixin.py:188} INFO - Uploaded /tmp/minio_downloads/transactions_090400650307.parquet -> @transactions stage
[2026-08-05T08:36:03.519+0000] {logging_mixin.py:188} INFO - Uploaded /tmp/minio_downloads/transactions_090400718652.parquet -> @transactions stage
[2026-08-05T08:36:04.276+0000] {logging_mixin.py:188} INFO - Uploaded /tmp/minio_downloads/transactions_090400764108.parquet -> @transactions stage
[2026-08-05T08:36:04.959+0000] {logging_mixin.py:188} INFO - Uploaded /tmp/minio_downloads/transactions_090400811028.parquet -> @transactions stage
[2026-08-05T08:36:05.493+0000] {logging_mixin.py:188} INFO - Uploaded /tmp/minio_downloads/transactions_090400854504.parquet -> @transactions stage
[2026-08-05T08:36:05.608+0000] {logging_mixin.py:188} INFO - Uploaded /tmp/minio_downloads/transactions_090400901832.parquet -> @transactions stage
[2026-08-05T08:36:05.829+0000] {logging_mixin.py:188} INFO - Uploaded /tmp/minio_downloads/transactions_090400963088.parquet -> @transactions stage
[2026-08-05T08:36:05.958+0000] {logging_mixin.py:188} INFO - Uploaded /tmp/minio_downloads/transactions_090401013096.parquet -> @transactions stage
[2026-08-05T08:36:06.105+0000] {logging_mixin.py:188} INFO - Uploaded /tmp/minio_downloads/transactions_090401055274.parquet -> @transactions stage
[2026-08-05T08:36:06.238+0000] {logging_mixin.py:188} INFO - Uploaded /tmp/minio_downloads/transactions_090401109174.parquet -> @transactions stage
[2026-08-05T08:36:06.754+0000] {logging_mixin.py:188} INFO - Uploaded /tmp/minio_downloads/transactions_090401158400.parquet -> @transactions stage
[2026-08-05T08:36:07.595+0000] {logging_mixin.py:188} INFO - Uploaded /tmp/minio_downloads/transactions_090401204691.parquet -> @transactions stage
[2026-08-05T08:36:07.977+0000] {logging_mixin.py:188} INFO - Uploaded /tmp/minio_downloads/transactions_090401251759.parquet -> @transactions stage
[2026-08-05T08:36:08.174+0000] {logging_mixin.py:188} INFO - Uploaded /tmp/minio_downloads/transactions_090401308097.parquet -> @transactions stage
[2026-08-05T08:36:08.286+0000] {logging_mixin.py:188} INFO - Uploaded /tmp/minio_downloads/transactions_090401353068.parquet -> @transactions stage
[2026-08-05T08:36:08.400+0000] {logging_mixin.py:188} INFO - Uploaded /tmp/minio_downloads/transactions_090401399897.parquet -> @transactions stage
[2026-08-05T08:36:08.555+0000] {logging_mixin.py:188} INFO - Uploaded /tmp/minio_downloads/transactions_090401443951.parquet -> @transactions stage
[2026-08-05T08:36:08.742+0000] {logging_mixin.py:188} INFO - Uploaded /tmp/minio_downloads/transactions_090401488223.parquet -> @transactions stage
[2026-08-05T08:36:08.887+0000] {logging_mixin.py:188} INFO - Uploaded /tmp/minio_downloads/transactions_090401532150.parquet -> @transactions stage
[2026-08-05T08:36:09.010+0000] {logging_mixin.py:188} INFO - Uploaded /tmp/minio_downloads/transactions_090401575172.parquet -> @transactions stage
[2026-08-05T08:36:09.198+0000] {logging_mixin.py:188} INFO - Uploaded /tmp/minio_downloads/transactions_090401621799.parquet -> @transactions stage
[2026-08-05T08:36:09.310+0000] {logging_mixin.py:188} INFO - Uploaded /tmp/minio_downloads/transactions_090406088254.parquet -> @transactions stage
[2026-08-05T08:36:09.431+0000] {logging_mixin.py:188} INFO - Uploaded /tmp/minio_downloads/transactions_090406146940.parquet -> @transactions stage
[2026-08-05T08:36:09.557+0000] {logging_mixin.py:188} INFO - Uploaded /tmp/minio_downloads/transactions_090406202556.parquet -> @transactions stage
[2026-08-05T08:36:09.680+0000] {logging_mixin.py:188} INFO - Uploaded /tmp/minio_downloads/transactions_090406248287.parquet -> @transactions stage
[2026-08-05T08:36:09.792+0000] {logging_mixin.py:188} INFO - Uploaded /tmp/minio_downloads/transactions_090406323372.parquet -> @transactions stage
[2026-08-05T08:36:09.906+0000] {logging_mixin.py:188} INFO - Uploaded /tmp/minio_downloads/transactions_090406401429.parquet -> @transactions stage
[2026-08-05T08:36:10.020+0000] {logging_mixin.py:188} INFO - Uploaded /tmp/minio_downloads/transactions_090406455142.parquet -> @transactions stage
[2026-08-05T08:36:10.136+0000] {logging_mixin.py:188} INFO - Uploaded /tmp/minio_downloads/transactions_090406512296.parquet -> @transactions stage
[2026-08-05T08:36:10.248+0000] {logging_mixin.py:188} INFO - Uploaded /tmp/minio_downloads/transactions_090406599805.parquet -> @transactions stage
[2026-08-05T08:36:10.365+0000] {logging_mixin.py:188} INFO - Uploaded /tmp/minio_downloads/transactions_090406655922.parquet -> @transactions stage
[2026-08-05T08:36:10.523+0000] {logging_mixin.py:188} INFO - Uploaded /tmp/minio_downloads/transactions_090406718291.parquet -> @transactions stage
[2026-08-05T08:36:10.647+0000] {logging_mixin.py:188} INFO - Uploaded /tmp/minio_downloads/transactions_090406794188.parquet -> @transactions stage
[2026-08-05T08:36:10.758+0000] {logging_mixin.py:188} INFO - Uploaded /tmp/minio_downloads/transactions_090406889864.parquet -> @transactions stage
[2026-08-05T08:36:10.901+0000] {logging_mixin.py:188} INFO - Uploaded /tmp/minio_downloads/transactions_090406963161.parquet -> @transactions stage
[2026-08-05T08:36:11.011+0000] {logging_mixin.py:188} INFO - Uploaded /tmp/minio_downloads/transactions_090407014526.parquet -> @transactions stage
[2026-08-05T08:36:11.130+0000] {logging_mixin.py:188} INFO - Uploaded /tmp/minio_downloads/transactions_090407064895.parquet -> @transactions stage
[2026-08-05T08:36:11.270+0000] {logging_mixin.py:188} INFO - Uploaded /tmp/minio_downloads/transactions_090407119617.parquet -> @transactions stage
[2026-08-05T08:36:11.410+0000] {logging_mixin.py:188} INFO - Uploaded /tmp/minio_downloads/transactions_090407171988.parquet -> @transactions stage
[2026-08-05T08:36:11.526+0000] {logging_mixin.py:188} INFO - Uploaded /tmp/minio_downloads/transactions_090407247987.parquet -> @transactions stage
[2026-08-05T08:36:11.644+0000] {logging_mixin.py:188} INFO - Uploaded /tmp/minio_downloads/transactions_090407315896.parquet -> @transactions stage
[2026-08-05T08:36:11.761+0000] {logging_mixin.py:188} INFO - Uploaded /tmp/minio_downloads/transactions_090407371463.parquet -> @transactions stage
[2026-08-05T08:36:11.884+0000] {logging_mixin.py:188} INFO - Uploaded /tmp/minio_downloads/transactions_090407450009.parquet -> @transactions stage
[2026-08-05T08:36:12.147+0000] {logging_mixin.py:188} INFO - Uploaded /tmp/minio_downloads/transactions_090407516292.parquet -> @transactions stage
[2026-08-05T08:36:12.263+0000] {logging_mixin.py:188} INFO - Uploaded /tmp/minio_downloads/transactions_090407566961.parquet -> @transactions stage
[2026-08-05T08:36:12.385+0000] {logging_mixin.py:188} INFO - Uploaded /tmp/minio_downloads/transactions_090407631725.parquet -> @transactions stage
[2026-08-05T08:36:12.508+0000] {logging_mixin.py:188} INFO - Uploaded /tmp/minio_downloads/transactions_090407676314.parquet -> @transactions stage
[2026-08-05T08:36:12.620+0000] {logging_mixin.py:188} INFO - Uploaded /tmp/minio_downloads/transactions_090407722561.parquet -> @transactions stage
[2026-08-05T08:36:12.737+0000] {logging_mixin.py:188} INFO - Uploaded /tmp/minio_downloads/transactions_090407771326.parquet -> @transactions stage
[2026-08-05T08:36:12.853+0000] {logging_mixin.py:188} INFO - Uploaded /tmp/minio_downloads/transactions_090407819465.parquet -> @transactions stage
[2026-08-05T08:36:12.973+0000] {logging_mixin.py:188} INFO - Uploaded /tmp/minio_downloads/transactions_090407866042.parquet -> @transactions stage
[2026-08-05T08:36:13.104+0000] {logging_mixin.py:188} INFO - Uploaded /tmp/minio_downloads/transactions_090408004044.parquet -> @transactions stage
[2026-08-05T08:36:13.223+0000] {logging_mixin.py:188} INFO - Uploaded /tmp/minio_downloads/transactions_090408052782.parquet -> @transactions stage
[2026-08-05T08:36:13.343+0000] {logging_mixin.py:188} INFO - Uploaded /tmp/minio_downloads/transactions_090408101485.parquet -> @transactions stage
[2026-08-05T08:36:13.474+0000] {logging_mixin.py:188} INFO - Uploaded /tmp/minio_downloads/transactions_090408154313.parquet -> @transactions stage
[2026-08-05T08:36:13.591+0000] {logging_mixin.py:188} INFO - Uploaded /tmp/minio_downloads/transactions_090408200528.parquet -> @transactions stage
[2026-08-05T08:36:13.705+0000] {logging_mixin.py:188} INFO - Uploaded /tmp/minio_downloads/transactions_090408249018.parquet -> @transactions stage
[2026-08-05T08:36:13.824+0000] {logging_mixin.py:188} INFO - Uploaded /tmp/minio_downloads/transactions_090408312965.parquet -> @transactions stage
[2026-08-05T08:36:14.346+0000] {logging_mixin.py:188} INFO - Uploaded /tmp/minio_downloads/transactions_090408375640.parquet -> @transactions stage
[2026-08-05T08:36:14.471+0000] {logging_mixin.py:188} INFO - Uploaded /tmp/minio_downloads/transactions_090408429805.parquet -> @transactions stage
[2026-08-05T08:36:14.587+0000] {logging_mixin.py:188} INFO - Uploaded /tmp/minio_downloads/transactions_090408481925.parquet -> @transactions stage
[2026-08-05T08:36:14.721+0000] {logging_mixin.py:188} INFO - Uploaded /tmp/minio_downloads/transactions_090408529318.parquet -> @transactions stage
[2026-08-05T08:36:14.894+0000] {logging_mixin.py:188} INFO - Uploaded /tmp/minio_downloads/transactions_090408587037.parquet -> @transactions stage
[2026-08-05T08:36:15.022+0000] {logging_mixin.py:188} INFO - Uploaded /tmp/minio_downloads/transactions_090408632655.parquet -> @transactions stage
[2026-08-05T08:36:15.143+0000] {logging_mixin.py:188} INFO - Uploaded /tmp/minio_downloads/transactions_090408679433.parquet -> @transactions stage
[2026-08-05T08:36:15.258+0000] {logging_mixin.py:188} INFO - Uploaded /tmp/minio_downloads/transactions_090408727398.parquet -> @transactions stage
[2026-08-05T08:36:15.370+0000] {logging_mixin.py:188} INFO - Uploaded /tmp/minio_downloads/transactions_090408782212.parquet -> @transactions stage
[2026-08-05T08:36:15.484+0000] {logging_mixin.py:188} INFO - Uploaded /tmp/minio_downloads/transactions_090408835529.parquet -> @transactions stage
[2026-08-05T08:36:15.605+0000] {logging_mixin.py:188} INFO - Uploaded /tmp/minio_downloads/transactions_090408886244.parquet -> @transactions stage
[2026-08-05T08:36:15.825+0000] {logging_mixin.py:188} INFO - Uploaded /tmp/minio_downloads/transactions_090408932712.parquet -> @transactions stage
[2026-08-05T08:36:15.935+0000] {logging_mixin.py:188} INFO - Uploaded /tmp/minio_downloads/transactions_090409006680.parquet -> @transactions stage
[2026-08-05T08:36:16.056+0000] {logging_mixin.py:188} INFO - Uploaded /tmp/minio_downloads/transactions_090409060002.parquet -> @transactions stage
[2026-08-05T08:36:16.169+0000] {logging_mixin.py:188} INFO - Uploaded /tmp/minio_downloads/transactions_090409104703.parquet -> @transactions stage
[2026-08-05T08:36:16.284+0000] {logging_mixin.py:188} INFO - Uploaded /tmp/minio_downloads/transactions_090409152569.parquet -> @transactions stage
[2026-08-05T08:36:16.410+0000] {logging_mixin.py:188} INFO - Uploaded /tmp/minio_downloads/transactions_090409197963.parquet -> @transactions stage
[2026-08-05T08:36:16.543+0000] {logging_mixin.py:188} INFO - Uploaded /tmp/minio_downloads/transactions_090409244623.parquet -> @transactions stage
[2026-08-05T08:36:16.661+0000] {logging_mixin.py:188} INFO - Uploaded /tmp/minio_downloads/transactions_090409296690.parquet -> @transactions stage
[2026-08-05T08:36:16.779+0000] {logging_mixin.py:188} INFO - Uploaded /tmp/minio_downloads/transactions_090409372121.parquet -> @transactions stage
[2026-08-05T08:36:16.891+0000] {logging_mixin.py:188} INFO - Uploaded /tmp/minio_downloads/transactions_090409417527.parquet -> @transactions stage
[2026-08-05T08:36:17.009+0000] {logging_mixin.py:188} INFO - Uploaded /tmp/minio_downloads/transactions_090409479691.parquet -> @transactions stage
[2026-08-05T08:36:17.124+0000] {logging_mixin.py:188} INFO - Uploaded /tmp/minio_downloads/transactions_090409546407.parquet -> @transactions stage
[2026-08-05T08:36:17.241+0000] {logging_mixin.py:188} INFO - Uploaded /tmp/minio_downloads/transactions_090409623927.parquet -> @transactions stage
[2026-08-05T08:36:17.361+0000] {logging_mixin.py:188} INFO - Uploaded /tmp/minio_downloads/transactions_090409676239.parquet -> @transactions stage
[2026-08-05T08:36:17.471+0000] {logging_mixin.py:188} INFO - Uploaded /tmp/minio_downloads/transactions_090409719991.parquet -> @transactions stage
[2026-08-05T08:36:17.598+0000] {logging_mixin.py:188} INFO - Uploaded /tmp/minio_downloads/transactions_090409773039.parquet -> @transactions stage
[2026-08-05T08:36:17.718+0000] {logging_mixin.py:188} INFO - Uploaded /tmp/minio_downloads/transactions_090409828550.parquet -> @transactions stage
[2026-08-05T08:36:17.837+0000] {logging_mixin.py:188} INFO - Uploaded /tmp/minio_downloads/transactions_090409882190.parquet -> @transactions stage
[2026-08-05T08:36:17.953+0000] {logging_mixin.py:188} INFO - Uploaded /tmp/minio_downloads/transactions_090409928613.parquet -> @transactions stage
[2026-08-05T08:36:18.073+0000] {logging_mixin.py:188} INFO - Uploaded /tmp/minio_downloads/transactions_090409979789.parquet -> @transactions stage
[2026-08-05T08:36:18.185+0000] {logging_mixin.py:188} INFO - Uploaded /tmp/minio_downloads/transactions_090410029506.parquet -> @transactions stage
[2026-08-05T08:36:18.297+0000] {logging_mixin.py:188} INFO - Uploaded /tmp/minio_downloads/transactions_090410087550.parquet -> @transactions stage
[2026-08-05T08:36:18.411+0000] {logging_mixin.py:188} INFO - Uploaded /tmp/minio_downloads/transactions_090410197433.parquet -> @transactions stage
[2026-08-05T08:36:18.550+0000] {logging_mixin.py:188} INFO - Uploaded /tmp/minio_downloads/transactions_090410244821.parquet -> @transactions stage
[2026-08-05T08:36:18.675+0000] {logging_mixin.py:188} INFO - Uploaded /tmp/minio_downloads/transactions_090410290192.parquet -> @transactions stage
[2026-08-05T08:36:18.786+0000] {logging_mixin.py:188} INFO - Uploaded /tmp/minio_downloads/transactions_090410344860.parquet -> @transactions stage
[2026-08-05T08:36:18.896+0000] {logging_mixin.py:188} INFO - Uploaded /tmp/minio_downloads/transactions_090410400587.parquet -> @transactions stage
[2026-08-05T08:36:19.014+0000] {logging_mixin.py:188} INFO - Uploaded /tmp/minio_downloads/transactions_090410457697.parquet -> @transactions stage
[2026-08-05T08:36:19.134+0000] {logging_mixin.py:188} INFO - Uploaded /tmp/minio_downloads/transactions_090410525442.parquet -> @transactions stage
[2026-08-05T08:36:19.249+0000] {logging_mixin.py:188} INFO - Uploaded /tmp/minio_downloads/transactions_090410572839.parquet -> @transactions stage
[2026-08-05T08:36:19.378+0000] {logging_mixin.py:188} INFO - Uploaded /tmp/minio_downloads/transactions_090410619421.parquet -> @transactions stage
[2026-08-05T08:36:19.710+0000] {logging_mixin.py:188} INFO - Data loaded into transactions
[2026-08-05T08:36:19.797+0000] {python.py:237} INFO - Done. Returned value was: None
[2026-08-05T08:36:19.798+0000] {taskinstance.py:441} INFO - ::group::Post task execution logs
[2026-08-05T08:36:19.814+0000] {taskinstance.py:1206} INFO - Marking task as SUCCESS. dag_id=minio_to_snowflake_banking, task_id=load_snowflake, run_id=scheduled__2026-08-05T08:30:00+00:00, execution_date=20260805T083000, start_date=20260805T083358, end_date=20260805T083619
[2026-08-05T08:36:19.846+0000] {local_task_job_runner.py:243} INFO - Task exited with return code 0
[2026-08-05T08:36:19.864+0000] {taskinstance.py:3503} INFO - 0 downstream tasks scheduled from follow-on schedule check
[2026-08-05T08:36:19.867+0000] {local_task_job_runner.py:222} INFO - ::endgroup::
