[2026-08-05T08:55:09.740+0000] {local_task_job_runner.py:120} INFO - ::group::Pre task execution logs
[2026-08-05T08:55:09.824+0000] {taskinstance.py:2076} INFO - Dependencies all met for dep_context=non-requeueable deps ti=<TaskInstance: minio_to_snowflake_banking.load_snowflake scheduled__2026-08-05T08:50:00+00:00 [queued]>
[2026-08-05T08:55:09.843+0000] {taskinstance.py:2076} INFO - Dependencies all met for dep_context=requeueable deps ti=<TaskInstance: minio_to_snowflake_banking.load_snowflake scheduled__2026-08-05T08:50:00+00:00 [queued]>
[2026-08-05T08:55:09.846+0000] {taskinstance.py:2306} INFO - Starting attempt 1 of 2
[2026-08-05T08:55:09.872+0000] {taskinstance.py:2330} INFO - Executing <Task(PythonOperator): load_snowflake> on 2026-08-05 08:50:00+00:00
[2026-08-05T08:55:09.899+0000] {standard_task_runner.py:90} INFO - Running: ['***', 'tasks', 'run', 'minio_to_snowflake_banking', 'load_snowflake', 'scheduled__2026-08-05T08:50:00+00:00', '--job-id', '34', '--raw', '--subdir', 'DAGS_FOLDER/minio_to_snowflake_dag.py', '--cfg-path', '/tmp/tmpn5vqzv3m']
[2026-08-05T08:55:09.907+0000] {standard_task_runner.py:91} INFO - Job 34: Subtask load_snowflake
[2026-08-05T08:55:09.908+0000] {logging_mixin.py:188} WARNING - /home/***/.local/lib/python3.12/site-packages/***/task/task_runner/standard_task_runner.py:62 DeprecationWarning: This process (pid=31369) is multi-threaded, use of fork() may lead to deadlocks in the child.
[2026-08-05T08:55:09.910+0000] {standard_task_runner.py:64} INFO - Started process 31383 to run task
[2026-08-05T08:55:10.043+0000] {task_command.py:426} INFO - Running <TaskInstance: minio_to_snowflake_banking.load_snowflake scheduled__2026-08-05T08:50:00+00:00 [running]> on host dbaa032e7d7c
[2026-08-05T08:55:10.261+0000] {taskinstance.py:2648} INFO - Exporting env vars: AIRFLOW_CTX_DAG_OWNER='***' AIRFLOW_CTX_DAG_ID='minio_to_snowflake_banking' AIRFLOW_CTX_TASK_ID='load_snowflake' AIRFLOW_CTX_EXECUTION_DATE='2026-08-05T08:50:00+00:00' AIRFLOW_CTX_TRY_NUMBER='1' AIRFLOW_CTX_DAG_RUN_ID='scheduled__2026-08-05T08:50:00+00:00'
[2026-08-05T08:55:10.266+0000] {taskinstance.py:430} INFO - ::endgroup::
[2026-08-05T08:55:10.706+0000] {connection.py:638} INFO - Snowflake Connector for Python Version: 4.6.0, Python Version: 3.12.4, Platform: Linux-6.18.33.2-microsoft-standard-WSL2-x86_64-with-glibc2.36
[2026-08-05T08:55:10.709+0000] {connection.py:1760} INFO - Connecting to GLOBAL Snowflake domain
[2026-08-05T08:55:14.044+0000] {logging_mixin.py:188} INFO - Uploaded /tmp/minio_downloads/customers_090401672966.parquet -> @customers stage
[2026-08-05T08:55:14.179+0000] {logging_mixin.py:188} INFO - Uploaded /tmp/minio_downloads/customers_090401722071.parquet -> @customers stage
[2026-08-05T08:55:14.287+0000] {logging_mixin.py:188} INFO - Uploaded /tmp/minio_downloads/customers_090401771134.parquet -> @customers stage
[2026-08-05T08:55:14.365+0000] {logging_mixin.py:188} INFO - Uploaded /tmp/minio_downloads/customers_090401818881.parquet -> @customers stage
[2026-08-05T08:55:14.529+0000] {logging_mixin.py:188} INFO - Uploaded /tmp/minio_downloads/customers_090401869659.parquet -> @customers stage
[2026-08-05T08:55:14.657+0000] {logging_mixin.py:188} INFO - Uploaded /tmp/minio_downloads/customers_090401931845.parquet -> @customers stage
[2026-08-05T08:55:14.735+0000] {logging_mixin.py:188} INFO - Uploaded /tmp/minio_downloads/customers_090401994043.parquet -> @customers stage
[2026-08-05T08:55:14.833+0000] {logging_mixin.py:188} INFO - Uploaded /tmp/minio_downloads/customers_090402069924.parquet -> @customers stage
[2026-08-05T08:55:14.928+0000] {logging_mixin.py:188} INFO - Uploaded /tmp/minio_downloads/customers_090402133350.parquet -> @customers stage
[2026-08-05T08:55:15.083+0000] {logging_mixin.py:188} INFO - Uploaded /tmp/minio_downloads/customers_090402184633.parquet -> @customers stage
[2026-08-05T08:55:15.177+0000] {logging_mixin.py:188} INFO - Uploaded /tmp/minio_downloads/customers_090402234780.parquet -> @customers stage
[2026-08-05T08:55:15.285+0000] {logging_mixin.py:188} INFO - Uploaded /tmp/minio_downloads/customers_090402284973.parquet -> @customers stage
[2026-08-05T08:55:15.370+0000] {logging_mixin.py:188} INFO - Uploaded /tmp/minio_downloads/customers_090402342610.parquet -> @customers stage
[2026-08-05T08:55:15.662+0000] {logging_mixin.py:188} INFO - Uploaded /tmp/minio_downloads/customers_090402385711.parquet -> @customers stage
[2026-08-05T08:55:15.851+0000] {logging_mixin.py:188} INFO - Uploaded /tmp/minio_downloads/customers_090402449594.parquet -> @customers stage
[2026-08-05T08:55:15.988+0000] {logging_mixin.py:188} INFO - Uploaded /tmp/minio_downloads/customers_090402513017.parquet -> @customers stage
[2026-08-05T08:55:16.105+0000] {logging_mixin.py:188} INFO - Uploaded /tmp/minio_downloads/customers_090402644591.parquet -> @customers stage
[2026-08-05T08:55:16.937+0000] {logging_mixin.py:188} INFO - Uploaded /tmp/minio_downloads/customers_090402707127.parquet -> @customers stage
[2026-08-05T08:55:17.641+0000] {logging_mixin.py:188} INFO - Uploaded /tmp/minio_downloads/customers_090402799962.parquet -> @customers stage
[2026-08-05T08:55:17.870+0000] {logging_mixin.py:188} INFO - Uploaded /tmp/minio_downloads/customers_090402929400.parquet -> @customers stage
[2026-08-05T08:55:18.044+0000] {logging_mixin.py:188} INFO - Uploaded /tmp/minio_downloads/customers_090402974349.parquet -> @customers stage
[2026-08-05T08:55:18.224+0000] {logging_mixin.py:188} INFO - Uploaded /tmp/minio_downloads/customers_090403023880.parquet -> @customers stage
[2026-08-05T08:55:18.420+0000] {logging_mixin.py:188} INFO - Uploaded /tmp/minio_downloads/customers_090403076220.parquet -> @customers stage
[2026-08-05T08:55:18.595+0000] {logging_mixin.py:188} INFO - Uploaded /tmp/minio_downloads/customers_090403139454.parquet -> @customers stage
[2026-08-05T08:55:18.740+0000] {logging_mixin.py:188} INFO - Uploaded /tmp/minio_downloads/customers_090403183405.parquet -> @customers stage
[2026-08-05T08:55:18.884+0000] {logging_mixin.py:188} INFO - Uploaded /tmp/minio_downloads/customers_090403246298.parquet -> @customers stage
[2026-08-05T08:55:19.061+0000] {logging_mixin.py:188} INFO - Uploaded /tmp/minio_downloads/customers_090403286232.parquet -> @customers stage
[2026-08-05T08:55:19.257+0000] {logging_mixin.py:188} INFO - Uploaded /tmp/minio_downloads/customers_090403337856.parquet -> @customers stage
[2026-08-05T08:55:19.386+0000] {logging_mixin.py:188} INFO - Uploaded /tmp/minio_downloads/customers_090403384511.parquet -> @customers stage
[2026-08-05T08:55:19.548+0000] {logging_mixin.py:188} INFO - Uploaded /tmp/minio_downloads/customers_090403430840.parquet -> @customers stage
[2026-08-05T08:55:19.687+0000] {logging_mixin.py:188} INFO - Uploaded /tmp/minio_downloads/customers_090403472396.parquet -> @customers stage
[2026-08-05T08:55:19.873+0000] {logging_mixin.py:188} INFO - Uploaded /tmp/minio_downloads/customers_090403524071.parquet -> @customers stage
[2026-08-05T08:55:19.964+0000] {logging_mixin.py:188} INFO - Uploaded /tmp/minio_downloads/customers_090403571705.parquet -> @customers stage
[2026-08-05T08:55:20.054+0000] {logging_mixin.py:188} INFO - Uploaded /tmp/minio_downloads/customers_090403614708.parquet -> @customers stage
[2026-08-05T08:55:20.162+0000] {logging_mixin.py:188} INFO - Uploaded /tmp/minio_downloads/customers_090403654848.parquet -> @customers stage
[2026-08-05T08:55:20.286+0000] {logging_mixin.py:188} INFO - Uploaded /tmp/minio_downloads/customers_090403702724.parquet -> @customers stage
[2026-08-05T08:55:20.401+0000] {logging_mixin.py:188} INFO - Uploaded /tmp/minio_downloads/customers_090403763292.parquet -> @customers stage
[2026-08-05T08:55:20.500+0000] {logging_mixin.py:188} INFO - Uploaded /tmp/minio_downloads/customers_090403806078.parquet -> @customers stage
[2026-08-05T08:55:20.911+0000] {logging_mixin.py:188} INFO - Uploaded /tmp/minio_downloads/customers_090403851544.parquet -> @customers stage
[2026-08-05T08:55:21.031+0000] {logging_mixin.py:188} INFO - Uploaded /tmp/minio_downloads/customers_090403894193.parquet -> @customers stage
[2026-08-05T08:55:21.118+0000] {logging_mixin.py:188} INFO - Uploaded /tmp/minio_downloads/customers_090403939509.parquet -> @customers stage
[2026-08-05T08:55:21.274+0000] {logging_mixin.py:188} INFO - Uploaded /tmp/minio_downloads/customers_090403987646.parquet -> @customers stage
[2026-08-05T08:55:21.434+0000] {logging_mixin.py:188} INFO - Uploaded /tmp/minio_downloads/customers_090404049607.parquet -> @customers stage
[2026-08-05T08:55:21.548+0000] {logging_mixin.py:188} INFO - Uploaded /tmp/minio_downloads/customers_090404098181.parquet -> @customers stage
[2026-08-05T08:55:21.721+0000] {logging_mixin.py:188} INFO - Uploaded /tmp/minio_downloads/customers_090404171962.parquet -> @customers stage
[2026-08-05T08:55:21.883+0000] {logging_mixin.py:188} INFO - Uploaded /tmp/minio_downloads/customers_090404227529.parquet -> @customers stage
[2026-08-05T08:55:21.978+0000] {logging_mixin.py:188} INFO - Uploaded /tmp/minio_downloads/customers_090404283728.parquet -> @customers stage
[2026-08-05T08:55:22.123+0000] {logging_mixin.py:188} INFO - Uploaded /tmp/minio_downloads/customers_090404337621.parquet -> @customers stage
[2026-08-05T08:55:22.230+0000] {logging_mixin.py:188} INFO - Uploaded /tmp/minio_downloads/customers_090404397305.parquet -> @customers stage
[2026-08-05T08:55:22.347+0000] {logging_mixin.py:188} INFO - Uploaded /tmp/minio_downloads/customers_090404443612.parquet -> @customers stage
[2026-08-05T08:55:22.461+0000] {logging_mixin.py:188} INFO - Uploaded /tmp/minio_downloads/customers_090404503420.parquet -> @customers stage
[2026-08-05T08:55:22.611+0000] {logging_mixin.py:188} INFO - Uploaded /tmp/minio_downloads/customers_090404569754.parquet -> @customers stage
[2026-08-05T08:55:22.701+0000] {logging_mixin.py:188} INFO - Uploaded /tmp/minio_downloads/customers_090404616505.parquet -> @customers stage
[2026-08-05T08:55:22.823+0000] {logging_mixin.py:188} INFO - Uploaded /tmp/minio_downloads/customers_090404676784.parquet -> @customers stage
[2026-08-05T08:55:22.918+0000] {logging_mixin.py:188} INFO - Uploaded /tmp/minio_downloads/customers_090404719565.parquet -> @customers stage
[2026-08-05T08:55:23.021+0000] {logging_mixin.py:188} INFO - Uploaded /tmp/minio_downloads/customers_090404776580.parquet -> @customers stage
[2026-08-05T08:55:23.139+0000] {logging_mixin.py:188} INFO - Uploaded /tmp/minio_downloads/customers_090404821131.parquet -> @customers stage
[2026-08-05T08:55:23.274+0000] {logging_mixin.py:188} INFO - Uploaded /tmp/minio_downloads/customers_090404867684.parquet -> @customers stage
[2026-08-05T08:55:23.389+0000] {logging_mixin.py:188} INFO - Uploaded /tmp/minio_downloads/customers_090404914078.parquet -> @customers stage
[2026-08-05T08:55:23.523+0000] {logging_mixin.py:188} INFO - Uploaded /tmp/minio_downloads/customers_090404956516.parquet -> @customers stage
[2026-08-05T08:55:23.613+0000] {logging_mixin.py:188} INFO - Uploaded /tmp/minio_downloads/customers_090405003694.parquet -> @customers stage
[2026-08-05T08:55:23.728+0000] {logging_mixin.py:188} INFO - Uploaded /tmp/minio_downloads/customers_090405050878.parquet -> @customers stage
[2026-08-05T08:55:23.824+0000] {logging_mixin.py:188} INFO - Uploaded /tmp/minio_downloads/customers_090405103797.parquet -> @customers stage
[2026-08-05T08:55:23.947+0000] {logging_mixin.py:188} INFO - Uploaded /tmp/minio_downloads/customers_090405150219.parquet -> @customers stage
[2026-08-05T08:55:24.030+0000] {logging_mixin.py:188} INFO - Uploaded /tmp/minio_downloads/customers_090405196488.parquet -> @customers stage
[2026-08-05T08:55:24.151+0000] {logging_mixin.py:188} INFO - Uploaded /tmp/minio_downloads/customers_090405243111.parquet -> @customers stage
[2026-08-05T08:55:24.259+0000] {logging_mixin.py:188} INFO - Uploaded /tmp/minio_downloads/customers_090405289533.parquet -> @customers stage
[2026-08-05T08:55:24.361+0000] {logging_mixin.py:188} INFO - Uploaded /tmp/minio_downloads/customers_090405335259.parquet -> @customers stage
[2026-08-05T08:55:24.462+0000] {logging_mixin.py:188} INFO - Uploaded /tmp/minio_downloads/customers_090405383930.parquet -> @customers stage
[2026-08-05T08:55:24.555+0000] {logging_mixin.py:188} INFO - Uploaded /tmp/minio_downloads/customers_090405425934.parquet -> @customers stage
[2026-08-05T08:55:24.646+0000] {logging_mixin.py:188} INFO - Uploaded /tmp/minio_downloads/customers_090405469859.parquet -> @customers stage
[2026-08-05T08:55:24.781+0000] {logging_mixin.py:188} INFO - Uploaded /tmp/minio_downloads/customers_090405511786.parquet -> @customers stage
[2026-08-05T08:55:24.884+0000] {logging_mixin.py:188} INFO - Uploaded /tmp/minio_downloads/customers_090405562635.parquet -> @customers stage
[2026-08-05T08:55:24.988+0000] {logging_mixin.py:188} INFO - Uploaded /tmp/minio_downloads/customers_090405606410.parquet -> @customers stage
[2026-08-05T08:55:25.083+0000] {logging_mixin.py:188} INFO - Uploaded /tmp/minio_downloads/customers_090405651960.parquet -> @customers stage
[2026-08-05T08:55:25.213+0000] {logging_mixin.py:188} INFO - Uploaded /tmp/minio_downloads/customers_090405695356.parquet -> @customers stage
[2026-08-05T08:55:25.311+0000] {logging_mixin.py:188} INFO - Uploaded /tmp/minio_downloads/customers_090405739251.parquet -> @customers stage
[2026-08-05T08:55:25.417+0000] {logging_mixin.py:188} INFO - Uploaded /tmp/minio_downloads/customers_090405796269.parquet -> @customers stage
[2026-08-05T08:55:25.561+0000] {logging_mixin.py:188} INFO - Uploaded /tmp/minio_downloads/customers_090405841506.parquet -> @customers stage
[2026-08-05T08:55:25.709+0000] {logging_mixin.py:188} INFO - Uploaded /tmp/minio_downloads/customers_090405899071.parquet -> @customers stage
[2026-08-05T08:55:25.867+0000] {logging_mixin.py:188} INFO - Uploaded /tmp/minio_downloads/customers_090405946991.parquet -> @customers stage
[2026-08-05T08:55:26.452+0000] {logging_mixin.py:188} INFO - Data loaded into customers
[2026-08-05T08:55:26.561+0000] {logging_mixin.py:188} INFO - Uploaded /tmp/minio_downloads/accounts_090335091997.parquet -> @accounts stage
[2026-08-05T08:55:26.800+0000] {logging_mixin.py:188} INFO - Uploaded /tmp/minio_downloads/accounts_090335176229.parquet -> @accounts stage
[2026-08-05T08:55:26.972+0000] {logging_mixin.py:188} INFO - Uploaded /tmp/minio_downloads/accounts_090335225617.parquet -> @accounts stage
[2026-08-05T08:55:27.085+0000] {logging_mixin.py:188} INFO - Uploaded /tmp/minio_downloads/accounts_090335282589.parquet -> @accounts stage
[2026-08-05T08:55:27.175+0000] {logging_mixin.py:188} INFO - Uploaded /tmp/minio_downloads/accounts_090335330376.parquet -> @accounts stage
[2026-08-05T08:55:27.267+0000] {logging_mixin.py:188} INFO - Uploaded /tmp/minio_downloads/accounts_090335387463.parquet -> @accounts stage
[2026-08-05T08:55:27.384+0000] {logging_mixin.py:188} INFO - Uploaded /tmp/minio_downloads/accounts_090335440093.parquet -> @accounts stage
[2026-08-05T08:55:27.474+0000] {logging_mixin.py:188} INFO - Uploaded /tmp/minio_downloads/accounts_090335487667.parquet -> @accounts stage
[2026-08-05T08:55:27.575+0000] {logging_mixin.py:188} INFO - Uploaded /tmp/minio_downloads/accounts_090335532736.parquet -> @accounts stage
[2026-08-05T08:55:27.662+0000] {logging_mixin.py:188} INFO - Uploaded /tmp/minio_downloads/accounts_090335590697.parquet -> @accounts stage
[2026-08-05T08:55:27.767+0000] {logging_mixin.py:188} INFO - Uploaded /tmp/minio_downloads/accounts_090335653590.parquet -> @accounts stage
[2026-08-05T08:55:27.908+0000] {logging_mixin.py:188} INFO - Uploaded /tmp/minio_downloads/accounts_090335716922.parquet -> @accounts stage
[2026-08-05T08:55:27.991+0000] {logging_mixin.py:188} INFO - Uploaded /tmp/minio_downloads/accounts_090335792915.parquet -> @accounts stage
[2026-08-05T08:55:28.085+0000] {logging_mixin.py:188} INFO - Uploaded /tmp/minio_downloads/accounts_090335849416.parquet -> @accounts stage
[2026-08-05T08:55:28.171+0000] {logging_mixin.py:188} INFO - Uploaded /tmp/minio_downloads/accounts_090335918492.parquet -> @accounts stage
[2026-08-05T08:55:28.301+0000] {logging_mixin.py:188} INFO - Uploaded /tmp/minio_downloads/accounts_090336083229.parquet -> @accounts stage
[2026-08-05T08:55:28.701+0000] {logging_mixin.py:188} INFO - Uploaded /tmp/minio_downloads/accounts_090336168129.parquet -> @accounts stage
[2026-08-05T08:55:28.965+0000] {logging_mixin.py:188} INFO - Uploaded /tmp/minio_downloads/accounts_090336236734.parquet -> @accounts stage
[2026-08-05T08:55:29.196+0000] {logging_mixin.py:188} INFO - Uploaded /tmp/minio_downloads/accounts_090336310038.parquet -> @accounts stage
[2026-08-05T08:55:29.278+0000] {logging_mixin.py:188} INFO - Uploaded /tmp/minio_downloads/accounts_090336375803.parquet -> @accounts stage
[2026-08-05T08:55:29.435+0000] {logging_mixin.py:188} INFO - Uploaded /tmp/minio_downloads/accounts_090336437610.parquet -> @accounts stage
[2026-08-05T08:55:29.579+0000] {logging_mixin.py:188} INFO - Uploaded /tmp/minio_downloads/accounts_090336509130.parquet -> @accounts stage
[2026-08-05T08:55:29.690+0000] {logging_mixin.py:188} INFO - Uploaded /tmp/minio_downloads/accounts_090336561573.parquet -> @accounts stage
[2026-08-05T08:55:29.812+0000] {logging_mixin.py:188} INFO - Uploaded /tmp/minio_downloads/accounts_090336619969.parquet -> @accounts stage
[2026-08-05T08:55:29.967+0000] {logging_mixin.py:188} INFO - Uploaded /tmp/minio_downloads/accounts_090336705658.parquet -> @accounts stage
[2026-08-05T08:55:30.136+0000] {logging_mixin.py:188} INFO - Uploaded /tmp/minio_downloads/accounts_090336825221.parquet -> @accounts stage
[2026-08-05T08:55:30.275+0000] {logging_mixin.py:188} INFO - Uploaded /tmp/minio_downloads/accounts_090336934222.parquet -> @accounts stage
[2026-08-05T08:55:30.477+0000] {logging_mixin.py:188} INFO - Uploaded /tmp/minio_downloads/accounts_090336997264.parquet -> @accounts stage
[2026-08-05T08:55:30.612+0000] {logging_mixin.py:188} INFO - Uploaded /tmp/minio_downloads/accounts_090337048145.parquet -> @accounts stage
[2026-08-05T08:55:30.770+0000] {logging_mixin.py:188} INFO - Uploaded /tmp/minio_downloads/accounts_090337100657.parquet -> @accounts stage
[2026-08-05T08:55:30.895+0000] {logging_mixin.py:188} INFO - Uploaded /tmp/minio_downloads/accounts_090337167701.parquet -> @accounts stage
[2026-08-05T08:55:31.017+0000] {logging_mixin.py:188} INFO - Uploaded /tmp/minio_downloads/accounts_090337230404.parquet -> @accounts stage
[2026-08-05T08:55:31.165+0000] {logging_mixin.py:188} INFO - Uploaded /tmp/minio_downloads/accounts_090337287200.parquet -> @accounts stage
[2026-08-05T08:55:31.303+0000] {logging_mixin.py:188} INFO - Uploaded /tmp/minio_downloads/accounts_090337352500.parquet -> @accounts stage
[2026-08-05T08:55:31.430+0000] {logging_mixin.py:188} INFO - Uploaded /tmp/minio_downloads/accounts_090337409970.parquet -> @accounts stage
[2026-08-05T08:55:31.584+0000] {logging_mixin.py:188} INFO - Uploaded /tmp/minio_downloads/accounts_090337468206.parquet -> @accounts stage
[2026-08-05T08:55:31.711+0000] {logging_mixin.py:188} INFO - Uploaded /tmp/minio_downloads/accounts_090337522740.parquet -> @accounts stage
[2026-08-05T08:55:31.858+0000] {logging_mixin.py:188} INFO - Uploaded /tmp/minio_downloads/accounts_090337569811.parquet -> @accounts stage
[2026-08-05T08:55:31.996+0000] {logging_mixin.py:188} INFO - Uploaded /tmp/minio_downloads/accounts_090337620416.parquet -> @accounts stage
[2026-08-05T08:55:32.142+0000] {logging_mixin.py:188} INFO - Uploaded /tmp/minio_downloads/accounts_090337676744.parquet -> @accounts stage
[2026-08-05T08:55:32.292+0000] {logging_mixin.py:188} INFO - Uploaded /tmp/minio_downloads/accounts_090337733973.parquet -> @accounts stage
[2026-08-05T08:55:32.388+0000] {logging_mixin.py:188} INFO - Uploaded /tmp/minio_downloads/accounts_090337779357.parquet -> @accounts stage
[2026-08-05T08:55:32.500+0000] {logging_mixin.py:188} INFO - Uploaded /tmp/minio_downloads/accounts_090337830813.parquet -> @accounts stage
[2026-08-05T08:55:32.592+0000] {logging_mixin.py:188} INFO - Uploaded /tmp/minio_downloads/accounts_090337876213.parquet -> @accounts stage
[2026-08-05T08:55:32.679+0000] {logging_mixin.py:188} INFO - Uploaded /tmp/minio_downloads/accounts_090337924905.parquet -> @accounts stage
[2026-08-05T08:55:32.780+0000] {logging_mixin.py:188} INFO - Uploaded /tmp/minio_downloads/accounts_090337972586.parquet -> @accounts stage
[2026-08-05T08:55:32.865+0000] {logging_mixin.py:188} INFO - Uploaded /tmp/minio_downloads/accounts_090338036313.parquet -> @accounts stage
[2026-08-05T08:55:32.977+0000] {logging_mixin.py:188} INFO - Uploaded /tmp/minio_downloads/accounts_090338087498.parquet -> @accounts stage
[2026-08-05T08:55:33.076+0000] {logging_mixin.py:188} INFO - Uploaded /tmp/minio_downloads/accounts_090338169836.parquet -> @accounts stage
[2026-08-05T08:55:33.192+0000] {logging_mixin.py:188} INFO - Uploaded /tmp/minio_downloads/accounts_090338285836.parquet -> @accounts stage
[2026-08-05T08:55:33.313+0000] {logging_mixin.py:188} INFO - Uploaded /tmp/minio_downloads/accounts_090338348416.parquet -> @accounts stage
[2026-08-05T08:55:33.446+0000] {logging_mixin.py:188} INFO - Uploaded /tmp/minio_downloads/accounts_090338411783.parquet -> @accounts stage
[2026-08-05T08:55:33.545+0000] {logging_mixin.py:188} INFO - Uploaded /tmp/minio_downloads/accounts_090338473298.parquet -> @accounts stage
[2026-08-05T08:55:33.634+0000] {logging_mixin.py:188} INFO - Uploaded /tmp/minio_downloads/accounts_090338539756.parquet -> @accounts stage
[2026-08-05T08:55:33.728+0000] {logging_mixin.py:188} INFO - Uploaded /tmp/minio_downloads/accounts_090338595444.parquet -> @accounts stage
[2026-08-05T08:55:33.813+0000] {logging_mixin.py:188} INFO - Uploaded /tmp/minio_downloads/accounts_090338653969.parquet -> @accounts stage
[2026-08-05T08:55:33.908+0000] {logging_mixin.py:188} INFO - Uploaded /tmp/minio_downloads/accounts_090338722877.parquet -> @accounts stage
[2026-08-05T08:55:33.994+0000] {logging_mixin.py:188} INFO - Uploaded /tmp/minio_downloads/accounts_090338784168.parquet -> @accounts stage
[2026-08-05T08:55:34.085+0000] {logging_mixin.py:188} INFO - Uploaded /tmp/minio_downloads/accounts_090338833026.parquet -> @accounts stage
[2026-08-05T08:55:34.168+0000] {logging_mixin.py:188} INFO - Uploaded /tmp/minio_downloads/accounts_090338879214.parquet -> @accounts stage
[2026-08-05T08:55:34.260+0000] {logging_mixin.py:188} INFO - Uploaded /tmp/minio_downloads/accounts_090338926904.parquet -> @accounts stage
[2026-08-05T08:55:34.342+0000] {logging_mixin.py:188} INFO - Uploaded /tmp/minio_downloads/accounts_090338983217.parquet -> @accounts stage
[2026-08-05T08:55:34.435+0000] {logging_mixin.py:188} INFO - Uploaded /tmp/minio_downloads/accounts_090339036915.parquet -> @accounts stage
[2026-08-05T08:55:34.523+0000] {logging_mixin.py:188} INFO - Uploaded /tmp/minio_downloads/accounts_090339085807.parquet -> @accounts stage
[2026-08-05T08:55:34.646+0000] {logging_mixin.py:188} INFO - Uploaded /tmp/minio_downloads/accounts_090339132135.parquet -> @accounts stage
[2026-08-05T08:55:34.736+0000] {logging_mixin.py:188} INFO - Uploaded /tmp/minio_downloads/accounts_090339207270.parquet -> @accounts stage
[2026-08-05T08:55:34.850+0000] {logging_mixin.py:188} INFO - Uploaded /tmp/minio_downloads/accounts_090339254198.parquet -> @accounts stage
[2026-08-05T08:55:34.933+0000] {logging_mixin.py:188} INFO - Uploaded /tmp/minio_downloads/accounts_090339304672.parquet -> @accounts stage
[2026-08-05T08:55:35.035+0000] {logging_mixin.py:188} INFO - Uploaded /tmp/minio_downloads/accounts_090339356197.parquet -> @accounts stage
[2026-08-05T08:55:35.126+0000] {logging_mixin.py:188} INFO - Uploaded /tmp/minio_downloads/accounts_090339400231.parquet -> @accounts stage
[2026-08-05T08:55:35.227+0000] {logging_mixin.py:188} INFO - Uploaded /tmp/minio_downloads/accounts_090339447900.parquet -> @accounts stage
[2026-08-05T08:55:35.312+0000] {logging_mixin.py:188} INFO - Uploaded /tmp/minio_downloads/accounts_090339510332.parquet -> @accounts stage
[2026-08-05T08:55:35.423+0000] {logging_mixin.py:188} INFO - Uploaded /tmp/minio_downloads/accounts_090339622965.parquet -> @accounts stage
[2026-08-05T08:55:35.531+0000] {logging_mixin.py:188} INFO - Uploaded /tmp/minio_downloads/accounts_090339735170.parquet -> @accounts stage
[2026-08-05T08:55:35.630+0000] {logging_mixin.py:188} INFO - Uploaded /tmp/minio_downloads/accounts_090339802636.parquet -> @accounts stage
[2026-08-05T08:55:35.719+0000] {logging_mixin.py:188} INFO - Uploaded /tmp/minio_downloads/accounts_090339854967.parquet -> @accounts stage
[2026-08-05T08:55:35.828+0000] {logging_mixin.py:188} INFO - Uploaded /tmp/minio_downloads/accounts_090339969786.parquet -> @accounts stage
[2026-08-05T08:55:35.944+0000] {logging_mixin.py:188} INFO - Uploaded /tmp/minio_downloads/accounts_090340009828.parquet -> @accounts stage
[2026-08-05T08:55:36.051+0000] {logging_mixin.py:188} INFO - Uploaded /tmp/minio_downloads/accounts_090340068304.parquet -> @accounts stage
[2026-08-05T08:55:36.143+0000] {logging_mixin.py:188} INFO - Uploaded /tmp/minio_downloads/accounts_090340120996.parquet -> @accounts stage
[2026-08-05T08:55:36.265+0000] {logging_mixin.py:188} INFO - Uploaded /tmp/minio_downloads/accounts_090340165119.parquet -> @accounts stage
[2026-08-05T08:55:36.349+0000] {logging_mixin.py:188} INFO - Uploaded /tmp/minio_downloads/accounts_090340212592.parquet -> @accounts stage
[2026-08-05T08:55:36.450+0000] {logging_mixin.py:188} INFO - Uploaded /tmp/minio_downloads/accounts_090340260214.parquet -> @accounts stage
[2026-08-05T08:55:36.533+0000] {logging_mixin.py:188} INFO - Uploaded /tmp/minio_downloads/accounts_090340312209.parquet -> @accounts stage
[2026-08-05T08:55:36.635+0000] {logging_mixin.py:188} INFO - Uploaded /tmp/minio_downloads/accounts_090340374831.parquet -> @accounts stage
[2026-08-05T08:55:36.723+0000] {logging_mixin.py:188} INFO - Uploaded /tmp/minio_downloads/accounts_090340432009.parquet -> @accounts stage
[2026-08-05T08:55:36.802+0000] {logging_mixin.py:188} INFO - Uploaded /tmp/minio_downloads/accounts_090340485198.parquet -> @accounts stage
[2026-08-05T08:55:36.916+0000] {logging_mixin.py:188} INFO - Uploaded /tmp/minio_downloads/accounts_090340538086.parquet -> @accounts stage
[2026-08-05T08:55:37.009+0000] {logging_mixin.py:188} INFO - Uploaded /tmp/minio_downloads/accounts_090340597267.parquet -> @accounts stage
[2026-08-05T08:55:37.089+0000] {logging_mixin.py:188} INFO - Uploaded /tmp/minio_downloads/accounts_090340643366.parquet -> @accounts stage
[2026-08-05T08:55:37.189+0000] {logging_mixin.py:188} INFO - Uploaded /tmp/minio_downloads/accounts_090340692918.parquet -> @accounts stage
[2026-08-05T08:55:37.273+0000] {logging_mixin.py:188} INFO - Uploaded /tmp/minio_downloads/accounts_090340744816.parquet -> @accounts stage
[2026-08-05T08:55:37.361+0000] {logging_mixin.py:188} INFO - Uploaded /tmp/minio_downloads/accounts_090340797221.parquet -> @accounts stage
[2026-08-05T08:55:37.598+0000] {logging_mixin.py:188} INFO - Uploaded /tmp/minio_downloads/accounts_090340847915.parquet -> @accounts stage
[2026-08-05T08:55:37.699+0000] {logging_mixin.py:188} INFO - Uploaded /tmp/minio_downloads/accounts_090340899651.parquet -> @accounts stage
[2026-08-05T08:55:37.778+0000] {logging_mixin.py:188} INFO - Uploaded /tmp/minio_downloads/accounts_090340945226.parquet -> @accounts stage
[2026-08-05T08:55:37.876+0000] {logging_mixin.py:188} INFO - Uploaded /tmp/minio_downloads/accounts_090341002128.parquet -> @accounts stage
[2026-08-05T08:55:37.957+0000] {logging_mixin.py:188} INFO - Uploaded /tmp/minio_downloads/accounts_090341048588.parquet -> @accounts stage
[2026-08-05T08:55:38.042+0000] {logging_mixin.py:188} INFO - Uploaded /tmp/minio_downloads/accounts_090341112017.parquet -> @accounts stage
[2026-08-05T08:55:38.129+0000] {logging_mixin.py:188} INFO - Uploaded /tmp/minio_downloads/accounts_090341158981.parquet -> @accounts stage
[2026-08-05T08:55:38.216+0000] {logging_mixin.py:188} INFO - Uploaded /tmp/minio_downloads/accounts_090341202568.parquet -> @accounts stage
[2026-08-05T08:55:38.300+0000] {logging_mixin.py:188} INFO - Uploaded /tmp/minio_downloads/accounts_090341253926.parquet -> @accounts stage
[2026-08-05T08:55:38.393+0000] {logging_mixin.py:188} INFO - Uploaded /tmp/minio_downloads/accounts_090341309247.parquet -> @accounts stage
[2026-08-05T08:55:38.479+0000] {logging_mixin.py:188} INFO - Uploaded /tmp/minio_downloads/accounts_090341358146.parquet -> @accounts stage
[2026-08-05T08:55:38.576+0000] {logging_mixin.py:188} INFO - Uploaded /tmp/minio_downloads/accounts_090341414601.parquet -> @accounts stage
[2026-08-05T08:55:38.660+0000] {logging_mixin.py:188} INFO - Uploaded /tmp/minio_downloads/accounts_090341460477.parquet -> @accounts stage
[2026-08-05T08:55:38.746+0000] {logging_mixin.py:188} INFO - Uploaded /tmp/minio_downloads/accounts_090341508932.parquet -> @accounts stage
[2026-08-05T08:55:38.850+0000] {logging_mixin.py:188} INFO - Uploaded /tmp/minio_downloads/accounts_090341566052.parquet -> @accounts stage
[2026-08-05T08:55:38.953+0000] {logging_mixin.py:188} INFO - Uploaded /tmp/minio_downloads/accounts_090341619353.parquet -> @accounts stage
[2026-08-05T08:55:39.031+0000] {logging_mixin.py:188} INFO - Uploaded /tmp/minio_downloads/accounts_090341668762.parquet -> @accounts stage
[2026-08-05T08:55:39.118+0000] {logging_mixin.py:188} INFO - Uploaded /tmp/minio_downloads/accounts_090341718138.parquet -> @accounts stage
[2026-08-05T08:55:39.204+0000] {logging_mixin.py:188} INFO - Uploaded /tmp/minio_downloads/accounts_090341776387.parquet -> @accounts stage
[2026-08-05T08:55:39.290+0000] {logging_mixin.py:188} INFO - Uploaded /tmp/minio_downloads/accounts_090341838405.parquet -> @accounts stage
[2026-08-05T08:55:39.389+0000] {logging_mixin.py:188} INFO - Uploaded /tmp/minio_downloads/accounts_090341981608.parquet -> @accounts stage
[2026-08-05T08:55:39.495+0000] {logging_mixin.py:188} INFO - Uploaded /tmp/minio_downloads/accounts_090342055992.parquet -> @accounts stage
[2026-08-05T08:55:39.579+0000] {logging_mixin.py:188} INFO - Uploaded /tmp/minio_downloads/accounts_090342130644.parquet -> @accounts stage
[2026-08-05T08:55:39.664+0000] {logging_mixin.py:188} INFO - Uploaded /tmp/minio_downloads/accounts_090342179195.parquet -> @accounts stage
[2026-08-05T08:55:39.752+0000] {logging_mixin.py:188} INFO - Uploaded /tmp/minio_downloads/accounts_090342243528.parquet -> @accounts stage
[2026-08-05T08:55:39.836+0000] {logging_mixin.py:188} INFO - Uploaded /tmp/minio_downloads/accounts_090342306582.parquet -> @accounts stage
[2026-08-05T08:55:39.929+0000] {logging_mixin.py:188} INFO - Uploaded /tmp/minio_downloads/accounts_090342357790.parquet -> @accounts stage
[2026-08-05T08:55:40.012+0000] {logging_mixin.py:188} INFO - Uploaded /tmp/minio_downloads/accounts_090342419173.parquet -> @accounts stage
[2026-08-05T08:55:40.096+0000] {logging_mixin.py:188} INFO - Uploaded /tmp/minio_downloads/accounts_090342483724.parquet -> @accounts stage
[2026-08-05T08:55:40.367+0000] {logging_mixin.py:188} INFO - Uploaded /tmp/minio_downloads/accounts_090342544707.parquet -> @accounts stage
[2026-08-05T08:55:40.607+0000] {logging_mixin.py:188} INFO - Uploaded /tmp/minio_downloads/accounts_090342599697.parquet -> @accounts stage
[2026-08-05T08:55:40.716+0000] {logging_mixin.py:188} INFO - Uploaded /tmp/minio_downloads/accounts_090342676207.parquet -> @accounts stage
[2026-08-05T08:55:40.820+0000] {logging_mixin.py:188} INFO - Uploaded /tmp/minio_downloads/accounts_090342736945.parquet -> @accounts stage
[2026-08-05T08:55:40.927+0000] {logging_mixin.py:188} INFO - Uploaded /tmp/minio_downloads/accounts_090342792308.parquet -> @accounts stage
[2026-08-05T08:55:41.028+0000] {logging_mixin.py:188} INFO - Uploaded /tmp/minio_downloads/accounts_090342856333.parquet -> @accounts stage
[2026-08-05T08:55:41.130+0000] {logging_mixin.py:188} INFO - Uploaded /tmp/minio_downloads/accounts_090342912162.parquet -> @accounts stage
[2026-08-05T08:55:41.253+0000] {logging_mixin.py:188} INFO - Uploaded /tmp/minio_downloads/accounts_090342961837.parquet -> @accounts stage
[2026-08-05T08:55:41.457+0000] {logging_mixin.py:188} INFO - Uploaded /tmp/minio_downloads/accounts_090343020787.parquet -> @accounts stage
[2026-08-05T08:55:41.616+0000] {logging_mixin.py:188} INFO - Uploaded /tmp/minio_downloads/accounts_090343073815.parquet -> @accounts stage
[2026-08-05T08:55:41.735+0000] {logging_mixin.py:188} INFO - Uploaded /tmp/minio_downloads/accounts_090343145518.parquet -> @accounts stage
[2026-08-05T08:55:41.867+0000] {logging_mixin.py:188} INFO - Uploaded /tmp/minio_downloads/accounts_090343197072.parquet -> @accounts stage
[2026-08-05T08:55:41.984+0000] {logging_mixin.py:188} INFO - Uploaded /tmp/minio_downloads/accounts_090343253148.parquet -> @accounts stage
[2026-08-05T08:55:42.642+0000] {logging_mixin.py:188} INFO - Uploaded /tmp/minio_downloads/accounts_090343304398.parquet -> @accounts stage
[2026-08-05T08:55:42.731+0000] {logging_mixin.py:188} INFO - Uploaded /tmp/minio_downloads/accounts_090343363086.parquet -> @accounts stage
[2026-08-05T08:55:42.830+0000] {logging_mixin.py:188} INFO - Uploaded /tmp/minio_downloads/accounts_090343413316.parquet -> @accounts stage
[2026-08-05T08:55:42.980+0000] {logging_mixin.py:188} INFO - Uploaded /tmp/minio_downloads/accounts_090343474555.parquet -> @accounts stage
[2026-08-05T08:55:43.088+0000] {logging_mixin.py:188} INFO - Uploaded /tmp/minio_downloads/accounts_090343527458.parquet -> @accounts stage
[2026-08-05T08:55:43.180+0000] {logging_mixin.py:188} INFO - Uploaded /tmp/minio_downloads/accounts_090343585034.parquet -> @accounts stage
[2026-08-05T08:55:43.282+0000] {logging_mixin.py:188} INFO - Uploaded /tmp/minio_downloads/accounts_090343634679.parquet -> @accounts stage
[2026-08-05T08:55:43.382+0000] {logging_mixin.py:188} INFO - Uploaded /tmp/minio_downloads/accounts_090343680435.parquet -> @accounts stage
[2026-08-05T08:55:43.478+0000] {logging_mixin.py:188} INFO - Uploaded /tmp/minio_downloads/accounts_090343728598.parquet -> @accounts stage
[2026-08-05T08:55:43.563+0000] {logging_mixin.py:188} INFO - Uploaded /tmp/minio_downloads/accounts_090343779632.parquet -> @accounts stage
[2026-08-05T08:55:43.641+0000] {logging_mixin.py:188} INFO - Uploaded /tmp/minio_downloads/accounts_090343833916.parquet -> @accounts stage
[2026-08-05T08:55:43.734+0000] {logging_mixin.py:188} INFO - Uploaded /tmp/minio_downloads/accounts_090343888730.parquet -> @accounts stage
[2026-08-05T08:55:43.814+0000] {logging_mixin.py:188} INFO - Uploaded /tmp/minio_downloads/accounts_090343934679.parquet -> @accounts stage
[2026-08-05T08:55:43.914+0000] {logging_mixin.py:188} INFO - Uploaded /tmp/minio_downloads/accounts_090343976827.parquet -> @accounts stage
[2026-08-05T08:55:43.997+0000] {logging_mixin.py:188} INFO - Uploaded /tmp/minio_downloads/accounts_090344021032.parquet -> @accounts stage
[2026-08-05T08:55:44.122+0000] {logging_mixin.py:188} INFO - Uploaded /tmp/minio_downloads/accounts_090344070350.parquet -> @accounts stage
[2026-08-05T08:55:44.204+0000] {logging_mixin.py:188} INFO - Uploaded /tmp/minio_downloads/accounts_090344114475.parquet -> @accounts stage
[2026-08-05T08:55:44.287+0000] {logging_mixin.py:188} INFO - Uploaded /tmp/minio_downloads/accounts_090344178771.parquet -> @accounts stage
[2026-08-05T08:55:44.380+0000] {logging_mixin.py:188} INFO - Uploaded /tmp/minio_downloads/accounts_090344234782.parquet -> @accounts stage
[2026-08-05T08:55:44.468+0000] {logging_mixin.py:188} INFO - Uploaded /tmp/minio_downloads/accounts_090344295645.parquet -> @accounts stage
[2026-08-05T08:55:44.556+0000] {logging_mixin.py:188} INFO - Uploaded /tmp/minio_downloads/accounts_090344355098.parquet -> @accounts stage
[2026-08-05T08:55:44.638+0000] {logging_mixin.py:188} INFO - Uploaded /tmp/minio_downloads/accounts_090344408224.parquet -> @accounts stage
[2026-08-05T08:55:44.922+0000] {logging_mixin.py:188} INFO - Uploaded /tmp/minio_downloads/accounts_090344461455.parquet -> @accounts stage
[2026-08-05T08:55:45.010+0000] {logging_mixin.py:188} INFO - Uploaded /tmp/minio_downloads/accounts_090344517205.parquet -> @accounts stage
[2026-08-05T08:55:45.095+0000] {logging_mixin.py:188} INFO - Uploaded /tmp/minio_downloads/accounts_090344564860.parquet -> @accounts stage
[2026-08-05T08:55:45.368+0000] {logging_mixin.py:188} INFO - Data loaded into accounts
[2026-08-05T08:55:45.487+0000] {logging_mixin.py:188} INFO - Uploaded /tmp/minio_downloads/transactions_090344635325.parquet -> @transactions stage
[2026-08-05T08:55:45.623+0000] {logging_mixin.py:188} INFO - Uploaded /tmp/minio_downloads/transactions_090344698403.parquet -> @transactions stage
[2026-08-05T08:55:45.706+0000] {logging_mixin.py:188} INFO - Uploaded /tmp/minio_downloads/transactions_090344744646.parquet -> @transactions stage
[2026-08-05T08:55:45.800+0000] {logging_mixin.py:188} INFO - Uploaded /tmp/minio_downloads/transactions_090344795789.parquet -> @transactions stage
[2026-08-05T08:55:45.886+0000] {logging_mixin.py:188} INFO - Uploaded /tmp/minio_downloads/transactions_090344850100.parquet -> @transactions stage
[2026-08-05T08:55:45.984+0000] {logging_mixin.py:188} INFO - Uploaded /tmp/minio_downloads/transactions_090344900109.parquet -> @transactions stage
[2026-08-05T08:55:46.067+0000] {logging_mixin.py:188} INFO - Uploaded /tmp/minio_downloads/transactions_090344947492.parquet -> @transactions stage
[2026-08-05T08:55:46.147+0000] {logging_mixin.py:188} INFO - Uploaded /tmp/minio_downloads/transactions_090344993567.parquet -> @transactions stage
[2026-08-05T08:55:46.232+0000] {logging_mixin.py:188} INFO - Uploaded /tmp/minio_downloads/transactions_090345052242.parquet -> @transactions stage
[2026-08-05T08:55:46.316+0000] {logging_mixin.py:188} INFO - Uploaded /tmp/minio_downloads/transactions_090345100340.parquet -> @transactions stage
[2026-08-05T08:55:46.452+0000] {logging_mixin.py:188} INFO - Uploaded /tmp/minio_downloads/transactions_090345147085.parquet -> @transactions stage
[2026-08-05T08:55:46.572+0000] {logging_mixin.py:188} INFO - Uploaded /tmp/minio_downloads/transactions_090345192944.parquet -> @transactions stage
[2026-08-05T08:55:46.657+0000] {logging_mixin.py:188} INFO - Uploaded /tmp/minio_downloads/transactions_090345308408.parquet -> @transactions stage
[2026-08-05T08:55:46.741+0000] {logging_mixin.py:188} INFO - Uploaded /tmp/minio_downloads/transactions_090345357692.parquet -> @transactions stage
[2026-08-05T08:55:46.821+0000] {logging_mixin.py:188} INFO - Uploaded /tmp/minio_downloads/transactions_090345402851.parquet -> @transactions stage
[2026-08-05T08:55:46.926+0000] {logging_mixin.py:188} INFO - Uploaded /tmp/minio_downloads/transactions_090345456814.parquet -> @transactions stage
[2026-08-05T08:55:47.034+0000] {logging_mixin.py:188} INFO - Uploaded /tmp/minio_downloads/transactions_090345501980.parquet -> @transactions stage
[2026-08-05T08:55:47.133+0000] {logging_mixin.py:188} INFO - Uploaded /tmp/minio_downloads/transactions_090345551838.parquet -> @transactions stage
[2026-08-05T08:55:47.230+0000] {logging_mixin.py:188} INFO - Uploaded /tmp/minio_downloads/transactions_090345595622.parquet -> @transactions stage
[2026-08-05T08:55:47.316+0000] {logging_mixin.py:188} INFO - Uploaded /tmp/minio_downloads/transactions_090345662310.parquet -> @transactions stage
[2026-08-05T08:55:47.397+0000] {logging_mixin.py:188} INFO - Uploaded /tmp/minio_downloads/transactions_090345710767.parquet -> @transactions stage
[2026-08-05T08:55:47.536+0000] {logging_mixin.py:188} INFO - Uploaded /tmp/minio_downloads/transactions_090345754288.parquet -> @transactions stage
[2026-08-05T08:55:47.619+0000] {logging_mixin.py:188} INFO - Uploaded /tmp/minio_downloads/transactions_090345804973.parquet -> @transactions stage
[2026-08-05T08:55:47.705+0000] {logging_mixin.py:188} INFO - Uploaded /tmp/minio_downloads/transactions_090345861683.parquet -> @transactions stage
[2026-08-05T08:55:47.807+0000] {logging_mixin.py:188} INFO - Uploaded /tmp/minio_downloads/transactions_090345909777.parquet -> @transactions stage
[2026-08-05T08:55:47.891+0000] {logging_mixin.py:188} INFO - Uploaded /tmp/minio_downloads/transactions_090345961293.parquet -> @transactions stage
[2026-08-05T08:55:47.972+0000] {logging_mixin.py:188} INFO - Uploaded /tmp/minio_downloads/transactions_090346008937.parquet -> @transactions stage
[2026-08-05T08:55:48.059+0000] {logging_mixin.py:188} INFO - Uploaded /tmp/minio_downloads/transactions_090346056562.parquet -> @transactions stage
[2026-08-05T08:55:48.149+0000] {logging_mixin.py:188} INFO - Uploaded /tmp/minio_downloads/transactions_090346102527.parquet -> @transactions stage
[2026-08-05T08:55:48.242+0000] {logging_mixin.py:188} INFO - Uploaded /tmp/minio_downloads/transactions_090346152705.parquet -> @transactions stage
[2026-08-05T08:55:48.323+0000] {logging_mixin.py:188} INFO - Uploaded /tmp/minio_downloads/transactions_090346198936.parquet -> @transactions stage
[2026-08-05T08:55:48.406+0000] {logging_mixin.py:188} INFO - Uploaded /tmp/minio_downloads/transactions_090346247151.parquet -> @transactions stage
[2026-08-05T08:55:48.491+0000] {logging_mixin.py:188} INFO - Uploaded /tmp/minio_downloads/transactions_090346296845.parquet -> @transactions stage
[2026-08-05T08:55:48.600+0000] {logging_mixin.py:188} INFO - Uploaded /tmp/minio_downloads/transactions_090346362045.parquet -> @transactions stage
[2026-08-05T08:55:48.719+0000] {logging_mixin.py:188} INFO - Uploaded /tmp/minio_downloads/transactions_090346407218.parquet -> @transactions stage
[2026-08-05T08:55:48.817+0000] {logging_mixin.py:188} INFO - Uploaded /tmp/minio_downloads/transactions_090346456355.parquet -> @transactions stage
[2026-08-05T08:55:48.900+0000] {logging_mixin.py:188} INFO - Uploaded /tmp/minio_downloads/transactions_090346503975.parquet -> @transactions stage
[2026-08-05T08:55:48.985+0000] {logging_mixin.py:188} INFO - Uploaded /tmp/minio_downloads/transactions_090346552820.parquet -> @transactions stage
[2026-08-05T08:55:49.087+0000] {logging_mixin.py:188} INFO - Uploaded /tmp/minio_downloads/transactions_090346595247.parquet -> @transactions stage
[2026-08-05T08:55:49.192+0000] {logging_mixin.py:188} INFO - Uploaded /tmp/minio_downloads/transactions_090346646157.parquet -> @transactions stage
[2026-08-05T08:55:49.276+0000] {logging_mixin.py:188} INFO - Uploaded /tmp/minio_downloads/transactions_090346718780.parquet -> @transactions stage
[2026-08-05T08:55:49.368+0000] {logging_mixin.py:188} INFO - Uploaded /tmp/minio_downloads/transactions_090346804433.parquet -> @transactions stage
[2026-08-05T08:55:49.454+0000] {logging_mixin.py:188} INFO - Uploaded /tmp/minio_downloads/transactions_090346901001.parquet -> @transactions stage
[2026-08-05T08:55:49.541+0000] {logging_mixin.py:188} INFO - Uploaded /tmp/minio_downloads/transactions_090346944243.parquet -> @transactions stage
[2026-08-05T08:55:49.635+0000] {logging_mixin.py:188} INFO - Uploaded /tmp/minio_downloads/transactions_090346989485.parquet -> @transactions stage
[2026-08-05T08:55:49.725+0000] {logging_mixin.py:188} INFO - Uploaded /tmp/minio_downloads/transactions_090347034187.parquet -> @transactions stage
[2026-08-05T08:55:49.808+0000] {logging_mixin.py:188} INFO - Uploaded /tmp/minio_downloads/transactions_090347079809.parquet -> @transactions stage
[2026-08-05T08:55:49.891+0000] {logging_mixin.py:188} INFO - Uploaded /tmp/minio_downloads/transactions_090347125087.parquet -> @transactions stage
[2026-08-05T08:55:49.977+0000] {logging_mixin.py:188} INFO - Uploaded /tmp/minio_downloads/transactions_090347178696.parquet -> @transactions stage
[2026-08-05T08:55:50.077+0000] {logging_mixin.py:188} INFO - Uploaded /tmp/minio_downloads/transactions_090347229220.parquet -> @transactions stage
[2026-08-05T08:55:50.205+0000] {logging_mixin.py:188} INFO - Uploaded /tmp/minio_downloads/transactions_090347275437.parquet -> @transactions stage
[2026-08-05T08:55:50.290+0000] {logging_mixin.py:188} INFO - Uploaded /tmp/minio_downloads/transactions_090347329417.parquet -> @transactions stage
[2026-08-05T08:55:50.378+0000] {logging_mixin.py:188} INFO - Uploaded /tmp/minio_downloads/transactions_090347384750.parquet -> @transactions stage
[2026-08-05T08:55:50.942+0000] {logging_mixin.py:188} INFO - Uploaded /tmp/minio_downloads/transactions_090347434686.parquet -> @transactions stage
[2026-08-05T08:55:51.039+0000] {logging_mixin.py:188} INFO - Uploaded /tmp/minio_downloads/transactions_090347488696.parquet -> @transactions stage
[2026-08-05T08:55:51.142+0000] {logging_mixin.py:188} INFO - Uploaded /tmp/minio_downloads/transactions_090347536914.parquet -> @transactions stage
[2026-08-05T08:55:51.242+0000] {logging_mixin.py:188} INFO - Uploaded /tmp/minio_downloads/transactions_090347596012.parquet -> @transactions stage
[2026-08-05T08:55:51.388+0000] {logging_mixin.py:188} INFO - Uploaded /tmp/minio_downloads/transactions_090347711514.parquet -> @transactions stage
[2026-08-05T08:55:51.521+0000] {logging_mixin.py:188} INFO - Uploaded /tmp/minio_downloads/transactions_090347754828.parquet -> @transactions stage
[2026-08-05T08:55:51.602+0000] {logging_mixin.py:188} INFO - Uploaded /tmp/minio_downloads/transactions_090347804639.parquet -> @transactions stage
[2026-08-05T08:55:51.682+0000] {logging_mixin.py:188} INFO - Uploaded /tmp/minio_downloads/transactions_090347847633.parquet -> @transactions stage
[2026-08-05T08:55:51.760+0000] {logging_mixin.py:188} INFO - Uploaded /tmp/minio_downloads/transactions_090347911934.parquet -> @transactions stage
[2026-08-05T08:55:51.848+0000] {logging_mixin.py:188} INFO - Uploaded /tmp/minio_downloads/transactions_090347957527.parquet -> @transactions stage
[2026-08-05T08:55:51.933+0000] {logging_mixin.py:188} INFO - Uploaded /tmp/minio_downloads/transactions_090348008862.parquet -> @transactions stage
[2026-08-05T08:55:52.028+0000] {logging_mixin.py:188} INFO - Uploaded /tmp/minio_downloads/transactions_090348059997.parquet -> @transactions stage
[2026-08-05T08:55:52.354+0000] {logging_mixin.py:188} INFO - Uploaded /tmp/minio_downloads/transactions_090348110511.parquet -> @transactions stage
[2026-08-05T08:55:52.737+0000] {logging_mixin.py:188} INFO - Uploaded /tmp/minio_downloads/transactions_090348157671.parquet -> @transactions stage
[2026-08-05T08:55:52.839+0000] {logging_mixin.py:188} INFO - Uploaded /tmp/minio_downloads/transactions_090348204374.parquet -> @transactions stage
[2026-08-05T08:55:52.924+0000] {logging_mixin.py:188} INFO - Uploaded /tmp/minio_downloads/transactions_090348252573.parquet -> @transactions stage
[2026-08-05T08:55:53.042+0000] {logging_mixin.py:188} INFO - Uploaded /tmp/minio_downloads/transactions_090348298605.parquet -> @transactions stage
[2026-08-05T08:55:53.149+0000] {logging_mixin.py:188} INFO - Uploaded /tmp/minio_downloads/transactions_090348342378.parquet -> @transactions stage
[2026-08-05T08:55:53.305+0000] {logging_mixin.py:188} INFO - Uploaded /tmp/minio_downloads/transactions_090348401092.parquet -> @transactions stage
[2026-08-05T08:55:53.503+0000] {logging_mixin.py:188} INFO - Uploaded /tmp/minio_downloads/transactions_090348459158.parquet -> @transactions stage
[2026-08-05T08:55:53.659+0000] {logging_mixin.py:188} INFO - Uploaded /tmp/minio_downloads/transactions_090348510411.parquet -> @transactions stage
[2026-08-05T08:55:53.778+0000] {logging_mixin.py:188} INFO - Uploaded /tmp/minio_downloads/transactions_090348559775.parquet -> @transactions stage
[2026-08-05T08:55:53.902+0000] {logging_mixin.py:188} INFO - Uploaded /tmp/minio_downloads/transactions_090348607300.parquet -> @transactions stage
[2026-08-05T08:55:54.037+0000] {logging_mixin.py:188} INFO - Uploaded /tmp/minio_downloads/transactions_090348653264.parquet -> @transactions stage
[2026-08-05T08:55:54.162+0000] {logging_mixin.py:188} INFO - Uploaded /tmp/minio_downloads/transactions_090348708374.parquet -> @transactions stage
[2026-08-05T08:55:54.273+0000] {logging_mixin.py:188} INFO - Uploaded /tmp/minio_downloads/transactions_090348757425.parquet -> @transactions stage
[2026-08-05T08:55:54.355+0000] {logging_mixin.py:188} INFO - Uploaded /tmp/minio_downloads/transactions_090348808601.parquet -> @transactions stage
[2026-08-05T08:55:54.440+0000] {logging_mixin.py:188} INFO - Uploaded /tmp/minio_downloads/transactions_090348853162.parquet -> @transactions stage
[2026-08-05T08:55:54.520+0000] {logging_mixin.py:188} INFO - Uploaded /tmp/minio_downloads/transactions_090348917946.parquet -> @transactions stage
[2026-08-05T08:55:54.603+0000] {logging_mixin.py:188} INFO - Uploaded /tmp/minio_downloads/transactions_090348986480.parquet -> @transactions stage
[2026-08-05T08:55:54.692+0000] {logging_mixin.py:188} INFO - Uploaded /tmp/minio_downloads/transactions_090349047306.parquet -> @transactions stage
[2026-08-05T08:55:54.786+0000] {logging_mixin.py:188} INFO - Uploaded /tmp/minio_downloads/transactions_090349092982.parquet -> @transactions stage
[2026-08-05T08:55:54.873+0000] {logging_mixin.py:188} INFO - Uploaded /tmp/minio_downloads/transactions_090349140604.parquet -> @transactions stage
[2026-08-05T08:55:54.967+0000] {logging_mixin.py:188} INFO - Uploaded /tmp/minio_downloads/transactions_090349185139.parquet -> @transactions stage
[2026-08-05T08:55:55.043+0000] {logging_mixin.py:188} INFO - Uploaded /tmp/minio_downloads/transactions_090349238746.parquet -> @transactions stage
[2026-08-05T08:55:55.136+0000] {logging_mixin.py:188} INFO - Uploaded /tmp/minio_downloads/transactions_090349290508.parquet -> @transactions stage
[2026-08-05T08:55:55.219+0000] {logging_mixin.py:188} INFO - Uploaded /tmp/minio_downloads/transactions_090349340716.parquet -> @transactions stage
[2026-08-05T08:55:55.295+0000] {logging_mixin.py:188} INFO - Uploaded /tmp/minio_downloads/transactions_090349386604.parquet -> @transactions stage
[2026-08-05T08:55:55.397+0000] {logging_mixin.py:188} INFO - Uploaded /tmp/minio_downloads/transactions_090349466276.parquet -> @transactions stage
[2026-08-05T08:55:55.568+0000] {logging_mixin.py:188} INFO - Uploaded /tmp/minio_downloads/transactions_090349539821.parquet -> @transactions stage
[2026-08-05T08:55:55.662+0000] {logging_mixin.py:188} INFO - Uploaded /tmp/minio_downloads/transactions_090349637195.parquet -> @transactions stage
[2026-08-05T08:55:55.773+0000] {logging_mixin.py:188} INFO - Uploaded /tmp/minio_downloads/transactions_090349689733.parquet -> @transactions stage
[2026-08-05T08:55:55.897+0000] {logging_mixin.py:188} INFO - Uploaded /tmp/minio_downloads/transactions_090349736179.parquet -> @transactions stage
[2026-08-05T08:55:55.990+0000] {logging_mixin.py:188} INFO - Uploaded /tmp/minio_downloads/transactions_090349779576.parquet -> @transactions stage
[2026-08-05T08:55:56.091+0000] {logging_mixin.py:188} INFO - Uploaded /tmp/minio_downloads/transactions_090349826149.parquet -> @transactions stage
[2026-08-05T08:55:56.216+0000] {logging_mixin.py:188} INFO - Uploaded /tmp/minio_downloads/transactions_090349873955.parquet -> @transactions stage
[2026-08-05T08:55:56.299+0000] {logging_mixin.py:188} INFO - Uploaded /tmp/minio_downloads/transactions_090349922318.parquet -> @transactions stage
[2026-08-05T08:55:56.439+0000] {logging_mixin.py:188} INFO - Uploaded /tmp/minio_downloads/transactions_090349980155.parquet -> @transactions stage
[2026-08-05T08:55:56.535+0000] {logging_mixin.py:188} INFO - Uploaded /tmp/minio_downloads/transactions_090350043626.parquet -> @transactions stage
[2026-08-05T08:55:56.625+0000] {logging_mixin.py:188} INFO - Uploaded /tmp/minio_downloads/transactions_090350089592.parquet -> @transactions stage
[2026-08-05T08:55:56.719+0000] {logging_mixin.py:188} INFO - Uploaded /tmp/minio_downloads/transactions_090350138345.parquet -> @transactions stage
[2026-08-05T08:55:56.807+0000] {logging_mixin.py:188} INFO - Uploaded /tmp/minio_downloads/transactions_090350183670.parquet -> @transactions stage
[2026-08-05T08:55:56.891+0000] {logging_mixin.py:188} INFO - Uploaded /tmp/minio_downloads/transactions_090350231811.parquet -> @transactions stage
[2026-08-05T08:55:56.979+0000] {logging_mixin.py:188} INFO - Uploaded /tmp/minio_downloads/transactions_090350273125.parquet -> @transactions stage
[2026-08-05T08:55:57.085+0000] {logging_mixin.py:188} INFO - Uploaded /tmp/minio_downloads/transactions_090350321357.parquet -> @transactions stage
[2026-08-05T08:55:57.168+0000] {logging_mixin.py:188} INFO - Uploaded /tmp/minio_downloads/transactions_090350363457.parquet -> @transactions stage
[2026-08-05T08:55:57.264+0000] {logging_mixin.py:188} INFO - Uploaded /tmp/minio_downloads/transactions_090350409124.parquet -> @transactions stage
[2026-08-05T08:55:57.349+0000] {logging_mixin.py:188} INFO - Uploaded /tmp/minio_downloads/transactions_090350456314.parquet -> @transactions stage
[2026-08-05T08:55:57.495+0000] {logging_mixin.py:188} INFO - Uploaded /tmp/minio_downloads/transactions_090350496727.parquet -> @transactions stage
[2026-08-05T08:55:57.587+0000] {logging_mixin.py:188} INFO - Uploaded /tmp/minio_downloads/transactions_090350541096.parquet -> @transactions stage
[2026-08-05T08:55:57.674+0000] {logging_mixin.py:188} INFO - Uploaded /tmp/minio_downloads/transactions_090350590595.parquet -> @transactions stage
[2026-08-05T08:55:57.763+0000] {logging_mixin.py:188} INFO - Uploaded /tmp/minio_downloads/transactions_090350637392.parquet -> @transactions stage
[2026-08-05T08:55:57.851+0000] {logging_mixin.py:188} INFO - Uploaded /tmp/minio_downloads/transactions_090350688105.parquet -> @transactions stage
[2026-08-05T08:55:57.937+0000] {logging_mixin.py:188} INFO - Uploaded /tmp/minio_downloads/transactions_090350735881.parquet -> @transactions stage
[2026-08-05T08:55:58.046+0000] {logging_mixin.py:188} INFO - Uploaded /tmp/minio_downloads/transactions_090350777950.parquet -> @transactions stage
[2026-08-05T08:55:58.489+0000] {logging_mixin.py:188} INFO - Uploaded /tmp/minio_downloads/transactions_090350829270.parquet -> @transactions stage
[2026-08-05T08:55:58.664+0000] {logging_mixin.py:188} INFO - Uploaded /tmp/minio_downloads/transactions_090350872710.parquet -> @transactions stage
[2026-08-05T08:55:58.749+0000] {logging_mixin.py:188} INFO - Uploaded /tmp/minio_downloads/transactions_090350916886.parquet -> @transactions stage
[2026-08-05T08:55:58.850+0000] {logging_mixin.py:188} INFO - Uploaded /tmp/minio_downloads/transactions_090350980142.parquet -> @transactions stage
[2026-08-05T08:55:59.106+0000] {logging_mixin.py:188} INFO - Uploaded /tmp/minio_downloads/transactions_090351132471.parquet -> @transactions stage
[2026-08-05T08:55:59.244+0000] {logging_mixin.py:188} INFO - Uploaded /tmp/minio_downloads/transactions_090351252512.parquet -> @transactions stage
[2026-08-05T08:55:59.337+0000] {logging_mixin.py:188} INFO - Uploaded /tmp/minio_downloads/transactions_090351297506.parquet -> @transactions stage
[2026-08-05T08:55:59.423+0000] {logging_mixin.py:188} INFO - Uploaded /tmp/minio_downloads/transactions_090351354756.parquet -> @transactions stage
[2026-08-05T08:56:00.067+0000] {logging_mixin.py:188} INFO - Uploaded /tmp/minio_downloads/transactions_090351398315.parquet -> @transactions stage
[2026-08-05T08:56:00.158+0000] {logging_mixin.py:188} INFO - Uploaded /tmp/minio_downloads/transactions_090351444455.parquet -> @transactions stage
[2026-08-05T08:56:00.247+0000] {logging_mixin.py:188} INFO - Uploaded /tmp/minio_downloads/transactions_090351498438.parquet -> @transactions stage
[2026-08-05T08:56:00.350+0000] {logging_mixin.py:188} INFO - Uploaded /tmp/minio_downloads/transactions_090351544144.parquet -> @transactions stage
[2026-08-05T08:56:00.446+0000] {logging_mixin.py:188} INFO - Uploaded /tmp/minio_downloads/transactions_090351589508.parquet -> @transactions stage
[2026-08-05T08:56:00.556+0000] {logging_mixin.py:188} INFO - Uploaded /tmp/minio_downloads/transactions_090351635835.parquet -> @transactions stage
[2026-08-05T08:56:01.181+0000] {logging_mixin.py:188} INFO - Uploaded /tmp/minio_downloads/transactions_090351680419.parquet -> @transactions stage
[2026-08-05T08:56:01.261+0000] {logging_mixin.py:188} INFO - Uploaded /tmp/minio_downloads/transactions_090351724866.parquet -> @transactions stage
[2026-08-05T08:56:01.354+0000] {logging_mixin.py:188} INFO - Uploaded /tmp/minio_downloads/transactions_090351781853.parquet -> @transactions stage
[2026-08-05T08:56:01.435+0000] {logging_mixin.py:188} INFO - Uploaded /tmp/minio_downloads/transactions_090351825152.parquet -> @transactions stage
[2026-08-05T08:56:01.517+0000] {logging_mixin.py:188} INFO - Uploaded /tmp/minio_downloads/transactions_090351872090.parquet -> @transactions stage
[2026-08-05T08:56:01.607+0000] {logging_mixin.py:188} INFO - Uploaded /tmp/minio_downloads/transactions_090351922861.parquet -> @transactions stage
[2026-08-05T08:56:01.691+0000] {logging_mixin.py:188} INFO - Uploaded /tmp/minio_downloads/transactions_090351979204.parquet -> @transactions stage
[2026-08-05T08:56:01.773+0000] {logging_mixin.py:188} INFO - Uploaded /tmp/minio_downloads/transactions_090352066245.parquet -> @transactions stage
[2026-08-05T08:56:02.019+0000] {logging_mixin.py:188} INFO - Uploaded /tmp/minio_downloads/transactions_090352131625.parquet -> @transactions stage
[2026-08-05T08:56:02.104+0000] {logging_mixin.py:188} INFO - Uploaded /tmp/minio_downloads/transactions_090352190228.parquet -> @transactions stage
[2026-08-05T08:56:02.212+0000] {logging_mixin.py:188} INFO - Uploaded /tmp/minio_downloads/transactions_090352234960.parquet -> @transactions stage
[2026-08-05T08:56:02.477+0000] {logging_mixin.py:188} INFO - Uploaded /tmp/minio_downloads/transactions_090352284281.parquet -> @transactions stage
[2026-08-05T08:56:02.627+0000] {logging_mixin.py:188} INFO - Uploaded /tmp/minio_downloads/transactions_090352330005.parquet -> @transactions stage
[2026-08-05T08:56:02.850+0000] {logging_mixin.py:188} INFO - Uploaded /tmp/minio_downloads/transactions_090352380599.parquet -> @transactions stage
[2026-08-05T08:56:03.156+0000] {logging_mixin.py:188} INFO - Uploaded /tmp/minio_downloads/transactions_090352425116.parquet -> @transactions stage
[2026-08-05T08:56:03.254+0000] {logging_mixin.py:188} INFO - Uploaded /tmp/minio_downloads/transactions_090352478787.parquet -> @transactions stage
[2026-08-05T08:56:03.357+0000] {logging_mixin.py:188} INFO - Uploaded /tmp/minio_downloads/transactions_090352529609.parquet -> @transactions stage
[2026-08-05T08:56:03.540+0000] {logging_mixin.py:188} INFO - Uploaded /tmp/minio_downloads/transactions_090352591371.parquet -> @transactions stage
[2026-08-05T08:56:03.685+0000] {logging_mixin.py:188} INFO - Uploaded /tmp/minio_downloads/transactions_090352633351.parquet -> @transactions stage
[2026-08-05T08:56:03.779+0000] {logging_mixin.py:188} INFO - Uploaded /tmp/minio_downloads/transactions_090352684267.parquet -> @transactions stage
[2026-08-05T08:56:03.875+0000] {logging_mixin.py:188} INFO - Uploaded /tmp/minio_downloads/transactions_090352737147.parquet -> @transactions stage
[2026-08-05T08:56:03.976+0000] {logging_mixin.py:188} INFO - Uploaded /tmp/minio_downloads/transactions_090352784321.parquet -> @transactions stage
[2026-08-05T08:56:04.073+0000] {logging_mixin.py:188} INFO - Uploaded /tmp/minio_downloads/transactions_090352827233.parquet -> @transactions stage
[2026-08-05T08:56:04.157+0000] {logging_mixin.py:188} INFO - Uploaded /tmp/minio_downloads/transactions_090352878913.parquet -> @transactions stage
[2026-08-05T08:56:04.246+0000] {logging_mixin.py:188} INFO - Uploaded /tmp/minio_downloads/transactions_090352923444.parquet -> @transactions stage
[2026-08-05T08:56:04.328+0000] {logging_mixin.py:188} INFO - Uploaded /tmp/minio_downloads/transactions_090352978136.parquet -> @transactions stage
[2026-08-05T08:56:04.410+0000] {logging_mixin.py:188} INFO - Uploaded /tmp/minio_downloads/transactions_090353026733.parquet -> @transactions stage
[2026-08-05T08:56:04.493+0000] {logging_mixin.py:188} INFO - Uploaded /tmp/minio_downloads/transactions_090353079889.parquet -> @transactions stage
[2026-08-05T08:56:04.582+0000] {logging_mixin.py:188} INFO - Uploaded /tmp/minio_downloads/transactions_090353131271.parquet -> @transactions stage
[2026-08-05T08:56:04.663+0000] {logging_mixin.py:188} INFO - Uploaded /tmp/minio_downloads/transactions_090353179157.parquet -> @transactions stage
[2026-08-05T08:56:04.755+0000] {logging_mixin.py:188} INFO - Uploaded /tmp/minio_downloads/transactions_090353225043.parquet -> @transactions stage
[2026-08-05T08:56:04.841+0000] {logging_mixin.py:188} INFO - Uploaded /tmp/minio_downloads/transactions_090353280347.parquet -> @transactions stage
[2026-08-05T08:56:04.970+0000] {logging_mixin.py:188} INFO - Uploaded /tmp/minio_downloads/transactions_090353402065.parquet -> @transactions stage
[2026-08-05T08:56:05.049+0000] {logging_mixin.py:188} INFO - Uploaded /tmp/minio_downloads/transactions_090353455149.parquet -> @transactions stage
[2026-08-05T08:56:05.158+0000] {logging_mixin.py:188} INFO - Uploaded /tmp/minio_downloads/transactions_090353498646.parquet -> @transactions stage
[2026-08-05T08:56:05.240+0000] {logging_mixin.py:188} INFO - Uploaded /tmp/minio_downloads/transactions_090353547456.parquet -> @transactions stage
[2026-08-05T08:56:05.321+0000] {logging_mixin.py:188} INFO - Uploaded /tmp/minio_downloads/transactions_090353600706.parquet -> @transactions stage
[2026-08-05T08:56:05.397+0000] {logging_mixin.py:188} INFO - Uploaded /tmp/minio_downloads/transactions_090353643595.parquet -> @transactions stage
[2026-08-05T08:56:05.494+0000] {logging_mixin.py:188} INFO - Uploaded /tmp/minio_downloads/transactions_090353700583.parquet -> @transactions stage
[2026-08-05T08:56:05.583+0000] {logging_mixin.py:188} INFO - Uploaded /tmp/minio_downloads/transactions_090353745449.parquet -> @transactions stage
[2026-08-05T08:56:05.680+0000] {logging_mixin.py:188} INFO - Uploaded /tmp/minio_downloads/transactions_090353793133.parquet -> @transactions stage
[2026-08-05T08:56:05.779+0000] {logging_mixin.py:188} INFO - Uploaded /tmp/minio_downloads/transactions_090353838216.parquet -> @transactions stage
[2026-08-05T08:56:05.868+0000] {logging_mixin.py:188} INFO - Uploaded /tmp/minio_downloads/transactions_090353890729.parquet -> @transactions stage
[2026-08-05T08:56:06.049+0000] {logging_mixin.py:188} INFO - Uploaded /tmp/minio_downloads/transactions_090353936576.parquet -> @transactions stage
[2026-08-05T08:56:06.158+0000] {logging_mixin.py:188} INFO - Uploaded /tmp/minio_downloads/transactions_090353983581.parquet -> @transactions stage
[2026-08-05T08:56:06.246+0000] {logging_mixin.py:188} INFO - Uploaded /tmp/minio_downloads/transactions_090354028144.parquet -> @transactions stage
[2026-08-05T08:56:06.348+0000] {logging_mixin.py:188} INFO - Uploaded /tmp/minio_downloads/transactions_090354085666.parquet -> @transactions stage
[2026-08-05T08:56:06.434+0000] {logging_mixin.py:188} INFO - Uploaded /tmp/minio_downloads/transactions_090354143476.parquet -> @transactions stage
[2026-08-05T08:56:06.521+0000] {logging_mixin.py:188} INFO - Uploaded /tmp/minio_downloads/transactions_090354206565.parquet -> @transactions stage
[2026-08-05T08:56:06.625+0000] {logging_mixin.py:188} INFO - Uploaded /tmp/minio_downloads/transactions_090354264878.parquet -> @transactions stage
[2026-08-05T08:56:06.699+0000] {logging_mixin.py:188} INFO - Uploaded /tmp/minio_downloads/transactions_090354321619.parquet -> @transactions stage
[2026-08-05T08:56:06.788+0000] {logging_mixin.py:188} INFO - Uploaded /tmp/minio_downloads/transactions_090354369569.parquet -> @transactions stage
[2026-08-05T08:56:06.882+0000] {logging_mixin.py:188} INFO - Uploaded /tmp/minio_downloads/transactions_090354438192.parquet -> @transactions stage
[2026-08-05T08:56:06.992+0000] {logging_mixin.py:188} INFO - Uploaded /tmp/minio_downloads/transactions_090354501727.parquet -> @transactions stage
[2026-08-05T08:56:07.097+0000] {logging_mixin.py:188} INFO - Uploaded /tmp/minio_downloads/transactions_090354564597.parquet -> @transactions stage
[2026-08-05T08:56:07.188+0000] {logging_mixin.py:188} INFO - Uploaded /tmp/minio_downloads/transactions_090354627068.parquet -> @transactions stage
[2026-08-05T08:56:07.427+0000] {logging_mixin.py:188} INFO - Uploaded /tmp/minio_downloads/transactions_090354712936.parquet -> @transactions stage
[2026-08-05T08:56:07.517+0000] {logging_mixin.py:188} INFO - Uploaded /tmp/minio_downloads/transactions_090354761873.parquet -> @transactions stage
[2026-08-05T08:56:07.604+0000] {logging_mixin.py:188} INFO - Uploaded /tmp/minio_downloads/transactions_090354820903.parquet -> @transactions stage
[2026-08-05T08:56:07.690+0000] {logging_mixin.py:188} INFO - Uploaded /tmp/minio_downloads/transactions_090354877371.parquet -> @transactions stage
[2026-08-05T08:56:07.781+0000] {logging_mixin.py:188} INFO - Uploaded /tmp/minio_downloads/transactions_090354928245.parquet -> @transactions stage
[2026-08-05T08:56:07.866+0000] {logging_mixin.py:188} INFO - Uploaded /tmp/minio_downloads/transactions_090354976320.parquet -> @transactions stage
[2026-08-05T08:56:07.973+0000] {logging_mixin.py:188} INFO - Uploaded /tmp/minio_downloads/transactions_090355028374.parquet -> @transactions stage
[2026-08-05T08:56:08.196+0000] {logging_mixin.py:188} INFO - Uploaded /tmp/minio_downloads/transactions_090355098015.parquet -> @transactions stage
[2026-08-05T08:56:08.290+0000] {logging_mixin.py:188} INFO - Uploaded /tmp/minio_downloads/transactions_090355150578.parquet -> @transactions stage
[2026-08-05T08:56:08.426+0000] {logging_mixin.py:188} INFO - Uploaded /tmp/minio_downloads/transactions_090355208526.parquet -> @transactions stage
[2026-08-05T08:56:08.545+0000] {logging_mixin.py:188} INFO - Uploaded /tmp/minio_downloads/transactions_090355262557.parquet -> @transactions stage
[2026-08-05T08:56:08.719+0000] {logging_mixin.py:188} INFO - Uploaded /tmp/minio_downloads/transactions_090355321034.parquet -> @transactions stage
[2026-08-05T08:56:08.897+0000] {logging_mixin.py:188} INFO - Uploaded /tmp/minio_downloads/transactions_090355376276.parquet -> @transactions stage
[2026-08-05T08:56:09.009+0000] {logging_mixin.py:188} INFO - Uploaded /tmp/minio_downloads/transactions_090355427809.parquet -> @transactions stage
[2026-08-05T08:56:09.110+0000] {logging_mixin.py:188} INFO - Uploaded /tmp/minio_downloads/transactions_090355476191.parquet -> @transactions stage
[2026-08-05T08:56:09.216+0000] {logging_mixin.py:188} INFO - Uploaded /tmp/minio_downloads/transactions_090355536617.parquet -> @transactions stage
[2026-08-05T08:56:09.291+0000] {logging_mixin.py:188} INFO - Uploaded /tmp/minio_downloads/transactions_090355610693.parquet -> @transactions stage
[2026-08-05T08:56:09.387+0000] {logging_mixin.py:188} INFO - Uploaded /tmp/minio_downloads/transactions_090355659016.parquet -> @transactions stage
[2026-08-05T08:56:09.472+0000] {logging_mixin.py:188} INFO - Uploaded /tmp/minio_downloads/transactions_090355707912.parquet -> @transactions stage
[2026-08-05T08:56:09.559+0000] {logging_mixin.py:188} INFO - Uploaded /tmp/minio_downloads/transactions_090355751412.parquet -> @transactions stage
[2026-08-05T08:56:09.645+0000] {logging_mixin.py:188} INFO - Uploaded /tmp/minio_downloads/transactions_090355794944.parquet -> @transactions stage
[2026-08-05T08:56:09.744+0000] {logging_mixin.py:188} INFO - Uploaded /tmp/minio_downloads/transactions_090355840528.parquet -> @transactions stage
[2026-08-05T08:56:09.829+0000] {logging_mixin.py:188} INFO - Uploaded /tmp/minio_downloads/transactions_090355883874.parquet -> @transactions stage
[2026-08-05T08:56:09.909+0000] {logging_mixin.py:188} INFO - Uploaded /tmp/minio_downloads/transactions_090355928754.parquet -> @transactions stage
[2026-08-05T08:56:09.991+0000] {logging_mixin.py:188} INFO - Uploaded /tmp/minio_downloads/transactions_090355974016.parquet -> @transactions stage
[2026-08-05T08:56:10.075+0000] {logging_mixin.py:188} INFO - Uploaded /tmp/minio_downloads/transactions_090356024551.parquet -> @transactions stage
[2026-08-05T08:56:10.217+0000] {logging_mixin.py:188} INFO - Uploaded /tmp/minio_downloads/transactions_090356070001.parquet -> @transactions stage
[2026-08-05T08:56:10.308+0000] {logging_mixin.py:188} INFO - Uploaded /tmp/minio_downloads/transactions_090356124968.parquet -> @transactions stage
[2026-08-05T08:56:10.387+0000] {logging_mixin.py:188} INFO - Uploaded /tmp/minio_downloads/transactions_090356167955.parquet -> @transactions stage
[2026-08-05T08:56:10.474+0000] {logging_mixin.py:188} INFO - Uploaded /tmp/minio_downloads/transactions_090356289620.parquet -> @transactions stage
[2026-08-05T08:56:10.548+0000] {logging_mixin.py:188} INFO - Uploaded /tmp/minio_downloads/transactions_090356332656.parquet -> @transactions stage
[2026-08-05T08:56:10.638+0000] {logging_mixin.py:188} INFO - Uploaded /tmp/minio_downloads/transactions_090356379752.parquet -> @transactions stage
[2026-08-05T08:56:10.716+0000] {logging_mixin.py:188} INFO - Uploaded /tmp/minio_downloads/transactions_090356429536.parquet -> @transactions stage
[2026-08-05T08:56:10.801+0000] {logging_mixin.py:188} INFO - Uploaded /tmp/minio_downloads/transactions_090356484290.parquet -> @transactions stage
[2026-08-05T08:56:10.887+0000] {logging_mixin.py:188} INFO - Uploaded /tmp/minio_downloads/transactions_090356535040.parquet -> @transactions stage
[2026-08-05T08:56:11.003+0000] {logging_mixin.py:188} INFO - Uploaded /tmp/minio_downloads/transactions_090356580344.parquet -> @transactions stage
[2026-08-05T08:56:11.089+0000] {logging_mixin.py:188} INFO - Uploaded /tmp/minio_downloads/transactions_090356632331.parquet -> @transactions stage
[2026-08-05T08:56:11.182+0000] {logging_mixin.py:188} INFO - Uploaded /tmp/minio_downloads/transactions_090356677968.parquet -> @transactions stage
[2026-08-05T08:56:11.262+0000] {logging_mixin.py:188} INFO - Uploaded /tmp/minio_downloads/transactions_090356730719.parquet -> @transactions stage
[2026-08-05T08:56:11.346+0000] {logging_mixin.py:188} INFO - Uploaded /tmp/minio_downloads/transactions_090356805931.parquet -> @transactions stage
[2026-08-05T08:56:11.425+0000] {logging_mixin.py:188} INFO - Uploaded /tmp/minio_downloads/transactions_090356874133.parquet -> @transactions stage
[2026-08-05T08:56:11.506+0000] {logging_mixin.py:188} INFO - Uploaded /tmp/minio_downloads/transactions_090356921095.parquet -> @transactions stage
[2026-08-05T08:56:11.587+0000] {logging_mixin.py:188} INFO - Uploaded /tmp/minio_downloads/transactions_090356966348.parquet -> @transactions stage
[2026-08-05T08:56:11.676+0000] {logging_mixin.py:188} INFO - Uploaded /tmp/minio_downloads/transactions_090357009429.parquet -> @transactions stage
[2026-08-05T08:56:11.754+0000] {logging_mixin.py:188} INFO - Uploaded /tmp/minio_downloads/transactions_090357055813.parquet -> @transactions stage
[2026-08-05T08:56:11.849+0000] {logging_mixin.py:188} INFO - Uploaded /tmp/minio_downloads/transactions_090357106270.parquet -> @transactions stage
[2026-08-05T08:56:11.926+0000] {logging_mixin.py:188} INFO - Uploaded /tmp/minio_downloads/transactions_090357156838.parquet -> @transactions stage
[2026-08-05T08:56:12.009+0000] {logging_mixin.py:188} INFO - Uploaded /tmp/minio_downloads/transactions_090357200505.parquet -> @transactions stage
[2026-08-05T08:56:12.087+0000] {logging_mixin.py:188} INFO - Uploaded /tmp/minio_downloads/transactions_090357261171.parquet -> @transactions stage
[2026-08-05T08:56:12.167+0000] {logging_mixin.py:188} INFO - Uploaded /tmp/minio_downloads/transactions_090357304843.parquet -> @transactions stage
[2026-08-05T08:56:12.261+0000] {logging_mixin.py:188} INFO - Uploaded /tmp/minio_downloads/transactions_090357351236.parquet -> @transactions stage
[2026-08-05T08:56:12.346+0000] {logging_mixin.py:188} INFO - Uploaded /tmp/minio_downloads/transactions_090357394679.parquet -> @transactions stage
[2026-08-05T08:56:12.427+0000] {logging_mixin.py:188} INFO - Uploaded /tmp/minio_downloads/transactions_090357440164.parquet -> @transactions stage
[2026-08-05T08:56:12.511+0000] {logging_mixin.py:188} INFO - Uploaded /tmp/minio_downloads/transactions_090357490624.parquet -> @transactions stage
[2026-08-05T08:56:12.591+0000] {logging_mixin.py:188} INFO - Uploaded /tmp/minio_downloads/transactions_090357538623.parquet -> @transactions stage
[2026-08-05T08:56:12.678+0000] {logging_mixin.py:188} INFO - Uploaded /tmp/minio_downloads/transactions_090357589134.parquet -> @transactions stage
[2026-08-05T08:56:12.758+0000] {logging_mixin.py:188} INFO - Uploaded /tmp/minio_downloads/transactions_090357651723.parquet -> @transactions stage
[2026-08-05T08:56:13.505+0000] {logging_mixin.py:188} INFO - Uploaded /tmp/minio_downloads/transactions_090357702738.parquet -> @transactions stage
[2026-08-05T08:56:13.608+0000] {logging_mixin.py:188} INFO - Uploaded /tmp/minio_downloads/transactions_090357760100.parquet -> @transactions stage
[2026-08-05T08:56:13.694+0000] {logging_mixin.py:188} INFO - Uploaded /tmp/minio_downloads/transactions_090357801435.parquet -> @transactions stage
[2026-08-05T08:56:14.318+0000] {logging_mixin.py:188} INFO - Uploaded /tmp/minio_downloads/transactions_090357851905.parquet -> @transactions stage
[2026-08-05T08:56:14.439+0000] {logging_mixin.py:188} INFO - Uploaded /tmp/minio_downloads/transactions_090357912801.parquet -> @transactions stage
[2026-08-05T08:56:14.633+0000] {logging_mixin.py:188} INFO - Uploaded /tmp/minio_downloads/transactions_090357960568.parquet -> @transactions stage
[2026-08-05T08:56:14.759+0000] {logging_mixin.py:188} INFO - Uploaded /tmp/minio_downloads/transactions_090358004849.parquet -> @transactions stage
[2026-08-05T08:56:14.863+0000] {logging_mixin.py:188} INFO - Uploaded /tmp/minio_downloads/transactions_090358056560.parquet -> @transactions stage
[2026-08-05T08:56:14.958+0000] {logging_mixin.py:188} INFO - Uploaded /tmp/minio_downloads/transactions_090358105593.parquet -> @transactions stage
[2026-08-05T08:56:15.096+0000] {logging_mixin.py:188} INFO - Uploaded /tmp/minio_downloads/transactions_090358162181.parquet -> @transactions stage
[2026-08-05T08:56:15.201+0000] {logging_mixin.py:188} INFO - Uploaded /tmp/minio_downloads/transactions_090358208325.parquet -> @transactions stage
[2026-08-05T08:56:15.317+0000] {logging_mixin.py:188} INFO - Uploaded /tmp/minio_downloads/transactions_090358259907.parquet -> @transactions stage
[2026-08-05T08:56:15.403+0000] {logging_mixin.py:188} INFO - Uploaded /tmp/minio_downloads/transactions_090358303300.parquet -> @transactions stage
[2026-08-05T08:56:15.519+0000] {logging_mixin.py:188} INFO - Uploaded /tmp/minio_downloads/transactions_090358355686.parquet -> @transactions stage
[2026-08-05T08:56:15.635+0000] {logging_mixin.py:188} INFO - Uploaded /tmp/minio_downloads/transactions_090358405389.parquet -> @transactions stage
[2026-08-05T08:56:15.736+0000] {logging_mixin.py:188} INFO - Uploaded /tmp/minio_downloads/transactions_090358443895.parquet -> @transactions stage
[2026-08-05T08:56:15.825+0000] {logging_mixin.py:188} INFO - Uploaded /tmp/minio_downloads/transactions_090358557096.parquet -> @transactions stage
[2026-08-05T08:56:15.916+0000] {logging_mixin.py:188} INFO - Uploaded /tmp/minio_downloads/transactions_090358604150.parquet -> @transactions stage
[2026-08-05T08:56:16.003+0000] {logging_mixin.py:188} INFO - Uploaded /tmp/minio_downloads/transactions_090358674157.parquet -> @transactions stage
[2026-08-05T08:56:16.093+0000] {logging_mixin.py:188} INFO - Uploaded /tmp/minio_downloads/transactions_090358720067.parquet -> @transactions stage
[2026-08-05T08:56:16.168+0000] {logging_mixin.py:188} INFO - Uploaded /tmp/minio_downloads/transactions_090358769853.parquet -> @transactions stage
[2026-08-05T08:56:16.272+0000] {logging_mixin.py:188} INFO - Uploaded /tmp/minio_downloads/transactions_090358814455.parquet -> @transactions stage
[2026-08-05T08:56:16.374+0000] {logging_mixin.py:188} INFO - Uploaded /tmp/minio_downloads/transactions_090358863524.parquet -> @transactions stage
[2026-08-05T08:56:16.468+0000] {logging_mixin.py:188} INFO - Uploaded /tmp/minio_downloads/transactions_090358934392.parquet -> @transactions stage
[2026-08-05T08:56:16.563+0000] {logging_mixin.py:188} INFO - Uploaded /tmp/minio_downloads/transactions_090358979341.parquet -> @transactions stage
[2026-08-05T08:56:16.642+0000] {logging_mixin.py:188} INFO - Uploaded /tmp/minio_downloads/transactions_090359023383.parquet -> @transactions stage
[2026-08-05T08:56:16.753+0000] {logging_mixin.py:188} INFO - Uploaded /tmp/minio_downloads/transactions_090359073300.parquet -> @transactions stage
[2026-08-05T08:56:16.845+0000] {logging_mixin.py:188} INFO - Uploaded /tmp/minio_downloads/transactions_090359125859.parquet -> @transactions stage
[2026-08-05T08:56:16.930+0000] {logging_mixin.py:188} INFO - Uploaded /tmp/minio_downloads/transactions_090359170062.parquet -> @transactions stage
[2026-08-05T08:56:17.044+0000] {logging_mixin.py:188} INFO - Uploaded /tmp/minio_downloads/transactions_090359215423.parquet -> @transactions stage
[2026-08-05T08:56:17.147+0000] {logging_mixin.py:188} INFO - Uploaded /tmp/minio_downloads/transactions_090359261771.parquet -> @transactions stage
[2026-08-05T08:56:17.265+0000] {logging_mixin.py:188} INFO - Uploaded /tmp/minio_downloads/transactions_090359309259.parquet -> @transactions stage
[2026-08-05T08:56:17.367+0000] {logging_mixin.py:188} INFO - Uploaded /tmp/minio_downloads/transactions_090359352159.parquet -> @transactions stage
[2026-08-05T08:56:17.481+0000] {logging_mixin.py:188} INFO - Uploaded /tmp/minio_downloads/transactions_090359412076.parquet -> @transactions stage
[2026-08-05T08:56:17.598+0000] {logging_mixin.py:188} INFO - Uploaded /tmp/minio_downloads/transactions_090359479421.parquet -> @transactions stage
[2026-08-05T08:56:17.700+0000] {logging_mixin.py:188} INFO - Uploaded /tmp/minio_downloads/transactions_090359532828.parquet -> @transactions stage
[2026-08-05T08:56:17.817+0000] {logging_mixin.py:188} INFO - Uploaded /tmp/minio_downloads/transactions_090359614357.parquet -> @transactions stage
[2026-08-05T08:56:17.920+0000] {logging_mixin.py:188} INFO - Uploaded /tmp/minio_downloads/transactions_090359687534.parquet -> @transactions stage
[2026-08-05T08:56:18.022+0000] {logging_mixin.py:188} INFO - Uploaded /tmp/minio_downloads/transactions_090359742743.parquet -> @transactions stage
[2026-08-05T08:56:18.103+0000] {logging_mixin.py:188} INFO - Uploaded /tmp/minio_downloads/transactions_090359809288.parquet -> @transactions stage
[2026-08-05T08:56:18.192+0000] {logging_mixin.py:188} INFO - Uploaded /tmp/minio_downloads/transactions_090359858103.parquet -> @transactions stage
[2026-08-05T08:56:18.329+0000] {logging_mixin.py:188} INFO - Uploaded /tmp/minio_downloads/transactions_090359917897.parquet -> @transactions stage
[2026-08-05T08:56:18.422+0000] {logging_mixin.py:188} INFO - Uploaded /tmp/minio_downloads/transactions_090359961638.parquet -> @transactions stage
[2026-08-05T08:56:18.513+0000] {logging_mixin.py:188} INFO - Uploaded /tmp/minio_downloads/transactions_090400008307.parquet -> @transactions stage
[2026-08-05T08:56:18.605+0000] {logging_mixin.py:188} INFO - Uploaded /tmp/minio_downloads/transactions_090400055652.parquet -> @transactions stage
[2026-08-05T08:56:18.688+0000] {logging_mixin.py:188} INFO - Uploaded /tmp/minio_downloads/transactions_090400100974.parquet -> @transactions stage
[2026-08-05T08:56:18.792+0000] {logging_mixin.py:188} INFO - Uploaded /tmp/minio_downloads/transactions_090400154865.parquet -> @transactions stage
[2026-08-05T08:56:18.881+0000] {logging_mixin.py:188} INFO - Uploaded /tmp/minio_downloads/transactions_090400199579.parquet -> @transactions stage
[2026-08-05T08:56:18.986+0000] {logging_mixin.py:188} INFO - Uploaded /tmp/minio_downloads/transactions_090400244645.parquet -> @transactions stage
[2026-08-05T08:56:19.091+0000] {logging_mixin.py:188} INFO - Uploaded /tmp/minio_downloads/transactions_090400302861.parquet -> @transactions stage
[2026-08-05T08:56:19.188+0000] {logging_mixin.py:188} INFO - Uploaded /tmp/minio_downloads/transactions_090400414726.parquet -> @transactions stage
[2026-08-05T08:56:19.295+0000] {logging_mixin.py:188} INFO - Uploaded /tmp/minio_downloads/transactions_090400462155.parquet -> @transactions stage
[2026-08-05T08:56:19.410+0000] {logging_mixin.py:188} INFO - Uploaded /tmp/minio_downloads/transactions_090400508113.parquet -> @transactions stage
[2026-08-05T08:56:19.495+0000] {logging_mixin.py:188} INFO - Uploaded /tmp/minio_downloads/transactions_090400551760.parquet -> @transactions stage
[2026-08-05T08:56:19.584+0000] {logging_mixin.py:188} INFO - Uploaded /tmp/minio_downloads/transactions_090400598796.parquet -> @transactions stage
[2026-08-05T08:56:19.684+0000] {logging_mixin.py:188} INFO - Uploaded /tmp/minio_downloads/transactions_090400650307.parquet -> @transactions stage
[2026-08-05T08:56:19.813+0000] {logging_mixin.py:188} INFO - Uploaded /tmp/minio_downloads/transactions_090400718652.parquet -> @transactions stage
[2026-08-05T08:56:19.922+0000] {logging_mixin.py:188} INFO - Uploaded /tmp/minio_downloads/transactions_090400764108.parquet -> @transactions stage
[2026-08-05T08:56:20.047+0000] {logging_mixin.py:188} INFO - Uploaded /tmp/minio_downloads/transactions_090400811028.parquet -> @transactions stage
[2026-08-05T08:56:20.133+0000] {logging_mixin.py:188} INFO - Uploaded /tmp/minio_downloads/transactions_090400854504.parquet -> @transactions stage
[2026-08-05T08:56:20.264+0000] {logging_mixin.py:188} INFO - Uploaded /tmp/minio_downloads/transactions_090400901832.parquet -> @transactions stage
[2026-08-05T08:56:20.367+0000] {logging_mixin.py:188} INFO - Uploaded /tmp/minio_downloads/transactions_090400963088.parquet -> @transactions stage
[2026-08-05T08:56:21.230+0000] {logging_mixin.py:188} INFO - Uploaded /tmp/minio_downloads/transactions_090401013096.parquet -> @transactions stage
[2026-08-05T08:56:21.463+0000] {logging_mixin.py:188} INFO - Uploaded /tmp/minio_downloads/transactions_090401055274.parquet -> @transactions stage
[2026-08-05T08:56:21.652+0000] {logging_mixin.py:188} INFO - Uploaded /tmp/minio_downloads/transactions_090401109174.parquet -> @transactions stage
[2026-08-05T08:56:21.784+0000] {logging_mixin.py:188} INFO - Uploaded /tmp/minio_downloads/transactions_090401158400.parquet -> @transactions stage
[2026-08-05T08:56:21.909+0000] {logging_mixin.py:188} INFO - Uploaded /tmp/minio_downloads/transactions_090401204691.parquet -> @transactions stage
[2026-08-05T08:56:21.995+0000] {logging_mixin.py:188} INFO - Uploaded /tmp/minio_downloads/transactions_090401251759.parquet -> @transactions stage
[2026-08-05T08:56:22.126+0000] {logging_mixin.py:188} INFO - Uploaded /tmp/minio_downloads/transactions_090401308097.parquet -> @transactions stage
[2026-08-05T08:56:22.303+0000] {logging_mixin.py:188} INFO - Uploaded /tmp/minio_downloads/transactions_090401353068.parquet -> @transactions stage
[2026-08-05T08:56:22.408+0000] {logging_mixin.py:188} INFO - Uploaded /tmp/minio_downloads/transactions_090401399897.parquet -> @transactions stage
[2026-08-05T08:56:22.497+0000] {logging_mixin.py:188} INFO - Uploaded /tmp/minio_downloads/transactions_090401443951.parquet -> @transactions stage
[2026-08-05T08:56:22.608+0000] {logging_mixin.py:188} INFO - Uploaded /tmp/minio_downloads/transactions_090401488223.parquet -> @transactions stage
[2026-08-05T08:56:22.719+0000] {logging_mixin.py:188} INFO - Uploaded /tmp/minio_downloads/transactions_090401532150.parquet -> @transactions stage
[2026-08-05T08:56:22.831+0000] {logging_mixin.py:188} INFO - Uploaded /tmp/minio_downloads/transactions_090401575172.parquet -> @transactions stage
[2026-08-05T08:56:22.924+0000] {logging_mixin.py:188} INFO - Uploaded /tmp/minio_downloads/transactions_090401621799.parquet -> @transactions stage
[2026-08-05T08:56:23.005+0000] {logging_mixin.py:188} INFO - Uploaded /tmp/minio_downloads/transactions_090406088254.parquet -> @transactions stage
[2026-08-05T08:56:23.130+0000] {logging_mixin.py:188} INFO - Uploaded /tmp/minio_downloads/transactions_090406146940.parquet -> @transactions stage
[2026-08-05T08:56:23.593+0000] {logging_mixin.py:188} INFO - Uploaded /tmp/minio_downloads/transactions_090406202556.parquet -> @transactions stage
[2026-08-05T08:56:23.686+0000] {logging_mixin.py:188} INFO - Uploaded /tmp/minio_downloads/transactions_090406248287.parquet -> @transactions stage
[2026-08-05T08:56:23.831+0000] {logging_mixin.py:188} INFO - Uploaded /tmp/minio_downloads/transactions_090406323372.parquet -> @transactions stage
[2026-08-05T08:56:23.915+0000] {logging_mixin.py:188} INFO - Uploaded /tmp/minio_downloads/transactions_090406401429.parquet -> @transactions stage
[2026-08-05T08:56:24.012+0000] {logging_mixin.py:188} INFO - Uploaded /tmp/minio_downloads/transactions_090406455142.parquet -> @transactions stage
[2026-08-05T08:56:24.174+0000] {logging_mixin.py:188} INFO - Uploaded /tmp/minio_downloads/transactions_090406512296.parquet -> @transactions stage
[2026-08-05T08:56:24.348+0000] {logging_mixin.py:188} INFO - Uploaded /tmp/minio_downloads/transactions_090406599805.parquet -> @transactions stage
[2026-08-05T08:56:24.455+0000] {logging_mixin.py:188} INFO - Uploaded /tmp/minio_downloads/transactions_090406655922.parquet -> @transactions stage
[2026-08-05T08:56:24.559+0000] {logging_mixin.py:188} INFO - Uploaded /tmp/minio_downloads/transactions_090406718291.parquet -> @transactions stage
[2026-08-05T08:56:24.657+0000] {logging_mixin.py:188} INFO - Uploaded /tmp/minio_downloads/transactions_090406794188.parquet -> @transactions stage
[2026-08-05T08:56:24.833+0000] {logging_mixin.py:188} INFO - Uploaded /tmp/minio_downloads/transactions_090406889864.parquet -> @transactions stage
[2026-08-05T08:56:24.972+0000] {logging_mixin.py:188} INFO - Uploaded /tmp/minio_downloads/transactions_090406963161.parquet -> @transactions stage
[2026-08-05T08:56:25.067+0000] {logging_mixin.py:188} INFO - Uploaded /tmp/minio_downloads/transactions_090407014526.parquet -> @transactions stage
[2026-08-05T08:56:25.174+0000] {logging_mixin.py:188} INFO - Uploaded /tmp/minio_downloads/transactions_090407064895.parquet -> @transactions stage
[2026-08-05T08:56:25.284+0000] {logging_mixin.py:188} INFO - Uploaded /tmp/minio_downloads/transactions_090407119617.parquet -> @transactions stage
[2026-08-05T08:56:25.402+0000] {logging_mixin.py:188} INFO - Uploaded /tmp/minio_downloads/transactions_090407171988.parquet -> @transactions stage
[2026-08-05T08:56:25.541+0000] {logging_mixin.py:188} INFO - Uploaded /tmp/minio_downloads/transactions_090407247987.parquet -> @transactions stage
[2026-08-05T08:56:25.638+0000] {logging_mixin.py:188} INFO - Uploaded /tmp/minio_downloads/transactions_090407315896.parquet -> @transactions stage
[2026-08-05T08:56:25.753+0000] {logging_mixin.py:188} INFO - Uploaded /tmp/minio_downloads/transactions_090407371463.parquet -> @transactions stage
[2026-08-05T08:56:25.850+0000] {logging_mixin.py:188} INFO - Uploaded /tmp/minio_downloads/transactions_090407450009.parquet -> @transactions stage
[2026-08-05T08:56:25.956+0000] {logging_mixin.py:188} INFO - Uploaded /tmp/minio_downloads/transactions_090407516292.parquet -> @transactions stage
[2026-08-05T08:56:26.062+0000] {logging_mixin.py:188} INFO - Uploaded /tmp/minio_downloads/transactions_090407566961.parquet -> @transactions stage
[2026-08-05T08:56:26.152+0000] {logging_mixin.py:188} INFO - Uploaded /tmp/minio_downloads/transactions_090407631725.parquet -> @transactions stage
[2026-08-05T08:56:26.254+0000] {logging_mixin.py:188} INFO - Uploaded /tmp/minio_downloads/transactions_090407676314.parquet -> @transactions stage
[2026-08-05T08:56:26.356+0000] {logging_mixin.py:188} INFO - Uploaded /tmp/minio_downloads/transactions_090407722561.parquet -> @transactions stage
[2026-08-05T08:56:26.468+0000] {logging_mixin.py:188} INFO - Uploaded /tmp/minio_downloads/transactions_090407771326.parquet -> @transactions stage
[2026-08-05T08:56:26.572+0000] {logging_mixin.py:188} INFO - Uploaded /tmp/minio_downloads/transactions_090407819465.parquet -> @transactions stage
[2026-08-05T08:56:26.750+0000] {logging_mixin.py:188} INFO - Uploaded /tmp/minio_downloads/transactions_090407866042.parquet -> @transactions stage
[2026-08-05T08:56:26.864+0000] {logging_mixin.py:188} INFO - Uploaded /tmp/minio_downloads/transactions_090408004044.parquet -> @transactions stage
[2026-08-05T08:56:26.988+0000] {logging_mixin.py:188} INFO - Uploaded /tmp/minio_downloads/transactions_090408052782.parquet -> @transactions stage
[2026-08-05T08:56:27.104+0000] {logging_mixin.py:188} INFO - Uploaded /tmp/minio_downloads/transactions_090408101485.parquet -> @transactions stage
[2026-08-05T08:56:27.203+0000] {logging_mixin.py:188} INFO - Uploaded /tmp/minio_downloads/transactions_090408154313.parquet -> @transactions stage
[2026-08-05T08:56:27.305+0000] {logging_mixin.py:188} INFO - Uploaded /tmp/minio_downloads/transactions_090408200528.parquet -> @transactions stage
[2026-08-05T08:56:27.420+0000] {logging_mixin.py:188} INFO - Uploaded /tmp/minio_downloads/transactions_090408249018.parquet -> @transactions stage
[2026-08-05T08:56:27.517+0000] {logging_mixin.py:188} INFO - Uploaded /tmp/minio_downloads/transactions_090408312965.parquet -> @transactions stage
[2026-08-05T08:56:27.606+0000] {logging_mixin.py:188} INFO - Uploaded /tmp/minio_downloads/transactions_090408375640.parquet -> @transactions stage
[2026-08-05T08:56:27.716+0000] {logging_mixin.py:188} INFO - Uploaded /tmp/minio_downloads/transactions_090408429805.parquet -> @transactions stage
[2026-08-05T08:56:27.810+0000] {logging_mixin.py:188} INFO - Uploaded /tmp/minio_downloads/transactions_090408481925.parquet -> @transactions stage
[2026-08-05T08:56:27.915+0000] {logging_mixin.py:188} INFO - Uploaded /tmp/minio_downloads/transactions_090408529318.parquet -> @transactions stage
[2026-08-05T08:56:28.025+0000] {logging_mixin.py:188} INFO - Uploaded /tmp/minio_downloads/transactions_090408587037.parquet -> @transactions stage
[2026-08-05T08:56:28.117+0000] {logging_mixin.py:188} INFO - Uploaded /tmp/minio_downloads/transactions_090408632655.parquet -> @transactions stage
[2026-08-05T08:56:28.228+0000] {logging_mixin.py:188} INFO - Uploaded /tmp/minio_downloads/transactions_090408679433.parquet -> @transactions stage
[2026-08-05T08:56:28.329+0000] {logging_mixin.py:188} INFO - Uploaded /tmp/minio_downloads/transactions_090408727398.parquet -> @transactions stage
[2026-08-05T08:56:28.417+0000] {logging_mixin.py:188} INFO - Uploaded /tmp/minio_downloads/transactions_090408782212.parquet -> @transactions stage
[2026-08-05T08:56:28.502+0000] {logging_mixin.py:188} INFO - Uploaded /tmp/minio_downloads/transactions_090408835529.parquet -> @transactions stage
[2026-08-05T08:56:28.623+0000] {logging_mixin.py:188} INFO - Uploaded /tmp/minio_downloads/transactions_090408886244.parquet -> @transactions stage
[2026-08-05T08:56:28.735+0000] {logging_mixin.py:188} INFO - Uploaded /tmp/minio_downloads/transactions_090408932712.parquet -> @transactions stage
[2026-08-05T08:56:28.835+0000] {logging_mixin.py:188} INFO - Uploaded /tmp/minio_downloads/transactions_090409006680.parquet -> @transactions stage
[2026-08-05T08:56:28.933+0000] {logging_mixin.py:188} INFO - Uploaded /tmp/minio_downloads/transactions_090409060002.parquet -> @transactions stage
[2026-08-05T08:56:29.020+0000] {logging_mixin.py:188} INFO - Uploaded /tmp/minio_downloads/transactions_090409104703.parquet -> @transactions stage
[2026-08-05T08:56:29.118+0000] {logging_mixin.py:188} INFO - Uploaded /tmp/minio_downloads/transactions_090409152569.parquet -> @transactions stage
[2026-08-05T08:56:29.202+0000] {logging_mixin.py:188} INFO - Uploaded /tmp/minio_downloads/transactions_090409197963.parquet -> @transactions stage
[2026-08-05T08:56:29.288+0000] {logging_mixin.py:188} INFO - Uploaded /tmp/minio_downloads/transactions_090409244623.parquet -> @transactions stage
[2026-08-05T08:56:29.380+0000] {logging_mixin.py:188} INFO - Uploaded /tmp/minio_downloads/transactions_090409296690.parquet -> @transactions stage
[2026-08-05T08:56:29.471+0000] {logging_mixin.py:188} INFO - Uploaded /tmp/minio_downloads/transactions_090409372121.parquet -> @transactions stage
[2026-08-05T08:56:29.583+0000] {logging_mixin.py:188} INFO - Uploaded /tmp/minio_downloads/transactions_090409417527.parquet -> @transactions stage
[2026-08-05T08:56:29.674+0000] {logging_mixin.py:188} INFO - Uploaded /tmp/minio_downloads/transactions_090409479691.parquet -> @transactions stage
[2026-08-05T08:56:29.771+0000] {logging_mixin.py:188} INFO - Uploaded /tmp/minio_downloads/transactions_090409546407.parquet -> @transactions stage
[2026-08-05T08:56:30.060+0000] {logging_mixin.py:188} INFO - Uploaded /tmp/minio_downloads/transactions_090409623927.parquet -> @transactions stage
[2026-08-05T08:56:30.149+0000] {logging_mixin.py:188} INFO - Uploaded /tmp/minio_downloads/transactions_090409676239.parquet -> @transactions stage
[2026-08-05T08:56:30.231+0000] {logging_mixin.py:188} INFO - Uploaded /tmp/minio_downloads/transactions_090409719991.parquet -> @transactions stage
[2026-08-05T08:56:30.323+0000] {logging_mixin.py:188} INFO - Uploaded /tmp/minio_downloads/transactions_090409773039.parquet -> @transactions stage
[2026-08-05T08:56:30.438+0000] {logging_mixin.py:188} INFO - Uploaded /tmp/minio_downloads/transactions_090409828550.parquet -> @transactions stage
[2026-08-05T08:56:30.536+0000] {logging_mixin.py:188} INFO - Uploaded /tmp/minio_downloads/transactions_090409882190.parquet -> @transactions stage
[2026-08-05T08:56:30.620+0000] {logging_mixin.py:188} INFO - Uploaded /tmp/minio_downloads/transactions_090409928613.parquet -> @transactions stage
[2026-08-05T08:56:30.724+0000] {logging_mixin.py:188} INFO - Uploaded /tmp/minio_downloads/transactions_090409979789.parquet -> @transactions stage
[2026-08-05T08:56:30.819+0000] {logging_mixin.py:188} INFO - Uploaded /tmp/minio_downloads/transactions_090410029506.parquet -> @transactions stage
[2026-08-05T08:56:30.906+0000] {logging_mixin.py:188} INFO - Uploaded /tmp/minio_downloads/transactions_090410087550.parquet -> @transactions stage
[2026-08-05T08:56:31.016+0000] {logging_mixin.py:188} INFO - Uploaded /tmp/minio_downloads/transactions_090410197433.parquet -> @transactions stage
[2026-08-05T08:56:31.154+0000] {logging_mixin.py:188} INFO - Uploaded /tmp/minio_downloads/transactions_090410244821.parquet -> @transactions stage
[2026-08-05T08:56:31.255+0000] {logging_mixin.py:188} INFO - Uploaded /tmp/minio_downloads/transactions_090410290192.parquet -> @transactions stage
[2026-08-05T08:56:31.353+0000] {logging_mixin.py:188} INFO - Uploaded /tmp/minio_downloads/transactions_090410344860.parquet -> @transactions stage
[2026-08-05T08:56:31.470+0000] {logging_mixin.py:188} INFO - Uploaded /tmp/minio_downloads/transactions_090410400587.parquet -> @transactions stage
[2026-08-05T08:56:31.555+0000] {logging_mixin.py:188} INFO - Uploaded /tmp/minio_downloads/transactions_090410457697.parquet -> @transactions stage
[2026-08-05T08:56:31.639+0000] {logging_mixin.py:188} INFO - Uploaded /tmp/minio_downloads/transactions_090410525442.parquet -> @transactions stage
[2026-08-05T08:56:31.733+0000] {logging_mixin.py:188} INFO - Uploaded /tmp/minio_downloads/transactions_090410572839.parquet -> @transactions stage
[2026-08-05T08:56:31.833+0000] {logging_mixin.py:188} INFO - Uploaded /tmp/minio_downloads/transactions_090410619421.parquet -> @transactions stage
[2026-08-05T08:56:32.133+0000] {logging_mixin.py:188} INFO - Data loaded into transactions
[2026-08-05T08:56:32.203+0000] {python.py:237} INFO - Done. Returned value was: None
[2026-08-05T08:56:32.205+0000] {taskinstance.py:441} INFO - ::group::Post task execution logs
[2026-08-05T08:56:32.237+0000] {taskinstance.py:1206} INFO - Marking task as SUCCESS. dag_id=minio_to_snowflake_banking, task_id=load_snowflake, run_id=scheduled__2026-08-05T08:50:00+00:00, execution_date=20260805T085000, start_date=20260805T085509, end_date=20260805T085632
[2026-08-05T08:56:32.304+0000] {local_task_job_runner.py:243} INFO - Task exited with return code 0
[2026-08-05T08:56:32.340+0000] {taskinstance.py:3503} INFO - 0 downstream tasks scheduled from follow-on schedule check
[2026-08-05T08:56:32.344+0000] {local_task_job_runner.py:222} INFO - ::endgroup::
